Microchip MPLAB XC8 Compiler V3.10

Linker command line:

-W-3 \
  --edf=C:\Program Files\Microchip\xc8\v3.10\pic\dat\20250813170317_en.msgs \
  -cn -h+dist/default/production\Assignment_10.X.production.sym \
  --cmf=dist/default/production\Assignment_10.X.production.cmf -z -Q18F4580 \
  -oC:\Users\OMKARS~1\AppData\Local\Temp\xcAsgzk.0\driver_tmp_3.o \
  --defsym=__MPLAB_BUILD=1 --fixupoverflow=error \
  -Mdist/default/production/Assignment_10.X.production.map \
  --md=C:\Users\OMKARS~1\AppData\Local\Temp\xcAsgzk.0\driver_tmp_0.dat -E1 \
  -ver=XC8 Compiler -ACODE=00h-03000h -ACONST=00h-03000h \
  -ASMALLCONST=0600h-06FFhx42,03000h-03000h -AMEDIUMCONST=0600h-03000h \
  -ACOMRAM=01h-05Fh -AABS1=00h-05FFh -ABIGRAM=01h-05FFh \
  -ARAM=060h-0FFh,0100h-01FFhx5 -ABANK0=060h-0FFh -ABANK1=0100h-01FFh \
  -ABANK2=0200h-02FFh -ABANK3=0300h-03FFh -ABANK4=0400h-04FFh \
  -ABANK5=0500h-05FFh -ASFR=0D00h-0DFFhx2,0F00h-0F5Fh,0F60h-0FFFh \
  -ABIGSFR=0D00h-0FFFh -ACONFIG=0300000h-030000Dh -AIDLOC=0200000h-0200007h \
  -AEEDATA=0F00000h-0F000FFh -peeprom_data=EEDATA \
  -preset_vec=00h,intcode=8h,intcodelo=18h,sivt_lo,sivt_hi=CODE \
  -ppowerup=CODE,init -pramtop=0600h -psmallconst=SMALLCONST \
  -pmediumconst=MEDIUMCONST -pconst=CONST -AFARRAM=00h-00h \
  -prdata=COMRAM,nvrram=COMRAM,nvbit=COMRAM,rbss=COMRAM,rbit=COMRAM \
  -pfarbss=FARRAM,fardata=FARRAM,nvFARRAM=FARRAM \
  -pintsave_regs=BIGRAM,bigbss=BIGRAM,bigdata=BIGRAM -pbss=RAM \
  -pidata=CODE,irdata=CODE,ibigdata=CODE,ifardata=CODE -prparam=COMRAM \
  C:\Users\OMKARS~1\AppData\Local\Temp\xcAsgzk.0\driver_tmp_9.o \
  dist/default/production\Assignment_10.X.production.o 

Object code version is 3.11

Machine type is 18F4580



                Name                               Link     Load   Length Selector   Space Scale
C:\Users\OMKARS~1\AppData\Local\Temp\xcAsgzk.0\driver_tmp_9.o
                idloc                            200000   200000        8        0       5
                config                           300000   300000        E        0       4
                init                               2FFC     2FFC        4     17FE       0
                reset_vec                             0        0        4        0       0
dist/default/production\Assignment_10.X.production.o
                idloc                            200000   200000        8        0       5
                config                           300000   300000        E        0       4
                smallconst                          600      600        2      300       0
                text12                              602      602      194      301       0
                text11                              CB2      CB2       3A      301       0
                text10                              CEC      CEC       38      301       0
                text9                               D56      D56       18      301       0
                text8                               972      972       A4      301       0
                text7                               C68      C68       4A      301       0
                text6                               A16      A16       74      301       0
                text5                               AF4      AF4       68      301       0
                text4                               8CC      8CC       A6      301       0
                text3                               D24      D24       32      301       0
                text2                               BBC      BBC       5E      301       0
                text1                               A8A      A8A       6A      301       0
                text0                               796      796      136      301       0
                cstackCOMRAM                          1        1       4E        1       1
                dataBANK0                            60       60       60       60       1
                dataCOMRAM                           4F       4F        A        1       1
                bssCOMRAM                            59       59        4        1       1
                cinit                               C1A      C1A       4E      301       0
                idataBANK0                          B5C      B5C       60      301       0
                idataCOMRAM                         D6E      D6E        A      301       0

TOTAL           Name                               Link     Load   Length     Space
        CLASS   CODE           
                init                               2FFC     2FFC        4         0
                reset_vec                             0        0        4         0
                text12                              602      602      194         0
                text11                              CB2      CB2       3A         0
                text10                              CEC      CEC       38         0
                text9                               D56      D56       18         0
                text8                               972      972       A4         0
                text7                               C68      C68       4A         0
                text6                               A16      A16       74         0
                text5                               AF4      AF4       68         0
                text4                               8CC      8CC       A6         0
                text3                               D24      D24       32         0
                text2                               BBC      BBC       5E         0
                text1                               A8A      A8A       6A         0
                text0                               796      796      136         0
                cinit                               C1A      C1A       4E         0
                idataBANK0                          B5C      B5C       60         0
                idataCOMRAM                         D6E      D6E        A         0

        CLASS   CONST          

        CLASS   SMALLCONST     
                smallconst                          600      600        2         0

        CLASS   MEDIUMCONST    

        CLASS   COMRAM         
                cstackCOMRAM                          1        1       4E         1
                dataCOMRAM                           4F       4F        A         1
                bssCOMRAM                            59       59        4         1

        CLASS   ABS1           

        CLASS   BIGRAM         

        CLASS   RAM            

        CLASS   BANK0          
                dataBANK0                            60       60       60         1

        CLASS   BANK1          

        CLASS   BANK2          

        CLASS   BANK3          

        CLASS   BANK4          

        CLASS   BANK5          

        CLASS   SFR            

        CLASS   BIGSFR         

        CLASS   CONFIG         
                config                           300000   300000        E         4

        CLASS   IDLOC          
                idloc                            200000   200000        8         5

        CLASS   EEDATA         

        CLASS   FARRAM         

        CLASS   HEAP           

        CLASS   STACK          



SEGMENTS        Name                           Load    Length   Top    Selector   Space  Class

                reset_vec                      000000  000004  000004         0       0  CODE    
                cstackCOMRAM                   000001  00005C  00005D         1       1  COMRAM  
                dataBANK0                      000060  000060  0000C0        60       1  BANK0   
                smallconst                     000600  000002  000602       300       0  SMALLCON
                text12                         000602  000776  000D78       301       0  CODE    
                init                           002FFC  000004  003000      17FE       0  CODE    


UNUSED ADDRESS RANGES

        Name                Unused          Largest block    Delta
        BANK0            0000C0-0000FF               40
        BANK1            000100-0001FF              100
        BANK2            000200-0002FF              100
        BANK3            000300-0003FF              100
        BANK4            000400-0004FF              100
        BANK5            000500-0005FF              100
        BIGRAM           00005D-00005F                3
                         0000C0-0005FF              540
        BIGSFR           000D00-000FFF              300
        CODE             000004-0005FF              5FC
                         000D78-002FFB             2284
                         003000-003000                1
        COMRAM           00005D-00005F                3
        CONST            000004-0005FF              5FC
                         000D78-002FFB             2284
                         003000-003000                1
        EEDATA           F00000-F000FF              100
        MEDIUMCONST      000D78-002FFB             2284
                         003000-003000                1
        RAM              0000C0-0005FF              100
        SFR              000D00-000FFF              100
        SMALLCONST       000D78-002FFB              100
                         003000-003000                1

                                  Symbol Table

?_strcmp                 cstackCOMRAM 000001
LED_blink@attempt        cstackCOMRAM 000003
_INTCON2bits             (abs)        000FF1
_LED_blink               text12       000602
_PORTB                   (abs)        000F81
_PORTBbits               (abs)        000F81
_PORTD                   (abs)        000F83
_RB0                     (abs)        007C08
_RC0                     (abs)        007C10
_RC1                     (abs)        007C11
_RC2                     (abs)        007C12
_RD7                     (abs)        007C1F
_TRISB                   (abs)        000F93
_TRISC                   (abs)        000F94
_TRISD                   (abs)        000F95
_TRISD7                  (abs)        007CAF
__HRAM                   (abs)        000000
__H__absolute__          __absolute__ 000000
__Habs1                  abs1         000000
__Hbank0                 bank0        000000
__Hbank1                 bank1        000000
__Hbank2                 bank2        000000
__Hbank3                 bank3        000000
__Hbank4                 bank4        000000
__Hbank5                 bank5        000000
__Hbigbss                bigbss       000000
__Hbigdata               bigdata      000000
__Hbigram                bigram       000000
__Hbigsfr                bigsfr       000000
__Hbss                   bss          000000
__HbssCOMRAM             bssCOMRAM    000000
__Hcinit                 cinit        000000
__Hclrtext               clrtext      000000
__Hcomram                comram       000000
__Hconfig                config       30000E
__Hconst                 const        000000
__HcstackCOMRAM          cstackCOMRAM 000000
__Hdata                  data         000000
__HdataBANK0             dataBANK0    000000
__HdataCOMRAM            dataCOMRAM   000000
__Heeprom_data           eeprom_data  000000
__Hfarbss                farbss       000000
__Hfardata               fardata      000000
__Hheap                  heap         000000
__Hibigdata              ibigdata     000000
__Hidata                 idata        000000
__HidataBANK0            idataBANK0   000000
__HidataCOMRAM           idataCOMRAM  000000
__Hidloc                 idloc        200008
__Hifardata              ifardata     000000
__Hinit                  init         003000
__Hintcode               intcode      000008
__Hintcode_body          intcode_body 000000
__Hintcodelo             intcodelo    000018
__Hintentry              intentry     000000
__Hintret                intret       000000
__Hintsave_regs          intsave_regs 000000
__Hirdata                irdata       000000
__Hmediumconst           mediumconst  000000
__HnvFARRAM              nvFARRAM     000000
__Hnvbit                 nvbit        000000
__Hnvrram                nvrram       000000
__Hparam                 rparam       000000
__Hpowerup               powerup      000000
__Hram                   ram          000000
__Hramtop                ramtop       000600
__Hrbit                  rbit         000000
__Hrbss                  rbss         000000
__Hrdata                 rdata        000000
__Hreset_vec             reset_vec    000004
__Hrparam                rparam       000000
__Hsfr                   sfr          000000
__Hsivt_hi               sivt_hi      000000
__Hsivt_lo               sivt_lo      000018
__Hsmallconst            smallconst   000602
__Hspace_0               (abs)        003000
__Hspace_1               (abs)        0000C0
__Hspace_2               (abs)        000000
__Hspace_4               (abs)        60000E
__Hstack                 stack        000000
__Hstruct                struct       000000
__Htemp                  temp         000000
__Htext                  text         000000
__Htext0                 text0        000000
__Htext1                 text1        000000
__Htext10                text10       000000
__Htext11                text11       000000
__Htext12                text12       000000
__Htext2                 text2        000000
__Htext3                 text3        000000
__Htext4                 text4        000000
__Htext5                 text5        000000
__Htext6                 text6        000000
__Htext7                 text7        000000
__Htext8                 text8        000000
__Htext9                 text9        000000
__LRAM                   (abs)        000001
__L__absolute__          __absolute__ 000000
__Labs1                  abs1         000000
__Lbank0                 bank0        000000
__Lbank1                 bank1        000000
__Lbank2                 bank2        000000
__Lbank3                 bank3        000000
__Lbank4                 bank4        000000
__Lbank5                 bank5        000000
__Lbigbss                bigbss       000000
__Lbigdata               bigdata      000000
__Lbigram                bigram       000000
__Lbigsfr                bigsfr       000000
__Lbss                   bss          000000
__LbssCOMRAM             bssCOMRAM    000000
__Lcinit                 cinit        000000
__Lclrtext               clrtext      000000
__Lcomram                comram       000000
__Lconfig                config       000000
__Lconst                 const        000000
__LcstackCOMRAM          cstackCOMRAM 000000
__Ldata                  data         000000
__LdataBANK0             dataBANK0    000000
__LdataCOMRAM            dataCOMRAM   000000
__Leeprom_data           eeprom_data  000000
__Lfarbss                farbss       000000
__Lfardata               fardata      000000
__Lheap                  heap         000000
__Libigdata              ibigdata     000000
__Lidata                 idata        000000
__LidataBANK0            idataBANK0   000000
__LidataCOMRAM           idataCOMRAM  000000
__Lidloc                 idloc        000000
__Lifardata              ifardata     000000
__Linit                  init         002FFC
__Lintcode               intcode      000008
__Lintcode_body          intcode_body 000000
__Lintcodelo             intcodelo    000018
__Lintentry              intentry     000000
__Lintret                intret       000000
__Lintsave_regs          intsave_regs 000000
__Lirdata                irdata       000000
__Lmediumconst           mediumconst  000000
__LnvFARRAM              nvFARRAM     000000
__Lnvbit                 nvbit        000000
__Lnvrram                nvrram       000000
__Lparam                 rparam       000000
__Lpowerup               powerup      000000
__Lram                   ram          000000
__Lramtop                ramtop       000600
__Lrbit                  rbit         000000
__Lrbss                  rbss         000000
__Lrdata                 rdata        000000
__Lreset_vec             reset_vec    000000
__Lrparam                rparam       000000
__Lsfr                   sfr          000000
__Lsivt_hi               sivt_hi      000000
__Lsivt_lo               sivt_lo      000018
__Lsmallconst            smallconst   000600
__Lspace_0               (abs)        000000
__Lspace_1               (abs)        000000
__Lspace_2               (abs)        000000
__Lspace_4               (abs)        000000
__Lstack                 stack        000000
__Lstruct                struct       000000
__Ltemp                  temp         000000
__Ltext                  text         000000
__Ltext0                 text0        000000
__Ltext1                 text1        000000
__Ltext10                text10       000000
__Ltext11                text11       000000
__Ltext12                text12       000000
__Ltext2                 text2        000000
__Ltext3                 text3        000000
__Ltext4                 text4        000000
__Ltext5                 text5        000000
__Ltext6                 text6        000000
__Ltext7                 text7        000000
__Ltext8                 text8        000000
__Ltext9                 text9        000000
__S0                     (abs)        003000
__S1                     (abs)        0000C0
__S4                     (abs)        000000
__S5                     (abs)        000000
___heap_hi               (abs)        000000
___heap_lo               (abs)        000000
___inthi_sp              stack        000000
___inthi_stack_hi        stack        000000
___inthi_stack_lo        stack        000000
___intlo_sp              stack        000000
___intlo_stack_hi        stack        000000
___intlo_stack_lo        stack        000000
___param_bank            (abs)        000000
___rparam_used           (abs)        000001
___sp                    stack        000000
___stack_hi              stack        000000
___stack_lo              stack        000000
__accesstop              (abs)        000060
__activetblptr           (abs)        000000
__end_of_LED_blink       text12       000796
__end_of__initialization cinit        000C62
__end_of_blink_cursor    text8        000A16
__end_of_clcd_print      text10       000D24
__end_of_clcd_putch      text9        000D6E
__end_of_clcd_write      text11       000CEC
__end_of_display         text7        000CB2
__end_of_failure         text6        000A8A
__end_of_failure_at_last text5        000B5C
__end_of_init_clcd       text4        000972
__end_of_main            text0        0008CC
__end_of_scan_switch     text3        000D56
__end_of_strcmp          text2        000C1A
__end_of_switch_trigger  text1        000AF4
__initialization         cinit        000C1A
__mediumconst            smallconst   000600
__pbssCOMRAM             bssCOMRAM    000059
__pcinit                 cinit        000C1A
__pcstackCOMRAM          cstackCOMRAM 000001
__pdataBANK0             dataBANK0    000060
__pdataCOMRAM            dataCOMRAM   00004F
__pidataBANK0            idataBANK0   000B5C
__pidataCOMRAM           idataCOMRAM  000D6E
__psmallconst            smallconst   000600
__ptext0                 text0        000796
__ptext1                 text1        000A8A
__ptext10                text10       000CEC
__ptext11                text11       000CB2
__ptext12                text12       000602
__ptext2                 text2        000BBC
__ptext3                 text3        000D24
__ptext4                 text4        0008CC
__ptext5                 text5        000AF4
__ptext6                 text6        000A16
__ptext7                 text7        000C68
__ptext8                 text8        000972
__ptext9                 text9        000D56
__ramtop                 ramtop       000600
__smallconst             smallconst   000600
_blink_cursor            text8        000972
_clcd_print              text10       000CEC
_clcd_putch              text9        000D56
_clcd_write              text11       000CB2
_delay                   bssCOMRAM    00005B
_display                 text7        000C68
_failure                 text6        000A16
_failure_at_last         text5        000AF4
_init_clcd               text4        0008CC
_led_delay               bssCOMRAM    000059
_main                    text0        000796
_once                    dataCOMRAM   000058
_scan_switch             text3        000D24
_strcmp                  text2        000BBC
_switch_trigger          text1        000A8A
blink_cursor@i           cstackCOMRAM 00000A
blink_cursor@index       cstackCOMRAM 000006
blink_cursor@str         cstackCOMRAM 000005
clcd_print@addr          cstackCOMRAM 000004
clcd_print@data          cstackCOMRAM 000003
clcd_putch@addr          cstackCOMRAM 000003
clcd_putch@data          cstackCOMRAM 000004
clcd_write@byte          cstackCOMRAM 000002
clcd_write@control_bit   cstackCOMRAM 000001
display@F10990           dataBANK0    0000B0
display@str              cstackCOMRAM 000007
end_of_initialization    cinit        000C62
failure@F10994           dataBANK0    0000A0
failure@F10996           dataBANK0    000090
failure@attempt          cstackCOMRAM 000027
failure@str              cstackCOMRAM 000007
failure@str2             cstackCOMRAM 000017
failure_at_last@F11001   dataBANK0    000080
failure_at_last@F11003   dataBANK0    000070
failure_at_last@str      cstackCOMRAM 000007
failure_at_last@str2     cstackCOMRAM 000017
intlevel0                text         000000
intlevel1                text         000000
intlevel2                text         000000
intlevel3                text         000000
isa$std                  (abs)        000001
isa$xinst                (abs)        000000
main@F11006              dataBANK0    000060
main@F11008              dataCOMRAM   00004F
main@attempt             cstackCOMRAM 00004C
main@ent_pass            cstackCOMRAM 000041
main@index               cstackCOMRAM 00004D
main@key                 cstackCOMRAM 00004A
main@msg                 cstackCOMRAM 000028
main@org_pass            cstackCOMRAM 000038
main@value               cstackCOMRAM 00004B
stackhi                  (abs)        000000
stacklo                  (abs)        000000
start                    init         002FFC
start_initialization     cinit        000C1A
strcmp@l                 cstackCOMRAM 000001
strcmp@r                 cstackCOMRAM 000002
switch_trigger@detect    cstackCOMRAM 000002
switch_trigger@key       cstackCOMRAM 000001


MODULE INFORMATION

Module		Function		Class		Link	Load	Size
shared
		__initialization		CODE           	0C1A	0000	72

shared estimated size: 72

C:\Program Files\Microchip\xc8\v3.10\pic\sources\c99\common\strcmp.c
		_strcmp        		CODE           	0BBC	0000	94

C:\Program Files\Microchip\xc8\v3.10\pic\sources\c99\common\strcmp.c estimated size: 94

main.c
		_clcd_write    		CODE           	0CB2	0000	58
		_display       		CODE           	0C68	0000	74
		_main          		CODE           	0796	0000	310
		_failure_at_last		CODE           	0AF4	0000	104
		_clcd_print    		CODE           	0CEC	0000	56
		_blink_cursor  		CODE           	0972	0000	164
		_clcd_putch    		CODE           	0D56	0000	24
		_LED_blink     		CODE           	0602	0000	404
		_init_clcd     		CODE           	08CC	0000	166
		_switch_trigger		CODE           	0A8A	0000	106
		_scan_switch   		CODE           	0D24	0000	50
		_failure       		CODE           	0A16	0000	116

main.c estimated size: 1632

