

Microchip MPLAB XC8 Assembler V3.10 build 20250813170317 
                                                                                               Fri Feb 27 15:39:04 2026

Microchip MPLAB XC8 C Compiler v3.10 (Free license) build 20250813170317 Og1 
     1                           	processor	18F4580
     2                           	fnconf	rparam,??,?,0
     3                           	pagewidth 120
     4                           	opt	flic
     5                           	psect	idataCOMRAM,global,class=CODE,space=0,delta=1,noexec
     6                           	psect	nvCOMRAM,global,class=COMRAM,space=1,delta=1,lowdata,noexec
     7                           	psect	cinit,global,reloc=2,class=CODE,space=0,delta=1
     8                           	psect	bssCOMRAM,global,class=COMRAM,space=1,delta=1,lowdata,noexec
     9                           	psect	dataCOMRAM,global,class=COMRAM,space=1,delta=1,lowdata,noexec
    10                           	psect	cstackCOMRAM,global,class=COMRAM,space=1,delta=1,lowdata,noexec
    11                           	psect	text0,global,reloc=2,class=CODE,space=0,delta=1
    12                           	psect	text1,global,reloc=2,class=CODE,space=0,delta=1
    13                           	psect	text2,global,reloc=2,class=CODE,space=0,delta=1
    14                           	psect	text3,global,reloc=2,class=CODE,space=0,delta=1
    15                           	psect	smallconst,global,reloc=2,class=SMALLCONST,space=0,delta=1,noexec
    16                           	psect	intsave_regs,global,class=BIGRAM,space=1,delta=1,noexec
    17                           	psect	rparam,global,class=COMRAM,space=1,delta=1,noexec
    18                           	psect	idloc,global,abs,ovrld,class=IDLOC,space=5,delta=1,noexec
    19                           	psect	config,global,abs,ovrld,class=CONFIG,space=4,delta=1,noexec
    20   000000                     
    21                           ; Version 2.40
    22                           ; Generated 17/11/2021 GMT
    23                           ; 
    24                           ; Copyright © 2021, Microchip Technology Inc. and its subsidiaries ("Microchip")
    25                           ; All rights reserved.
    26                           ; 
    27                           ; This software is developed by Microchip Technology Inc. and its subsidiaries ("Microch
      +                          ip").
    28                           ; 
    29                           ; Redistribution and use in source and binary forms, with or without modification, are
    30                           ; permitted provided that the following conditions are met:
    31                           ; 
    32                           ;     1. Redistributions of source code must retain the above copyright notice, this lis
      +                          t of
    33                           ;        conditions and the following disclaimer.
    34                           ; 
    35                           ;     2. Redistributions in binary form must reproduce the above copyright notice, this 
      +                          list
    36                           ;        of conditions and the following disclaimer in the documentation and/or other
    37                           ;        materials provided with the distribution. Publication is not required when
    38                           ;        this file is used in an embedded application.
    39                           ; 
    40                           ;     3. Microchip's name may not be used to endorse or promote products derived from th
      +                          is
    41                           ;        software without specific prior written permission.
    42                           ; 
    43                           ; THIS SOFTWARE IS PROVIDED BY MICROCHIP "AS IS" AND ANY EXPRESS OR IMPLIED WARRANTIES,
    44                           ; INCLUDING, BUT NOT LIMITED TO, THE IMPLIED WARRANTIES OF MERCHANTABILITY AND FITNESS F
      +                          OR
    45                           ; PURPOSE ARE DISCLAIMED.  IN NO EVENT SHALL MICROCHIP BE LIABLE FOR ANY DIRECT, INDIREC
      +                          T,
    46                           ; INCIDENTAL, SPECIAL, EXEMPLARY, OR CONSEQUENTIAL DAMAGES (INCLUDING BUT NOT LIMITED TO
    47                           ; PROCUREMENT OF SUBSTITUTE GOODS OR SERVICES; LOSS OF USE, DATA OR PROFITS; OR BUSINESS
    48                           ; INTERRUPTION) HOWSOEVER CAUSED AND ON ANY THEORY OF LIABILITY, WHETHER IN CONTRACT, ST
      +                          RICT
    49                           ; LIABILITY, OR TORT (INCLUDING NEGLIGENCE OR OTHERWISE) ARISING IN ANY WAY OUT OF THE U
      +                          SE OF
    50                           ; THIS SOFTWARE, EVEN IF ADVISED OF THE POSSIBILITY OF SUCH DAMAGE.
    51                           ; 
    52                           ; 
    53                           ; Code-generator required, PIC18F4580 Definitions
    54                           ; 
    55                           ; SFR Addresses
    56   000FE0                     bsr             equ	4064
    57   000FE9                     fsr0            equ	4073
    58   000FEA                     fsr0h           equ	4074
    59   000FE9                     fsr0l           equ	4073
    60   000FE1                     fsr1            equ	4065
    61   000FE2                     fsr1h           equ	4066
    62   000FE1                     fsr1l           equ	4065
    63   000FD9                     fsr2            equ	4057
    64   000FDA                     fsr2h           equ	4058
    65   000FD9                     fsr2l           equ	4057
    66   000FEF                     indf0           equ	4079
    67   000FE7                     indf1           equ	4071
    68   000FDF                     indf2           equ	4063
    69   000FF2                     intcon          equ	4082
    70   000000                     nvmcon          equ	0
    71   000FF9                     pcl             equ	4089
    72   000FFA                     pclath          equ	4090
    73   000FFB                     pclatu          equ	4091
    74   000FEB                     plusw0          equ	4075
    75   000FE3                     plusw1          equ	4067
    76   000FDB                     plusw2          equ	4059
    77   000FED                     postdec0        equ	4077
    78   000FE5                     postdec1        equ	4069
    79   000FDD                     postdec2        equ	4061
    80   000FEE                     postinc0        equ	4078
    81   000FE6                     postinc1        equ	4070
    82   000FDE                     postinc2        equ	4062
    83   000FEC                     preinc0         equ	4076
    84   000FE4                     preinc1         equ	4068
    85   000FDC                     preinc2         equ	4060
    86   000FF3                     prod            equ	4083
    87   000FF4                     prodh           equ	4084
    88   000FF3                     prodl           equ	4083
    89   000FD8                     status          equ	4056
    90   000FF5                     tablat          equ	4085
    91   000FF6                     tblptr          equ	4086
    92   000FF7                     tblptrh         equ	4087
    93   000FF6                     tblptrl         equ	4086
    94   000FF8                     tblptru         equ	4088
    95   000FFD                     tosl            equ	4093
    96   000FE8                     wreg            equ	4072
    97   000D60                     RXF6SIDH        equ	3424	;# 
    98   000D61                     RXF6SIDL        equ	3425	;# 
    99   000D62                     RXF6EIDH        equ	3426	;# 
   100   000D63                     RXF6EIDL        equ	3427	;# 
   101   000D64                     RXF7SIDH        equ	3428	;# 
   102   000D65                     RXF7SIDL        equ	3429	;# 
   103   000D66                     RXF7EIDH        equ	3430	;# 
   104   000D67                     RXF7EIDL        equ	3431	;# 
   105   000D68                     RXF8SIDH        equ	3432	;# 
   106   000D69                     RXF8SIDL        equ	3433	;# 
   107   000D6A                     RXF8EIDH        equ	3434	;# 
   108   000D6B                     RXF8EIDL        equ	3435	;# 
   109   000D70                     RXF9SIDH        equ	3440	;# 
   110   000D71                     RXF9SIDL        equ	3441	;# 
   111   000D72                     RXF9EIDH        equ	3442	;# 
   112   000D73                     RXF9EIDL        equ	3443	;# 
   113   000D74                     RXF10SIDH       equ	3444	;# 
   114   000D75                     RXF10SIDL       equ	3445	;# 
   115   000D76                     RXF10EIDH       equ	3446	;# 
   116   000D77                     RXF10EIDL       equ	3447	;# 
   117   000D78                     RXF11SIDH       equ	3448	;# 
   118   000D79                     RXF11SIDL       equ	3449	;# 
   119   000D7A                     RXF11EIDH       equ	3450	;# 
   120   000D7B                     RXF11EIDL       equ	3451	;# 
   121   000D80                     RXF12SIDH       equ	3456	;# 
   122   000D81                     RXF12SIDL       equ	3457	;# 
   123   000D82                     RXF12EIDH       equ	3458	;# 
   124   000D83                     RXF12EIDL       equ	3459	;# 
   125   000D84                     RXF13SIDH       equ	3460	;# 
   126   000D85                     RXF13SIDL       equ	3461	;# 
   127   000D86                     RXF13EIDH       equ	3462	;# 
   128   000D87                     RXF13EIDL       equ	3463	;# 
   129   000D88                     RXF14SIDH       equ	3464	;# 
   130   000D89                     RXF14SIDL       equ	3465	;# 
   131   000D8A                     RXF14EIDH       equ	3466	;# 
   132   000D8B                     RXF14EIDL       equ	3467	;# 
   133   000D90                     RXF15SIDH       equ	3472	;# 
   134   000D91                     RXF15SIDL       equ	3473	;# 
   135   000D92                     RXF15EIDH       equ	3474	;# 
   136   000D93                     RXF15EIDL       equ	3475	;# 
   137   000DD4                     RXFCON0         equ	3540	;# 
   138   000DD5                     RXFCON1         equ	3541	;# 
   139   000DD8                     SDFLC           equ	3544	;# 
   140   000DE0                     RXFBCON0        equ	3552	;# 
   141   000DE1                     RXFBCON1        equ	3553	;# 
   142   000DE2                     RXFBCON2        equ	3554	;# 
   143   000DE3                     RXFBCON3        equ	3555	;# 
   144   000DE4                     RXFBCON4        equ	3556	;# 
   145   000DE5                     RXFBCON5        equ	3557	;# 
   146   000DE6                     RXFBCON6        equ	3558	;# 
   147   000DE7                     RXFBCON7        equ	3559	;# 
   148   000DF0                     MSEL0           equ	3568	;# 
   149   000DF1                     MSEL1           equ	3569	;# 
   150   000DF2                     MSEL2           equ	3570	;# 
   151   000DF3                     MSEL3           equ	3571	;# 
   152   000DF8                     BSEL0           equ	3576	;# 
   153   000DFA                     BIE0            equ	3578	;# 
   154   000DFC                     TXBIE           equ	3580	;# 
   155   000E20                     B0CON           equ	3616	;# 
   156   000E21                     B0SIDH          equ	3617	;# 
   157   000E22                     B0SIDL          equ	3618	;# 
   158   000E23                     B0EIDH          equ	3619	;# 
   159   000E24                     B0EIDL          equ	3620	;# 
   160   000E25                     B0DLC           equ	3621	;# 
   161   000E26                     B0D0            equ	3622	;# 
   162   000E27                     B0D1            equ	3623	;# 
   163   000E28                     B0D2            equ	3624	;# 
   164   000E29                     B0D3            equ	3625	;# 
   165   000E2A                     B0D4            equ	3626	;# 
   166   000E2B                     B0D5            equ	3627	;# 
   167   000E2C                     B0D6            equ	3628	;# 
   168   000E2D                     B0D7            equ	3629	;# 
   169   000E2E                     CANSTAT_RO9     equ	3630	;# 
   170   000E2F                     CANCON_RO9      equ	3631	;# 
   171   000E30                     B1CON           equ	3632	;# 
   172   000E31                     B1SIDH          equ	3633	;# 
   173   000E32                     B1SIDL          equ	3634	;# 
   174   000E33                     B1EIDH          equ	3635	;# 
   175   000E34                     B1EIDL          equ	3636	;# 
   176   000E35                     B1DLC           equ	3637	;# 
   177   000E36                     B1D0            equ	3638	;# 
   178   000E37                     B1D1            equ	3639	;# 
   179   000E38                     B1D2            equ	3640	;# 
   180   000E39                     B1D3            equ	3641	;# 
   181   000E3A                     B1D4            equ	3642	;# 
   182   000E3B                     B1D5            equ	3643	;# 
   183   000E3C                     B1D6            equ	3644	;# 
   184   000E3D                     B1D7            equ	3645	;# 
   185   000E3E                     CANSTAT_RO8     equ	3646	;# 
   186   000E3F                     CANCON_RO8      equ	3647	;# 
   187   000E40                     B2CON           equ	3648	;# 
   188   000E41                     B2SIDH          equ	3649	;# 
   189   000E42                     B2SIDL          equ	3650	;# 
   190   000E43                     B2EIDH          equ	3651	;# 
   191   000E44                     B2EIDL          equ	3652	;# 
   192   000E45                     B2DLC           equ	3653	;# 
   193   000E46                     B2D0            equ	3654	;# 
   194   000E47                     B2D1            equ	3655	;# 
   195   000E48                     B2D2            equ	3656	;# 
   196   000E49                     B2D3            equ	3657	;# 
   197   000E4A                     B2D4            equ	3658	;# 
   198   000E4B                     B2D5            equ	3659	;# 
   199   000E4C                     B2D6            equ	3660	;# 
   200   000E4D                     B2D7            equ	3661	;# 
   201   000E4E                     CANSTAT_RO7     equ	3662	;# 
   202   000E4F                     CANCON_RO7      equ	3663	;# 
   203   000E50                     B3CON           equ	3664	;# 
   204   000E51                     B3SIDH          equ	3665	;# 
   205   000E52                     B3SIDL          equ	3666	;# 
   206   000E53                     B3EIDH          equ	3667	;# 
   207   000E54                     B3EIDL          equ	3668	;# 
   208   000E55                     B3DLC           equ	3669	;# 
   209   000E56                     B3D0            equ	3670	;# 
   210   000E57                     B3D1            equ	3671	;# 
   211   000E58                     B3D2            equ	3672	;# 
   212   000E59                     B3D3            equ	3673	;# 
   213   000E5A                     B3D4            equ	3674	;# 
   214   000E5B                     B3D5            equ	3675	;# 
   215   000E5C                     B3D6            equ	3676	;# 
   216   000E5D                     B3D7            equ	3677	;# 
   217   000E5E                     CANSTAT_RO6     equ	3678	;# 
   218   000E5F                     CANCON_RO6      equ	3679	;# 
   219   000E60                     B4CON           equ	3680	;# 
   220   000E61                     B4SIDH          equ	3681	;# 
   221   000E62                     B4SIDL          equ	3682	;# 
   222   000E63                     B4EIDH          equ	3683	;# 
   223   000E64                     B4EIDL          equ	3684	;# 
   224   000E65                     B4DLC           equ	3685	;# 
   225   000E66                     B4D0            equ	3686	;# 
   226   000E67                     B4D1            equ	3687	;# 
   227   000E68                     B4D2            equ	3688	;# 
   228   000E69                     B4D3            equ	3689	;# 
   229   000E6A                     B4D4            equ	3690	;# 
   230   000E6B                     B4D5            equ	3691	;# 
   231   000E6C                     B4D6            equ	3692	;# 
   232   000E6D                     B4D7            equ	3693	;# 
   233   000E6E                     CANSTAT_RO5     equ	3694	;# 
   234   000E6F                     CANCON_RO5      equ	3695	;# 
   235   000E70                     B5CON           equ	3696	;# 
   236   000E71                     B5SIDH          equ	3697	;# 
   237   000E72                     B5SIDL          equ	3698	;# 
   238   000E73                     B5EIDH          equ	3699	;# 
   239   000E74                     B5EIDL          equ	3700	;# 
   240   000E75                     B5DLC           equ	3701	;# 
   241   000E76                     B5D0            equ	3702	;# 
   242   000E77                     B5D1            equ	3703	;# 
   243   000E78                     B5D2            equ	3704	;# 
   244   000E79                     B5D3            equ	3705	;# 
   245   000E7A                     B5D4            equ	3706	;# 
   246   000E7B                     B5D5            equ	3707	;# 
   247   000E7C                     B5D6            equ	3708	;# 
   248   000E7D                     B5D7            equ	3709	;# 
   249   000E7E                     CANSTAT_RO4     equ	3710	;# 
   250   000E7F                     CANCON_RO4      equ	3711	;# 
   251   000F00                     RXF0SIDH        equ	3840	;# 
   252   000F01                     RXF0SIDL        equ	3841	;# 
   253   000F02                     RXF0EIDH        equ	3842	;# 
   254   000F03                     RXF0EIDL        equ	3843	;# 
   255   000F04                     RXF1SIDH        equ	3844	;# 
   256   000F05                     RXF1SIDL        equ	3845	;# 
   257   000F06                     RXF1EIDH        equ	3846	;# 
   258   000F07                     RXF1EIDL        equ	3847	;# 
   259   000F08                     RXF2SIDH        equ	3848	;# 
   260   000F09                     RXF2SIDL        equ	3849	;# 
   261   000F0A                     RXF2EIDH        equ	3850	;# 
   262   000F0B                     RXF2EIDL        equ	3851	;# 
   263   000F0C                     RXF3SIDH        equ	3852	;# 
   264   000F0D                     RXF3SIDL        equ	3853	;# 
   265   000F0E                     RXF3EIDH        equ	3854	;# 
   266   000F0F                     RXF3EIDL        equ	3855	;# 
   267   000F10                     RXF4SIDH        equ	3856	;# 
   268   000F11                     RXF4SIDL        equ	3857	;# 
   269   000F12                     RXF4EIDH        equ	3858	;# 
   270   000F13                     RXF4EIDL        equ	3859	;# 
   271   000F14                     RXF5SIDH        equ	3860	;# 
   272   000F15                     RXF5SIDL        equ	3861	;# 
   273   000F16                     RXF5EIDH        equ	3862	;# 
   274   000F17                     RXF5EIDL        equ	3863	;# 
   275   000F18                     RXM0SIDH        equ	3864	;# 
   276   000F19                     RXM0SIDL        equ	3865	;# 
   277   000F1A                     RXM0EIDH        equ	3866	;# 
   278   000F1B                     RXM0EIDL        equ	3867	;# 
   279   000F1C                     RXM1SIDH        equ	3868	;# 
   280   000F1D                     RXM1SIDL        equ	3869	;# 
   281   000F1E                     RXM1EIDH        equ	3870	;# 
   282   000F1F                     RXM1EIDL        equ	3871	;# 
   283   000F20                     TXB2CON         equ	3872	;# 
   284   000F21                     TXB2SIDH        equ	3873	;# 
   285   000F22                     TXB2SIDL        equ	3874	;# 
   286   000F23                     TXB2EIDH        equ	3875	;# 
   287   000F24                     TXB2EIDL        equ	3876	;# 
   288   000F25                     TXB2DLC         equ	3877	;# 
   289   000F26                     TXB2D0          equ	3878	;# 
   290   000F27                     TXB2D1          equ	3879	;# 
   291   000F28                     TXB2D2          equ	3880	;# 
   292   000F29                     TXB2D3          equ	3881	;# 
   293   000F2A                     TXB2D4          equ	3882	;# 
   294   000F2B                     TXB2D5          equ	3883	;# 
   295   000F2C                     TXB2D6          equ	3884	;# 
   296   000F2D                     TXB2D7          equ	3885	;# 
   297   000F2E                     CANSTAT_RO3     equ	3886	;# 
   298   000F2F                     CANCON_RO3      equ	3887	;# 
   299   000F30                     TXB1CON         equ	3888	;# 
   300   000F31                     TXB1SIDH        equ	3889	;# 
   301   000F32                     TXB1SIDL        equ	3890	;# 
   302   000F33                     TXB1EIDH        equ	3891	;# 
   303   000F34                     TXB1EIDL        equ	3892	;# 
   304   000F35                     TXB1DLC         equ	3893	;# 
   305   000F36                     TXB1D0          equ	3894	;# 
   306   000F37                     TXB1D1          equ	3895	;# 
   307   000F38                     TXB1D2          equ	3896	;# 
   308   000F39                     TXB1D3          equ	3897	;# 
   309   000F3A                     TXB1D4          equ	3898	;# 
   310   000F3B                     TXB1D5          equ	3899	;# 
   311   000F3C                     TXB1D6          equ	3900	;# 
   312   000F3D                     TXB1D7          equ	3901	;# 
   313   000F3E                     CANSTAT_RO2     equ	3902	;# 
   314   000F3F                     CANCON_RO2      equ	3903	;# 
   315   000F40                     TXB0CON         equ	3904	;# 
   316   000F41                     TXB0SIDH        equ	3905	;# 
   317   000F42                     TXB0SIDL        equ	3906	;# 
   318   000F43                     TXB0EIDH        equ	3907	;# 
   319   000F44                     TXB0EIDL        equ	3908	;# 
   320   000F45                     TXB0DLC         equ	3909	;# 
   321   000F46                     TXB0D0          equ	3910	;# 
   322   000F47                     TXB0D1          equ	3911	;# 
   323   000F48                     TXB0D2          equ	3912	;# 
   324   000F49                     TXB0D3          equ	3913	;# 
   325   000F4A                     TXB0D4          equ	3914	;# 
   326   000F4B                     TXB0D5          equ	3915	;# 
   327   000F4C                     TXB0D6          equ	3916	;# 
   328   000F4D                     TXB0D7          equ	3917	;# 
   329   000F4E                     CANSTAT_RO1     equ	3918	;# 
   330   000F4F                     CANCON_RO1      equ	3919	;# 
   331   000F50                     RXB1CON         equ	3920	;# 
   332   000F51                     RXB1SIDH        equ	3921	;# 
   333   000F52                     RXB1SIDL        equ	3922	;# 
   334   000F53                     RXB1EIDH        equ	3923	;# 
   335   000F54                     RXB1EIDL        equ	3924	;# 
   336   000F55                     RXB1DLC         equ	3925	;# 
   337   000F56                     RXB1D0          equ	3926	;# 
   338   000F57                     RXB1D1          equ	3927	;# 
   339   000F58                     RXB1D2          equ	3928	;# 
   340   000F59                     RXB1D3          equ	3929	;# 
   341   000F5A                     RXB1D4          equ	3930	;# 
   342   000F5B                     RXB1D5          equ	3931	;# 
   343   000F5C                     RXB1D6          equ	3932	;# 
   344   000F5D                     RXB1D7          equ	3933	;# 
   345   000F5E                     CANSTAT_RO0     equ	3934	;# 
   346   000F5F                     CANCON_RO0      equ	3935	;# 
   347   000F60                     RXB0CON         equ	3936	;# 
   348   000F61                     RXB0SIDH        equ	3937	;# 
   349   000F62                     RXB0SIDL        equ	3938	;# 
   350   000F63                     RXB0EIDH        equ	3939	;# 
   351   000F64                     RXB0EIDL        equ	3940	;# 
   352   000F65                     RXB0DLC         equ	3941	;# 
   353   000F66                     RXB0D0          equ	3942	;# 
   354   000F67                     RXB0D1          equ	3943	;# 
   355   000F68                     RXB0D2          equ	3944	;# 
   356   000F69                     RXB0D3          equ	3945	;# 
   357   000F6A                     RXB0D4          equ	3946	;# 
   358   000F6B                     RXB0D5          equ	3947	;# 
   359   000F6C                     RXB0D6          equ	3948	;# 
   360   000F6D                     RXB0D7          equ	3949	;# 
   361   000F6E                     CANSTAT         equ	3950	;# 
   362   000F6F                     CANCON          equ	3951	;# 
   363   000F70                     BRGCON1         equ	3952	;# 
   364   000F71                     BRGCON2         equ	3953	;# 
   365   000F72                     BRGCON3         equ	3954	;# 
   366   000F73                     CIOCON          equ	3955	;# 
   367   000F74                     COMSTAT         equ	3956	;# 
   368   000F75                     RXERRCNT        equ	3957	;# 
   369   000F76                     TXERRCNT        equ	3958	;# 
   370   000F77                     ECANCON         equ	3959	;# 
   371   000F80                     PORTA           equ	3968	;# 
   372   000F81                     PORTB           equ	3969	;# 
   373   000F82                     PORTC           equ	3970	;# 
   374   000F83                     PORTD           equ	3971	;# 
   375   000F84                     PORTE           equ	3972	;# 
   376   000F89                     LATA            equ	3977	;# 
   377   000F8A                     LATB            equ	3978	;# 
   378   000F8B                     LATC            equ	3979	;# 
   379   000F8C                     LATD            equ	3980	;# 
   380   000F8D                     LATE            equ	3981	;# 
   381   000F92                     TRISA           equ	3986	;# 
   382   000F92                     DDRA            equ	3986	;# 
   383   000F93                     TRISB           equ	3987	;# 
   384   000F93                     DDRB            equ	3987	;# 
   385   000F94                     TRISC           equ	3988	;# 
   386   000F94                     DDRC            equ	3988	;# 
   387   000F95                     TRISD           equ	3989	;# 
   388   000F95                     DDRD            equ	3989	;# 
   389   000F96                     TRISE           equ	3990	;# 
   390   000F96                     DDRE            equ	3990	;# 
   391   000F9B                     OSCTUNE         equ	3995	;# 
   392   000F9D                     PIE1            equ	3997	;# 
   393   000F9E                     PIR1            equ	3998	;# 
   394   000F9F                     IPR1            equ	3999	;# 
   395   000FA0                     PIE2            equ	4000	;# 
   396   000FA1                     PIR2            equ	4001	;# 
   397   000FA2                     IPR2            equ	4002	;# 
   398   000FA3                     PIE3            equ	4003	;# 
   399   000FA4                     PIR3            equ	4004	;# 
   400   000FA5                     IPR3            equ	4005	;# 
   401   000FA6                     EECON1          equ	4006	;# 
   402   000FA7                     EECON2          equ	4007	;# 
   403   000FA8                     EEDATA          equ	4008	;# 
   404   000FA9                     EEADR           equ	4009	;# 
   405   000FAB                     RCSTA           equ	4011	;# 
   406   000FAB                     RCSTA1          equ	4011	;# 
   407   000FAC                     TXSTA           equ	4012	;# 
   408   000FAC                     TXSTA1          equ	4012	;# 
   409   000FAD                     TXREG           equ	4013	;# 
   410   000FAD                     TXREG1          equ	4013	;# 
   411   000FAE                     RCREG           equ	4014	;# 
   412   000FAE                     RCREG1          equ	4014	;# 
   413   000FAF                     SPBRG           equ	4015	;# 
   414   000FAF                     SPBRG1          equ	4015	;# 
   415   000FB0                     SPBRGH          equ	4016	;# 
   416   000FB1                     T3CON           equ	4017	;# 
   417   000FB2                     TMR3            equ	4018	;# 
   418   000FB2                     TMR3L           equ	4018	;# 
   419   000FB3                     TMR3H           equ	4019	;# 
   420   000FB4                     CMCON           equ	4020	;# 
   421   000FB5                     CVRCON          equ	4021	;# 
   422   000FB6                     ECCP1AS         equ	4022	;# 
   423   000FB7                     ECCP1DEL        equ	4023	;# 
   424   000FB8                     BAUDCON         equ	4024	;# 
   425   000FB8                     BAUDCTL         equ	4024	;# 
   426   000FBA                     ECCP1CON        equ	4026	;# 
   427   000FBB                     ECCPR1          equ	4027	;# 
   428   000FBB                     ECCPR1L         equ	4027	;# 
   429   000FBC                     ECCPR1H         equ	4028	;# 
   430   000FBD                     CCP1CON         equ	4029	;# 
   431   000FBE                     CCPR1           equ	4030	;# 
   432   000FBE                     CCPR1L          equ	4030	;# 
   433   000FBF                     CCPR1H          equ	4031	;# 
   434   000FC0                     ADCON2          equ	4032	;# 
   435   000FC1                     ADCON1          equ	4033	;# 
   436   000FC2                     ADCON0          equ	4034	;# 
   437   000FC3                     ADRES           equ	4035	;# 
   438   000FC3                     ADRESL          equ	4035	;# 
   439   000FC4                     ADRESH          equ	4036	;# 
   440   000FC5                     SSPCON2         equ	4037	;# 
   441   000FC6                     SSPCON1         equ	4038	;# 
   442   000FC7                     SSPSTAT         equ	4039	;# 
   443   000FC8                     SSPADD          equ	4040	;# 
   444   000FC9                     SSPBUF          equ	4041	;# 
   445   000FCA                     T2CON           equ	4042	;# 
   446   000FCB                     PR2             equ	4043	;# 
   447   000FCB                     MEMCON          equ	4043	;# 
   448   000FCC                     TMR2            equ	4044	;# 
   449   000FCD                     T1CON           equ	4045	;# 
   450   000FCE                     TMR1            equ	4046	;# 
   451   000FCE                     TMR1L           equ	4046	;# 
   452   000FCF                     TMR1H           equ	4047	;# 
   453   000FD0                     RCON            equ	4048	;# 
   454   000FD1                     WDTCON          equ	4049	;# 
   455   000FD2                     HLVDCON         equ	4050	;# 
   456   000FD2                     LVDCON          equ	4050	;# 
   457   000FD3                     OSCCON          equ	4051	;# 
   458   000FD5                     T0CON           equ	4053	;# 
   459   000FD6                     TMR0            equ	4054	;# 
   460   000FD6                     TMR0L           equ	4054	;# 
   461   000FD7                     TMR0H           equ	4055	;# 
   462   000FD8                     STATUS          equ	4056	;# 
   463   000FD9                     FSR2            equ	4057	;# 
   464   000FD9                     FSR2L           equ	4057	;# 
   465   000FDA                     FSR2H           equ	4058	;# 
   466   000FDB                     PLUSW2          equ	4059	;# 
   467   000FDC                     PREINC2         equ	4060	;# 
   468   000FDD                     POSTDEC2        equ	4061	;# 
   469   000FDE                     POSTINC2        equ	4062	;# 
   470   000FDF                     INDF2           equ	4063	;# 
   471   000FE0                     BSR             equ	4064	;# 
   472   000FE1                     FSR1            equ	4065	;# 
   473   000FE1                     FSR1L           equ	4065	;# 
   474   000FE2                     FSR1H           equ	4066	;# 
   475   000FE3                     PLUSW1          equ	4067	;# 
   476   000FE4                     PREINC1         equ	4068	;# 
   477   000FE5                     POSTDEC1        equ	4069	;# 
   478   000FE6                     POSTINC1        equ	4070	;# 
   479   000FE7                     INDF1           equ	4071	;# 
   480   000FE8                     WREG            equ	4072	;# 
   481   000FE9                     FSR0            equ	4073	;# 
   482   000FE9                     FSR0L           equ	4073	;# 
   483   000FEA                     FSR0H           equ	4074	;# 
   484   000FEB                     PLUSW0          equ	4075	;# 
   485   000FEC                     PREINC0         equ	4076	;# 
   486   000FED                     POSTDEC0        equ	4077	;# 
   487   000FEE                     POSTINC0        equ	4078	;# 
   488   000FEF                     INDF0           equ	4079	;# 
   489   000FF0                     INTCON3         equ	4080	;# 
   490   000FF1                     INTCON2         equ	4081	;# 
   491   000FF2                     INTCON          equ	4082	;# 
   492   000FF3                     PROD            equ	4083	;# 
   493   000FF3                     PRODL           equ	4083	;# 
   494   000FF4                     PRODH           equ	4084	;# 
   495   000FF5                     TABLAT          equ	4085	;# 
   496   000FF6                     TBLPTR          equ	4086	;# 
   497   000FF6                     TBLPTRL         equ	4086	;# 
   498   000FF7                     TBLPTRH         equ	4087	;# 
   499   000FF8                     TBLPTRU         equ	4088	;# 
   500   000FF9                     PCLAT           equ	4089	;# 
   501   000FF9                     PC              equ	4089	;# 
   502   000FF9                     PCL             equ	4089	;# 
   503   000FFA                     PCLATH          equ	4090	;# 
   504   000FFB                     PCLATU          equ	4091	;# 
   505   000FFC                     STKPTR          equ	4092	;# 
   506   000FFD                     TOS             equ	4093	;# 
   507   000FFD                     TOSL            equ	4093	;# 
   508   000FFE                     TOSH            equ	4094	;# 
   509   000FFF                     TOSU            equ	4095	;# 
   510                           
   511                           	psect	idataCOMRAM
   512   003000                     __pidataCOMRAM:
   513                           	callstack 0
   514                           
   515                           ;initializer for _once
   516   003000  01                 	db	1
   517                           
   518                           	psect	nvCOMRAM
   519   00000C                     __pnvCOMRAM:
   520                           	callstack 0
   521   00000C                     _key:
   522                           	callstack 0
   523   00000C                     	ds	1
   524   000F82                     _PORTC          set	3970
   525   000F81                     _PORTB          set	3969
   526   000F94                     _TRISC          set	3988
   527   000F93                     _TRISB          set	3987
   528                           
   529                           ; #config settings
   530                           
   531                           	psect	cinit
   532   000968                     __pcinit:
   533                           	callstack 0
   534   000968                     start_initialization:
   535                           	callstack 0
   536   000968                     __initialization:
   537                           	callstack 0
   538                           
   539                           ; Initialize objects allocated to COMRAM (1 bytes)
   540                           ; load TBLPTR registers with __pidataCOMRAM
   541   000968  0E00               	movlw	low __pidataCOMRAM
   542   00096A  6EF6               	movwf	tblptrl,c
   543   00096C  0E30               	movlw	high __pidataCOMRAM
   544   00096E  6EF7               	movwf	tblptrh,c
   545   000970  0E00               	movlw	low (__pidataCOMRAM shr (0+16))
   546   000972  6EF8               	movwf	tblptru,c
   547   000974  0009               	tblrd		*+	;fetch initializer
   548   000976  CFF5 F00D          	movff	tablat,__pdataCOMRAM
   549                           
   550                           ; Clear objects allocated to COMRAM (2 bytes)
   551   00097A  6A0B               	clrf	(__pbssCOMRAM+1)& (0+255),c
   552   00097C  6A0A               	clrf	__pbssCOMRAM& (0+255),c
   553   00097E                     end_of_initialization:
   554                           	callstack 0
   555   00097E                     __end_of__initialization:
   556                           	callstack 0
   557   00097E  0100               	movlb	0
   558   000980  EF01  F003         	goto	_main	;jump to C main() function
   559                           
   560                           	psect	bssCOMRAM
   561   00000A                     __pbssCOMRAM:
   562                           	callstack 0
   563   00000A                     _i:
   564                           	callstack 0
   565   00000A                     	ds	2
   566                           
   567                           	psect	dataCOMRAM
   568   00000D                     __pdataCOMRAM:
   569                           	callstack 0
   570   00000D                     _once:
   571                           	callstack 0
   572   00000D                     	ds	1
   573                           
   574                           	psect	cstackCOMRAM
   575   000001                     __pcstackCOMRAM:
   576                           	callstack 0
   577   000001                     read_switch@detect_type:
   578                           	callstack 0
   579   000001                     ??_pattern_1:
   580   000001                     ??_pattern_2:
   581                           
   582                           ; 1 bytes @ 0x0
   583   000001                     	ds	3
   584   000004                     main@delay:
   585                           	callstack 0
   586   000004                     
   587                           ; 1 bytes @ 0x3
   588   000004                     	ds	4
   589   000008                     main@flag:
   590                           	callstack 0
   591                           
   592                           ; 2 bytes @ 0x7
   593   000008                     	ds	2
   594                           
   595 ;;
   596 ;;Main: autosize = 0, tempsize = 0, incstack = 0, save=0
   597 ;;
   598 ;; *************** function _main *****************
   599 ;; Defined at:
   600 ;;		line 26 in file "main.c"
   601 ;; Parameters:    Size  Location     Type
   602 ;;		None
   603 ;; Auto vars:     Size  Location     Type
   604 ;;  delay           4    3[COMRAM] unsigned long 
   605 ;;  flag            2    7[COMRAM] int 
   606 ;; Return value:  Size  Location     Type
   607 ;;                  1    wreg      void 
   608 ;; Registers used:
   609 ;;		wreg, status,2, status,0, cstack
   610 ;; Tracked objects:
   611 ;;		On entry : 0/0
   612 ;;		On exit  : 0/0
   613 ;;		Unchanged: 0/0
   614 ;; Data sizes:     COMRAM   BANK0   BANK1   BANK2   BANK3   BANK4   BANK5
   615 ;;      Params:         0       0       0       0       0       0       0
   616 ;;      Locals:         6       0       0       0       0       0       0
   617 ;;      Temps:          0       0       0       0       0       0       0
   618 ;;      Totals:         6       0       0       0       0       0       0
   619 ;;Total ram usage:        6 bytes
   620 ;; Hardware stack levels required when called: 1
   621 ;; This function calls:
   622 ;;		_pattern_1
   623 ;;		_pattern_2
   624 ;;		_read_switch
   625 ;; This function is called by:
   626 ;;		Startup code after reset
   627 ;; This function uses a non-reentrant model
   628 ;;
   629                           
   630                           	psect	text0
   631   000602                     __ptext0:
   632                           	callstack 0
   633   000602                     _main:
   634                           	callstack 30
   635   000602                     
   636                           ;main.c: 27:     TRISB = 0x00;
   637   000602  6A93               	clrf	147,c	;volatile
   638   000604                     
   639                           ;main.c: 28:     TRISC |= 0x0F;
   640   000604  0E0F               	movlw	15
   641   000606  1294               	iorwf	148,f,c	;volatile
   642   000608                     
   643                           ;main.c: 30:     PORTB = 0x00;
   644   000608  6A81               	clrf	129,c	;volatile
   645   00060A                     
   646                           ;main.c: 32:     unsigned long int delay = 0;
   647   00060A  0E00               	movlw	0
   648   00060C  6E04               	movwf	main@delay^0,c
   649   00060E  0E00               	movlw	0
   650   000610  6E05               	movwf	(main@delay+1)^0,c
   651   000612  0E00               	movlw	0
   652   000614  6E06               	movwf	(main@delay+2)^0,c
   653   000616  0E00               	movlw	0
   654   000618  6E07               	movwf	(main@delay+3)^0,c
   655   00061A                     
   656                           ;main.c: 33:     int flag = 0;
   657   00061A  6A09               	clrf	(main@flag+1)^0,c
   658   00061C  0E00               	movlw	0
   659   00061E  6E08               	movwf	main@flag^0,c
   660   000620                     l929:
   661                           
   662                           ;main.c: 36:         key = read_switch(0);
   663   000620  0E00               	movlw	0
   664   000622  EC7C  F004         	call	_read_switch
   665   000626  6E0C               	movwf	_key^0,c
   666   000628                     
   667                           ;main.c: 37:         if (key == 0x0E) {
   668   000628  0E0E               	movlw	14
   669   00062A  180C               	xorwf	_key^0,w,c
   670   00062C  A4D8               	btfss	status,2,c
   671   00062E  EF1B  F003         	goto	u191
   672   000632  EF1D  F003         	goto	u190
   673   000636                     u191:
   674   000636  EF24  F003         	goto	l937
   675   00063A                     u190:
   676   00063A                     
   677                           ;main.c: 38:             PORTB = 0x00;
   678   00063A  6A81               	clrf	129,c	;volatile
   679   00063C                     
   680                           ;main.c: 40:             i = 0;
   681   00063C  6A0B               	clrf	(_i+1)^0,c
   682   00063E  0E00               	movlw	0
   683   000640  6E0A               	movwf	_i^0,c
   684                           
   685                           ;main.c: 41:             flag = 1;
   686   000642  6A09               	clrf	(main@flag+1)^0,c
   687   000644  0E01               	movlw	1
   688   000646  6E08               	movwf	main@flag^0,c
   689   000648                     l937:
   690                           
   691                           ;main.c: 43:         if (key == 0x0D) {
   692   000648  0E0D               	movlw	13
   693   00064A  180C               	xorwf	_key^0,w,c
   694   00064C  A4D8               	btfss	status,2,c
   695   00064E  EF2B  F003         	goto	u201
   696   000652  EF2D  F003         	goto	u200
   697   000656                     u201:
   698   000656  EF34  F003         	goto	l943
   699   00065A                     u200:
   700   00065A                     
   701                           ;main.c: 44:             PORTB = 0x00;
   702   00065A  6A81               	clrf	129,c	;volatile
   703   00065C                     
   704                           ;main.c: 46:             i = 0;
   705   00065C  6A0B               	clrf	(_i+1)^0,c
   706   00065E  0E00               	movlw	0
   707   000660  6E0A               	movwf	_i^0,c
   708                           
   709                           ;main.c: 47:             flag = 2;
   710   000662  6A09               	clrf	(main@flag+1)^0,c
   711   000664  0E02               	movlw	2
   712   000666  6E08               	movwf	main@flag^0,c
   713   000668                     l943:
   714                           
   715                           ;main.c: 49:         if (key == 0x0B) {
   716   000668  0E0B               	movlw	11
   717   00066A  180C               	xorwf	_key^0,w,c
   718   00066C  A4D8               	btfss	status,2,c
   719   00066E  EF3B  F003         	goto	u211
   720   000672  EF3D  F003         	goto	u210
   721   000676                     u211:
   722   000676  EF42  F003         	goto	l947
   723   00067A                     u210:
   724   00067A                     
   725                           ;main.c: 50:             PORTB = 0XAA;
   726   00067A  0EAA               	movlw	170
   727   00067C  6E81               	movwf	129,c	;volatile
   728                           
   729                           ;main.c: 51:             flag = 3;
   730   00067E  6A09               	clrf	(main@flag+1)^0,c
   731   000680  0E03               	movlw	3
   732   000682  6E08               	movwf	main@flag^0,c
   733   000684                     l947:
   734                           
   735                           ;main.c: 53:         if (key == 0x07) {
   736   000684  0E07               	movlw	7
   737   000686  180C               	xorwf	_key^0,w,c
   738   000688  A4D8               	btfss	status,2,c
   739   00068A  EF49  F003         	goto	u221
   740   00068E  EF4B  F003         	goto	u220
   741   000692                     u221:
   742   000692  EF50  F003         	goto	l951
   743   000696                     u220:
   744   000696                     
   745                           ;main.c: 54:             PORTB = 0XF0;
   746   000696  0EF0               	movlw	240
   747   000698  6E81               	movwf	129,c	;volatile
   748                           
   749                           ;main.c: 55:             flag = 4;
   750   00069A  6A09               	clrf	(main@flag+1)^0,c
   751   00069C  0E04               	movlw	4
   752   00069E  6E08               	movwf	main@flag^0,c
   753   0006A0                     l951:
   754                           
   755                           ;main.c: 57:         if (delay++ == 25000) {
   756   0006A0  0E01               	movlw	1
   757   0006A2  2604               	addwf	main@delay^0,f,c
   758   0006A4  0E00               	movlw	0
   759   0006A6  2205               	addwfc	(main@delay+1)^0,f,c
   760   0006A8  2206               	addwfc	(main@delay+2)^0,f,c
   761   0006AA  2207               	addwfc	(main@delay+3)^0,f,c
   762   0006AC  0EA9               	movlw	169
   763   0006AE  1804               	xorwf	main@delay^0,w,c
   764   0006B0  E109               	bnz	u231
   765   0006B2  0E61               	movlw	97
   766   0006B4  1805               	xorwf	(main@delay+1)^0,w,c
   767   0006B6  1006               	iorwf	(main@delay+2)^0,w,c
   768   0006B8  1007               	iorwf	(main@delay+3)^0,w,c
   769   0006BA  A4D8               	btfss	status,2,c
   770   0006BC  EF62  F003         	goto	u231
   771   0006C0  EF64  F003         	goto	u230
   772   0006C4                     u231:
   773   0006C4  EF10  F003         	goto	l929
   774   0006C8                     u230:
   775   0006C8                     
   776                           ;main.c: 58:             delay = 0;
   777   0006C8  0E00               	movlw	0
   778   0006CA  6E04               	movwf	main@delay^0,c
   779   0006CC  0E00               	movlw	0
   780   0006CE  6E05               	movwf	(main@delay+1)^0,c
   781   0006D0  0E00               	movlw	0
   782   0006D2  6E06               	movwf	(main@delay+2)^0,c
   783   0006D4  0E00               	movlw	0
   784   0006D6  6E07               	movwf	(main@delay+3)^0,c
   785   0006D8                     
   786                           ;main.c: 59:             if (flag == 1) {
   787   0006D8  0408               	decf	main@flag^0,w,c
   788   0006DA  1009               	iorwf	(main@flag+1)^0,w,c
   789   0006DC  A4D8               	btfss	status,2,c
   790   0006DE  EF73  F003         	goto	u241
   791   0006E2  EF75  F003         	goto	u240
   792   0006E6                     u241:
   793   0006E6  EF79  F003         	goto	l959
   794   0006EA                     u240:
   795   0006EA                     
   796                           ;main.c: 61:                 pattern_1();
   797   0006EA  ECA0  F003         	call	_pattern_1	;wreg free
   798                           
   799                           ;main.c: 62:             } else if (flag == 2) {
   800   0006EE  EF10  F003         	goto	l929
   801   0006F2                     l959:
   802   0006F2  0E02               	movlw	2
   803   0006F4  1808               	xorwf	main@flag^0,w,c
   804   0006F6  1009               	iorwf	(main@flag+1)^0,w,c
   805   0006F8  A4D8               	btfss	status,2,c
   806   0006FA  EF81  F003         	goto	u251
   807   0006FE  EF83  F003         	goto	u250
   808   000702                     u251:
   809   000702  EF87  F003         	goto	l963
   810   000706                     u250:
   811   000706                     
   812                           ;main.c: 64:                 pattern_2();
   813   000706  EC37  F004         	call	_pattern_2	;wreg free
   814                           
   815                           ;main.c: 66:             } else if (flag == 3 || flag == 4) {
   816   00070A  EF10  F003         	goto	l929
   817   00070E                     l963:
   818   00070E  0E03               	movlw	3
   819   000710  1808               	xorwf	main@flag^0,w,c
   820   000712  1009               	iorwf	(main@flag+1)^0,w,c
   821   000714  B4D8               	btfsc	status,2,c
   822   000716  EF8F  F003         	goto	u261
   823   00071A  EF91  F003         	goto	u260
   824   00071E                     u261:
   825   00071E  EF9B  F003         	goto	l967
   826   000722                     u260:
   827   000722  0E04               	movlw	4
   828   000724  1808               	xorwf	main@flag^0,w,c
   829   000726  1009               	iorwf	(main@flag+1)^0,w,c
   830   000728  A4D8               	btfss	status,2,c
   831   00072A  EF99  F003         	goto	u271
   832   00072E  EF9B  F003         	goto	u270
   833   000732                     u271:
   834   000732  EF10  F003         	goto	l929
   835   000736                     u270:
   836   000736                     l967:
   837                           
   838                           ;main.c: 68:                 PORTB = ~PORTB;
   839   000736  1E81               	comf	129,f,c	;volatile
   840   000738  EF10  F003         	goto	l929
   841   00073C  EFFE  F017         	goto	start
   842   000740                     __end_of_main:
   843                           	callstack 0
   844                           
   845 ;; *************** function _read_switch *****************
   846 ;; Defined at:
   847 ;;		line 75 in file "main.c"
   848 ;; Parameters:    Size  Location     Type
   849 ;;  detect_type     1    wreg     unsigned char 
   850 ;; Auto vars:     Size  Location     Type
   851 ;;  detect_type     1    0[COMRAM] unsigned char 
   852 ;; Return value:  Size  Location     Type
   853 ;;                  1    wreg      unsigned char 
   854 ;; Registers used:
   855 ;;		wreg, status,2, status,0
   856 ;; Tracked objects:
   857 ;;		On entry : 0/0
   858 ;;		On exit  : 0/0
   859 ;;		Unchanged: 0/0
   860 ;; Data sizes:     COMRAM   BANK0   BANK1   BANK2   BANK3   BANK4   BANK5
   861 ;;      Params:         0       0       0       0       0       0       0
   862 ;;      Locals:         1       0       0       0       0       0       0
   863 ;;      Temps:          0       0       0       0       0       0       0
   864 ;;      Totals:         1       0       0       0       0       0       0
   865 ;;Total ram usage:        1 bytes
   866 ;; Hardware stack levels used: 1
   867 ;; This function calls:
   868 ;;		Nothing
   869 ;; This function is called by:
   870 ;;		_main
   871 ;; This function uses a non-reentrant model
   872 ;;
   873                           
   874                           	psect	text1
   875   0008F8                     __ptext1:
   876                           	callstack 0
   877   0008F8                     _read_switch:
   878                           	callstack 30
   879                           
   880                           ;incstack = 0
   881                           ;read_switch@detect_type stored from wreg
   882   0008F8  6E01               	movwf	read_switch@detect_type^0,c
   883   0008FA                     
   884                           ;main.c: 76:     if (detect_type == 0) {
   885   0008FA  5001               	movf	read_switch@detect_type^0,w,c
   886   0008FC  A4D8               	btfss	status,2,c
   887   0008FE  EF83  F004         	goto	u11
   888   000902  EF85  F004         	goto	u10
   889   000906                     u11:
   890   000906  EF89  F004         	goto	l861
   891   00090A                     u10:
   892   00090A                     l855:
   893                           
   894                           ;main.c: 77:         return PORTC & 0x0F;
   895   00090A  5082               	movf	130,w,c	;volatile
   896   00090C  0B0F               	andlw	15
   897   00090E  EFB3  F004         	goto	l44
   898   000912                     l861:
   899   000912  0401               	decf	read_switch@detect_type^0,w,c
   900   000914  A4D8               	btfss	status,2,c
   901   000916  EF8F  F004         	goto	u21
   902   00091A  EF91  F004         	goto	u20
   903   00091E                     u21:
   904   00091E  EFB2  F004         	goto	l879
   905   000922                     u20:
   906   000922                     
   907                           ;main.c: 79:         if ((PORTC & 0x0F) != 0x0F && once) {
   908   000922  5082               	movf	130,w,c	;volatile
   909   000924  0B0F               	andlw	15
   910   000926  0A0F               	xorlw	15
   911   000928  B4D8               	btfsc	status,2,c
   912   00092A  EF99  F004         	goto	u31
   913   00092E  EF9B  F004         	goto	u30
   914   000932                     u31:
   915   000932  EFA6  F004         	goto	l875
   916   000936                     u30:
   917   000936  500D               	movf	_once^0,w,c
   918   000938  B4D8               	btfsc	status,2,c
   919   00093A  EFA1  F004         	goto	u41
   920   00093E  EFA3  F004         	goto	u40
   921   000942                     u41:
   922   000942  EFA6  F004         	goto	l875
   923   000946                     u40:
   924   000946                     
   925                           ;main.c: 80:             once = 0;
   926   000946  6A0D               	clrf	_once^0,c
   927   000948  EF85  F004         	goto	l855
   928   00094C                     l875:
   929   00094C  5082               	movf	130,w,c	;volatile
   930   00094E  0B0F               	andlw	15
   931   000950  0A0F               	xorlw	15
   932   000952  A4D8               	btfss	status,2,c
   933   000954  EFAE  F004         	goto	u51
   934   000958  EFB0  F004         	goto	u50
   935   00095C                     u51:
   936   00095C  EFB2  F004         	goto	l879
   937   000960                     u50:
   938   000960                     
   939                           ;main.c: 83:             once = 1;
   940   000960  0E01               	movlw	1
   941   000962  6E0D               	movwf	_once^0,c
   942   000964                     l879:
   943                           
   944                           ;main.c: 86:     return 0x0F;
   945   000964  0E0F               	movlw	15
   946   000966                     l44:
   947   000966  0012               	return		;funcret
   948   000968                     __end_of_read_switch:
   949                           	callstack 0
   950                           
   951 ;; *************** function _pattern_2 *****************
   952 ;; Defined at:
   953 ;;		line 104 in file "main.c"
   954 ;; Parameters:    Size  Location     Type
   955 ;;		None
   956 ;; Auto vars:     Size  Location     Type
   957 ;;		None
   958 ;; Return value:  Size  Location     Type
   959 ;;                  1    wreg      void 
   960 ;; Registers used:
   961 ;;		wreg, status,2, status,0
   962 ;; Tracked objects:
   963 ;;		On entry : 0/0
   964 ;;		On exit  : 0/0
   965 ;;		Unchanged: 0/0
   966 ;; Data sizes:     COMRAM   BANK0   BANK1   BANK2   BANK3   BANK4   BANK5
   967 ;;      Params:         0       0       0       0       0       0       0
   968 ;;      Locals:         0       0       0       0       0       0       0
   969 ;;      Temps:          2       0       0       0       0       0       0
   970 ;;      Totals:         2       0       0       0       0       0       0
   971 ;;Total ram usage:        2 bytes
   972 ;; Hardware stack levels used: 1
   973 ;; This function calls:
   974 ;;		Nothing
   975 ;; This function is called by:
   976 ;;		_main
   977 ;; This function uses a non-reentrant model
   978 ;;
   979                           
   980                           	psect	text2
   981   00086E                     __ptext2:
   982                           	callstack 0
   983   00086E                     _pattern_2:
   984                           	callstack 30
   985   00086E                     
   986                           ;main.c: 105:     if (i < 8) {
   987   00086E  BE0B               	btfsc	(_i+1)^0,7,c
   988   000870  EF45  F004         	goto	u150
   989   000874  500B               	movf	(_i+1)^0,w,c
   990   000876  E107               	bnz	u151
   991   000878  0E08               	movlw	8
   992   00087A  5C0A               	subwf	_i^0,w,c
   993   00087C  B0D8               	btfsc	status,0,c
   994   00087E  EF43  F004         	goto	u151
   995   000882  EF45  F004         	goto	u150
   996   000886                     u151:
   997   000886  EF56  F004         	goto	l911
   998   00088A                     u150:
   999   00088A                     
  1000                           ;main.c: 106:         PORTB = PORTB | (1 << i);
  1001   00088A  C00A  F001         	movff	_i,??_pattern_2
  1002   00088E  0E01               	movlw	1
  1003   000890  6E02               	movwf	(??_pattern_2+1)^0,c
  1004   000892  2A01               	incf	??_pattern_2^0,f,c
  1005   000894  EF4E  F004         	goto	u164
  1006   000898                     u165:
  1007   000898  90D8               	bcf	status,0,c
  1008   00089A  3602               	rlcf	(??_pattern_2+1)^0,f,c
  1009   00089C                     u164:
  1010   00089C  2E01               	decfsz	??_pattern_2^0,f,c
  1011   00089E  EF4C  F004         	goto	u165
  1012   0008A2  5002               	movf	(??_pattern_2+1)^0,w,c
  1013   0008A4  1081               	iorwf	129,w,c	;volatile
  1014   0008A6  6E81               	movwf	129,c	;volatile
  1015                           
  1016                           ;main.c: 107:     } else if (i >= 8 && i < 16) {
  1017   0008A8  EF79  F004         	goto	l917
  1018   0008AC                     l911:
  1019   0008AC  BE0B               	btfsc	(_i+1)^0,7,c
  1020   0008AE  EF62  F004         	goto	u171
  1021   0008B2  500B               	movf	(_i+1)^0,w,c
  1022   0008B4  E109               	bnz	u170
  1023   0008B6  0E08               	movlw	8
  1024   0008B8  5C0A               	subwf	_i^0,w,c
  1025   0008BA  A0D8               	btfss	status,0,c
  1026   0008BC  EF62  F004         	goto	u171
  1027   0008C0  EF64  F004         	goto	u170
  1028   0008C4                     u171:
  1029   0008C4  EF77  F004         	goto	l65
  1030   0008C8                     u170:
  1031   0008C8  BE0B               	btfsc	(_i+1)^0,7,c
  1032   0008CA  EF72  F004         	goto	u180
  1033   0008CE  500B               	movf	(_i+1)^0,w,c
  1034   0008D0  E107               	bnz	u181
  1035   0008D2  0E10               	movlw	16
  1036   0008D4  5C0A               	subwf	_i^0,w,c
  1037   0008D6  B0D8               	btfsc	status,0,c
  1038   0008D8  EF70  F004         	goto	u181
  1039   0008DC  EF72  F004         	goto	u180
  1040   0008E0                     u181:
  1041   0008E0  EF77  F004         	goto	l65
  1042   0008E4                     u180:
  1043   0008E4                     
  1044                           ;main.c: 108:         PORTB = PORTB << 1;
  1045   0008E4  5081               	movf	129,w,c	;volatile
  1046   0008E6  2481               	addwf	129,w,c	;volatile
  1047   0008E8  6E81               	movwf	129,c	;volatile
  1048                           
  1049                           ;main.c: 109:     } else {
  1050   0008EA  EF79  F004         	goto	l917
  1051   0008EE                     l65:
  1052                           
  1053                           ;main.c: 110:         i = -1;
  1054   0008EE  680A               	setf	_i^0,c
  1055   0008F0  680B               	setf	(_i+1)^0,c
  1056   0008F2                     l917:
  1057                           
  1058                           ;main.c: 112:     i++;
  1059   0008F2  4A0A               	infsnz	_i^0,f,c
  1060   0008F4  2A0B               	incf	(_i+1)^0,f,c
  1061   0008F6  0012               	return		;funcret
  1062   0008F8                     __end_of_pattern_2:
  1063                           	callstack 0
  1064                           
  1065 ;; *************** function _pattern_1 *****************
  1066 ;; Defined at:
  1067 ;;		line 89 in file "main.c"
  1068 ;; Parameters:    Size  Location     Type
  1069 ;;		None
  1070 ;; Auto vars:     Size  Location     Type
  1071 ;;		None
  1072 ;; Return value:  Size  Location     Type
  1073 ;;                  1    wreg      void 
  1074 ;; Registers used:
  1075 ;;		wreg, status,2, status,0
  1076 ;; Tracked objects:
  1077 ;;		On entry : 0/0
  1078 ;;		On exit  : 0/0
  1079 ;;		Unchanged: 0/0
  1080 ;; Data sizes:     COMRAM   BANK0   BANK1   BANK2   BANK3   BANK4   BANK5
  1081 ;;      Params:         0       0       0       0       0       0       0
  1082 ;;      Locals:         0       0       0       0       0       0       0
  1083 ;;      Temps:          3       0       0       0       0       0       0
  1084 ;;      Totals:         3       0       0       0       0       0       0
  1085 ;;Total ram usage:        3 bytes
  1086 ;; Hardware stack levels used: 1
  1087 ;; This function calls:
  1088 ;;		Nothing
  1089 ;; This function is called by:
  1090 ;;		_main
  1091 ;; This function uses a non-reentrant model
  1092 ;;
  1093                           
  1094                           	psect	text3
  1095   000740                     __ptext3:
  1096                           	callstack 0
  1097   000740                     _pattern_1:
  1098                           	callstack 30
  1099   000740                     
  1100                           ;main.c: 90:     if (i < 8) {
  1101   000740  BE0B               	btfsc	(_i+1)^0,7,c
  1102   000742  EFAE  F003         	goto	u60
  1103   000746  500B               	movf	(_i+1)^0,w,c
  1104   000748  E107               	bnz	u61
  1105   00074A  0E08               	movlw	8
  1106   00074C  5C0A               	subwf	_i^0,w,c
  1107   00074E  B0D8               	btfsc	status,0,c
  1108   000750  EFAC  F003         	goto	u61
  1109   000754  EFAE  F003         	goto	u60
  1110   000758                     u61:
  1111   000758  EFBF  F003         	goto	l887
  1112   00075C                     u60:
  1113   00075C                     
  1114                           ;main.c: 91:         PORTB = PORTB | (1 << i);
  1115   00075C  C00A  F001         	movff	_i,??_pattern_1
  1116   000760  0E01               	movlw	1
  1117   000762  6E02               	movwf	(??_pattern_1+1)^0,c
  1118   000764  2A01               	incf	??_pattern_1^0,f,c
  1119   000766  EFB7  F003         	goto	u74
  1120   00076A                     u75:
  1121   00076A  90D8               	bcf	status,0,c
  1122   00076C  3602               	rlcf	(??_pattern_1+1)^0,f,c
  1123   00076E                     u74:
  1124   00076E  2E01               	decfsz	??_pattern_1^0,f,c
  1125   000770  EFB5  F003         	goto	u75
  1126   000774  5002               	movf	(??_pattern_1+1)^0,w,c
  1127   000776  1081               	iorwf	129,w,c	;volatile
  1128   000778  6E81               	movwf	129,c	;volatile
  1129                           
  1130                           ;main.c: 92:     } else if (i >= 8 && i < 16) {
  1131   00077A  EF34  F004         	goto	l905
  1132   00077E                     l887:
  1133   00077E  BE0B               	btfsc	(_i+1)^0,7,c
  1134   000780  EFCB  F003         	goto	u81
  1135   000784  500B               	movf	(_i+1)^0,w,c
  1136   000786  E109               	bnz	u80
  1137   000788  0E08               	movlw	8
  1138   00078A  5C0A               	subwf	_i^0,w,c
  1139   00078C  A0D8               	btfss	status,0,c
  1140   00078E  EFCB  F003         	goto	u81
  1141   000792  EFCD  F003         	goto	u80
  1142   000796                     u81:
  1143   000796  EFE0  F003         	goto	l893
  1144   00079A                     u80:
  1145   00079A  BE0B               	btfsc	(_i+1)^0,7,c
  1146   00079C  EFDB  F003         	goto	u90
  1147   0007A0  500B               	movf	(_i+1)^0,w,c
  1148   0007A2  E107               	bnz	u91
  1149   0007A4  0E10               	movlw	16
  1150   0007A6  5C0A               	subwf	_i^0,w,c
  1151   0007A8  B0D8               	btfsc	status,0,c
  1152   0007AA  EFD9  F003         	goto	u91
  1153   0007AE  EFDB  F003         	goto	u90
  1154   0007B2                     u91:
  1155   0007B2  EFE0  F003         	goto	l893
  1156   0007B6                     u90:
  1157   0007B6                     
  1158                           ;main.c: 93:         PORTB = PORTB << 1;
  1159   0007B6  5081               	movf	129,w,c	;volatile
  1160   0007B8  2481               	addwf	129,w,c	;volatile
  1161   0007BA  6E81               	movwf	129,c	;volatile
  1162                           
  1163                           ;main.c: 94:     } else if (i >= 16 && i < 24) {
  1164   0007BC  EF34  F004         	goto	l905
  1165   0007C0                     l893:
  1166   0007C0  BE0B               	btfsc	(_i+1)^0,7,c
  1167   0007C2  EFEC  F003         	goto	u101
  1168   0007C6  500B               	movf	(_i+1)^0,w,c
  1169   0007C8  E109               	bnz	u100
  1170   0007CA  0E10               	movlw	16
  1171   0007CC  5C0A               	subwf	_i^0,w,c
  1172   0007CE  A0D8               	btfss	status,0,c
  1173   0007D0  EFEC  F003         	goto	u101
  1174   0007D4  EFEE  F003         	goto	u100
  1175   0007D8                     u101:
  1176   0007D8  EF12  F004         	goto	l899
  1177   0007DC                     u100:
  1178   0007DC  BE0B               	btfsc	(_i+1)^0,7,c
  1179   0007DE  EFFC  F003         	goto	u110
  1180   0007E2  500B               	movf	(_i+1)^0,w,c
  1181   0007E4  E107               	bnz	u111
  1182   0007E6  0E18               	movlw	24
  1183   0007E8  5C0A               	subwf	_i^0,w,c
  1184   0007EA  B0D8               	btfsc	status,0,c
  1185   0007EC  EFFA  F003         	goto	u111
  1186   0007F0  EFFC  F003         	goto	u110
  1187   0007F4                     u111:
  1188   0007F4  EF12  F004         	goto	l899
  1189   0007F8                     u110:
  1190   0007F8                     
  1191                           ;main.c: 95:         PORTB = PORTB | (0X80) >> (i - 16);
  1192   0007F8  C00A  F001         	movff	_i,??_pattern_1
  1193   0007FC  0EF0               	movlw	-16
  1194   0007FE  2601               	addwf	??_pattern_1^0,f,c
  1195   000800  0E80               	movlw	128
  1196   000802  6E02               	movwf	(??_pattern_1+1)^0,c
  1197   000804  0E00               	movlw	0
  1198   000806  6E03               	movwf	(??_pattern_1+2)^0,c
  1199   000808  2A01               	incf	??_pattern_1^0,f,c
  1200   00080A  EF0A  F004         	goto	u124
  1201   00080E                     u125:
  1202   00080E  3403               	rlcf	(??_pattern_1+2)^0,w,c
  1203   000810  3203               	rrcf	(??_pattern_1+2)^0,f,c
  1204   000812  3202               	rrcf	(??_pattern_1+1)^0,f,c
  1205   000814                     u124:
  1206   000814  2E01               	decfsz	??_pattern_1^0,f,c
  1207   000816  EF07  F004         	goto	u125
  1208   00081A  5002               	movf	(??_pattern_1+1)^0,w,c
  1209   00081C  1081               	iorwf	129,w,c	;volatile
  1210   00081E  6E81               	movwf	129,c	;volatile
  1211                           
  1212                           ;main.c: 96:     } else if (i >= 24 && i < 32) {
  1213   000820  EF34  F004         	goto	l905
  1214   000824                     l899:
  1215   000824  BE0B               	btfsc	(_i+1)^0,7,c
  1216   000826  EF1E  F004         	goto	u131
  1217   00082A  500B               	movf	(_i+1)^0,w,c
  1218   00082C  E109               	bnz	u130
  1219   00082E  0E18               	movlw	24
  1220   000830  5C0A               	subwf	_i^0,w,c
  1221   000832  A0D8               	btfss	status,0,c
  1222   000834  EF1E  F004         	goto	u131
  1223   000838  EF20  F004         	goto	u130
  1224   00083C                     u131:
  1225   00083C  EF32  F004         	goto	l58
  1226   000840                     u130:
  1227   000840  BE0B               	btfsc	(_i+1)^0,7,c
  1228   000842  EF2E  F004         	goto	u140
  1229   000846  500B               	movf	(_i+1)^0,w,c
  1230   000848  E107               	bnz	u141
  1231   00084A  0E20               	movlw	32
  1232   00084C  5C0A               	subwf	_i^0,w,c
  1233   00084E  B0D8               	btfsc	status,0,c
  1234   000850  EF2C  F004         	goto	u141
  1235   000854  EF2E  F004         	goto	u140
  1236   000858                     u141:
  1237   000858  EF32  F004         	goto	l58
  1238   00085C                     u140:
  1239   00085C                     
  1240                           ;main.c: 97:         PORTB >>= 1;
  1241   00085C  90D8               	bcf	status,0,c
  1242   00085E  3281               	rrcf	129,f,c
  1243                           
  1244                           ;volatile
  1245                           ;main.c: 98:     } else {
  1246   000860  EF34  F004         	goto	l905
  1247   000864                     l58:
  1248                           
  1249                           ;main.c: 99:         i = -1;
  1250   000864  680A               	setf	_i^0,c
  1251   000866  680B               	setf	(_i+1)^0,c
  1252   000868                     l905:
  1253                           
  1254                           ;main.c: 101:     i++;
  1255   000868  4A0A               	infsnz	_i^0,f,c
  1256   00086A  2A0B               	incf	(_i+1)^0,f,c
  1257   00086C  0012               	return		;funcret
  1258   00086E                     __end_of_pattern_1:
  1259                           	callstack 0
  1260                           
  1261                           	psect	smallconst
  1262   000600                     __psmallconst:
  1263                           	callstack 0
  1264   000600  00                 	db	0
  1265   000601  00                 	db	0	; dummy byte at the end
  1266   000600                     __smallconst    set	__psmallconst
  1267   000600                     __mediumconst   set	__psmallconst
  1268   000000                     __activetblptr  equ	0
  1269                           
  1270                           	psect	rparam
  1271   000001                     ___rparam_used  equ	1
  1272   000000                     ___param_bank   equ	0
  1273   000000                     __Lparam        equ	__Lrparam
  1274   000000                     __Hparam        equ	__Hrparam
  1275                           
  1276                           	psect	idloc
  1277                           
  1278                           ;Config register IDLOC0 @ 0x200000
  1279                           ;	unspecified, using default values
  1280   200000                     	org	2097152
  1281   200000  FF                 	db	255
  1282                           
  1283                           ;Config register IDLOC1 @ 0x200001
  1284                           ;	unspecified, using default values
  1285   200001                     	org	2097153
  1286   200001  FF                 	db	255
  1287                           
  1288                           ;Config register IDLOC2 @ 0x200002
  1289                           ;	unspecified, using default values
  1290   200002                     	org	2097154
  1291   200002  FF                 	db	255
  1292                           
  1293                           ;Config register IDLOC3 @ 0x200003
  1294                           ;	unspecified, using default values
  1295   200003                     	org	2097155
  1296   200003  FF                 	db	255
  1297                           
  1298                           ;Config register IDLOC4 @ 0x200004
  1299                           ;	unspecified, using default values
  1300   200004                     	org	2097156
  1301   200004  FF                 	db	255
  1302                           
  1303                           ;Config register IDLOC5 @ 0x200005
  1304                           ;	unspecified, using default values
  1305   200005                     	org	2097157
  1306   200005  FF                 	db	255
  1307                           
  1308                           ;Config register IDLOC6 @ 0x200006
  1309                           ;	unspecified, using default values
  1310   200006                     	org	2097158
  1311   200006  FF                 	db	255
  1312                           
  1313                           ;Config register IDLOC7 @ 0x200007
  1314                           ;	unspecified, using default values
  1315   200007                     	org	2097159
  1316   200007  FF                 	db	255
  1317                           
  1318                           	psect	config
  1319                           
  1320                           ; Padding undefined space
  1321   300000                     	org	3145728
  1322   300000  FF                 	db	255
  1323                           
  1324                           ;Config register CONFIG1H @ 0x300001
  1325                           ;	unspecified, using default values
  1326                           ;	Oscillator Selection bits
  1327                           ;	OSC = 0x7, unprogrammed default
  1328                           ;	Fail-Safe Clock Monitor Enable bit
  1329                           ;	FCMEN = 0x0, unprogrammed default
  1330                           ;	Internal/External Oscillator Switchover bit
  1331                           ;	IESO = 0x0, unprogrammed default
  1332   300001                     	org	3145729
  1333   300001  07                 	db	7
  1334                           
  1335                           ;Config register CONFIG2L @ 0x300002
  1336                           ;	unspecified, using default values
  1337                           ;	Power-up Timer Enable bit
  1338                           ;	PWRT = 0x1, unprogrammed default
  1339                           ;	Brown-out Reset Enable bits
  1340                           ;	BOREN = 0x3, unprogrammed default
  1341                           ;	Brown-out Reset Voltage bits
  1342                           ;	BORV = 0x3, unprogrammed default
  1343   300002                     	org	3145730
  1344   300002  1F                 	db	31
  1345                           
  1346                           ;Config register CONFIG2H @ 0x300003
  1347                           ;	unspecified, using default values
  1348                           ;	Watchdog Timer Enable bit
  1349                           ;	WDT = 0x1, unprogrammed default
  1350                           ;	Watchdog Timer Postscale Select bits
  1351                           ;	WDTPS = 0xF, unprogrammed default
  1352   300003                     	org	3145731
  1353   300003  1F                 	db	31
  1354                           
  1355                           ; Padding undefined space
  1356   300004                     	org	3145732
  1357   300004  FF                 	db	255
  1358                           
  1359                           ;Config register CONFIG3H @ 0x300005
  1360                           ;	unspecified, using default values
  1361                           ;	PORTB A/D Enable bit
  1362                           ;	PBADEN = 0x1, unprogrammed default
  1363                           ;	Low-Power Timer 1 Oscillator Enable bit
  1364                           ;	LPT1OSC = 0x0, unprogrammed default
  1365                           ;	MCLR Pin Enable bit
  1366                           ;	MCLRE = 0x1, unprogrammed default
  1367   300005                     	org	3145733
  1368   300005  82                 	db	130
  1369                           
  1370                           ;Config register CONFIG4L @ 0x300006
  1371                           ;	unspecified, using default values
  1372                           ;	Stack Full/Underflow Reset Enable bit
  1373                           ;	STVREN = 0x1, unprogrammed default
  1374                           ;	Single-Supply ICSP Enable bit
  1375                           ;	LVP = 0x1, unprogrammed default
  1376                           ;	Boot Block Size Select bit
  1377                           ;	BBSIZ = 0x0, unprogrammed default
  1378                           ;	Extended Instruction Set Enable bit
  1379                           ;	XINST = 0x0, unprogrammed default
  1380                           ;	Background Debugger Enable bit
  1381                           ;	DEBUG = 0x1, unprogrammed default
  1382   300006                     	org	3145734
  1383   300006  85                 	db	133
  1384                           
  1385                           ; Padding undefined space
  1386   300007                     	org	3145735
  1387   300007  FF                 	db	255
  1388                           
  1389                           ;Config register CONFIG5L @ 0x300008
  1390                           ;	unspecified, using default values
  1391                           ;	Code Protection bit
  1392                           ;	CP0 = 0x1, unprogrammed default
  1393                           ;	Code Protection bit
  1394                           ;	CP1 = 0x1, unprogrammed default
  1395                           ;	Code Protection bit
  1396                           ;	CP2 = 0x1, unprogrammed default
  1397                           ;	Code Protection bit
  1398                           ;	CP3 = 0x1, unprogrammed default
  1399   300008                     	org	3145736
  1400   300008  0F                 	db	15
  1401                           
  1402                           ;Config register CONFIG5H @ 0x300009
  1403                           ;	unspecified, using default values
  1404                           ;	Boot Block Code Protection bit
  1405                           ;	CPB = 0x1, unprogrammed default
  1406                           ;	Data EEPROM Code Protection bit
  1407                           ;	CPD = 0x1, unprogrammed default
  1408   300009                     	org	3145737
  1409   300009  C0                 	db	192
  1410                           
  1411                           ;Config register CONFIG6L @ 0x30000A
  1412                           ;	unspecified, using default values
  1413                           ;	Write Protection bit
  1414                           ;	WRT0 = 0x1, unprogrammed default
  1415                           ;	Write Protection bit
  1416                           ;	WRT1 = 0x1, unprogrammed default
  1417                           ;	Write Protection bit
  1418                           ;	WRT2 = 0x1, unprogrammed default
  1419                           ;	Write Protection bit
  1420                           ;	WRT3 = 0x1, unprogrammed default
  1421   30000A                     	org	3145738
  1422   30000A  0F                 	db	15
  1423                           
  1424                           ;Config register CONFIG6H @ 0x30000B
  1425                           ;	unspecified, using default values
  1426                           ;	Configuration Register Write Protection bit
  1427                           ;	WRTC = 0x1, unprogrammed default
  1428                           ;	Boot Block Write Protection bit
  1429                           ;	WRTB = 0x1, unprogrammed default
  1430                           ;	Data EEPROM Write Protection bit
  1431                           ;	WRTD = 0x1, unprogrammed default
  1432   30000B                     	org	3145739
  1433   30000B  E0                 	db	224
  1434                           
  1435                           ;Config register CONFIG7L @ 0x30000C
  1436                           ;	unspecified, using default values
  1437                           ;	Table Read Protection bit
  1438                           ;	EBTR0 = 0x1, unprogrammed default
  1439                           ;	Table Read Protection bit
  1440                           ;	EBTR1 = 0x1, unprogrammed default
  1441                           ;	Table Read Protection bit
  1442                           ;	EBTR2 = 0x1, unprogrammed default
  1443                           ;	Table Read Protection bit
  1444                           ;	EBTR3 = 0x1, unprogrammed default
  1445   30000C                     	org	3145740
  1446   30000C  0F                 	db	15
  1447                           
  1448                           ;Config register CONFIG7H @ 0x30000D
  1449                           ;	unspecified, using default values
  1450                           ;	Boot Block Table Read Protection bit
  1451                           ;	EBTRB = 0x1, unprogrammed default
  1452   30000D                     	org	3145741
  1453   30000D  40                 	db	64
  1454                           tosu	equ	0xFFF
  1455                           tosh	equ	0xFFE
  1456                           tosl	equ	0xFFD
  1457                           stkptr	equ	0xFFC
  1458                           pclatu	equ	0xFFB
  1459                           pclath	equ	0xFFA
  1460                           pcl	equ	0xFF9
  1461                           tblptru	equ	0xFF8
  1462                           tblptrh	equ	0xFF7
  1463                           tblptrl	equ	0xFF6
  1464                           tablat	equ	0xFF5
  1465                           prodh	equ	0xFF4
  1466                           prodl	equ	0xFF3
  1467                           indf0	equ	0xFEF
  1468                           postinc0	equ	0xFEE
  1469                           postdec0	equ	0xFED
  1470                           preinc0	equ	0xFEC
  1471                           plusw0	equ	0xFEB
  1472                           fsr0h	equ	0xFEA
  1473                           fsr0l	equ	0xFE9
  1474                           wreg	equ	0xFE8
  1475                           indf1	equ	0xFE7
  1476                           postinc1	equ	0xFE6
  1477                           postdec1	equ	0xFE5
  1478                           preinc1	equ	0xFE4
  1479                           plusw1	equ	0xFE3
  1480                           fsr1h	equ	0xFE2
  1481                           fsr1l	equ	0xFE1
  1482                           bsr	equ	0xFE0
  1483                           indf2	equ	0xFDF
  1484                           postinc2	equ	0xFDE
  1485                           postdec2	equ	0xFDD
  1486                           preinc2	equ	0xFDC
  1487                           plusw2	equ	0xFDB
  1488                           fsr2h	equ	0xFDA
  1489                           fsr2l	equ	0xFD9
  1490                           status	equ	0xFD8

Data Sizes:
    Strings     0
    Constant    0
    Data        1
    BSS         2
    Persistent  1
    Stack       0

Auto Spaces:
    Space          Size  Autos    Used
    COMRAM           95      9      13
    BANK0           160      0       0
    BANK1           256      0       0
    BANK2           256      0       0
    BANK3           256      0       0
    BANK4           256      0       0
    BANK5           256      0       0

Pointer List with Targets:

    None.

Critical Paths under _main in COMRAM

    _main->_pattern_1

Critical Paths under _main in BANK0

    None.

Critical Paths under _main in BANK1

    None.

Critical Paths under _main in BANK2

    None.

Critical Paths under _main in BANK3

    None.

Critical Paths under _main in BANK4

    None.

Critical Paths under _main in BANK5

    None.

Call Graph Tables:

 ---------------------------------------------------------------------------------
 (Depth) Function   	        Calls       Base Space   Used Autos Params    Refs
 ---------------------------------------------------------------------------------
 (0) _main                                                 6     6      0     105
                                              3 COMRAM     6     6      0
                          _pattern_1
                          _pattern_2
                        _read_switch
 ---------------------------------------------------------------------------------
 (1) _read_switch                                          1     1      0      30
                                              0 COMRAM     1     1      0
 ---------------------------------------------------------------------------------
 (1) _pattern_2                                            2     2      0       0
                                              0 COMRAM     2     2      0
 ---------------------------------------------------------------------------------
 (1) _pattern_1                                            3     3      0       0
                                              0 COMRAM     3     3      0
 ---------------------------------------------------------------------------------
 Estimated maximum stack depth 1
 ---------------------------------------------------------------------------------

 Call Graph Graphs:

 _main (ROOT)
   _pattern_1
   _pattern_2
   _read_switch

Address spaces:
Name               Size   Autos  Total    Usage
BIGRAM            1535      0       0      0.0%
BITBIGSFRl         641      0       0      0.0%
BITBANK5           256      0       0      0.0%
BANK5              256      0       0      0.0%
BITBANK4           256      0       0      0.0%
BANK4              256      0       0      0.0%
BITBANK3           256      0       0      0.0%
BANK3              256      0       0      0.0%
BITBANK2           256      0       0      0.0%
BANK2              256      0       0      0.0%
BITBANK1           256      0       0      0.0%
BANK1              256      0       0      0.0%
BITBANK0           160      0       0      0.0%
BANK0              160      0       0      0.0%
BITBIGSFRh         126      0       0      0.0%
BITCOMRAM           95      0       0      0.0%
COMRAM              95      9      13     13.7%
STACK                0      0       0      0.0%
DATA                 0      0      13      0.0%


Microchip Technology PIC18 Macro Assembler V3.10 build 20250813170317 
Symbol Table                                                                                   Fri Feb 27 15:39:04 2026

                      _i 000A                       l60 086C                       l44 0966  
                     l65 08EE                       l58 0864                       l67 08F6  
                     u10 090A                       u11 0906                       u20 0922  
                     u21 091E                       u30 0936                       u31 0932  
                     u40 0946                       u41 0942                       u50 0960  
                     u51 095C                       u60 075C                       u61 0758  
                     u80 079A                       u81 0796                       u90 07B6  
                     u74 076E                       u91 07B2                       u75 076A  
                    l901 0840                      l903 085C                      l911 08AC  
                    l905 0868                      l913 08C8                      l921 0604  
                    l915 08E4                      l907 086E                      l931 0628  
                    l923 0608                      l917 08F2                      l909 088A  
                    l861 0912                      l853 08FA                      l941 065C  
                    l933 063A                      l925 060A                      l863 0922  
                    l855 090A                      l951 06A0                      l943 0668  
                    l935 063C                      l927 061A                      l919 0602  
                    l865 0936                      l961 0706                      l953 06C8  
                    l945 067A                      l937 0648                      l929 0620  
                    l891 07B6                      l883 0740                      l867 0946  
                    l875 094C                      l963 070E                      l955 06D8  
                    l947 0684                      l939 065A                      l893 07C0  
                    l885 075C                      l877 0960                      l965 0722  
                    l957 06EA                      l949 0696                      l895 07DC  
                    l887 077E                      l879 0964                      l967 0736  
                    l959 06F2                      l897 07F8                      l889 079A  
                    l899 0824                      u100 07DC                      u101 07D8  
                    u110 07F8                      u111 07F4                      u200 065A  
                    u201 0656                      u130 0840                      u210 067A  
                    u131 083C                      u211 0676                      u140 085C  
                    u124 0814                      u220 0696                      u141 0858  
                    u125 080E                      u221 0692                      u150 088A  
                    u230 06C8                      u151 0886                      u231 06C4  
                    u240 06EA                      u241 06E6                      u170 08C8  
                    u250 0706                      u171 08C4                      u251 0702  
                    u180 08E4                      u164 089C                      u260 0722  
                    u181 08E0                      u165 0898                      u261 071E  
                    u270 0736                      u190 063A                      u271 0732  
                    u191 0636                      _key 000C                     _main 0602  
                   _once 000D                     start 2FFC             ___param_bank 0000  
                  ?_main 0001                    _PORTB 0F81                    _PORTC 0F82  
                  _TRISB 0F93                    _TRISC 0F94             ?_read_switch 0001  
                  tablat 0FF5                    status 0FD8          __initialization 0968  
           __end_of_main 0740                   ??_main 0004            __activetblptr 0000  
                 isa$std 0001             __pdataCOMRAM 000D             __mediumconst 0600  
                 tblptrh 0FF7                   tblptrl 0FF6                   tblptru 0FF8  
             __accesstop 0060  __end_of__initialization 097E            ___rparam_used 0001  
         __pcstackCOMRAM 0001               __pnvCOMRAM 000C                  __Hparam 0000  
                __Lparam 0000             __psmallconst 0600                  __pcinit 0968  
                __ramtop 0600                  __ptext0 0602                  __ptext1 08F8  
                __ptext2 086E                  __ptext3 0740        __end_of_pattern_1 086E  
      __end_of_pattern_2 08F8     end_of_initialization 097E            __pidataCOMRAM 3000  
    start_initialization 0968              __pbssCOMRAM 000A            ??_read_switch 0001  
            __smallconst 0600                _pattern_1 0740                _pattern_2 086E  
    __end_of_read_switch 0968                main@delay 0004               ?_pattern_1 0001  
             ?_pattern_2 0001                 __Hrparam 0000                 __Lrparam 0000  
            _read_switch 08F8                 isa$xinst 0000                 main@flag 0008  
 read_switch@detect_type 0001              ??_pattern_1 0001              ??_pattern_2 0001  
