

Microchip MPLAB XC8 Assembler V3.10 build 20250813170317 
                                                                                               Thu Mar 12 10:53:47 2026

Microchip MPLAB XC8 C Compiler v3.10 (Free license) build 20250813170317 Og1 
     1                           	processor	18F4580
     2                           	fnconf	rparam,??,?,0
     3                           	pagewidth 120
     4                           	opt	flic
     5                           	psect	idataCOMRAM,global,class=CODE,space=0,delta=1,noexec
     6                           	psect	cinit,global,reloc=2,class=CODE,space=0,delta=1
     7                           	psect	bssCOMRAM,global,class=COMRAM,space=1,delta=1,lowdata,noexec
     8                           	psect	dataCOMRAM,global,class=COMRAM,space=1,delta=1,lowdata,noexec
     9                           	psect	cstackCOMRAM,global,class=COMRAM,space=1,delta=1,lowdata,noexec
    10                           	psect	text0,global,reloc=2,class=CODE,space=0,delta=1
    11                           	psect	text1,global,reloc=2,class=CODE,space=0,delta=1
    12                           	psect	intcode,global,reloc=2,class=CODE,space=0,delta=1
    13                           	psect	intcode_body,global,reloc=2,class=CODE,space=0,delta=1
    14                           	psect	smallconst,global,reloc=2,class=SMALLCONST,space=0,delta=1,noexec
    15                           	psect	intsave_regs,global,class=BIGRAM,space=1,delta=1,noexec
    16                           	psect	rparam,global,class=COMRAM,space=1,delta=1,noexec
    17                           	psect	idloc,global,abs,ovrld,class=IDLOC,space=5,delta=1,noexec
    18                           	psect	config,global,abs,ovrld,class=CONFIG,space=4,delta=1,noexec
    19                           	dabs	1,0x1,1
    20   000000                     
    21                           ; Version 2.40
    22                           ; Generated 17/11/2021 GMT
    23                           ; 
    24                           ; Copyright © 2021, Microchip Technology Inc. and its subsidiaries ("Microchip")
    25                           ; All rights reserved.
    26                           ; 
    27                           ; This software is developed by Microchip Technology Inc. and its subsidiaries ("Microch
      +                          ip").
    28                           ; 
    29                           ; Redistribution and use in source and binary forms, with or without modification, are
    30                           ; permitted provided that the following conditions are met:
    31                           ; 
    32                           ;     1. Redistributions of source code must retain the above copyright notice, this lis
      +                          t of
    33                           ;        conditions and the following disclaimer.
    34                           ; 
    35                           ;     2. Redistributions in binary form must reproduce the above copyright notice, this 
      +                          list
    36                           ;        of conditions and the following disclaimer in the documentation and/or other
    37                           ;        materials provided with the distribution. Publication is not required when
    38                           ;        this file is used in an embedded application.
    39                           ; 
    40                           ;     3. Microchip's name may not be used to endorse or promote products derived from th
      +                          is
    41                           ;        software without specific prior written permission.
    42                           ; 
    43                           ; THIS SOFTWARE IS PROVIDED BY MICROCHIP "AS IS" AND ANY EXPRESS OR IMPLIED WARRANTIES,
    44                           ; INCLUDING, BUT NOT LIMITED TO, THE IMPLIED WARRANTIES OF MERCHANTABILITY AND FITNESS F
      +                          OR
    45                           ; PURPOSE ARE DISCLAIMED.  IN NO EVENT SHALL MICROCHIP BE LIABLE FOR ANY DIRECT, INDIREC
      +                          T,
    46                           ; INCIDENTAL, SPECIAL, EXEMPLARY, OR CONSEQUENTIAL DAMAGES (INCLUDING BUT NOT LIMITED TO
    47                           ; PROCUREMENT OF SUBSTITUTE GOODS OR SERVICES; LOSS OF USE, DATA OR PROFITS; OR BUSINESS
    48                           ; INTERRUPTION) HOWSOEVER CAUSED AND ON ANY THEORY OF LIABILITY, WHETHER IN CONTRACT, ST
      +                          RICT
    49                           ; LIABILITY, OR TORT (INCLUDING NEGLIGENCE OR OTHERWISE) ARISING IN ANY WAY OUT OF THE U
      +                          SE OF
    50                           ; THIS SOFTWARE, EVEN IF ADVISED OF THE POSSIBILITY OF SUCH DAMAGE.
    51                           ; 
    52                           ; 
    53                           ; Code-generator required, PIC18F4580 Definitions
    54                           ; 
    55                           ; SFR Addresses
    56   000FE0                     bsr             equ	4064
    57   000FE9                     fsr0            equ	4073
    58   000FEA                     fsr0h           equ	4074
    59   000FE9                     fsr0l           equ	4073
    60   000FE1                     fsr1            equ	4065
    61   000FE2                     fsr1h           equ	4066
    62   000FE1                     fsr1l           equ	4065
    63   000FD9                     fsr2            equ	4057
    64   000FDA                     fsr2h           equ	4058
    65   000FD9                     fsr2l           equ	4057
    66   000FEF                     indf0           equ	4079
    67   000FE7                     indf1           equ	4071
    68   000FDF                     indf2           equ	4063
    69   000FF2                     intcon          equ	4082
    70   000000                     nvmcon          equ	0
    71   000FF9                     pcl             equ	4089
    72   000FFA                     pclath          equ	4090
    73   000FFB                     pclatu          equ	4091
    74   000FEB                     plusw0          equ	4075
    75   000FE3                     plusw1          equ	4067
    76   000FDB                     plusw2          equ	4059
    77   000FED                     postdec0        equ	4077
    78   000FE5                     postdec1        equ	4069
    79   000FDD                     postdec2        equ	4061
    80   000FEE                     postinc0        equ	4078
    81   000FE6                     postinc1        equ	4070
    82   000FDE                     postinc2        equ	4062
    83   000FEC                     preinc0         equ	4076
    84   000FE4                     preinc1         equ	4068
    85   000FDC                     preinc2         equ	4060
    86   000FF3                     prod            equ	4083
    87   000FF4                     prodh           equ	4084
    88   000FF3                     prodl           equ	4083
    89   000FD8                     status          equ	4056
    90   000FF5                     tablat          equ	4085
    91   000FF6                     tblptr          equ	4086
    92   000FF7                     tblptrh         equ	4087
    93   000FF6                     tblptrl         equ	4086
    94   000FF8                     tblptru         equ	4088
    95   000FFD                     tosl            equ	4093
    96   000FE8                     wreg            equ	4072
    97   000D60                     RXF6SIDH        equ	3424	;# 
    98   000D61                     RXF6SIDL        equ	3425	;# 
    99   000D62                     RXF6EIDH        equ	3426	;# 
   100   000D63                     RXF6EIDL        equ	3427	;# 
   101   000D64                     RXF7SIDH        equ	3428	;# 
   102   000D65                     RXF7SIDL        equ	3429	;# 
   103   000D66                     RXF7EIDH        equ	3430	;# 
   104   000D67                     RXF7EIDL        equ	3431	;# 
   105   000D68                     RXF8SIDH        equ	3432	;# 
   106   000D69                     RXF8SIDL        equ	3433	;# 
   107   000D6A                     RXF8EIDH        equ	3434	;# 
   108   000D6B                     RXF8EIDL        equ	3435	;# 
   109   000D70                     RXF9SIDH        equ	3440	;# 
   110   000D71                     RXF9SIDL        equ	3441	;# 
   111   000D72                     RXF9EIDH        equ	3442	;# 
   112   000D73                     RXF9EIDL        equ	3443	;# 
   113   000D74                     RXF10SIDH       equ	3444	;# 
   114   000D75                     RXF10SIDL       equ	3445	;# 
   115   000D76                     RXF10EIDH       equ	3446	;# 
   116   000D77                     RXF10EIDL       equ	3447	;# 
   117   000D78                     RXF11SIDH       equ	3448	;# 
   118   000D79                     RXF11SIDL       equ	3449	;# 
   119   000D7A                     RXF11EIDH       equ	3450	;# 
   120   000D7B                     RXF11EIDL       equ	3451	;# 
   121   000D80                     RXF12SIDH       equ	3456	;# 
   122   000D81                     RXF12SIDL       equ	3457	;# 
   123   000D82                     RXF12EIDH       equ	3458	;# 
   124   000D83                     RXF12EIDL       equ	3459	;# 
   125   000D84                     RXF13SIDH       equ	3460	;# 
   126   000D85                     RXF13SIDL       equ	3461	;# 
   127   000D86                     RXF13EIDH       equ	3462	;# 
   128   000D87                     RXF13EIDL       equ	3463	;# 
   129   000D88                     RXF14SIDH       equ	3464	;# 
   130   000D89                     RXF14SIDL       equ	3465	;# 
   131   000D8A                     RXF14EIDH       equ	3466	;# 
   132   000D8B                     RXF14EIDL       equ	3467	;# 
   133   000D90                     RXF15SIDH       equ	3472	;# 
   134   000D91                     RXF15SIDL       equ	3473	;# 
   135   000D92                     RXF15EIDH       equ	3474	;# 
   136   000D93                     RXF15EIDL       equ	3475	;# 
   137   000DD4                     RXFCON0         equ	3540	;# 
   138   000DD5                     RXFCON1         equ	3541	;# 
   139   000DD8                     SDFLC           equ	3544	;# 
   140   000DE0                     RXFBCON0        equ	3552	;# 
   141   000DE1                     RXFBCON1        equ	3553	;# 
   142   000DE2                     RXFBCON2        equ	3554	;# 
   143   000DE3                     RXFBCON3        equ	3555	;# 
   144   000DE4                     RXFBCON4        equ	3556	;# 
   145   000DE5                     RXFBCON5        equ	3557	;# 
   146   000DE6                     RXFBCON6        equ	3558	;# 
   147   000DE7                     RXFBCON7        equ	3559	;# 
   148   000DF0                     MSEL0           equ	3568	;# 
   149   000DF1                     MSEL1           equ	3569	;# 
   150   000DF2                     MSEL2           equ	3570	;# 
   151   000DF3                     MSEL3           equ	3571	;# 
   152   000DF8                     BSEL0           equ	3576	;# 
   153   000DFA                     BIE0            equ	3578	;# 
   154   000DFC                     TXBIE           equ	3580	;# 
   155   000E20                     B0CON           equ	3616	;# 
   156   000E21                     B0SIDH          equ	3617	;# 
   157   000E22                     B0SIDL          equ	3618	;# 
   158   000E23                     B0EIDH          equ	3619	;# 
   159   000E24                     B0EIDL          equ	3620	;# 
   160   000E25                     B0DLC           equ	3621	;# 
   161   000E26                     B0D0            equ	3622	;# 
   162   000E27                     B0D1            equ	3623	;# 
   163   000E28                     B0D2            equ	3624	;# 
   164   000E29                     B0D3            equ	3625	;# 
   165   000E2A                     B0D4            equ	3626	;# 
   166   000E2B                     B0D5            equ	3627	;# 
   167   000E2C                     B0D6            equ	3628	;# 
   168   000E2D                     B0D7            equ	3629	;# 
   169   000E2E                     CANSTAT_RO9     equ	3630	;# 
   170   000E2F                     CANCON_RO9      equ	3631	;# 
   171   000E30                     B1CON           equ	3632	;# 
   172   000E31                     B1SIDH          equ	3633	;# 
   173   000E32                     B1SIDL          equ	3634	;# 
   174   000E33                     B1EIDH          equ	3635	;# 
   175   000E34                     B1EIDL          equ	3636	;# 
   176   000E35                     B1DLC           equ	3637	;# 
   177   000E36                     B1D0            equ	3638	;# 
   178   000E37                     B1D1            equ	3639	;# 
   179   000E38                     B1D2            equ	3640	;# 
   180   000E39                     B1D3            equ	3641	;# 
   181   000E3A                     B1D4            equ	3642	;# 
   182   000E3B                     B1D5            equ	3643	;# 
   183   000E3C                     B1D6            equ	3644	;# 
   184   000E3D                     B1D7            equ	3645	;# 
   185   000E3E                     CANSTAT_RO8     equ	3646	;# 
   186   000E3F                     CANCON_RO8      equ	3647	;# 
   187   000E40                     B2CON           equ	3648	;# 
   188   000E41                     B2SIDH          equ	3649	;# 
   189   000E42                     B2SIDL          equ	3650	;# 
   190   000E43                     B2EIDH          equ	3651	;# 
   191   000E44                     B2EIDL          equ	3652	;# 
   192   000E45                     B2DLC           equ	3653	;# 
   193   000E46                     B2D0            equ	3654	;# 
   194   000E47                     B2D1            equ	3655	;# 
   195   000E48                     B2D2            equ	3656	;# 
   196   000E49                     B2D3            equ	3657	;# 
   197   000E4A                     B2D4            equ	3658	;# 
   198   000E4B                     B2D5            equ	3659	;# 
   199   000E4C                     B2D6            equ	3660	;# 
   200   000E4D                     B2D7            equ	3661	;# 
   201   000E4E                     CANSTAT_RO7     equ	3662	;# 
   202   000E4F                     CANCON_RO7      equ	3663	;# 
   203   000E50                     B3CON           equ	3664	;# 
   204   000E51                     B3SIDH          equ	3665	;# 
   205   000E52                     B3SIDL          equ	3666	;# 
   206   000E53                     B3EIDH          equ	3667	;# 
   207   000E54                     B3EIDL          equ	3668	;# 
   208   000E55                     B3DLC           equ	3669	;# 
   209   000E56                     B3D0            equ	3670	;# 
   210   000E57                     B3D1            equ	3671	;# 
   211   000E58                     B3D2            equ	3672	;# 
   212   000E59                     B3D3            equ	3673	;# 
   213   000E5A                     B3D4            equ	3674	;# 
   214   000E5B                     B3D5            equ	3675	;# 
   215   000E5C                     B3D6            equ	3676	;# 
   216   000E5D                     B3D7            equ	3677	;# 
   217   000E5E                     CANSTAT_RO6     equ	3678	;# 
   218   000E5F                     CANCON_RO6      equ	3679	;# 
   219   000E60                     B4CON           equ	3680	;# 
   220   000E61                     B4SIDH          equ	3681	;# 
   221   000E62                     B4SIDL          equ	3682	;# 
   222   000E63                     B4EIDH          equ	3683	;# 
   223   000E64                     B4EIDL          equ	3684	;# 
   224   000E65                     B4DLC           equ	3685	;# 
   225   000E66                     B4D0            equ	3686	;# 
   226   000E67                     B4D1            equ	3687	;# 
   227   000E68                     B4D2            equ	3688	;# 
   228   000E69                     B4D3            equ	3689	;# 
   229   000E6A                     B4D4            equ	3690	;# 
   230   000E6B                     B4D5            equ	3691	;# 
   231   000E6C                     B4D6            equ	3692	;# 
   232   000E6D                     B4D7            equ	3693	;# 
   233   000E6E                     CANSTAT_RO5     equ	3694	;# 
   234   000E6F                     CANCON_RO5      equ	3695	;# 
   235   000E70                     B5CON           equ	3696	;# 
   236   000E71                     B5SIDH          equ	3697	;# 
   237   000E72                     B5SIDL          equ	3698	;# 
   238   000E73                     B5EIDH          equ	3699	;# 
   239   000E74                     B5EIDL          equ	3700	;# 
   240   000E75                     B5DLC           equ	3701	;# 
   241   000E76                     B5D0            equ	3702	;# 
   242   000E77                     B5D1            equ	3703	;# 
   243   000E78                     B5D2            equ	3704	;# 
   244   000E79                     B5D3            equ	3705	;# 
   245   000E7A                     B5D4            equ	3706	;# 
   246   000E7B                     B5D5            equ	3707	;# 
   247   000E7C                     B5D6            equ	3708	;# 
   248   000E7D                     B5D7            equ	3709	;# 
   249   000E7E                     CANSTAT_RO4     equ	3710	;# 
   250   000E7F                     CANCON_RO4      equ	3711	;# 
   251   000F00                     RXF0SIDH        equ	3840	;# 
   252   000F01                     RXF0SIDL        equ	3841	;# 
   253   000F02                     RXF0EIDH        equ	3842	;# 
   254   000F03                     RXF0EIDL        equ	3843	;# 
   255   000F04                     RXF1SIDH        equ	3844	;# 
   256   000F05                     RXF1SIDL        equ	3845	;# 
   257   000F06                     RXF1EIDH        equ	3846	;# 
   258   000F07                     RXF1EIDL        equ	3847	;# 
   259   000F08                     RXF2SIDH        equ	3848	;# 
   260   000F09                     RXF2SIDL        equ	3849	;# 
   261   000F0A                     RXF2EIDH        equ	3850	;# 
   262   000F0B                     RXF2EIDL        equ	3851	;# 
   263   000F0C                     RXF3SIDH        equ	3852	;# 
   264   000F0D                     RXF3SIDL        equ	3853	;# 
   265   000F0E                     RXF3EIDH        equ	3854	;# 
   266   000F0F                     RXF3EIDL        equ	3855	;# 
   267   000F10                     RXF4SIDH        equ	3856	;# 
   268   000F11                     RXF4SIDL        equ	3857	;# 
   269   000F12                     RXF4EIDH        equ	3858	;# 
   270   000F13                     RXF4EIDL        equ	3859	;# 
   271   000F14                     RXF5SIDH        equ	3860	;# 
   272   000F15                     RXF5SIDL        equ	3861	;# 
   273   000F16                     RXF5EIDH        equ	3862	;# 
   274   000F17                     RXF5EIDL        equ	3863	;# 
   275   000F18                     RXM0SIDH        equ	3864	;# 
   276   000F19                     RXM0SIDL        equ	3865	;# 
   277   000F1A                     RXM0EIDH        equ	3866	;# 
   278   000F1B                     RXM0EIDL        equ	3867	;# 
   279   000F1C                     RXM1SIDH        equ	3868	;# 
   280   000F1D                     RXM1SIDL        equ	3869	;# 
   281   000F1E                     RXM1EIDH        equ	3870	;# 
   282   000F1F                     RXM1EIDL        equ	3871	;# 
   283   000F20                     TXB2CON         equ	3872	;# 
   284   000F21                     TXB2SIDH        equ	3873	;# 
   285   000F22                     TXB2SIDL        equ	3874	;# 
   286   000F23                     TXB2EIDH        equ	3875	;# 
   287   000F24                     TXB2EIDL        equ	3876	;# 
   288   000F25                     TXB2DLC         equ	3877	;# 
   289   000F26                     TXB2D0          equ	3878	;# 
   290   000F27                     TXB2D1          equ	3879	;# 
   291   000F28                     TXB2D2          equ	3880	;# 
   292   000F29                     TXB2D3          equ	3881	;# 
   293   000F2A                     TXB2D4          equ	3882	;# 
   294   000F2B                     TXB2D5          equ	3883	;# 
   295   000F2C                     TXB2D6          equ	3884	;# 
   296   000F2D                     TXB2D7          equ	3885	;# 
   297   000F2E                     CANSTAT_RO3     equ	3886	;# 
   298   000F2F                     CANCON_RO3      equ	3887	;# 
   299   000F30                     TXB1CON         equ	3888	;# 
   300   000F31                     TXB1SIDH        equ	3889	;# 
   301   000F32                     TXB1SIDL        equ	3890	;# 
   302   000F33                     TXB1EIDH        equ	3891	;# 
   303   000F34                     TXB1EIDL        equ	3892	;# 
   304   000F35                     TXB1DLC         equ	3893	;# 
   305   000F36                     TXB1D0          equ	3894	;# 
   306   000F37                     TXB1D1          equ	3895	;# 
   307   000F38                     TXB1D2          equ	3896	;# 
   308   000F39                     TXB1D3          equ	3897	;# 
   309   000F3A                     TXB1D4          equ	3898	;# 
   310   000F3B                     TXB1D5          equ	3899	;# 
   311   000F3C                     TXB1D6          equ	3900	;# 
   312   000F3D                     TXB1D7          equ	3901	;# 
   313   000F3E                     CANSTAT_RO2     equ	3902	;# 
   314   000F3F                     CANCON_RO2      equ	3903	;# 
   315   000F40                     TXB0CON         equ	3904	;# 
   316   000F41                     TXB0SIDH        equ	3905	;# 
   317   000F42                     TXB0SIDL        equ	3906	;# 
   318   000F43                     TXB0EIDH        equ	3907	;# 
   319   000F44                     TXB0EIDL        equ	3908	;# 
   320   000F45                     TXB0DLC         equ	3909	;# 
   321   000F46                     TXB0D0          equ	3910	;# 
   322   000F47                     TXB0D1          equ	3911	;# 
   323   000F48                     TXB0D2          equ	3912	;# 
   324   000F49                     TXB0D3          equ	3913	;# 
   325   000F4A                     TXB0D4          equ	3914	;# 
   326   000F4B                     TXB0D5          equ	3915	;# 
   327   000F4C                     TXB0D6          equ	3916	;# 
   328   000F4D                     TXB0D7          equ	3917	;# 
   329   000F4E                     CANSTAT_RO1     equ	3918	;# 
   330   000F4F                     CANCON_RO1      equ	3919	;# 
   331   000F50                     RXB1CON         equ	3920	;# 
   332   000F51                     RXB1SIDH        equ	3921	;# 
   333   000F52                     RXB1SIDL        equ	3922	;# 
   334   000F53                     RXB1EIDH        equ	3923	;# 
   335   000F54                     RXB1EIDL        equ	3924	;# 
   336   000F55                     RXB1DLC         equ	3925	;# 
   337   000F56                     RXB1D0          equ	3926	;# 
   338   000F57                     RXB1D1          equ	3927	;# 
   339   000F58                     RXB1D2          equ	3928	;# 
   340   000F59                     RXB1D3          equ	3929	;# 
   341   000F5A                     RXB1D4          equ	3930	;# 
   342   000F5B                     RXB1D5          equ	3931	;# 
   343   000F5C                     RXB1D6          equ	3932	;# 
   344   000F5D                     RXB1D7          equ	3933	;# 
   345   000F5E                     CANSTAT_RO0     equ	3934	;# 
   346   000F5F                     CANCON_RO0      equ	3935	;# 
   347   000F60                     RXB0CON         equ	3936	;# 
   348   000F61                     RXB0SIDH        equ	3937	;# 
   349   000F62                     RXB0SIDL        equ	3938	;# 
   350   000F63                     RXB0EIDH        equ	3939	;# 
   351   000F64                     RXB0EIDL        equ	3940	;# 
   352   000F65                     RXB0DLC         equ	3941	;# 
   353   000F66                     RXB0D0          equ	3942	;# 
   354   000F67                     RXB0D1          equ	3943	;# 
   355   000F68                     RXB0D2          equ	3944	;# 
   356   000F69                     RXB0D3          equ	3945	;# 
   357   000F6A                     RXB0D4          equ	3946	;# 
   358   000F6B                     RXB0D5          equ	3947	;# 
   359   000F6C                     RXB0D6          equ	3948	;# 
   360   000F6D                     RXB0D7          equ	3949	;# 
   361   000F6E                     CANSTAT         equ	3950	;# 
   362   000F6F                     CANCON          equ	3951	;# 
   363   000F70                     BRGCON1         equ	3952	;# 
   364   000F71                     BRGCON2         equ	3953	;# 
   365   000F72                     BRGCON3         equ	3954	;# 
   366   000F73                     CIOCON          equ	3955	;# 
   367   000F74                     COMSTAT         equ	3956	;# 
   368   000F75                     RXERRCNT        equ	3957	;# 
   369   000F76                     TXERRCNT        equ	3958	;# 
   370   000F77                     ECANCON         equ	3959	;# 
   371   000F80                     PORTA           equ	3968	;# 
   372   000F81                     PORTB           equ	3969	;# 
   373   000F82                     PORTC           equ	3970	;# 
   374   000F83                     PORTD           equ	3971	;# 
   375   000F84                     PORTE           equ	3972	;# 
   376   000F89                     LATA            equ	3977	;# 
   377   000F8A                     LATB            equ	3978	;# 
   378   000F8B                     LATC            equ	3979	;# 
   379   000F8C                     LATD            equ	3980	;# 
   380   000F8D                     LATE            equ	3981	;# 
   381   000F92                     TRISA           equ	3986	;# 
   382   000F92                     DDRA            equ	3986	;# 
   383   000F93                     TRISB           equ	3987	;# 
   384   000F93                     DDRB            equ	3987	;# 
   385   000F94                     TRISC           equ	3988	;# 
   386   000F94                     DDRC            equ	3988	;# 
   387   000F95                     TRISD           equ	3989	;# 
   388   000F95                     DDRD            equ	3989	;# 
   389   000F96                     TRISE           equ	3990	;# 
   390   000F96                     DDRE            equ	3990	;# 
   391   000F9B                     OSCTUNE         equ	3995	;# 
   392   000F9D                     PIE1            equ	3997	;# 
   393   000F9E                     PIR1            equ	3998	;# 
   394   000F9F                     IPR1            equ	3999	;# 
   395   000FA0                     PIE2            equ	4000	;# 
   396   000FA1                     PIR2            equ	4001	;# 
   397   000FA2                     IPR2            equ	4002	;# 
   398   000FA3                     PIE3            equ	4003	;# 
   399   000FA4                     PIR3            equ	4004	;# 
   400   000FA5                     IPR3            equ	4005	;# 
   401   000FA6                     EECON1          equ	4006	;# 
   402   000FA7                     EECON2          equ	4007	;# 
   403   000FA8                     EEDATA          equ	4008	;# 
   404   000FA9                     EEADR           equ	4009	;# 
   405   000FAB                     RCSTA           equ	4011	;# 
   406   000FAB                     RCSTA1          equ	4011	;# 
   407   000FAC                     TXSTA           equ	4012	;# 
   408   000FAC                     TXSTA1          equ	4012	;# 
   409   000FAD                     TXREG           equ	4013	;# 
   410   000FAD                     TXREG1          equ	4013	;# 
   411   000FAE                     RCREG           equ	4014	;# 
   412   000FAE                     RCREG1          equ	4014	;# 
   413   000FAF                     SPBRG           equ	4015	;# 
   414   000FAF                     SPBRG1          equ	4015	;# 
   415   000FB0                     SPBRGH          equ	4016	;# 
   416   000FB1                     T3CON           equ	4017	;# 
   417   000FB2                     TMR3            equ	4018	;# 
   418   000FB2                     TMR3L           equ	4018	;# 
   419   000FB3                     TMR3H           equ	4019	;# 
   420   000FB4                     CMCON           equ	4020	;# 
   421   000FB5                     CVRCON          equ	4021	;# 
   422   000FB6                     ECCP1AS         equ	4022	;# 
   423   000FB7                     ECCP1DEL        equ	4023	;# 
   424   000FB8                     BAUDCON         equ	4024	;# 
   425   000FB8                     BAUDCTL         equ	4024	;# 
   426   000FBA                     ECCP1CON        equ	4026	;# 
   427   000FBB                     ECCPR1          equ	4027	;# 
   428   000FBB                     ECCPR1L         equ	4027	;# 
   429   000FBC                     ECCPR1H         equ	4028	;# 
   430   000FBD                     CCP1CON         equ	4029	;# 
   431   000FBE                     CCPR1           equ	4030	;# 
   432   000FBE                     CCPR1L          equ	4030	;# 
   433   000FBF                     CCPR1H          equ	4031	;# 
   434   000FC0                     ADCON2          equ	4032	;# 
   435   000FC1                     ADCON1          equ	4033	;# 
   436   000FC2                     ADCON0          equ	4034	;# 
   437   000FC3                     ADRES           equ	4035	;# 
   438   000FC3                     ADRESL          equ	4035	;# 
   439   000FC4                     ADRESH          equ	4036	;# 
   440   000FC5                     SSPCON2         equ	4037	;# 
   441   000FC6                     SSPCON1         equ	4038	;# 
   442   000FC7                     SSPSTAT         equ	4039	;# 
   443   000FC8                     SSPADD          equ	4040	;# 
   444   000FC9                     SSPBUF          equ	4041	;# 
   445   000FCA                     T2CON           equ	4042	;# 
   446   000FCB                     PR2             equ	4043	;# 
   447   000FCB                     MEMCON          equ	4043	;# 
   448   000FCC                     TMR2            equ	4044	;# 
   449   000FCD                     T1CON           equ	4045	;# 
   450   000FCE                     TMR1            equ	4046	;# 
   451   000FCE                     TMR1L           equ	4046	;# 
   452   000FCF                     TMR1H           equ	4047	;# 
   453   000FD0                     RCON            equ	4048	;# 
   454   000FD1                     WDTCON          equ	4049	;# 
   455   000FD2                     HLVDCON         equ	4050	;# 
   456   000FD2                     LVDCON          equ	4050	;# 
   457   000FD3                     OSCCON          equ	4051	;# 
   458   000FD5                     T0CON           equ	4053	;# 
   459   000FD6                     TMR0            equ	4054	;# 
   460   000FD6                     TMR0L           equ	4054	;# 
   461   000FD7                     TMR0H           equ	4055	;# 
   462   000FD8                     STATUS          equ	4056	;# 
   463   000FD9                     FSR2            equ	4057	;# 
   464   000FD9                     FSR2L           equ	4057	;# 
   465   000FDA                     FSR2H           equ	4058	;# 
   466   000FDB                     PLUSW2          equ	4059	;# 
   467   000FDC                     PREINC2         equ	4060	;# 
   468   000FDD                     POSTDEC2        equ	4061	;# 
   469   000FDE                     POSTINC2        equ	4062	;# 
   470   000FDF                     INDF2           equ	4063	;# 
   471   000FE0                     BSR             equ	4064	;# 
   472   000FE1                     FSR1            equ	4065	;# 
   473   000FE1                     FSR1L           equ	4065	;# 
   474   000FE2                     FSR1H           equ	4066	;# 
   475   000FE3                     PLUSW1          equ	4067	;# 
   476   000FE4                     PREINC1         equ	4068	;# 
   477   000FE5                     POSTDEC1        equ	4069	;# 
   478   000FE6                     POSTINC1        equ	4070	;# 
   479   000FE7                     INDF1           equ	4071	;# 
   480   000FE8                     WREG            equ	4072	;# 
   481   000FE9                     FSR0            equ	4073	;# 
   482   000FE9                     FSR0L           equ	4073	;# 
   483   000FEA                     FSR0H           equ	4074	;# 
   484   000FEB                     PLUSW0          equ	4075	;# 
   485   000FEC                     PREINC0         equ	4076	;# 
   486   000FED                     POSTDEC0        equ	4077	;# 
   487   000FEE                     POSTINC0        equ	4078	;# 
   488   000FEF                     INDF0           equ	4079	;# 
   489   000FF0                     INTCON3         equ	4080	;# 
   490   000FF1                     INTCON2         equ	4081	;# 
   491   000FF2                     INTCON          equ	4082	;# 
   492   000FF3                     PROD            equ	4083	;# 
   493   000FF3                     PRODL           equ	4083	;# 
   494   000FF4                     PRODH           equ	4084	;# 
   495   000FF5                     TABLAT          equ	4085	;# 
   496   000FF6                     TBLPTR          equ	4086	;# 
   497   000FF6                     TBLPTRL         equ	4086	;# 
   498   000FF7                     TBLPTRH         equ	4087	;# 
   499   000FF8                     TBLPTRU         equ	4088	;# 
   500   000FF9                     PCLAT           equ	4089	;# 
   501   000FF9                     PC              equ	4089	;# 
   502   000FF9                     PCL             equ	4089	;# 
   503   000FFA                     PCLATH          equ	4090	;# 
   504   000FFB                     PCLATU          equ	4091	;# 
   505   000FFC                     STKPTR          equ	4092	;# 
   506   000FFD                     TOS             equ	4093	;# 
   507   000FFD                     TOSL            equ	4093	;# 
   508   000FFE                     TOSH            equ	4094	;# 
   509   000FFF                     TOSU            equ	4095	;# 
   510                           
   511                           	psect	idataCOMRAM
   512   000798                     __pidataCOMRAM:
   513                           	callstack 0
   514                           
   515                           ;initializer for main@F10485
   516   000798  21                 	db	33
   517   000799  CB                 	db	203
   518   00079A  6B                 	db	107
   519   00079B  2D                 	db	45
   520   000F80                     _PORTA          set	3968
   521   000F83                     _PORTD          set	3971
   522   000F81                     _PORTBbits      set	3969
   523   000FF2                     _INTCONbits     set	4082
   524   000F81                     _PORTB          set	3969
   525   000F92                     _TRISA          set	3986
   526   000F95                     _TRISD          set	3989
   527   000F93                     _TRISB          set	3987
   528                           
   529                           ; #config settings
   530                           
   531                           	psect	cinit
   532   00074E                     __pcinit:
   533                           	callstack 0
   534   00074E                     start_initialization:
   535                           	callstack 0
   536   00074E                     __initialization:
   537                           	callstack 0
   538                           
   539                           ; Initialize objects allocated to COMRAM (4 bytes)
   540                           ; load TBLPTR registers with __pidataCOMRAM
   541   00074E  0E98               	movlw	low __pidataCOMRAM
   542   000750  6EF6               	movwf	tblptrl,c
   543   000752  0E07               	movlw	high __pidataCOMRAM
   544   000754  6EF7               	movwf	tblptrh,c
   545   000756  0E00               	movlw	low (__pidataCOMRAM shr (0+16))
   546   000758  6EF8               	movwf	tblptru,c
   547   00075A  EE00  F016         	lfsr	0,__pdataCOMRAM
   548   00075E  EE10 F004          	lfsr	1,4
   549   000762                     copy_data0:
   550   000762  0009               	tblrd		*+
   551   000764  CFF5 FFEE          	movff	tablat,postinc0
   552   000768  50E5               	movf	postdec1,w,c
   553   00076A  50E1               	movf	fsr1l,w,c
   554   00076C  E1FA               	bnz	copy_data0
   555                           
   556                           ; Clear objects allocated to COMRAM (2 bytes)
   557   00076E  6A1B               	clrf	(__pbssCOMRAM+1)& (0+255),c
   558   000770  6A1A               	clrf	__pbssCOMRAM& (0+255),c
   559   000772                     end_of_initialization:
   560                           	callstack 0
   561   000772                     __end_of__initialization:
   562                           	callstack 0
   563   000772  9001               	bcf	int$flags,0,c	;clear compiler interrupt flag (level 1)
   564   000774  9201               	bcf	int$flags,1,c	;clear compiler interrupt flag (level 2)
   565   000776  0100               	movlb	0
   566   000778  EF01  F003         	goto	_main	;jump to C main() function
   567                           
   568                           	psect	bssCOMRAM
   569   00001A                     __pbssCOMRAM:
   570                           	callstack 0
   571   00001A                     _inactivity_time:
   572                           	callstack 0
   573   00001A                     	ds	2
   574                           
   575                           	psect	dataCOMRAM
   576   000016                     __pdataCOMRAM:
   577                           	callstack 0
   578   000016                     main@F10485:
   579                           	callstack 0
   580   000016                     	ds	4
   581                           
   582                           	psect	cstackCOMRAM
   583   000002                     __pcstackCOMRAM:
   584                           	callstack 0
   585   000002                     display@ssd:
   586                           	callstack 0
   587   000002                     
   588                           ; 1 bytes @ 0x0
   589   000002                     	ds	1
   590   000003                     ??_display:
   591                           
   592                           ; 1 bytes @ 0x1
   593   000003                     	ds	2
   594   000005                     display@delay:
   595                           	callstack 0
   596                           
   597                           ; 2 bytes @ 0x3
   598   000005                     	ds	2
   599   000007                     display@digit:
   600                           	callstack 0
   601                           
   602                           ; 2 bytes @ 0x5
   603   000007                     	ds	2
   604   000009                     ??_main:
   605                           
   606                           ; 1 bytes @ 0x7
   607   000009                     	ds	1
   608   00000A                     main@digits:
   609                           	callstack 0
   610                           
   611                           ; 4 bytes @ 0x8
   612   00000A                     	ds	4
   613   00000E                     main@ssd:
   614                           	callstack 0
   615                           
   616                           ; 4 bytes @ 0xC
   617   00000E                     	ds	4
   618   000012                     main@delay:
   619                           	callstack 0
   620                           
   621                           ; 2 bytes @ 0x10
   622   000012                     	ds	2
   623   000014                     main@i:
   624                           	callstack 0
   625                           
   626                           ; 2 bytes @ 0x12
   627   000014                     	ds	2
   628                           
   629 ;;
   630 ;;Main: autosize = 0, tempsize = 1, incstack = 0, save=0
   631 ;;
   632 ;; *************** function _main *****************
   633 ;; Defined at:
   634 ;;		line 29 in file "main.c"
   635 ;; Parameters:    Size  Location     Type
   636 ;;		None
   637 ;; Auto vars:     Size  Location     Type
   638 ;;  i               2   18[COMRAM] int 
   639 ;;  ssd             4   12[COMRAM] unsigned char [4]
   640 ;;  digits          4    8[COMRAM] unsigned char [4]
   641 ;;  delay           2   16[COMRAM] unsigned int 
   642 ;; Return value:  Size  Location     Type
   643 ;;                  1    wreg      void 
   644 ;; Registers used:
   645 ;;		wreg, fsr1l, fsr1h, fsr2l, fsr2h, status,2, status,0, cstack
   646 ;; Tracked objects:
   647 ;;		On entry : 0/0
   648 ;;		On exit  : 0/0
   649 ;;		Unchanged: 0/0
   650 ;; Data sizes:     COMRAM   BANK0   BANK1   BANK2   BANK3   BANK4   BANK5
   651 ;;      Params:         0       0       0       0       0       0       0
   652 ;;      Locals:        12       0       0       0       0       0       0
   653 ;;      Temps:          1       0       0       0       0       0       0
   654 ;;      Totals:        13       0       0       0       0       0       0
   655 ;;Total ram usage:       13 bytes
   656 ;; Hardware stack levels required when called: 2
   657 ;; This function calls:
   658 ;;		_display
   659 ;; This function is called by:
   660 ;;		Startup code after reset
   661 ;; This function uses a non-reentrant model
   662 ;;
   663                           
   664                           	psect	text0
   665   000602                     __ptext0:
   666                           	callstack 0
   667   000602                     _main:
   668                           	callstack 29
   669   000602                     
   670                           ;main.c: 31:     TRISB = 0x01;
   671   000602  0E01               	movlw	1
   672   000604  6E93               	movwf	147,c	;volatile
   673   000606                     
   674                           ;main.c: 32:     TRISD = 0x00;
   675   000606  6A95               	clrf	149,c	;volatile
   676   000608                     
   677                           ;main.c: 33:     TRISA &= 0xF0;
   678   000608  0EF0               	movlw	240
   679   00060A  1692               	andwf	146,f,c	;volatile
   680   00060C                     
   681                           ;main.c: 35:     PORTB = 0x80;
   682   00060C  0E80               	movlw	128
   683   00060E  6E81               	movwf	129,c	;volatile
   684   000610                     
   685                           ;main.c: 38:     char digits[] = {0x21, 0xCB, 0x6B, 0x2D};
   686   000610  C016  F00A         	movff	main@F10485,main@digits
   687   000614  C017  F00B         	movff	main@F10485+1,main@digits+1
   688   000618  C018  F00C         	movff	main@F10485+2,main@digits+2
   689   00061C  C019  F00D         	movff	main@F10485+3,main@digits+3
   690   000620                     
   691                           ;main.c: 39:     char ssd[4];;main.c: 41:     unsigned int delay = 0;
   692   000620  6A13               	clrf	(main@delay+1)^0,c
   693   000622  0E00               	movlw	0
   694   000624  6E12               	movwf	main@delay^0,c
   695   000626                     
   696                           ;main.c: 44:     INTCONbits.GIE = 1;
   697   000626  8EF2               	bsf	242,7,c	;volatile
   698   000628                     
   699                           ;main.c: 45:     INTCONbits.PEIE = 1;
   700   000628  8CF2               	bsf	242,6,c	;volatile
   701   00062A                     
   702                           ;main.c: 46:     INTCONbits.INT0IE = 1;
   703   00062A  88F2               	bsf	242,4,c	;volatile
   704   00062C                     
   705                           ;main.c: 47:     INTCONbits.INT0IF = 0;
   706   00062C  92F2               	bcf	242,1,c	;volatile
   707   00062E                     l951:
   708                           
   709                           ;main.c: 51:         for (int i = 0; i < 4; i++) {
   710   00062E  6A15               	clrf	(main@i+1)^0,c
   711   000630  0E00               	movlw	0
   712   000632  6E14               	movwf	main@i^0,c
   713   000634                     l955:
   714                           
   715                           ;main.c: 52:             ssd[i] = digits[i];
   716   000634  5014               	movf	main@i^0,w,c
   717   000636  0F0A               	addlw	low main@digits
   718   000638  6ED9               	movwf	fsr2l,c
   719   00063A  6ADA               	clrf	fsr2h,c
   720   00063C  5014               	movf	main@i^0,w,c
   721   00063E  0F0E               	addlw	low main@ssd
   722   000640  6EE1               	movwf	fsr1l,c
   723   000642  6AE2               	clrf	fsr1h,c
   724   000644  CFDF FFE7          	movff	indf2,indf1
   725   000648                     
   726                           ;main.c: 53:         }
   727   000648  4A14               	infsnz	main@i^0,f,c
   728   00064A  2A15               	incf	(main@i+1)^0,f,c
   729   00064C  BE15               	btfsc	(main@i+1)^0,7,c
   730   00064E  EF32  F003         	goto	u131
   731   000652  5015               	movf	(main@i+1)^0,w,c
   732   000654  E109               	bnz	u130
   733   000656  0E04               	movlw	4
   734   000658  5C14               	subwf	main@i^0,w,c
   735   00065A  A0D8               	btfss	status,0,c
   736   00065C  EF32  F003         	goto	u131
   737   000660  EF34  F003         	goto	u130
   738   000664                     u131:
   739   000664  EF1A  F003         	goto	l955
   740   000668                     u130:
   741   000668                     
   742                           ;main.c: 56:         display(ssd);
   743   000668  0E0E               	movlw	low main@ssd
   744   00066A  6E02               	movwf	display@ssd^0,c
   745   00066C  EC6A  F003         	call	_display	;wreg free
   746   000670                     
   747                           ;main.c: 59:         if (delay++ == 300) {
   748   000670  4A12               	infsnz	main@delay^0,f,c
   749   000672  2A13               	incf	(main@delay+1)^0,f,c
   750   000674  0E2D               	movlw	45
   751   000676  1812               	xorwf	main@delay^0,w,c
   752   000678  E106               	bnz	u141
   753   00067A  0413               	decf	(main@delay+1)^0,w,c
   754   00067C  A4D8               	btfss	status,2,c
   755   00067E  EF43  F003         	goto	u141
   756   000682  EF45  F003         	goto	u140
   757   000686                     u141:
   758   000686  EF5B  F003         	goto	l971
   759   00068A                     u140:
   760   00068A                     
   761                           ;main.c: 60:             delay = 0;
   762   00068A  6A13               	clrf	(main@delay+1)^0,c
   763   00068C  0E00               	movlw	0
   764   00068E  6E12               	movwf	main@delay^0,c
   765   000690                     
   766                           ;main.c: 63:             PORTBbits.RB7 = !PORTBbits.RB7;
   767   000690  AE81               	btfss	129,7,c	;volatile
   768   000692  EF4D  F003         	goto	u151
   769   000696  EF51  F003         	goto	u150
   770   00069A                     u151:
   771   00069A  6A09               	clrf	??_main^0,c
   772   00069C  2A09               	incf	??_main^0,f,c
   773   00069E  EF52  F003         	goto	u168
   774   0006A2                     u150:
   775   0006A2  6A09               	clrf	??_main^0,c
   776   0006A4                     u168:
   777   0006A4  3209               	rrcf	??_main^0,f,c
   778   0006A6  3209               	rrcf	??_main^0,f,c
   779   0006A8  5081               	movf	129,w,c	;volatile
   780   0006AA  1809               	xorwf	??_main^0,w,c
   781   0006AC  0B7F               	andlw	-129
   782   0006AE  1809               	xorwf	??_main^0,w,c
   783   0006B0  6E81               	movwf	129,c	;volatile
   784   0006B2                     
   785                           ;main.c: 66:             inactivity_time++;
   786   0006B2  4A1A               	infsnz	_inactivity_time^0,f,c
   787   0006B4  2A1B               	incf	(_inactivity_time+1)^0,f,c
   788   0006B6                     l971:
   789                           
   790                           ;main.c: 70:         if (inactivity_time == 5) {
   791   0006B6  0E05               	movlw	5
   792   0006B8  181A               	xorwf	_inactivity_time^0,w,c
   793   0006BA  101B               	iorwf	(_inactivity_time+1)^0,w,c
   794   0006BC  A4D8               	btfss	status,2,c
   795   0006BE  EF63  F003         	goto	u171
   796   0006C2  EF65  F003         	goto	u170
   797   0006C6                     u171:
   798   0006C6  EF17  F003         	goto	l951
   799   0006CA                     u170:
   800   0006CA  0003               	sleep		;# 
   801   0006CC  EF17  F003         	goto	l951
   802   0006D0  EF07  F000         	goto	start
   803   0006D4                     __end_of_main:
   804                           	callstack 0
   805                           
   806 ;; *************** function _display *****************
   807 ;; Defined at:
   808 ;;		line 77 in file "main.c"
   809 ;; Parameters:    Size  Location     Type
   810 ;;  ssd             1    0[COMRAM] PTR unsigned char 
   811 ;;		 -> main@ssd(4), 
   812 ;; Auto vars:     Size  Location     Type
   813 ;;  delay           2    3[COMRAM] int 
   814 ;;  digit           2    5[COMRAM] int 
   815 ;; Return value:  Size  Location     Type
   816 ;;                  1    wreg      void 
   817 ;; Registers used:
   818 ;;		wreg, fsr2l, fsr2h, status,2, status,0
   819 ;; Tracked objects:
   820 ;;		On entry : 0/0
   821 ;;		On exit  : 0/0
   822 ;;		Unchanged: 0/0
   823 ;; Data sizes:     COMRAM   BANK0   BANK1   BANK2   BANK3   BANK4   BANK5
   824 ;;      Params:         1       0       0       0       0       0       0
   825 ;;      Locals:         4       0       0       0       0       0       0
   826 ;;      Temps:          2       0       0       0       0       0       0
   827 ;;      Totals:         7       0       0       0       0       0       0
   828 ;;Total ram usage:        7 bytes
   829 ;; Hardware stack levels used: 1
   830 ;; Hardware stack levels required when called: 1
   831 ;; This function calls:
   832 ;;		Nothing
   833 ;; This function is called by:
   834 ;;		_main
   835 ;; This function uses a non-reentrant model
   836 ;;
   837                           
   838                           	psect	text1
   839   0006D4                     __ptext1:
   840                           	callstack 0
   841   0006D4                     _display:
   842                           	callstack 29
   843   0006D4                     
   844                           ;main.c: 78:     for (int digit = 0; digit < 4; digit++) {
   845   0006D4  6A08               	clrf	(display@digit+1)^0,c
   846   0006D6  0E00               	movlw	0
   847   0006D8  6E07               	movwf	display@digit^0,c
   848   0006DA                     l913:
   849                           
   850                           ;main.c: 79:         PORTD = ssd[digit];
   851   0006DA  5002               	movf	display@ssd^0,w,c
   852   0006DC  2407               	addwf	display@digit^0,w,c
   853   0006DE  6ED9               	movwf	fsr2l,c
   854   0006E0  6ADA               	clrf	fsr2h,c
   855   0006E2  50DF               	movf	indf2,w,c
   856   0006E4  6E83               	movwf	131,c	;volatile
   857   0006E6                     
   858                           ;main.c: 80:         PORTA = (PORTA & 0xF0) | (1 << digit);
   859   0006E6  C007  F003         	movff	display@digit,??_display
   860   0006EA  0E01               	movlw	1
   861   0006EC  6E04               	movwf	(??_display+1)^0,c
   862   0006EE  2A03               	incf	??_display^0,f,c
   863   0006F0  EF7C  F003         	goto	u104
   864   0006F4                     u105:
   865   0006F4  90D8               	bcf	status,0,c
   866   0006F6  3604               	rlcf	(??_display+1)^0,f,c
   867   0006F8                     u104:
   868   0006F8  2E03               	decfsz	??_display^0,f,c
   869   0006FA  EF7A  F003         	goto	u105
   870   0006FE  5080               	movf	128,w,c	;volatile
   871   000700  0BF0               	andlw	240
   872   000702  1004               	iorwf	(??_display+1)^0,w,c
   873   000704  6E80               	movwf	128,c	;volatile
   874   000706                     
   875                           ;main.c: 82:         for (int delay = 0; delay < 1000; delay++);
   876   000706  6A06               	clrf	(display@delay+1)^0,c
   877   000708  0E00               	movlw	0
   878   00070A  6E05               	movwf	display@delay^0,c
   879   00070C                     l923:
   880   00070C  4A05               	infsnz	display@delay^0,f,c
   881   00070E  2A06               	incf	(display@delay+1)^0,f,c
   882   000710  BE06               	btfsc	(display@delay+1)^0,7,c
   883   000712  EF94  F003         	goto	u111
   884   000716  0EE8               	movlw	232
   885   000718  5C05               	subwf	display@delay^0,w,c
   886   00071A  0E03               	movlw	3
   887   00071C  5806               	subwfb	(display@delay+1)^0,w,c
   888   00071E  A0D8               	btfss	status,0,c
   889   000720  EF94  F003         	goto	u111
   890   000724  EF96  F003         	goto	u110
   891   000728                     u111:
   892   000728  EF86  F003         	goto	l923
   893   00072C                     u110:
   894   00072C                     
   895                           ;main.c: 83:     }
   896   00072C  4A07               	infsnz	display@digit^0,f,c
   897   00072E  2A08               	incf	(display@digit+1)^0,f,c
   898   000730  BE08               	btfsc	(display@digit+1)^0,7,c
   899   000732  EFA4  F003         	goto	u121
   900   000736  5008               	movf	(display@digit+1)^0,w,c
   901   000738  E109               	bnz	u120
   902   00073A  0E04               	movlw	4
   903   00073C  5C07               	subwf	display@digit^0,w,c
   904   00073E  A0D8               	btfss	status,0,c
   905   000740  EFA4  F003         	goto	u121
   906   000744  EFA6  F003         	goto	u120
   907   000748                     u121:
   908   000748  EF6D  F003         	goto	l913
   909   00074C                     u120:
   910   00074C  0012               	return		;funcret
   911   00074E                     __end_of_display:
   912                           	callstack 0
   913                           
   914 ;; *************** function __ISR *****************
   915 ;; Defined at:
   916 ;;		line 87 in file "main.c"
   917 ;; Parameters:    Size  Location     Type
   918 ;;		None
   919 ;; Auto vars:     Size  Location     Type
   920 ;;		None
   921 ;; Return value:  Size  Location     Type
   922 ;;                  1    wreg      void 
   923 ;; Registers used:
   924 ;;		wreg, status,2
   925 ;; Tracked objects:
   926 ;;		On entry : 0/0
   927 ;;		On exit  : 0/0
   928 ;;		Unchanged: 0/0
   929 ;; Data sizes:     COMRAM   BANK0   BANK1   BANK2   BANK3   BANK4   BANK5
   930 ;;      Params:         0       0       0       0       0       0       0
   931 ;;      Locals:         0       0       0       0       0       0       0
   932 ;;      Temps:          0       0       0       0       0       0       0
   933 ;;      Totals:         0       0       0       0       0       0       0
   934 ;;Total ram usage:        0 bytes
   935 ;; Hardware stack levels used: 1
   936 ;; This function calls:
   937 ;;		Nothing
   938 ;; This function is called by:
   939 ;;		Interrupt level 2
   940 ;; This function uses a non-reentrant model
   941 ;;
   942                           
   943                           	psect	intcode
   944   000008                     __pintcode:
   945                           	callstack 0
   946   000008                     __ISR:
   947                           	callstack 29
   948                           
   949                           ;incstack = 0
   950   000008  8201               	bsf	int$flags,1,c	;set compiler interrupt flag (level 2)
   951   00000A  EDBE  F003         	call	int_func,f	;refresh shadow registers
   952                           
   953                           	psect	intcode_body
   954   00077C                     __pintcode_body:
   955                           	callstack 29
   956   00077C                     int_func:
   957                           	callstack 29
   958   00077C  0006               	pop		; remove dummy address from shadow register refresh
   959   00077E                     
   960                           ;main.c: 89:     if (INTCONbits.INT0IF) {
   961   00077E  A2F2               	btfss	242,1,c	;volatile
   962   000780  EFC4  F003         	goto	i2u9_41
   963   000784  EFC6  F003         	goto	i2u9_40
   964   000788                     i2u9_41:
   965   000788  EFCA  F003         	goto	i2l47
   966   00078C                     i2u9_40:
   967   00078C                     
   968                           ;main.c: 90:         INTCONbits.INT0IF = 0;
   969   00078C  92F2               	bcf	242,1,c	;volatile
   970   00078E                     
   971                           ;main.c: 93:         inactivity_time = 0;
   972   00078E  6A1B               	clrf	(_inactivity_time+1)^0,c
   973   000790  0E00               	movlw	0
   974   000792  6E1A               	movwf	_inactivity_time^0,c
   975   000794                     i2l47:
   976   000794  9201               	bcf	int$flags,1,c	;clear compiler interrupt flag (level 2)
   977   000796  0011               	retfie		f
   978   000798                     __end_of__ISR:
   979                           	callstack 0
   980                           
   981                           	psect	smallconst
   982   000600                     __psmallconst:
   983                           	callstack 0
   984   000600  00                 	db	0
   985   000601  00                 	db	0	; dummy byte at the end
   986   000600                     __smallconst    set	__psmallconst
   987   000600                     __mediumconst   set	__psmallconst
   988   000000                     __activetblptr  equ	0
   989                           
   990                           	psect	rparam
   991   000001                     ___rparam_used  equ	1
   992   000000                     ___param_bank   equ	0
   993   000000                     __Lparam        equ	__Lrparam
   994   000000                     __Hparam        equ	__Hrparam
   995   000001                     btemp           set	1	;btemp
   996   000001                     int$flags       set	1
   997   000001                     btemp0          set	1
   998   000002                     btemp1          set	2
   999                           
  1000                           	psect	idloc
  1001                           
  1002                           ;Config register IDLOC0 @ 0x200000
  1003                           ;	unspecified, using default values
  1004   200000                     	org	2097152
  1005   200000  FF                 	db	255
  1006                           
  1007                           ;Config register IDLOC1 @ 0x200001
  1008                           ;	unspecified, using default values
  1009   200001                     	org	2097153
  1010   200001  FF                 	db	255
  1011                           
  1012                           ;Config register IDLOC2 @ 0x200002
  1013                           ;	unspecified, using default values
  1014   200002                     	org	2097154
  1015   200002  FF                 	db	255
  1016                           
  1017                           ;Config register IDLOC3 @ 0x200003
  1018                           ;	unspecified, using default values
  1019   200003                     	org	2097155
  1020   200003  FF                 	db	255
  1021                           
  1022                           ;Config register IDLOC4 @ 0x200004
  1023                           ;	unspecified, using default values
  1024   200004                     	org	2097156
  1025   200004  FF                 	db	255
  1026                           
  1027                           ;Config register IDLOC5 @ 0x200005
  1028                           ;	unspecified, using default values
  1029   200005                     	org	2097157
  1030   200005  FF                 	db	255
  1031                           
  1032                           ;Config register IDLOC6 @ 0x200006
  1033                           ;	unspecified, using default values
  1034   200006                     	org	2097158
  1035   200006  FF                 	db	255
  1036                           
  1037                           ;Config register IDLOC7 @ 0x200007
  1038                           ;	unspecified, using default values
  1039   200007                     	org	2097159
  1040   200007  FF                 	db	255
  1041                           
  1042                           	psect	config
  1043                           
  1044                           ; Padding undefined space
  1045   300000                     	org	3145728
  1046   300000  FF                 	db	255
  1047                           
  1048                           ;Config register CONFIG1H @ 0x300001
  1049                           ;	unspecified, using default values
  1050                           ;	Oscillator Selection bits
  1051                           ;	OSC = 0x7, unprogrammed default
  1052                           ;	Fail-Safe Clock Monitor Enable bit
  1053                           ;	FCMEN = 0x0, unprogrammed default
  1054                           ;	Internal/External Oscillator Switchover bit
  1055                           ;	IESO = 0x0, unprogrammed default
  1056   300001                     	org	3145729
  1057   300001  07                 	db	7
  1058                           
  1059                           ;Config register CONFIG2L @ 0x300002
  1060                           ;	unspecified, using default values
  1061                           ;	Power-up Timer Enable bit
  1062                           ;	PWRT = 0x1, unprogrammed default
  1063                           ;	Brown-out Reset Enable bits
  1064                           ;	BOREN = 0x3, unprogrammed default
  1065                           ;	Brown-out Reset Voltage bits
  1066                           ;	BORV = 0x3, unprogrammed default
  1067   300002                     	org	3145730
  1068   300002  1F                 	db	31
  1069                           
  1070                           ;Config register CONFIG2H @ 0x300003
  1071                           ;	unspecified, using default values
  1072                           ;	Watchdog Timer Enable bit
  1073                           ;	WDT = 0x1, unprogrammed default
  1074                           ;	Watchdog Timer Postscale Select bits
  1075                           ;	WDTPS = 0xF, unprogrammed default
  1076   300003                     	org	3145731
  1077   300003  1F                 	db	31
  1078                           
  1079                           ; Padding undefined space
  1080   300004                     	org	3145732
  1081   300004  FF                 	db	255
  1082                           
  1083                           ;Config register CONFIG3H @ 0x300005
  1084                           ;	unspecified, using default values
  1085                           ;	PORTB A/D Enable bit
  1086                           ;	PBADEN = 0x1, unprogrammed default
  1087                           ;	Low-Power Timer 1 Oscillator Enable bit
  1088                           ;	LPT1OSC = 0x0, unprogrammed default
  1089                           ;	MCLR Pin Enable bit
  1090                           ;	MCLRE = 0x1, unprogrammed default
  1091   300005                     	org	3145733
  1092   300005  82                 	db	130
  1093                           
  1094                           ;Config register CONFIG4L @ 0x300006
  1095                           ;	unspecified, using default values
  1096                           ;	Stack Full/Underflow Reset Enable bit
  1097                           ;	STVREN = 0x1, unprogrammed default
  1098                           ;	Single-Supply ICSP Enable bit
  1099                           ;	LVP = 0x1, unprogrammed default
  1100                           ;	Boot Block Size Select bit
  1101                           ;	BBSIZ = 0x0, unprogrammed default
  1102                           ;	Extended Instruction Set Enable bit
  1103                           ;	XINST = 0x0, unprogrammed default
  1104                           ;	Background Debugger Enable bit
  1105                           ;	DEBUG = 0x1, unprogrammed default
  1106   300006                     	org	3145734
  1107   300006  85                 	db	133
  1108                           
  1109                           ; Padding undefined space
  1110   300007                     	org	3145735
  1111   300007  FF                 	db	255
  1112                           
  1113                           ;Config register CONFIG5L @ 0x300008
  1114                           ;	unspecified, using default values
  1115                           ;	Code Protection bit
  1116                           ;	CP0 = 0x1, unprogrammed default
  1117                           ;	Code Protection bit
  1118                           ;	CP1 = 0x1, unprogrammed default
  1119                           ;	Code Protection bit
  1120                           ;	CP2 = 0x1, unprogrammed default
  1121                           ;	Code Protection bit
  1122                           ;	CP3 = 0x1, unprogrammed default
  1123   300008                     	org	3145736
  1124   300008  0F                 	db	15
  1125                           
  1126                           ;Config register CONFIG5H @ 0x300009
  1127                           ;	unspecified, using default values
  1128                           ;	Boot Block Code Protection bit
  1129                           ;	CPB = 0x1, unprogrammed default
  1130                           ;	Data EEPROM Code Protection bit
  1131                           ;	CPD = 0x1, unprogrammed default
  1132   300009                     	org	3145737
  1133   300009  C0                 	db	192
  1134                           
  1135                           ;Config register CONFIG6L @ 0x30000A
  1136                           ;	unspecified, using default values
  1137                           ;	Write Protection bit
  1138                           ;	WRT0 = 0x1, unprogrammed default
  1139                           ;	Write Protection bit
  1140                           ;	WRT1 = 0x1, unprogrammed default
  1141                           ;	Write Protection bit
  1142                           ;	WRT2 = 0x1, unprogrammed default
  1143                           ;	Write Protection bit
  1144                           ;	WRT3 = 0x1, unprogrammed default
  1145   30000A                     	org	3145738
  1146   30000A  0F                 	db	15
  1147                           
  1148                           ;Config register CONFIG6H @ 0x30000B
  1149                           ;	unspecified, using default values
  1150                           ;	Configuration Register Write Protection bit
  1151                           ;	WRTC = 0x1, unprogrammed default
  1152                           ;	Boot Block Write Protection bit
  1153                           ;	WRTB = 0x1, unprogrammed default
  1154                           ;	Data EEPROM Write Protection bit
  1155                           ;	WRTD = 0x1, unprogrammed default
  1156   30000B                     	org	3145739
  1157   30000B  E0                 	db	224
  1158                           
  1159                           ;Config register CONFIG7L @ 0x30000C
  1160                           ;	unspecified, using default values
  1161                           ;	Table Read Protection bit
  1162                           ;	EBTR0 = 0x1, unprogrammed default
  1163                           ;	Table Read Protection bit
  1164                           ;	EBTR1 = 0x1, unprogrammed default
  1165                           ;	Table Read Protection bit
  1166                           ;	EBTR2 = 0x1, unprogrammed default
  1167                           ;	Table Read Protection bit
  1168                           ;	EBTR3 = 0x1, unprogrammed default
  1169   30000C                     	org	3145740
  1170   30000C  0F                 	db	15
  1171                           
  1172                           ;Config register CONFIG7H @ 0x30000D
  1173                           ;	unspecified, using default values
  1174                           ;	Boot Block Table Read Protection bit
  1175                           ;	EBTRB = 0x1, unprogrammed default
  1176   30000D                     	org	3145741
  1177   30000D  40                 	db	64
  1178                           tosu	equ	0xFFF
  1179                           tosh	equ	0xFFE
  1180                           tosl	equ	0xFFD
  1181                           stkptr	equ	0xFFC
  1182                           pclatu	equ	0xFFB
  1183                           pclath	equ	0xFFA
  1184                           pcl	equ	0xFF9
  1185                           tblptru	equ	0xFF8
  1186                           tblptrh	equ	0xFF7
  1187                           tblptrl	equ	0xFF6
  1188                           tablat	equ	0xFF5
  1189                           prodh	equ	0xFF4
  1190                           prodl	equ	0xFF3
  1191                           indf0	equ	0xFEF
  1192                           postinc0	equ	0xFEE
  1193                           postdec0	equ	0xFED
  1194                           preinc0	equ	0xFEC
  1195                           plusw0	equ	0xFEB
  1196                           fsr0h	equ	0xFEA
  1197                           fsr0l	equ	0xFE9
  1198                           wreg	equ	0xFE8
  1199                           indf1	equ	0xFE7
  1200                           postinc1	equ	0xFE6
  1201                           postdec1	equ	0xFE5
  1202                           preinc1	equ	0xFE4
  1203                           plusw1	equ	0xFE3
  1204                           fsr1h	equ	0xFE2
  1205                           fsr1l	equ	0xFE1
  1206                           bsr	equ	0xFE0
  1207                           indf2	equ	0xFDF
  1208                           postinc2	equ	0xFDE
  1209                           postdec2	equ	0xFDD
  1210                           preinc2	equ	0xFDC
  1211                           plusw2	equ	0xFDB
  1212                           fsr2h	equ	0xFDA
  1213                           fsr2l	equ	0xFD9
  1214                           status	equ	0xFD8

Data Sizes:
    Strings     0
    Constant    0
    Data        4
    BSS         2
    Persistent  0
    Stack       0

Auto Spaces:
    Space          Size  Autos    Used
    COMRAM           94     20      26
    BANK0           160      0       0
    BANK1           256      0       0
    BANK2           256      0       0
    BANK3           256      0       0
    BANK4           256      0       0
    BANK5           256      0       0

Pointer List with Targets:

    display@ssd	PTR unsigned char  size(1) Largest target is 4
		 -> main@ssd(COMRAM[4]), 


Critical Paths under _main in COMRAM

    _main->_display

Critical Paths under __ISR in COMRAM

    None.

Critical Paths under _main in BANK0

    None.

Critical Paths under __ISR in BANK0

    None.

Critical Paths under _main in BANK1

    None.

Critical Paths under __ISR in BANK1

    None.

Critical Paths under _main in BANK2

    None.

Critical Paths under __ISR in BANK2

    None.

Critical Paths under _main in BANK3

    None.

Critical Paths under __ISR in BANK3

    None.

Critical Paths under _main in BANK4

    None.

Critical Paths under __ISR in BANK4

    None.

Critical Paths under _main in BANK5

    None.

Critical Paths under __ISR in BANK5

    None.

Call Graph Tables:

 ---------------------------------------------------------------------------------
 (Depth) Function   	        Calls       Base Space   Used Autos Params    Refs
 ---------------------------------------------------------------------------------
 (0) _main                                                13    13      0     344
                                              7 COMRAM    13    13      0
                            _display
 ---------------------------------------------------------------------------------
 (1) _display                                              7     6      1     159
                                              0 COMRAM     7     6      1
 ---------------------------------------------------------------------------------
 Estimated maximum stack depth 1
 ---------------------------------------------------------------------------------
 (Depth) Function   	        Calls       Base Space   Used Autos Params    Refs
 ---------------------------------------------------------------------------------
 (2) __ISR                                                 0     0      0       0
 ---------------------------------------------------------------------------------
 Estimated maximum stack depth 2
 ---------------------------------------------------------------------------------

 Call Graph Graphs:

 _main (ROOT)
   _display

 __ISR (ROOT)

Address spaces:
Name               Size   Autos  Total    Usage
BIGRAM            1535      0       0      0.0%
BITBIGSFRl         640      0       0      0.0%
BITBANK5           256      0       0      0.0%
BANK5              256      0       0      0.0%
BITBANK4           256      0       0      0.0%
BANK4              256      0       0      0.0%
BITBANK3           256      0       0      0.0%
BANK3              256      0       0      0.0%
BITBANK2           256      0       0      0.0%
BANK2              256      0       0      0.0%
BITBANK1           256      0       0      0.0%
BANK1              256      0       0      0.0%
BITBANK0           160      0       0      0.0%
BANK0              160      0       0      0.0%
BITBIGSFRh         126      0       0      0.0%
BITCOMRAM           94      0       0      0.0%
COMRAM              94     20      26     27.7%
STACK                0      0       0      0.0%
DATA                 0      0      26      0.0%


Microchip Technology PIC18 Macro Assembler V3.10 build 20250813170317 
Symbol Table                                                                                   Thu Mar 12 10:53:47 2026

                     l41 074C                      l913 06DA                      l923 070C  
                    l915 06E6                      l907 06D4                      l931 0602  
                    l925 0710                      l917 0706                      l941 0620  
                    l933 0606                      l927 072C                      l951 062E  
                    l943 0626                      l935 0608                      l929 0730  
                    l961 0668                      l945 0628                      l937 060C  
                    l971 06B6                      l963 0670                      l955 0634  
                    l947 062A                      l939 0610                      l973 06CA  
                    l965 068A                      l957 0648                      l949 062C  
                    l967 0690                      l959 064C                      l969 06B2  
                    u110 072C                      u111 0728                      u120 074C  
                    u104 06F8                      u121 0748                      u105 06F4  
                    u130 0668                      u131 0664                      u140 068A  
                    u141 0686                      u150 06A2                      u151 069A  
                    u170 06CA                      u171 06C6                      u168 06A4  
                   i2l47 0794                     __ISR 0008                     _main 0602  
                   fsr1h 0FE2                     fsr2h 0FDA                     indf1 0FE7  
                   indf2 0FDF                     fsr1l 0FE1                     fsr2l 0FD9  
                   btemp 0001                     start 000E             ___param_bank 0000  
                  ?__ISR 0002                    ?_main 0002                    i2l901 077E  
                  i2l903 078C                    i2l905 078E                    _PORTA 0F80  
                  _PORTB 0F81                    _PORTD 0F83                    _TRISA 0F92  
                  _TRISB 0F93                    _TRISD 0F95             display@delay 0005  
           display@digit 0007          __end_of_display 074E                    btemp0 0001  
                  btemp1 0002                    main@i 0014                    tablat 0FF5  
                  status 0FD8             __end_of__ISR 0798          __initialization 074E  
           __end_of_main 06D4                   ??__ISR 0002                   ??_main 0009  
          __activetblptr 0000                   i2u9_40 078C                   i2u9_41 0788  
                 isa$std 0001                ??_display 0003             __pdataCOMRAM 0016  
           __mediumconst 0600                   tblptrh 0FF7                   tblptrl 0FF6  
                 tblptru 0FF8               __accesstop 0060  __end_of__initialization 0772  
          ___rparam_used 0001           __pcstackCOMRAM 0002                  __Hparam 0000  
                __Lparam 0000             __psmallconst 0600                  __pcinit 074E  
                __ramtop 0600                  __ptext0 0602                  __ptext1 06D4  
                _display 06D4                  main@ssd 000E           __pintcode_body 077C  
   end_of_initialization 0772                  int_func 077C                  postdec1 0FE5  
                postinc0 0FEE               main@F10485 0016                _PORTBbits 0F81  
             main@digits 000A               display@ssd 0002          _inactivity_time 001A  
          __pidataCOMRAM 0798      start_initialization 074E              __pbssCOMRAM 001A  
              __pintcode 0008                 ?_display 0002              __smallconst 0600  
              main@delay 0012                copy_data0 0762                 __Hrparam 0000  
               __Lrparam 0000                 isa$xinst 0000                 int$flags 0001  
             _INTCONbits 0FF2                 intlevel2 0000  
