

Microchip MPLAB XC8 Assembler V3.10 build 20250813170317 
                                                                                               Mon Mar  2 17:23:46 2026

Microchip MPLAB XC8 C Compiler v3.10 (Free license) build 20250813170317 Og1 
     1                           	processor	18F4580
     2                           	fnconf	rparam,??,?,0
     3                           	pagewidth 120
     4                           	opt	flic
     5                           	psect	idataCOMRAM,global,class=CODE,space=0,delta=1,noexec
     6                           	psect	nvCOMRAM,global,class=COMRAM,space=1,delta=1,lowdata,noexec
     7                           	psect	cinit,global,reloc=2,class=CODE,space=0,delta=1
     8                           	psect	bssCOMRAM,global,class=COMRAM,space=1,delta=1,lowdata,noexec
     9                           	psect	dataCOMRAM,global,class=COMRAM,space=1,delta=1,lowdata,noexec
    10                           	psect	cstackCOMRAM,global,class=COMRAM,space=1,delta=1,lowdata,noexec
    11                           	psect	text0,global,reloc=2,class=CODE,space=0,delta=1
    12                           	psect	text1,global,reloc=2,class=CODE,space=0,delta=1
    13                           	psect	text2,global,reloc=2,class=CODE,space=0,delta=1
    14                           	psect	text3,global,reloc=2,class=CODE,space=0,delta=1
    15                           	psect	smallconst,global,reloc=2,class=SMALLCONST,space=0,delta=1,noexec
    16                           	psect	intsave_regs,global,class=BIGRAM,space=1,delta=1,noexec
    17                           	psect	rparam,global,class=COMRAM,space=1,delta=1,noexec
    18                           	psect	idloc,global,abs,ovrld,class=IDLOC,space=5,delta=1,noexec
    19                           	psect	config,global,abs,ovrld,class=CONFIG,space=4,delta=1,noexec
    20   000000                     
    21                           ; Version 2.40
    22                           ; Generated 17/11/2021 GMT
    23                           ; 
    24                           ; Copyright © 2021, Microchip Technology Inc. and its subsidiaries ("Microchip")
    25                           ; All rights reserved.
    26                           ; 
    27                           ; This software is developed by Microchip Technology Inc. and its subsidiaries ("Microch
      +                          ip").
    28                           ; 
    29                           ; Redistribution and use in source and binary forms, with or without modification, are
    30                           ; permitted provided that the following conditions are met:
    31                           ; 
    32                           ;     1. Redistributions of source code must retain the above copyright notice, this lis
      +                          t of
    33                           ;        conditions and the following disclaimer.
    34                           ; 
    35                           ;     2. Redistributions in binary form must reproduce the above copyright notice, this 
      +                          list
    36                           ;        of conditions and the following disclaimer in the documentation and/or other
    37                           ;        materials provided with the distribution. Publication is not required when
    38                           ;        this file is used in an embedded application.
    39                           ; 
    40                           ;     3. Microchip's name may not be used to endorse or promote products derived from th
      +                          is
    41                           ;        software without specific prior written permission.
    42                           ; 
    43                           ; THIS SOFTWARE IS PROVIDED BY MICROCHIP "AS IS" AND ANY EXPRESS OR IMPLIED WARRANTIES,
    44                           ; INCLUDING, BUT NOT LIMITED TO, THE IMPLIED WARRANTIES OF MERCHANTABILITY AND FITNESS F
      +                          OR
    45                           ; PURPOSE ARE DISCLAIMED.  IN NO EVENT SHALL MICROCHIP BE LIABLE FOR ANY DIRECT, INDIREC
      +                          T,
    46                           ; INCIDENTAL, SPECIAL, EXEMPLARY, OR CONSEQUENTIAL DAMAGES (INCLUDING BUT NOT LIMITED TO
    47                           ; PROCUREMENT OF SUBSTITUTE GOODS OR SERVICES; LOSS OF USE, DATA OR PROFITS; OR BUSINESS
    48                           ; INTERRUPTION) HOWSOEVER CAUSED AND ON ANY THEORY OF LIABILITY, WHETHER IN CONTRACT, ST
      +                          RICT
    49                           ; LIABILITY, OR TORT (INCLUDING NEGLIGENCE OR OTHERWISE) ARISING IN ANY WAY OUT OF THE U
      +                          SE OF
    50                           ; THIS SOFTWARE, EVEN IF ADVISED OF THE POSSIBILITY OF SUCH DAMAGE.
    51                           ; 
    52                           ; 
    53                           ; Code-generator required, PIC18F4580 Definitions
    54                           ; 
    55                           ; SFR Addresses
    56   000FE0                     bsr             equ	4064
    57   000FE9                     fsr0            equ	4073
    58   000FEA                     fsr0h           equ	4074
    59   000FE9                     fsr0l           equ	4073
    60   000FE1                     fsr1            equ	4065
    61   000FE2                     fsr1h           equ	4066
    62   000FE1                     fsr1l           equ	4065
    63   000FD9                     fsr2            equ	4057
    64   000FDA                     fsr2h           equ	4058
    65   000FD9                     fsr2l           equ	4057
    66   000FEF                     indf0           equ	4079
    67   000FE7                     indf1           equ	4071
    68   000FDF                     indf2           equ	4063
    69   000FF2                     intcon          equ	4082
    70   000000                     nvmcon          equ	0
    71   000FF9                     pcl             equ	4089
    72   000FFA                     pclath          equ	4090
    73   000FFB                     pclatu          equ	4091
    74   000FEB                     plusw0          equ	4075
    75   000FE3                     plusw1          equ	4067
    76   000FDB                     plusw2          equ	4059
    77   000FED                     postdec0        equ	4077
    78   000FE5                     postdec1        equ	4069
    79   000FDD                     postdec2        equ	4061
    80   000FEE                     postinc0        equ	4078
    81   000FE6                     postinc1        equ	4070
    82   000FDE                     postinc2        equ	4062
    83   000FEC                     preinc0         equ	4076
    84   000FE4                     preinc1         equ	4068
    85   000FDC                     preinc2         equ	4060
    86   000FF3                     prod            equ	4083
    87   000FF4                     prodh           equ	4084
    88   000FF3                     prodl           equ	4083
    89   000FD8                     status          equ	4056
    90   000FF5                     tablat          equ	4085
    91   000FF6                     tblptr          equ	4086
    92   000FF7                     tblptrh         equ	4087
    93   000FF6                     tblptrl         equ	4086
    94   000FF8                     tblptru         equ	4088
    95   000FFD                     tosl            equ	4093
    96   000FE8                     wreg            equ	4072
    97   000D60                     RXF6SIDH        equ	3424	;# 
    98   000D61                     RXF6SIDL        equ	3425	;# 
    99   000D62                     RXF6EIDH        equ	3426	;# 
   100   000D63                     RXF6EIDL        equ	3427	;# 
   101   000D64                     RXF7SIDH        equ	3428	;# 
   102   000D65                     RXF7SIDL        equ	3429	;# 
   103   000D66                     RXF7EIDH        equ	3430	;# 
   104   000D67                     RXF7EIDL        equ	3431	;# 
   105   000D68                     RXF8SIDH        equ	3432	;# 
   106   000D69                     RXF8SIDL        equ	3433	;# 
   107   000D6A                     RXF8EIDH        equ	3434	;# 
   108   000D6B                     RXF8EIDL        equ	3435	;# 
   109   000D70                     RXF9SIDH        equ	3440	;# 
   110   000D71                     RXF9SIDL        equ	3441	;# 
   111   000D72                     RXF9EIDH        equ	3442	;# 
   112   000D73                     RXF9EIDL        equ	3443	;# 
   113   000D74                     RXF10SIDH       equ	3444	;# 
   114   000D75                     RXF10SIDL       equ	3445	;# 
   115   000D76                     RXF10EIDH       equ	3446	;# 
   116   000D77                     RXF10EIDL       equ	3447	;# 
   117   000D78                     RXF11SIDH       equ	3448	;# 
   118   000D79                     RXF11SIDL       equ	3449	;# 
   119   000D7A                     RXF11EIDH       equ	3450	;# 
   120   000D7B                     RXF11EIDL       equ	3451	;# 
   121   000D80                     RXF12SIDH       equ	3456	;# 
   122   000D81                     RXF12SIDL       equ	3457	;# 
   123   000D82                     RXF12EIDH       equ	3458	;# 
   124   000D83                     RXF12EIDL       equ	3459	;# 
   125   000D84                     RXF13SIDH       equ	3460	;# 
   126   000D85                     RXF13SIDL       equ	3461	;# 
   127   000D86                     RXF13EIDH       equ	3462	;# 
   128   000D87                     RXF13EIDL       equ	3463	;# 
   129   000D88                     RXF14SIDH       equ	3464	;# 
   130   000D89                     RXF14SIDL       equ	3465	;# 
   131   000D8A                     RXF14EIDH       equ	3466	;# 
   132   000D8B                     RXF14EIDL       equ	3467	;# 
   133   000D90                     RXF15SIDH       equ	3472	;# 
   134   000D91                     RXF15SIDL       equ	3473	;# 
   135   000D92                     RXF15EIDH       equ	3474	;# 
   136   000D93                     RXF15EIDL       equ	3475	;# 
   137   000DD4                     RXFCON0         equ	3540	;# 
   138   000DD5                     RXFCON1         equ	3541	;# 
   139   000DD8                     SDFLC           equ	3544	;# 
   140   000DE0                     RXFBCON0        equ	3552	;# 
   141   000DE1                     RXFBCON1        equ	3553	;# 
   142   000DE2                     RXFBCON2        equ	3554	;# 
   143   000DE3                     RXFBCON3        equ	3555	;# 
   144   000DE4                     RXFBCON4        equ	3556	;# 
   145   000DE5                     RXFBCON5        equ	3557	;# 
   146   000DE6                     RXFBCON6        equ	3558	;# 
   147   000DE7                     RXFBCON7        equ	3559	;# 
   148   000DF0                     MSEL0           equ	3568	;# 
   149   000DF1                     MSEL1           equ	3569	;# 
   150   000DF2                     MSEL2           equ	3570	;# 
   151   000DF3                     MSEL3           equ	3571	;# 
   152   000DF8                     BSEL0           equ	3576	;# 
   153   000DFA                     BIE0            equ	3578	;# 
   154   000DFC                     TXBIE           equ	3580	;# 
   155   000E20                     B0CON           equ	3616	;# 
   156   000E21                     B0SIDH          equ	3617	;# 
   157   000E22                     B0SIDL          equ	3618	;# 
   158   000E23                     B0EIDH          equ	3619	;# 
   159   000E24                     B0EIDL          equ	3620	;# 
   160   000E25                     B0DLC           equ	3621	;# 
   161   000E26                     B0D0            equ	3622	;# 
   162   000E27                     B0D1            equ	3623	;# 
   163   000E28                     B0D2            equ	3624	;# 
   164   000E29                     B0D3            equ	3625	;# 
   165   000E2A                     B0D4            equ	3626	;# 
   166   000E2B                     B0D5            equ	3627	;# 
   167   000E2C                     B0D6            equ	3628	;# 
   168   000E2D                     B0D7            equ	3629	;# 
   169   000E2E                     CANSTAT_RO9     equ	3630	;# 
   170   000E2F                     CANCON_RO9      equ	3631	;# 
   171   000E30                     B1CON           equ	3632	;# 
   172   000E31                     B1SIDH          equ	3633	;# 
   173   000E32                     B1SIDL          equ	3634	;# 
   174   000E33                     B1EIDH          equ	3635	;# 
   175   000E34                     B1EIDL          equ	3636	;# 
   176   000E35                     B1DLC           equ	3637	;# 
   177   000E36                     B1D0            equ	3638	;# 
   178   000E37                     B1D1            equ	3639	;# 
   179   000E38                     B1D2            equ	3640	;# 
   180   000E39                     B1D3            equ	3641	;# 
   181   000E3A                     B1D4            equ	3642	;# 
   182   000E3B                     B1D5            equ	3643	;# 
   183   000E3C                     B1D6            equ	3644	;# 
   184   000E3D                     B1D7            equ	3645	;# 
   185   000E3E                     CANSTAT_RO8     equ	3646	;# 
   186   000E3F                     CANCON_RO8      equ	3647	;# 
   187   000E40                     B2CON           equ	3648	;# 
   188   000E41                     B2SIDH          equ	3649	;# 
   189   000E42                     B2SIDL          equ	3650	;# 
   190   000E43                     B2EIDH          equ	3651	;# 
   191   000E44                     B2EIDL          equ	3652	;# 
   192   000E45                     B2DLC           equ	3653	;# 
   193   000E46                     B2D0            equ	3654	;# 
   194   000E47                     B2D1            equ	3655	;# 
   195   000E48                     B2D2            equ	3656	;# 
   196   000E49                     B2D3            equ	3657	;# 
   197   000E4A                     B2D4            equ	3658	;# 
   198   000E4B                     B2D5            equ	3659	;# 
   199   000E4C                     B2D6            equ	3660	;# 
   200   000E4D                     B2D7            equ	3661	;# 
   201   000E4E                     CANSTAT_RO7     equ	3662	;# 
   202   000E4F                     CANCON_RO7      equ	3663	;# 
   203   000E50                     B3CON           equ	3664	;# 
   204   000E51                     B3SIDH          equ	3665	;# 
   205   000E52                     B3SIDL          equ	3666	;# 
   206   000E53                     B3EIDH          equ	3667	;# 
   207   000E54                     B3EIDL          equ	3668	;# 
   208   000E55                     B3DLC           equ	3669	;# 
   209   000E56                     B3D0            equ	3670	;# 
   210   000E57                     B3D1            equ	3671	;# 
   211   000E58                     B3D2            equ	3672	;# 
   212   000E59                     B3D3            equ	3673	;# 
   213   000E5A                     B3D4            equ	3674	;# 
   214   000E5B                     B3D5            equ	3675	;# 
   215   000E5C                     B3D6            equ	3676	;# 
   216   000E5D                     B3D7            equ	3677	;# 
   217   000E5E                     CANSTAT_RO6     equ	3678	;# 
   218   000E5F                     CANCON_RO6      equ	3679	;# 
   219   000E60                     B4CON           equ	3680	;# 
   220   000E61                     B4SIDH          equ	3681	;# 
   221   000E62                     B4SIDL          equ	3682	;# 
   222   000E63                     B4EIDH          equ	3683	;# 
   223   000E64                     B4EIDL          equ	3684	;# 
   224   000E65                     B4DLC           equ	3685	;# 
   225   000E66                     B4D0            equ	3686	;# 
   226   000E67                     B4D1            equ	3687	;# 
   227   000E68                     B4D2            equ	3688	;# 
   228   000E69                     B4D3            equ	3689	;# 
   229   000E6A                     B4D4            equ	3690	;# 
   230   000E6B                     B4D5            equ	3691	;# 
   231   000E6C                     B4D6            equ	3692	;# 
   232   000E6D                     B4D7            equ	3693	;# 
   233   000E6E                     CANSTAT_RO5     equ	3694	;# 
   234   000E6F                     CANCON_RO5      equ	3695	;# 
   235   000E70                     B5CON           equ	3696	;# 
   236   000E71                     B5SIDH          equ	3697	;# 
   237   000E72                     B5SIDL          equ	3698	;# 
   238   000E73                     B5EIDH          equ	3699	;# 
   239   000E74                     B5EIDL          equ	3700	;# 
   240   000E75                     B5DLC           equ	3701	;# 
   241   000E76                     B5D0            equ	3702	;# 
   242   000E77                     B5D1            equ	3703	;# 
   243   000E78                     B5D2            equ	3704	;# 
   244   000E79                     B5D3            equ	3705	;# 
   245   000E7A                     B5D4            equ	3706	;# 
   246   000E7B                     B5D5            equ	3707	;# 
   247   000E7C                     B5D6            equ	3708	;# 
   248   000E7D                     B5D7            equ	3709	;# 
   249   000E7E                     CANSTAT_RO4     equ	3710	;# 
   250   000E7F                     CANCON_RO4      equ	3711	;# 
   251   000F00                     RXF0SIDH        equ	3840	;# 
   252   000F01                     RXF0SIDL        equ	3841	;# 
   253   000F02                     RXF0EIDH        equ	3842	;# 
   254   000F03                     RXF0EIDL        equ	3843	;# 
   255   000F04                     RXF1SIDH        equ	3844	;# 
   256   000F05                     RXF1SIDL        equ	3845	;# 
   257   000F06                     RXF1EIDH        equ	3846	;# 
   258   000F07                     RXF1EIDL        equ	3847	;# 
   259   000F08                     RXF2SIDH        equ	3848	;# 
   260   000F09                     RXF2SIDL        equ	3849	;# 
   261   000F0A                     RXF2EIDH        equ	3850	;# 
   262   000F0B                     RXF2EIDL        equ	3851	;# 
   263   000F0C                     RXF3SIDH        equ	3852	;# 
   264   000F0D                     RXF3SIDL        equ	3853	;# 
   265   000F0E                     RXF3EIDH        equ	3854	;# 
   266   000F0F                     RXF3EIDL        equ	3855	;# 
   267   000F10                     RXF4SIDH        equ	3856	;# 
   268   000F11                     RXF4SIDL        equ	3857	;# 
   269   000F12                     RXF4EIDH        equ	3858	;# 
   270   000F13                     RXF4EIDL        equ	3859	;# 
   271   000F14                     RXF5SIDH        equ	3860	;# 
   272   000F15                     RXF5SIDL        equ	3861	;# 
   273   000F16                     RXF5EIDH        equ	3862	;# 
   274   000F17                     RXF5EIDL        equ	3863	;# 
   275   000F18                     RXM0SIDH        equ	3864	;# 
   276   000F19                     RXM0SIDL        equ	3865	;# 
   277   000F1A                     RXM0EIDH        equ	3866	;# 
   278   000F1B                     RXM0EIDL        equ	3867	;# 
   279   000F1C                     RXM1SIDH        equ	3868	;# 
   280   000F1D                     RXM1SIDL        equ	3869	;# 
   281   000F1E                     RXM1EIDH        equ	3870	;# 
   282   000F1F                     RXM1EIDL        equ	3871	;# 
   283   000F20                     TXB2CON         equ	3872	;# 
   284   000F21                     TXB2SIDH        equ	3873	;# 
   285   000F22                     TXB2SIDL        equ	3874	;# 
   286   000F23                     TXB2EIDH        equ	3875	;# 
   287   000F24                     TXB2EIDL        equ	3876	;# 
   288   000F25                     TXB2DLC         equ	3877	;# 
   289   000F26                     TXB2D0          equ	3878	;# 
   290   000F27                     TXB2D1          equ	3879	;# 
   291   000F28                     TXB2D2          equ	3880	;# 
   292   000F29                     TXB2D3          equ	3881	;# 
   293   000F2A                     TXB2D4          equ	3882	;# 
   294   000F2B                     TXB2D5          equ	3883	;# 
   295   000F2C                     TXB2D6          equ	3884	;# 
   296   000F2D                     TXB2D7          equ	3885	;# 
   297   000F2E                     CANSTAT_RO3     equ	3886	;# 
   298   000F2F                     CANCON_RO3      equ	3887	;# 
   299   000F30                     TXB1CON         equ	3888	;# 
   300   000F31                     TXB1SIDH        equ	3889	;# 
   301   000F32                     TXB1SIDL        equ	3890	;# 
   302   000F33                     TXB1EIDH        equ	3891	;# 
   303   000F34                     TXB1EIDL        equ	3892	;# 
   304   000F35                     TXB1DLC         equ	3893	;# 
   305   000F36                     TXB1D0          equ	3894	;# 
   306   000F37                     TXB1D1          equ	3895	;# 
   307   000F38                     TXB1D2          equ	3896	;# 
   308   000F39                     TXB1D3          equ	3897	;# 
   309   000F3A                     TXB1D4          equ	3898	;# 
   310   000F3B                     TXB1D5          equ	3899	;# 
   311   000F3C                     TXB1D6          equ	3900	;# 
   312   000F3D                     TXB1D7          equ	3901	;# 
   313   000F3E                     CANSTAT_RO2     equ	3902	;# 
   314   000F3F                     CANCON_RO2      equ	3903	;# 
   315   000F40                     TXB0CON         equ	3904	;# 
   316   000F41                     TXB0SIDH        equ	3905	;# 
   317   000F42                     TXB0SIDL        equ	3906	;# 
   318   000F43                     TXB0EIDH        equ	3907	;# 
   319   000F44                     TXB0EIDL        equ	3908	;# 
   320   000F45                     TXB0DLC         equ	3909	;# 
   321   000F46                     TXB0D0          equ	3910	;# 
   322   000F47                     TXB0D1          equ	3911	;# 
   323   000F48                     TXB0D2          equ	3912	;# 
   324   000F49                     TXB0D3          equ	3913	;# 
   325   000F4A                     TXB0D4          equ	3914	;# 
   326   000F4B                     TXB0D5          equ	3915	;# 
   327   000F4C                     TXB0D6          equ	3916	;# 
   328   000F4D                     TXB0D7          equ	3917	;# 
   329   000F4E                     CANSTAT_RO1     equ	3918	;# 
   330   000F4F                     CANCON_RO1      equ	3919	;# 
   331   000F50                     RXB1CON         equ	3920	;# 
   332   000F51                     RXB1SIDH        equ	3921	;# 
   333   000F52                     RXB1SIDL        equ	3922	;# 
   334   000F53                     RXB1EIDH        equ	3923	;# 
   335   000F54                     RXB1EIDL        equ	3924	;# 
   336   000F55                     RXB1DLC         equ	3925	;# 
   337   000F56                     RXB1D0          equ	3926	;# 
   338   000F57                     RXB1D1          equ	3927	;# 
   339   000F58                     RXB1D2          equ	3928	;# 
   340   000F59                     RXB1D3          equ	3929	;# 
   341   000F5A                     RXB1D4          equ	3930	;# 
   342   000F5B                     RXB1D5          equ	3931	;# 
   343   000F5C                     RXB1D6          equ	3932	;# 
   344   000F5D                     RXB1D7          equ	3933	;# 
   345   000F5E                     CANSTAT_RO0     equ	3934	;# 
   346   000F5F                     CANCON_RO0      equ	3935	;# 
   347   000F60                     RXB0CON         equ	3936	;# 
   348   000F61                     RXB0SIDH        equ	3937	;# 
   349   000F62                     RXB0SIDL        equ	3938	;# 
   350   000F63                     RXB0EIDH        equ	3939	;# 
   351   000F64                     RXB0EIDL        equ	3940	;# 
   352   000F65                     RXB0DLC         equ	3941	;# 
   353   000F66                     RXB0D0          equ	3942	;# 
   354   000F67                     RXB0D1          equ	3943	;# 
   355   000F68                     RXB0D2          equ	3944	;# 
   356   000F69                     RXB0D3          equ	3945	;# 
   357   000F6A                     RXB0D4          equ	3946	;# 
   358   000F6B                     RXB0D5          equ	3947	;# 
   359   000F6C                     RXB0D6          equ	3948	;# 
   360   000F6D                     RXB0D7          equ	3949	;# 
   361   000F6E                     CANSTAT         equ	3950	;# 
   362   000F6F                     CANCON          equ	3951	;# 
   363   000F70                     BRGCON1         equ	3952	;# 
   364   000F71                     BRGCON2         equ	3953	;# 
   365   000F72                     BRGCON3         equ	3954	;# 
   366   000F73                     CIOCON          equ	3955	;# 
   367   000F74                     COMSTAT         equ	3956	;# 
   368   000F75                     RXERRCNT        equ	3957	;# 
   369   000F76                     TXERRCNT        equ	3958	;# 
   370   000F77                     ECANCON         equ	3959	;# 
   371   000F80                     PORTA           equ	3968	;# 
   372   000F81                     PORTB           equ	3969	;# 
   373   000F82                     PORTC           equ	3970	;# 
   374   000F83                     PORTD           equ	3971	;# 
   375   000F84                     PORTE           equ	3972	;# 
   376   000F89                     LATA            equ	3977	;# 
   377   000F8A                     LATB            equ	3978	;# 
   378   000F8B                     LATC            equ	3979	;# 
   379   000F8C                     LATD            equ	3980	;# 
   380   000F8D                     LATE            equ	3981	;# 
   381   000F92                     TRISA           equ	3986	;# 
   382   000F92                     DDRA            equ	3986	;# 
   383   000F93                     TRISB           equ	3987	;# 
   384   000F93                     DDRB            equ	3987	;# 
   385   000F94                     TRISC           equ	3988	;# 
   386   000F94                     DDRC            equ	3988	;# 
   387   000F95                     TRISD           equ	3989	;# 
   388   000F95                     DDRD            equ	3989	;# 
   389   000F96                     TRISE           equ	3990	;# 
   390   000F96                     DDRE            equ	3990	;# 
   391   000F9B                     OSCTUNE         equ	3995	;# 
   392   000F9D                     PIE1            equ	3997	;# 
   393   000F9E                     PIR1            equ	3998	;# 
   394   000F9F                     IPR1            equ	3999	;# 
   395   000FA0                     PIE2            equ	4000	;# 
   396   000FA1                     PIR2            equ	4001	;# 
   397   000FA2                     IPR2            equ	4002	;# 
   398   000FA3                     PIE3            equ	4003	;# 
   399   000FA4                     PIR3            equ	4004	;# 
   400   000FA5                     IPR3            equ	4005	;# 
   401   000FA6                     EECON1          equ	4006	;# 
   402   000FA7                     EECON2          equ	4007	;# 
   403   000FA8                     EEDATA          equ	4008	;# 
   404   000FA9                     EEADR           equ	4009	;# 
   405   000FAB                     RCSTA           equ	4011	;# 
   406   000FAB                     RCSTA1          equ	4011	;# 
   407   000FAC                     TXSTA           equ	4012	;# 
   408   000FAC                     TXSTA1          equ	4012	;# 
   409   000FAD                     TXREG           equ	4013	;# 
   410   000FAD                     TXREG1          equ	4013	;# 
   411   000FAE                     RCREG           equ	4014	;# 
   412   000FAE                     RCREG1          equ	4014	;# 
   413   000FAF                     SPBRG           equ	4015	;# 
   414   000FAF                     SPBRG1          equ	4015	;# 
   415   000FB0                     SPBRGH          equ	4016	;# 
   416   000FB1                     T3CON           equ	4017	;# 
   417   000FB2                     TMR3            equ	4018	;# 
   418   000FB2                     TMR3L           equ	4018	;# 
   419   000FB3                     TMR3H           equ	4019	;# 
   420   000FB4                     CMCON           equ	4020	;# 
   421   000FB5                     CVRCON          equ	4021	;# 
   422   000FB6                     ECCP1AS         equ	4022	;# 
   423   000FB7                     ECCP1DEL        equ	4023	;# 
   424   000FB8                     BAUDCON         equ	4024	;# 
   425   000FB8                     BAUDCTL         equ	4024	;# 
   426   000FBA                     ECCP1CON        equ	4026	;# 
   427   000FBB                     ECCPR1          equ	4027	;# 
   428   000FBB                     ECCPR1L         equ	4027	;# 
   429   000FBC                     ECCPR1H         equ	4028	;# 
   430   000FBD                     CCP1CON         equ	4029	;# 
   431   000FBE                     CCPR1           equ	4030	;# 
   432   000FBE                     CCPR1L          equ	4030	;# 
   433   000FBF                     CCPR1H          equ	4031	;# 
   434   000FC0                     ADCON2          equ	4032	;# 
   435   000FC1                     ADCON1          equ	4033	;# 
   436   000FC2                     ADCON0          equ	4034	;# 
   437   000FC3                     ADRES           equ	4035	;# 
   438   000FC3                     ADRESL          equ	4035	;# 
   439   000FC4                     ADRESH          equ	4036	;# 
   440   000FC5                     SSPCON2         equ	4037	;# 
   441   000FC6                     SSPCON1         equ	4038	;# 
   442   000FC7                     SSPSTAT         equ	4039	;# 
   443   000FC8                     SSPADD          equ	4040	;# 
   444   000FC9                     SSPBUF          equ	4041	;# 
   445   000FCA                     T2CON           equ	4042	;# 
   446   000FCB                     PR2             equ	4043	;# 
   447   000FCB                     MEMCON          equ	4043	;# 
   448   000FCC                     TMR2            equ	4044	;# 
   449   000FCD                     T1CON           equ	4045	;# 
   450   000FCE                     TMR1            equ	4046	;# 
   451   000FCE                     TMR1L           equ	4046	;# 
   452   000FCF                     TMR1H           equ	4047	;# 
   453   000FD0                     RCON            equ	4048	;# 
   454   000FD1                     WDTCON          equ	4049	;# 
   455   000FD2                     HLVDCON         equ	4050	;# 
   456   000FD2                     LVDCON          equ	4050	;# 
   457   000FD3                     OSCCON          equ	4051	;# 
   458   000FD5                     T0CON           equ	4053	;# 
   459   000FD6                     TMR0            equ	4054	;# 
   460   000FD6                     TMR0L           equ	4054	;# 
   461   000FD7                     TMR0H           equ	4055	;# 
   462   000FD8                     STATUS          equ	4056	;# 
   463   000FD9                     FSR2            equ	4057	;# 
   464   000FD9                     FSR2L           equ	4057	;# 
   465   000FDA                     FSR2H           equ	4058	;# 
   466   000FDB                     PLUSW2          equ	4059	;# 
   467   000FDC                     PREINC2         equ	4060	;# 
   468   000FDD                     POSTDEC2        equ	4061	;# 
   469   000FDE                     POSTINC2        equ	4062	;# 
   470   000FDF                     INDF2           equ	4063	;# 
   471   000FE0                     BSR             equ	4064	;# 
   472   000FE1                     FSR1            equ	4065	;# 
   473   000FE1                     FSR1L           equ	4065	;# 
   474   000FE2                     FSR1H           equ	4066	;# 
   475   000FE3                     PLUSW1          equ	4067	;# 
   476   000FE4                     PREINC1         equ	4068	;# 
   477   000FE5                     POSTDEC1        equ	4069	;# 
   478   000FE6                     POSTINC1        equ	4070	;# 
   479   000FE7                     INDF1           equ	4071	;# 
   480   000FE8                     WREG            equ	4072	;# 
   481   000FE9                     FSR0            equ	4073	;# 
   482   000FE9                     FSR0L           equ	4073	;# 
   483   000FEA                     FSR0H           equ	4074	;# 
   484   000FEB                     PLUSW0          equ	4075	;# 
   485   000FEC                     PREINC0         equ	4076	;# 
   486   000FED                     POSTDEC0        equ	4077	;# 
   487   000FEE                     POSTINC0        equ	4078	;# 
   488   000FEF                     INDF0           equ	4079	;# 
   489   000FF0                     INTCON3         equ	4080	;# 
   490   000FF1                     INTCON2         equ	4081	;# 
   491   000FF2                     INTCON          equ	4082	;# 
   492   000FF3                     PROD            equ	4083	;# 
   493   000FF3                     PRODL           equ	4083	;# 
   494   000FF4                     PRODH           equ	4084	;# 
   495   000FF5                     TABLAT          equ	4085	;# 
   496   000FF6                     TBLPTR          equ	4086	;# 
   497   000FF6                     TBLPTRL         equ	4086	;# 
   498   000FF7                     TBLPTRH         equ	4087	;# 
   499   000FF8                     TBLPTRU         equ	4088	;# 
   500   000FF9                     PCLAT           equ	4089	;# 
   501   000FF9                     PC              equ	4089	;# 
   502   000FF9                     PCL             equ	4089	;# 
   503   000FFA                     PCLATH          equ	4090	;# 
   504   000FFB                     PCLATU          equ	4091	;# 
   505   000FFC                     STKPTR          equ	4092	;# 
   506   000FFD                     TOS             equ	4093	;# 
   507   000FFD                     TOSL            equ	4093	;# 
   508   000FFE                     TOSH            equ	4094	;# 
   509   000FFF                     TOSU            equ	4095	;# 
   510                           
   511                           	psect	idataCOMRAM
   512   003000                     __pidataCOMRAM:
   513                           	callstack 0
   514                           
   515                           ;initializer for _once
   516   003000  01                 	db	1
   517                           
   518                           	psect	nvCOMRAM
   519   00000C                     __pnvCOMRAM:
   520                           	callstack 0
   521   00000C                     _key:
   522                           	callstack 0
   523   00000C                     	ds	1
   524   000F82                     _PORTC          set	3970
   525   000F81                     _PORTB          set	3969
   526   000F94                     _TRISC          set	3988
   527   000F93                     _TRISB          set	3987
   528                           
   529                           ; #config settings
   530                           
   531                           	psect	cinit
   532   00081E                     __pcinit:
   533                           	callstack 0
   534   00081E                     start_initialization:
   535                           	callstack 0
   536   00081E                     __initialization:
   537                           	callstack 0
   538                           
   539                           ; Initialize objects allocated to COMRAM (1 bytes)
   540                           ; load TBLPTR registers with __pidataCOMRAM
   541   00081E  0E00               	movlw	low __pidataCOMRAM
   542   000820  6EF6               	movwf	tblptrl,c
   543   000822  0E30               	movlw	high __pidataCOMRAM
   544   000824  6EF7               	movwf	tblptrh,c
   545   000826  0E00               	movlw	low (__pidataCOMRAM shr (0+16))
   546   000828  6EF8               	movwf	tblptru,c
   547   00082A  0009               	tblrd		*+	;fetch initializer
   548   00082C  CFF5 F00D          	movff	tablat,__pdataCOMRAM
   549                           
   550                           ; Clear objects allocated to COMRAM (2 bytes)
   551   000830  6A0B               	clrf	(__pbssCOMRAM+1)& (0+255),c
   552   000832  6A0A               	clrf	__pbssCOMRAM& (0+255),c
   553   000834                     end_of_initialization:
   554                           	callstack 0
   555   000834                     __end_of__initialization:
   556                           	callstack 0
   557   000834  0100               	movlb	0
   558   000836  EF01  F003         	goto	_main	;jump to C main() function
   559                           
   560                           	psect	bssCOMRAM
   561   00000A                     __pbssCOMRAM:
   562                           	callstack 0
   563   00000A                     _i:
   564                           	callstack 0
   565   00000A                     	ds	2
   566                           
   567                           	psect	dataCOMRAM
   568   00000D                     __pdataCOMRAM:
   569                           	callstack 0
   570   00000D                     _once:
   571                           	callstack 0
   572   00000D                     	ds	1
   573                           
   574                           	psect	cstackCOMRAM
   575   000001                     __pcstackCOMRAM:
   576                           	callstack 0
   577   000001                     read_switch@detect_type:
   578                           	callstack 0
   579   000001                     ??_pattern_1:
   580   000001                     ??_pattern_2:
   581                           
   582                           ; 1 bytes @ 0x0
   583   000001                     	ds	3
   584   000004                     main@delay:
   585                           	callstack 0
   586   000004                     
   587                           ; 1 bytes @ 0x3
   588   000004                     	ds	4
   589   000008                     main@flag:
   590                           	callstack 0
   591                           
   592                           ; 2 bytes @ 0x7
   593   000008                     	ds	2
   594                           
   595 ;;
   596 ;;Main: autosize = 0, tempsize = 0, incstack = 0, save=0
   597 ;;
   598 ;; *************** function _main *****************
   599 ;; Defined at:
   600 ;;		line 20 in file "main.c"
   601 ;; Parameters:    Size  Location     Type
   602 ;;		None
   603 ;; Auto vars:     Size  Location     Type
   604 ;;  delay           4    3[COMRAM] unsigned long 
   605 ;;  flag            2    7[COMRAM] int 
   606 ;; Return value:  Size  Location     Type
   607 ;;                  1    wreg      void 
   608 ;; Registers used:
   609 ;;		wreg, status,2, status,0, cstack
   610 ;; Tracked objects:
   611 ;;		On entry : 0/0
   612 ;;		On exit  : 0/0
   613 ;;		Unchanged: 0/0
   614 ;; Data sizes:     COMRAM   BANK0   BANK1   BANK2   BANK3   BANK4   BANK5
   615 ;;      Params:         0       0       0       0       0       0       0
   616 ;;      Locals:         6       0       0       0       0       0       0
   617 ;;      Temps:          0       0       0       0       0       0       0
   618 ;;      Totals:         6       0       0       0       0       0       0
   619 ;;Total ram usage:        6 bytes
   620 ;; Hardware stack levels required when called: 1
   621 ;; This function calls:
   622 ;;		_pattern_1
   623 ;;		_pattern_2
   624 ;;		_read_switch
   625 ;; This function is called by:
   626 ;;		Startup code after reset
   627 ;; This function uses a non-reentrant model
   628 ;;
   629                           
   630                           	psect	text0
   631   000602                     __ptext0:
   632                           	callstack 0
   633   000602                     _main:
   634                           	callstack 30
   635   000602                     
   636                           ;main.c: 21:     TRISB = 0x00;
   637   000602  6A93               	clrf	147,c	;volatile
   638   000604                     
   639                           ;main.c: 22:     TRISC |= 0x0F;
   640   000604  0E0F               	movlw	15
   641   000606  1294               	iorwf	148,f,c	;volatile
   642   000608                     
   643                           ;main.c: 24:     PORTB = 0x00;
   644   000608  6A81               	clrf	129,c	;volatile
   645   00060A                     
   646                           ;main.c: 26:     unsigned long int delay = 0;
   647   00060A  0E00               	movlw	0
   648   00060C  6E04               	movwf	main@delay^0,c
   649   00060E  0E00               	movlw	0
   650   000610  6E05               	movwf	(main@delay+1)^0,c
   651   000612  0E00               	movlw	0
   652   000614  6E06               	movwf	(main@delay+2)^0,c
   653   000616  0E00               	movlw	0
   654   000618  6E07               	movwf	(main@delay+3)^0,c
   655   00061A                     
   656                           ;main.c: 27:     int flag = 1;
   657   00061A  6A09               	clrf	(main@flag+1)^0,c
   658   00061C  0E01               	movlw	1
   659   00061E  6E08               	movwf	main@flag^0,c
   660   000620                     l902:
   661                           
   662                           ;main.c: 30:         key = read_switch(1);
   663   000620  0E01               	movlw	1
   664   000622  EC6A  F003         	call	_read_switch
   665   000626  6E0C               	movwf	_key^0,c
   666   000628                     
   667                           ;main.c: 32:         if (key == 0x0E) {
   668   000628  0E0E               	movlw	14
   669   00062A  180C               	xorwf	_key^0,w,c
   670   00062C  A4D8               	btfss	status,2,c
   671   00062E  EF1B  F003         	goto	u121
   672   000632  EF1D  F003         	goto	u120
   673   000636                     u121:
   674   000636  EF3B  F003         	goto	l26
   675   00063A                     u120:
   676   00063A                     
   677                           ;main.c: 35:             if (i != 0) {
   678   00063A  500A               	movf	_i^0,w,c
   679   00063C  100B               	iorwf	(_i+1)^0,w,c
   680   00063E  B4D8               	btfsc	status,2,c
   681   000640  EF24  F003         	goto	u131
   682   000644  EF26  F003         	goto	u130
   683   000648                     u131:
   684   000648  EF2E  F003         	goto	l27
   685   00064C                     u130:
   686   00064C                     
   687                           ;main.c: 36:                 i = 15 - i;
   688   00064C  500A               	movf	_i^0,w,c
   689   00064E  080F               	sublw	15
   690   000650  6E0A               	movwf	_i^0,c
   691   000652  500B               	movf	(_i+1)^0,w,c
   692   000654  A0D8               	btfss	status,0,c
   693   000656  2AE8               	incf	wreg,f,c
   694   000658  0800               	sublw	0
   695   00065A  6E0B               	movwf	(_i+1)^0,c
   696   00065C                     l27:
   697                           
   698                           ;main.c: 38:             flag = !flag;
   699   00065C  5008               	movf	main@flag^0,w,c
   700   00065E  1009               	iorwf	(main@flag+1)^0,w,c
   701   000660  B4D8               	btfsc	status,2,c
   702   000662  EF35  F003         	goto	u141
   703   000666  EF38  F003         	goto	u140
   704   00066A                     u141:
   705   00066A  0E01               	movlw	1
   706   00066C  EF39  F003         	goto	u150
   707   000670                     u140:
   708   000670  0E00               	movlw	0
   709   000672                     u150:
   710   000672  6E08               	movwf	main@flag^0,c
   711   000674  6A09               	clrf	(main@flag+1)^0,c
   712   000676                     l26:
   713                           
   714                           ;main.c: 41:         if (delay++ == 50000) {
   715   000676  0E01               	movlw	1
   716   000678  2604               	addwf	main@delay^0,f,c
   717   00067A  0E00               	movlw	0
   718   00067C  2205               	addwfc	(main@delay+1)^0,f,c
   719   00067E  2206               	addwfc	(main@delay+2)^0,f,c
   720   000680  2207               	addwfc	(main@delay+3)^0,f,c
   721   000682  0E51               	movlw	81
   722   000684  1804               	xorwf	main@delay^0,w,c
   723   000686  E109               	bnz	u161
   724   000688  0EC3               	movlw	195
   725   00068A  1805               	xorwf	(main@delay+1)^0,w,c
   726   00068C  1006               	iorwf	(main@delay+2)^0,w,c
   727   00068E  1007               	iorwf	(main@delay+3)^0,w,c
   728   000690  A4D8               	btfss	status,2,c
   729   000692  EF4D  F003         	goto	u161
   730   000696  EF4F  F003         	goto	u160
   731   00069A                     u161:
   732   00069A  EF10  F003         	goto	l902
   733   00069E                     u160:
   734   00069E                     
   735                           ;main.c: 42:             delay = 0;
   736   00069E  0E00               	movlw	0
   737   0006A0  6E04               	movwf	main@delay^0,c
   738   0006A2  0E00               	movlw	0
   739   0006A4  6E05               	movwf	(main@delay+1)^0,c
   740   0006A6  0E00               	movlw	0
   741   0006A8  6E06               	movwf	(main@delay+2)^0,c
   742   0006AA  0E00               	movlw	0
   743   0006AC  6E07               	movwf	(main@delay+3)^0,c
   744   0006AE                     
   745                           ;main.c: 44:             if (flag)
   746   0006AE  5008               	movf	main@flag^0,w,c
   747   0006B0  1009               	iorwf	(main@flag+1)^0,w,c
   748   0006B2  B4D8               	btfsc	status,2,c
   749   0006B4  EF5E  F003         	goto	u171
   750   0006B8  EF60  F003         	goto	u170
   751   0006BC                     u171:
   752   0006BC  EF64  F003         	goto	l916
   753   0006C0                     u170:
   754   0006C0                     
   755                           ;main.c: 45:                 pattern_1();
   756   0006C0  ECDA  F003         	call	_pattern_1	;wreg free
   757   0006C4  EF10  F003         	goto	l902
   758   0006C8                     l916:
   759                           
   760                           ;main.c: 47:                 pattern_2();
   761   0006C8  ECA2  F003         	call	_pattern_2	;wreg free
   762   0006CC  EF10  F003         	goto	l902
   763   0006D0  EFFE  F017         	goto	start
   764   0006D4                     __end_of_main:
   765                           	callstack 0
   766                           
   767 ;; *************** function _read_switch *****************
   768 ;; Defined at:
   769 ;;		line 52 in file "main.c"
   770 ;; Parameters:    Size  Location     Type
   771 ;;  detect_type     1    wreg     unsigned char 
   772 ;; Auto vars:     Size  Location     Type
   773 ;;  detect_type     1    0[COMRAM] unsigned char 
   774 ;; Return value:  Size  Location     Type
   775 ;;                  1    wreg      unsigned char 
   776 ;; Registers used:
   777 ;;		wreg, status,2, status,0
   778 ;; Tracked objects:
   779 ;;		On entry : 0/0
   780 ;;		On exit  : 0/0
   781 ;;		Unchanged: 0/0
   782 ;; Data sizes:     COMRAM   BANK0   BANK1   BANK2   BANK3   BANK4   BANK5
   783 ;;      Params:         0       0       0       0       0       0       0
   784 ;;      Locals:         1       0       0       0       0       0       0
   785 ;;      Temps:          0       0       0       0       0       0       0
   786 ;;      Totals:         1       0       0       0       0       0       0
   787 ;;Total ram usage:        1 bytes
   788 ;; Hardware stack levels used: 1
   789 ;; This function calls:
   790 ;;		Nothing
   791 ;; This function is called by:
   792 ;;		_main
   793 ;; This function uses a non-reentrant model
   794 ;;
   795                           
   796                           	psect	text1
   797   0006D4                     __ptext1:
   798                           	callstack 0
   799   0006D4                     _read_switch:
   800                           	callstack 30
   801                           
   802                           ;incstack = 0
   803                           ;read_switch@detect_type stored from wreg
   804   0006D4  6E01               	movwf	read_switch@detect_type^0,c
   805   0006D6                     
   806                           ;main.c: 53:     if (detect_type == 0) {
   807   0006D6  5001               	movf	read_switch@detect_type^0,w,c
   808   0006D8  A4D8               	btfss	status,2,c
   809   0006DA  EF71  F003         	goto	u11
   810   0006DE  EF73  F003         	goto	u10
   811   0006E2                     u11:
   812   0006E2  EF77  F003         	goto	l850
   813   0006E6                     u10:
   814   0006E6                     l844:
   815                           
   816                           ;main.c: 54:         return PORTC & 0x0F;
   817   0006E6  5082               	movf	130,w,c	;volatile
   818   0006E8  0B0F               	andlw	15
   819   0006EA  EFA1  F003         	goto	l37
   820   0006EE                     l850:
   821   0006EE  0401               	decf	read_switch@detect_type^0,w,c
   822   0006F0  A4D8               	btfss	status,2,c
   823   0006F2  EF7D  F003         	goto	u21
   824   0006F6  EF7F  F003         	goto	u20
   825   0006FA                     u21:
   826   0006FA  EFA0  F003         	goto	l868
   827   0006FE                     u20:
   828   0006FE                     
   829                           ;main.c: 56:         if ((PORTC & 0x0F) != 0x0F && once) {
   830   0006FE  5082               	movf	130,w,c	;volatile
   831   000700  0B0F               	andlw	15
   832   000702  0A0F               	xorlw	15
   833   000704  B4D8               	btfsc	status,2,c
   834   000706  EF87  F003         	goto	u31
   835   00070A  EF89  F003         	goto	u30
   836   00070E                     u31:
   837   00070E  EF94  F003         	goto	l864
   838   000712                     u30:
   839   000712  500D               	movf	_once^0,w,c
   840   000714  B4D8               	btfsc	status,2,c
   841   000716  EF8F  F003         	goto	u41
   842   00071A  EF91  F003         	goto	u40
   843   00071E                     u41:
   844   00071E  EF94  F003         	goto	l864
   845   000722                     u40:
   846   000722                     
   847                           ;main.c: 57:             once = 0;
   848   000722  6A0D               	clrf	_once^0,c
   849   000724  EF73  F003         	goto	l844
   850   000728                     l864:
   851   000728  5082               	movf	130,w,c	;volatile
   852   00072A  0B0F               	andlw	15
   853   00072C  0A0F               	xorlw	15
   854   00072E  A4D8               	btfss	status,2,c
   855   000730  EF9C  F003         	goto	u51
   856   000734  EF9E  F003         	goto	u50
   857   000738                     u51:
   858   000738  EFA0  F003         	goto	l868
   859   00073C                     u50:
   860   00073C                     
   861                           ;main.c: 60:             once = 1;
   862   00073C  0E01               	movlw	1
   863   00073E  6E0D               	movwf	_once^0,c
   864   000740                     l868:
   865                           
   866                           ;main.c: 63:     return 0x0F;
   867   000740  0E0F               	movlw	15
   868   000742                     l37:
   869   000742  0012               	return		;funcret
   870   000744                     __end_of_read_switch:
   871                           	callstack 0
   872                           
   873 ;; *************** function _pattern_2 *****************
   874 ;; Defined at:
   875 ;;		line 77 in file "main.c"
   876 ;; Parameters:    Size  Location     Type
   877 ;;		None
   878 ;; Auto vars:     Size  Location     Type
   879 ;;		None
   880 ;; Return value:  Size  Location     Type
   881 ;;                  1    wreg      void 
   882 ;; Registers used:
   883 ;;		wreg, status,2, status,0
   884 ;; Tracked objects:
   885 ;;		On entry : 0/0
   886 ;;		On exit  : 0/0
   887 ;;		Unchanged: 0/0
   888 ;; Data sizes:     COMRAM   BANK0   BANK1   BANK2   BANK3   BANK4   BANK5
   889 ;;      Params:         0       0       0       0       0       0       0
   890 ;;      Locals:         0       0       0       0       0       0       0
   891 ;;      Temps:          3       0       0       0       0       0       0
   892 ;;      Totals:         3       0       0       0       0       0       0
   893 ;;Total ram usage:        3 bytes
   894 ;; Hardware stack levels used: 1
   895 ;; This function calls:
   896 ;;		Nothing
   897 ;; This function is called by:
   898 ;;		_main
   899 ;; This function uses a non-reentrant model
   900 ;;
   901                           
   902                           	psect	text2
   903   000744                     __ptext2:
   904                           	callstack 0
   905   000744                     _pattern_2:
   906                           	callstack 30
   907   000744                     
   908                           ;main.c: 78:     if (i < 8) {
   909   000744  BE0B               	btfsc	(_i+1)^0,7,c
   910   000746  EFB0  F003         	goto	u90
   911   00074A  500B               	movf	(_i+1)^0,w,c
   912   00074C  E107               	bnz	u91
   913   00074E  0E08               	movlw	8
   914   000750  5C0A               	subwf	_i^0,w,c
   915   000752  B0D8               	btfsc	status,0,c
   916   000754  EFAE  F003         	goto	u91
   917   000758  EFB0  F003         	goto	u90
   918   00075C                     u91:
   919   00075C  EFC3  F003         	goto	l886
   920   000760                     u90:
   921   000760                     
   922                           ;main.c: 79:         PORTB |= (0x80 >> i);
   923   000760  C00A  F001         	movff	_i,??_pattern_2
   924   000764  0E80               	movlw	128
   925   000766  6E02               	movwf	(??_pattern_2+1)^0,c
   926   000768  0E00               	movlw	0
   927   00076A  6E03               	movwf	(??_pattern_2+2)^0,c
   928   00076C  2A01               	incf	??_pattern_2^0,f,c
   929   00076E  EFBC  F003         	goto	u104
   930   000772                     u105:
   931   000772  3403               	rlcf	(??_pattern_2+2)^0,w,c
   932   000774  3203               	rrcf	(??_pattern_2+2)^0,f,c
   933   000776  3202               	rrcf	(??_pattern_2+1)^0,f,c
   934   000778                     u104:
   935   000778  2E01               	decfsz	??_pattern_2^0,f,c
   936   00077A  EFB9  F003         	goto	u105
   937   00077E  5002               	movf	(??_pattern_2+1)^0,w,c
   938   000780  1281               	iorwf	129,f,c	;volatile
   939                           
   940                           ;main.c: 80:     } else if (i < 16) {
   941   000782  EFD7  F003         	goto	l890
   942   000786                     l886:
   943   000786  BE0B               	btfsc	(_i+1)^0,7,c
   944   000788  EFD1  F003         	goto	u110
   945   00078C  500B               	movf	(_i+1)^0,w,c
   946   00078E  E107               	bnz	u111
   947   000790  0E10               	movlw	16
   948   000792  5C0A               	subwf	_i^0,w,c
   949   000794  B0D8               	btfsc	status,0,c
   950   000796  EFCF  F003         	goto	u111
   951   00079A  EFD1  F003         	goto	u110
   952   00079E                     u111:
   953   00079E  EFD5  F003         	goto	l54
   954   0007A2                     u110:
   955   0007A2                     
   956                           ;main.c: 81:         PORTB >>= 1;
   957   0007A2  90D8               	bcf	status,0,c
   958   0007A4  3281               	rrcf	129,f,c
   959                           
   960                           ;volatile
   961                           ;main.c: 82:     } else {
   962   0007A6  EFD7  F003         	goto	l890
   963   0007AA                     l54:
   964                           
   965                           ;main.c: 83:         i = -1;
   966   0007AA  680A               	setf	_i^0,c
   967   0007AC  680B               	setf	(_i+1)^0,c
   968   0007AE                     l890:
   969                           
   970                           ;main.c: 85:     i++;
   971   0007AE  4A0A               	infsnz	_i^0,f,c
   972   0007B0  2A0B               	incf	(_i+1)^0,f,c
   973   0007B2  0012               	return		;funcret
   974   0007B4                     __end_of_pattern_2:
   975                           	callstack 0
   976                           
   977 ;; *************** function _pattern_1 *****************
   978 ;; Defined at:
   979 ;;		line 66 in file "main.c"
   980 ;; Parameters:    Size  Location     Type
   981 ;;		None
   982 ;; Auto vars:     Size  Location     Type
   983 ;;		None
   984 ;; Return value:  Size  Location     Type
   985 ;;                  1    wreg      void 
   986 ;; Registers used:
   987 ;;		wreg, status,2, status,0
   988 ;; Tracked objects:
   989 ;;		On entry : 0/0
   990 ;;		On exit  : 0/0
   991 ;;		Unchanged: 0/0
   992 ;; Data sizes:     COMRAM   BANK0   BANK1   BANK2   BANK3   BANK4   BANK5
   993 ;;      Params:         0       0       0       0       0       0       0
   994 ;;      Locals:         0       0       0       0       0       0       0
   995 ;;      Temps:          2       0       0       0       0       0       0
   996 ;;      Totals:         2       0       0       0       0       0       0
   997 ;;Total ram usage:        2 bytes
   998 ;; Hardware stack levels used: 1
   999 ;; This function calls:
  1000 ;;		Nothing
  1001 ;; This function is called by:
  1002 ;;		_main
  1003 ;; This function uses a non-reentrant model
  1004 ;;
  1005                           
  1006                           	psect	text3
  1007   0007B4                     __ptext3:
  1008                           	callstack 0
  1009   0007B4                     _pattern_1:
  1010                           	callstack 30
  1011   0007B4                     
  1012                           ;main.c: 67:     if (i < 8) {
  1013   0007B4  BE0B               	btfsc	(_i+1)^0,7,c
  1014   0007B6  EFE8  F003         	goto	u60
  1015   0007BA  500B               	movf	(_i+1)^0,w,c
  1016   0007BC  E107               	bnz	u61
  1017   0007BE  0E08               	movlw	8
  1018   0007C0  5C0A               	subwf	_i^0,w,c
  1019   0007C2  B0D8               	btfsc	status,0,c
  1020   0007C4  EFE6  F003         	goto	u61
  1021   0007C8  EFE8  F003         	goto	u60
  1022   0007CC                     u61:
  1023   0007CC  EFF8  F003         	goto	l876
  1024   0007D0                     u60:
  1025   0007D0                     
  1026                           ;main.c: 68:         PORTB |= (1 << i);
  1027   0007D0  C00A  F001         	movff	_i,??_pattern_1
  1028   0007D4  0E01               	movlw	1
  1029   0007D6  6E02               	movwf	(??_pattern_1+1)^0,c
  1030   0007D8  2A01               	incf	??_pattern_1^0,f,c
  1031   0007DA  EFF1  F003         	goto	u74
  1032   0007DE                     u75:
  1033   0007DE  90D8               	bcf	status,0,c
  1034   0007E0  3602               	rlcf	(??_pattern_1+1)^0,f,c
  1035   0007E2                     u74:
  1036   0007E2  2E01               	decfsz	??_pattern_1^0,f,c
  1037   0007E4  EFEF  F003         	goto	u75
  1038   0007E8  5002               	movf	(??_pattern_1+1)^0,w,c
  1039   0007EA  1281               	iorwf	129,f,c	;volatile
  1040                           
  1041                           ;main.c: 69:     } else if (i < 16) {
  1042   0007EC  EF0C  F004         	goto	l880
  1043   0007F0                     l876:
  1044   0007F0  BE0B               	btfsc	(_i+1)^0,7,c
  1045   0007F2  EF06  F004         	goto	u80
  1046   0007F6  500B               	movf	(_i+1)^0,w,c
  1047   0007F8  E107               	bnz	u81
  1048   0007FA  0E10               	movlw	16
  1049   0007FC  5C0A               	subwf	_i^0,w,c
  1050   0007FE  B0D8               	btfsc	status,0,c
  1051   000800  EF04  F004         	goto	u81
  1052   000804  EF06  F004         	goto	u80
  1053   000808                     u81:
  1054   000808  EF0A  F004         	goto	l47
  1055   00080C                     u80:
  1056   00080C                     
  1057                           ;main.c: 70:         PORTB <<= 1;
  1058   00080C  90D8               	bcf	status,0,c
  1059   00080E  3681               	rlcf	129,f,c
  1060                           
  1061                           ;volatile
  1062                           ;main.c: 71:     } else {
  1063   000810  EF0C  F004         	goto	l880
  1064   000814                     l47:
  1065                           
  1066                           ;main.c: 72:         i = -1;
  1067   000814  680A               	setf	_i^0,c
  1068   000816  680B               	setf	(_i+1)^0,c
  1069   000818                     l880:
  1070                           
  1071                           ;main.c: 74:     i++;
  1072   000818  4A0A               	infsnz	_i^0,f,c
  1073   00081A  2A0B               	incf	(_i+1)^0,f,c
  1074   00081C  0012               	return		;funcret
  1075   00081E                     __end_of_pattern_1:
  1076                           	callstack 0
  1077                           
  1078                           	psect	smallconst
  1079   000600                     __psmallconst:
  1080                           	callstack 0
  1081   000600  00                 	db	0
  1082   000601  00                 	db	0	; dummy byte at the end
  1083   000600                     __smallconst    set	__psmallconst
  1084   000600                     __mediumconst   set	__psmallconst
  1085   000000                     __activetblptr  equ	0
  1086                           
  1087                           	psect	rparam
  1088   000001                     ___rparam_used  equ	1
  1089   000000                     ___param_bank   equ	0
  1090   000000                     __Lparam        equ	__Lrparam
  1091   000000                     __Hparam        equ	__Hrparam
  1092                           
  1093                           	psect	idloc
  1094                           
  1095                           ;Config register IDLOC0 @ 0x200000
  1096                           ;	unspecified, using default values
  1097   200000                     	org	2097152
  1098   200000  FF                 	db	255
  1099                           
  1100                           ;Config register IDLOC1 @ 0x200001
  1101                           ;	unspecified, using default values
  1102   200001                     	org	2097153
  1103   200001  FF                 	db	255
  1104                           
  1105                           ;Config register IDLOC2 @ 0x200002
  1106                           ;	unspecified, using default values
  1107   200002                     	org	2097154
  1108   200002  FF                 	db	255
  1109                           
  1110                           ;Config register IDLOC3 @ 0x200003
  1111                           ;	unspecified, using default values
  1112   200003                     	org	2097155
  1113   200003  FF                 	db	255
  1114                           
  1115                           ;Config register IDLOC4 @ 0x200004
  1116                           ;	unspecified, using default values
  1117   200004                     	org	2097156
  1118   200004  FF                 	db	255
  1119                           
  1120                           ;Config register IDLOC5 @ 0x200005
  1121                           ;	unspecified, using default values
  1122   200005                     	org	2097157
  1123   200005  FF                 	db	255
  1124                           
  1125                           ;Config register IDLOC6 @ 0x200006
  1126                           ;	unspecified, using default values
  1127   200006                     	org	2097158
  1128   200006  FF                 	db	255
  1129                           
  1130                           ;Config register IDLOC7 @ 0x200007
  1131                           ;	unspecified, using default values
  1132   200007                     	org	2097159
  1133   200007  FF                 	db	255
  1134                           
  1135                           	psect	config
  1136                           
  1137                           ; Padding undefined space
  1138   300000                     	org	3145728
  1139   300000  FF                 	db	255
  1140                           
  1141                           ;Config register CONFIG1H @ 0x300001
  1142                           ;	unspecified, using default values
  1143                           ;	Oscillator Selection bits
  1144                           ;	OSC = 0x7, unprogrammed default
  1145                           ;	Fail-Safe Clock Monitor Enable bit
  1146                           ;	FCMEN = 0x0, unprogrammed default
  1147                           ;	Internal/External Oscillator Switchover bit
  1148                           ;	IESO = 0x0, unprogrammed default
  1149   300001                     	org	3145729
  1150   300001  07                 	db	7
  1151                           
  1152                           ;Config register CONFIG2L @ 0x300002
  1153                           ;	unspecified, using default values
  1154                           ;	Power-up Timer Enable bit
  1155                           ;	PWRT = 0x1, unprogrammed default
  1156                           ;	Brown-out Reset Enable bits
  1157                           ;	BOREN = 0x3, unprogrammed default
  1158                           ;	Brown-out Reset Voltage bits
  1159                           ;	BORV = 0x3, unprogrammed default
  1160   300002                     	org	3145730
  1161   300002  1F                 	db	31
  1162                           
  1163                           ;Config register CONFIG2H @ 0x300003
  1164                           ;	unspecified, using default values
  1165                           ;	Watchdog Timer Enable bit
  1166                           ;	WDT = 0x1, unprogrammed default
  1167                           ;	Watchdog Timer Postscale Select bits
  1168                           ;	WDTPS = 0xF, unprogrammed default
  1169   300003                     	org	3145731
  1170   300003  1F                 	db	31
  1171                           
  1172                           ; Padding undefined space
  1173   300004                     	org	3145732
  1174   300004  FF                 	db	255
  1175                           
  1176                           ;Config register CONFIG3H @ 0x300005
  1177                           ;	unspecified, using default values
  1178                           ;	PORTB A/D Enable bit
  1179                           ;	PBADEN = 0x1, unprogrammed default
  1180                           ;	Low-Power Timer 1 Oscillator Enable bit
  1181                           ;	LPT1OSC = 0x0, unprogrammed default
  1182                           ;	MCLR Pin Enable bit
  1183                           ;	MCLRE = 0x1, unprogrammed default
  1184   300005                     	org	3145733
  1185   300005  82                 	db	130
  1186                           
  1187                           ;Config register CONFIG4L @ 0x300006
  1188                           ;	unspecified, using default values
  1189                           ;	Stack Full/Underflow Reset Enable bit
  1190                           ;	STVREN = 0x1, unprogrammed default
  1191                           ;	Single-Supply ICSP Enable bit
  1192                           ;	LVP = 0x1, unprogrammed default
  1193                           ;	Boot Block Size Select bit
  1194                           ;	BBSIZ = 0x0, unprogrammed default
  1195                           ;	Extended Instruction Set Enable bit
  1196                           ;	XINST = 0x0, unprogrammed default
  1197                           ;	Background Debugger Enable bit
  1198                           ;	DEBUG = 0x1, unprogrammed default
  1199   300006                     	org	3145734
  1200   300006  85                 	db	133
  1201                           
  1202                           ; Padding undefined space
  1203   300007                     	org	3145735
  1204   300007  FF                 	db	255
  1205                           
  1206                           ;Config register CONFIG5L @ 0x300008
  1207                           ;	unspecified, using default values
  1208                           ;	Code Protection bit
  1209                           ;	CP0 = 0x1, unprogrammed default
  1210                           ;	Code Protection bit
  1211                           ;	CP1 = 0x1, unprogrammed default
  1212                           ;	Code Protection bit
  1213                           ;	CP2 = 0x1, unprogrammed default
  1214                           ;	Code Protection bit
  1215                           ;	CP3 = 0x1, unprogrammed default
  1216   300008                     	org	3145736
  1217   300008  0F                 	db	15
  1218                           
  1219                           ;Config register CONFIG5H @ 0x300009
  1220                           ;	unspecified, using default values
  1221                           ;	Boot Block Code Protection bit
  1222                           ;	CPB = 0x1, unprogrammed default
  1223                           ;	Data EEPROM Code Protection bit
  1224                           ;	CPD = 0x1, unprogrammed default
  1225   300009                     	org	3145737
  1226   300009  C0                 	db	192
  1227                           
  1228                           ;Config register CONFIG6L @ 0x30000A
  1229                           ;	unspecified, using default values
  1230                           ;	Write Protection bit
  1231                           ;	WRT0 = 0x1, unprogrammed default
  1232                           ;	Write Protection bit
  1233                           ;	WRT1 = 0x1, unprogrammed default
  1234                           ;	Write Protection bit
  1235                           ;	WRT2 = 0x1, unprogrammed default
  1236                           ;	Write Protection bit
  1237                           ;	WRT3 = 0x1, unprogrammed default
  1238   30000A                     	org	3145738
  1239   30000A  0F                 	db	15
  1240                           
  1241                           ;Config register CONFIG6H @ 0x30000B
  1242                           ;	unspecified, using default values
  1243                           ;	Configuration Register Write Protection bit
  1244                           ;	WRTC = 0x1, unprogrammed default
  1245                           ;	Boot Block Write Protection bit
  1246                           ;	WRTB = 0x1, unprogrammed default
  1247                           ;	Data EEPROM Write Protection bit
  1248                           ;	WRTD = 0x1, unprogrammed default
  1249   30000B                     	org	3145739
  1250   30000B  E0                 	db	224
  1251                           
  1252                           ;Config register CONFIG7L @ 0x30000C
  1253                           ;	unspecified, using default values
  1254                           ;	Table Read Protection bit
  1255                           ;	EBTR0 = 0x1, unprogrammed default
  1256                           ;	Table Read Protection bit
  1257                           ;	EBTR1 = 0x1, unprogrammed default
  1258                           ;	Table Read Protection bit
  1259                           ;	EBTR2 = 0x1, unprogrammed default
  1260                           ;	Table Read Protection bit
  1261                           ;	EBTR3 = 0x1, unprogrammed default
  1262   30000C                     	org	3145740
  1263   30000C  0F                 	db	15
  1264                           
  1265                           ;Config register CONFIG7H @ 0x30000D
  1266                           ;	unspecified, using default values
  1267                           ;	Boot Block Table Read Protection bit
  1268                           ;	EBTRB = 0x1, unprogrammed default
  1269   30000D                     	org	3145741
  1270   30000D  40                 	db	64
  1271                           tosu	equ	0xFFF
  1272                           tosh	equ	0xFFE
  1273                           tosl	equ	0xFFD
  1274                           stkptr	equ	0xFFC
  1275                           pclatu	equ	0xFFB
  1276                           pclath	equ	0xFFA
  1277                           pcl	equ	0xFF9
  1278                           tblptru	equ	0xFF8
  1279                           tblptrh	equ	0xFF7
  1280                           tblptrl	equ	0xFF6
  1281                           tablat	equ	0xFF5
  1282                           prodh	equ	0xFF4
  1283                           prodl	equ	0xFF3
  1284                           indf0	equ	0xFEF
  1285                           postinc0	equ	0xFEE
  1286                           postdec0	equ	0xFED
  1287                           preinc0	equ	0xFEC
  1288                           plusw0	equ	0xFEB
  1289                           fsr0h	equ	0xFEA
  1290                           fsr0l	equ	0xFE9
  1291                           wreg	equ	0xFE8
  1292                           indf1	equ	0xFE7
  1293                           postinc1	equ	0xFE6
  1294                           postdec1	equ	0xFE5
  1295                           preinc1	equ	0xFE4
  1296                           plusw1	equ	0xFE3
  1297                           fsr1h	equ	0xFE2
  1298                           fsr1l	equ	0xFE1
  1299                           bsr	equ	0xFE0
  1300                           indf2	equ	0xFDF
  1301                           postinc2	equ	0xFDE
  1302                           postdec2	equ	0xFDD
  1303                           preinc2	equ	0xFDC
  1304                           plusw2	equ	0xFDB
  1305                           fsr2h	equ	0xFDA
  1306                           fsr2l	equ	0xFD9
  1307                           status	equ	0xFD8

Data Sizes:
    Strings     0
    Constant    0
    Data        1
    BSS         2
    Persistent  1
    Stack       0

Auto Spaces:
    Space          Size  Autos    Used
    COMRAM           95      9      13
    BANK0           160      0       0
    BANK1           256      0       0
    BANK2           256      0       0
    BANK3           256      0       0
    BANK4           256      0       0
    BANK5           256      0       0

Pointer List with Targets:

    None.

Critical Paths under _main in COMRAM

    _main->_pattern_2

Critical Paths under _main in BANK0

    None.

Critical Paths under _main in BANK1

    None.

Critical Paths under _main in BANK2

    None.

Critical Paths under _main in BANK3

    None.

Critical Paths under _main in BANK4

    None.

Critical Paths under _main in BANK5

    None.

Call Graph Tables:

 ---------------------------------------------------------------------------------
 (Depth) Function   	        Calls       Base Space   Used Autos Params    Refs
 ---------------------------------------------------------------------------------
 (0) _main                                                 6     6      0      75
                                              3 COMRAM     6     6      0
                          _pattern_1
                          _pattern_2
                        _read_switch
 ---------------------------------------------------------------------------------
 (1) _read_switch                                          1     1      0      30
                                              0 COMRAM     1     1      0
 ---------------------------------------------------------------------------------
 (1) _pattern_2                                            3     3      0       0
                                              0 COMRAM     3     3      0
 ---------------------------------------------------------------------------------
 (1) _pattern_1                                            2     2      0       0
                                              0 COMRAM     2     2      0
 ---------------------------------------------------------------------------------
 Estimated maximum stack depth 1
 ---------------------------------------------------------------------------------

 Call Graph Graphs:

 _main (ROOT)
   _pattern_1
   _pattern_2
   _read_switch

Address spaces:
Name               Size   Autos  Total    Usage
BIGRAM            1535      0       0      0.0%
BITBIGSFRl         641      0       0      0.0%
BITBANK5           256      0       0      0.0%
BANK5              256      0       0      0.0%
BITBANK4           256      0       0      0.0%
BANK4              256      0       0      0.0%
BITBANK3           256      0       0      0.0%
BANK3              256      0       0      0.0%
BITBANK2           256      0       0      0.0%
BANK2              256      0       0      0.0%
BITBANK1           256      0       0      0.0%
BANK1              256      0       0      0.0%
BITBANK0           160      0       0      0.0%
BANK0              160      0       0      0.0%
BITBIGSFRh         126      0       0      0.0%
BITCOMRAM           95      0       0      0.0%
COMRAM              95      9      13     13.7%
STACK                0      0       0      0.0%
DATA                 0      0      13      0.0%


Microchip Technology PIC18 Macro Assembler V3.10 build 20250813170317 
Symbol Table                                                                                   Mon Mar  2 17:23:46 2026

                      _i 000A                       l26 0676                       l27 065C  
                     l37 0742                       l54 07AA                       l47 0814  
                     l56 07B2                       l49 081C                       u10 06E6  
                     u11 06E2                       u20 06FE                       u21 06FA  
                     u30 0712                       u31 070E                       u40 0722  
                     u41 071E                       u50 073C                       u51 0738  
                     u60 07D0                       u61 07CC                       u80 080C  
                     u81 0808                       u74 07E2                       u90 0760  
                     u75 07DE                       u91 075C                      l900 061A  
                    l910 069E                      l902 0620                      l912 06AE  
                    l904 0628                      l850 06EE                      l842 06D6  
                    l914 06C0                      l906 063A                      l852 06FE  
                    l844 06E6                      l916 06C8                      l908 064C  
                    l854 0712                      l880 0818                      l872 07B4  
                    l856 0722                      l864 0728                      l874 07D0  
                    l890 07AE                      l882 0744                      l866 073C  
                    l876 07F0                      l884 0760                      l868 0740  
                    l892 0602                      l878 080C                      l886 0786  
                    l894 0604                      l888 07A2                      l896 0608  
                    l898 060A                      u110 07A2                      u111 079E  
                    u104 0778                      u120 063A                      u105 0772  
                    u121 0636                      u130 064C                      u131 0648  
                    u140 0670                      u141 066A                      u150 0672  
                    u160 069E                      u161 069A                      u170 06C0  
                    u171 06BC                      _key 000C                      wreg 0FE8  
                   _main 0602                     _once 000D                     start 2FFC  
           ___param_bank 0000                    ?_main 0001                    _PORTB 0F81  
                  _PORTC 0F82                    _TRISB 0F93                    _TRISC 0F94  
           ?_read_switch 0001                    tablat 0FF5                    status 0FD8  
        __initialization 081E             __end_of_main 06D4                   ??_main 0004  
          __activetblptr 0000                   isa$std 0001             __pdataCOMRAM 000D  
           __mediumconst 0600                   tblptrh 0FF7                   tblptrl 0FF6  
                 tblptru 0FF8               __accesstop 0060  __end_of__initialization 0834  
          ___rparam_used 0001           __pcstackCOMRAM 0001               __pnvCOMRAM 000C  
                __Hparam 0000                  __Lparam 0000             __psmallconst 0600  
                __pcinit 081E                  __ramtop 0600                  __ptext0 0602  
                __ptext1 06D4                  __ptext2 0744                  __ptext3 07B4  
      __end_of_pattern_1 081E        __end_of_pattern_2 07B4     end_of_initialization 0834  
          __pidataCOMRAM 3000      start_initialization 081E              __pbssCOMRAM 000A  
          ??_read_switch 0001              __smallconst 0600                _pattern_1 07B4  
              _pattern_2 0744      __end_of_read_switch 0744                main@delay 0004  
             ?_pattern_1 0001               ?_pattern_2 0001                 __Hrparam 0000  
               __Lrparam 0000              _read_switch 06D4                 isa$xinst 0000  
               main@flag 0008   read_switch@detect_type 0001              ??_pattern_1 0001  
            ??_pattern_2 0001  
