

Microchip MPLAB XC8 Assembler V3.10 build 20250813170317 
                                                                                               Mon Mar 30 11:49:33 2026

Microchip MPLAB XC8 C Compiler v3.10 (Free license) build 20250813170317 Og1 
     1                           	processor	18F4580
     2                           	fnconf	rparam,??,?,0
     3                           	pagewidth 120
     4                           	opt	flic
     5                           	psect	idataCOMRAM,global,class=CODE,space=0,delta=1,noexec
     6                           	psect	nvCOMRAM,global,class=COMRAM,space=1,delta=1,lowdata,noexec
     7                           	psect	cinit,global,reloc=2,class=CODE,space=0,delta=1
     8                           	psect	bssCOMRAM,global,class=COMRAM,space=1,delta=1,lowdata,noexec
     9                           	psect	dataCOMRAM,global,class=COMRAM,space=1,delta=1,lowdata,noexec
    10                           	psect	cstackCOMRAM,global,class=COMRAM,space=1,delta=1,lowdata,noexec
    11                           	psect	text0,global,reloc=2,class=CODE,space=0,delta=1
    12                           	psect	text1,global,reloc=2,class=CODE,space=0,delta=1
    13                           	psect	intcode,global,reloc=2,class=CODE,space=0,delta=1
    14                           	psect	intcode_body,global,reloc=2,class=CODE,space=0,delta=1
    15                           	psect	smallconst,global,reloc=2,class=SMALLCONST,space=0,delta=1,noexec
    16                           	psect	intsave_regs,global,class=BIGRAM,space=1,delta=1,noexec
    17                           	psect	rparam,global,class=COMRAM,space=1,delta=1,noexec
    18                           	psect	idloc,global,abs,ovrld,class=IDLOC,space=5,delta=1,noexec
    19                           	psect	config,global,abs,ovrld,class=CONFIG,space=4,delta=1,noexec
    20                           	dabs	1,0x1,1
    21   000000                     
    22                           ; Version 2.40
    23                           ; Generated 17/11/2021 GMT
    24                           ; 
    25                           ; Copyright © 2021, Microchip Technology Inc. and its subsidiaries ("Microchip")
    26                           ; All rights reserved.
    27                           ; 
    28                           ; This software is developed by Microchip Technology Inc. and its subsidiaries ("Microch
      +                          ip").
    29                           ; 
    30                           ; Redistribution and use in source and binary forms, with or without modification, are
    31                           ; permitted provided that the following conditions are met:
    32                           ; 
    33                           ;     1. Redistributions of source code must retain the above copyright notice, this lis
      +                          t of
    34                           ;        conditions and the following disclaimer.
    35                           ; 
    36                           ;     2. Redistributions in binary form must reproduce the above copyright notice, this 
      +                          list
    37                           ;        of conditions and the following disclaimer in the documentation and/or other
    38                           ;        materials provided with the distribution. Publication is not required when
    39                           ;        this file is used in an embedded application.
    40                           ; 
    41                           ;     3. Microchip's name may not be used to endorse or promote products derived from th
      +                          is
    42                           ;        software without specific prior written permission.
    43                           ; 
    44                           ; THIS SOFTWARE IS PROVIDED BY MICROCHIP "AS IS" AND ANY EXPRESS OR IMPLIED WARRANTIES,
    45                           ; INCLUDING, BUT NOT LIMITED TO, THE IMPLIED WARRANTIES OF MERCHANTABILITY AND FITNESS F
      +                          OR
    46                           ; PURPOSE ARE DISCLAIMED.  IN NO EVENT SHALL MICROCHIP BE LIABLE FOR ANY DIRECT, INDIREC
      +                          T,
    47                           ; INCIDENTAL, SPECIAL, EXEMPLARY, OR CONSEQUENTIAL DAMAGES (INCLUDING BUT NOT LIMITED TO
    48                           ; PROCUREMENT OF SUBSTITUTE GOODS OR SERVICES; LOSS OF USE, DATA OR PROFITS; OR BUSINESS
    49                           ; INTERRUPTION) HOWSOEVER CAUSED AND ON ANY THEORY OF LIABILITY, WHETHER IN CONTRACT, ST
      +                          RICT
    50                           ; LIABILITY, OR TORT (INCLUDING NEGLIGENCE OR OTHERWISE) ARISING IN ANY WAY OUT OF THE U
      +                          SE OF
    51                           ; THIS SOFTWARE, EVEN IF ADVISED OF THE POSSIBILITY OF SUCH DAMAGE.
    52                           ; 
    53                           ; 
    54                           ; Code-generator required, PIC18F4580 Definitions
    55                           ; 
    56                           ; SFR Addresses
    57   000FE0                     bsr             equ	4064
    58   000FE9                     fsr0            equ	4073
    59   000FEA                     fsr0h           equ	4074
    60   000FE9                     fsr0l           equ	4073
    61   000FE1                     fsr1            equ	4065
    62   000FE2                     fsr1h           equ	4066
    63   000FE1                     fsr1l           equ	4065
    64   000FD9                     fsr2            equ	4057
    65   000FDA                     fsr2h           equ	4058
    66   000FD9                     fsr2l           equ	4057
    67   000FEF                     indf0           equ	4079
    68   000FE7                     indf1           equ	4071
    69   000FDF                     indf2           equ	4063
    70   000FF2                     intcon          equ	4082
    71   000000                     nvmcon          equ	0
    72   000FF9                     pcl             equ	4089
    73   000FFA                     pclath          equ	4090
    74   000FFB                     pclatu          equ	4091
    75   000FEB                     plusw0          equ	4075
    76   000FE3                     plusw1          equ	4067
    77   000FDB                     plusw2          equ	4059
    78   000FED                     postdec0        equ	4077
    79   000FE5                     postdec1        equ	4069
    80   000FDD                     postdec2        equ	4061
    81   000FEE                     postinc0        equ	4078
    82   000FE6                     postinc1        equ	4070
    83   000FDE                     postinc2        equ	4062
    84   000FEC                     preinc0         equ	4076
    85   000FE4                     preinc1         equ	4068
    86   000FDC                     preinc2         equ	4060
    87   000FF3                     prod            equ	4083
    88   000FF4                     prodh           equ	4084
    89   000FF3                     prodl           equ	4083
    90   000FD8                     status          equ	4056
    91   000FF5                     tablat          equ	4085
    92   000FF6                     tblptr          equ	4086
    93   000FF7                     tblptrh         equ	4087
    94   000FF6                     tblptrl         equ	4086
    95   000FF8                     tblptru         equ	4088
    96   000FFD                     tosl            equ	4093
    97   000FE8                     wreg            equ	4072
    98   000D60                     RXF6SIDH        equ	3424	;# 
    99   000D61                     RXF6SIDL        equ	3425	;# 
   100   000D62                     RXF6EIDH        equ	3426	;# 
   101   000D63                     RXF6EIDL        equ	3427	;# 
   102   000D64                     RXF7SIDH        equ	3428	;# 
   103   000D65                     RXF7SIDL        equ	3429	;# 
   104   000D66                     RXF7EIDH        equ	3430	;# 
   105   000D67                     RXF7EIDL        equ	3431	;# 
   106   000D68                     RXF8SIDH        equ	3432	;# 
   107   000D69                     RXF8SIDL        equ	3433	;# 
   108   000D6A                     RXF8EIDH        equ	3434	;# 
   109   000D6B                     RXF8EIDL        equ	3435	;# 
   110   000D70                     RXF9SIDH        equ	3440	;# 
   111   000D71                     RXF9SIDL        equ	3441	;# 
   112   000D72                     RXF9EIDH        equ	3442	;# 
   113   000D73                     RXF9EIDL        equ	3443	;# 
   114   000D74                     RXF10SIDH       equ	3444	;# 
   115   000D75                     RXF10SIDL       equ	3445	;# 
   116   000D76                     RXF10EIDH       equ	3446	;# 
   117   000D77                     RXF10EIDL       equ	3447	;# 
   118   000D78                     RXF11SIDH       equ	3448	;# 
   119   000D79                     RXF11SIDL       equ	3449	;# 
   120   000D7A                     RXF11EIDH       equ	3450	;# 
   121   000D7B                     RXF11EIDL       equ	3451	;# 
   122   000D80                     RXF12SIDH       equ	3456	;# 
   123   000D81                     RXF12SIDL       equ	3457	;# 
   124   000D82                     RXF12EIDH       equ	3458	;# 
   125   000D83                     RXF12EIDL       equ	3459	;# 
   126   000D84                     RXF13SIDH       equ	3460	;# 
   127   000D85                     RXF13SIDL       equ	3461	;# 
   128   000D86                     RXF13EIDH       equ	3462	;# 
   129   000D87                     RXF13EIDL       equ	3463	;# 
   130   000D88                     RXF14SIDH       equ	3464	;# 
   131   000D89                     RXF14SIDL       equ	3465	;# 
   132   000D8A                     RXF14EIDH       equ	3466	;# 
   133   000D8B                     RXF14EIDL       equ	3467	;# 
   134   000D90                     RXF15SIDH       equ	3472	;# 
   135   000D91                     RXF15SIDL       equ	3473	;# 
   136   000D92                     RXF15EIDH       equ	3474	;# 
   137   000D93                     RXF15EIDL       equ	3475	;# 
   138   000DD4                     RXFCON0         equ	3540	;# 
   139   000DD5                     RXFCON1         equ	3541	;# 
   140   000DD8                     SDFLC           equ	3544	;# 
   141   000DE0                     RXFBCON0        equ	3552	;# 
   142   000DE1                     RXFBCON1        equ	3553	;# 
   143   000DE2                     RXFBCON2        equ	3554	;# 
   144   000DE3                     RXFBCON3        equ	3555	;# 
   145   000DE4                     RXFBCON4        equ	3556	;# 
   146   000DE5                     RXFBCON5        equ	3557	;# 
   147   000DE6                     RXFBCON6        equ	3558	;# 
   148   000DE7                     RXFBCON7        equ	3559	;# 
   149   000DF0                     MSEL0           equ	3568	;# 
   150   000DF1                     MSEL1           equ	3569	;# 
   151   000DF2                     MSEL2           equ	3570	;# 
   152   000DF3                     MSEL3           equ	3571	;# 
   153   000DF8                     BSEL0           equ	3576	;# 
   154   000DFA                     BIE0            equ	3578	;# 
   155   000DFC                     TXBIE           equ	3580	;# 
   156   000E20                     B0CON           equ	3616	;# 
   157   000E21                     B0SIDH          equ	3617	;# 
   158   000E22                     B0SIDL          equ	3618	;# 
   159   000E23                     B0EIDH          equ	3619	;# 
   160   000E24                     B0EIDL          equ	3620	;# 
   161   000E25                     B0DLC           equ	3621	;# 
   162   000E26                     B0D0            equ	3622	;# 
   163   000E27                     B0D1            equ	3623	;# 
   164   000E28                     B0D2            equ	3624	;# 
   165   000E29                     B0D3            equ	3625	;# 
   166   000E2A                     B0D4            equ	3626	;# 
   167   000E2B                     B0D5            equ	3627	;# 
   168   000E2C                     B0D6            equ	3628	;# 
   169   000E2D                     B0D7            equ	3629	;# 
   170   000E2E                     CANSTAT_RO9     equ	3630	;# 
   171   000E2F                     CANCON_RO9      equ	3631	;# 
   172   000E30                     B1CON           equ	3632	;# 
   173   000E31                     B1SIDH          equ	3633	;# 
   174   000E32                     B1SIDL          equ	3634	;# 
   175   000E33                     B1EIDH          equ	3635	;# 
   176   000E34                     B1EIDL          equ	3636	;# 
   177   000E35                     B1DLC           equ	3637	;# 
   178   000E36                     B1D0            equ	3638	;# 
   179   000E37                     B1D1            equ	3639	;# 
   180   000E38                     B1D2            equ	3640	;# 
   181   000E39                     B1D3            equ	3641	;# 
   182   000E3A                     B1D4            equ	3642	;# 
   183   000E3B                     B1D5            equ	3643	;# 
   184   000E3C                     B1D6            equ	3644	;# 
   185   000E3D                     B1D7            equ	3645	;# 
   186   000E3E                     CANSTAT_RO8     equ	3646	;# 
   187   000E3F                     CANCON_RO8      equ	3647	;# 
   188   000E40                     B2CON           equ	3648	;# 
   189   000E41                     B2SIDH          equ	3649	;# 
   190   000E42                     B2SIDL          equ	3650	;# 
   191   000E43                     B2EIDH          equ	3651	;# 
   192   000E44                     B2EIDL          equ	3652	;# 
   193   000E45                     B2DLC           equ	3653	;# 
   194   000E46                     B2D0            equ	3654	;# 
   195   000E47                     B2D1            equ	3655	;# 
   196   000E48                     B2D2            equ	3656	;# 
   197   000E49                     B2D3            equ	3657	;# 
   198   000E4A                     B2D4            equ	3658	;# 
   199   000E4B                     B2D5            equ	3659	;# 
   200   000E4C                     B2D6            equ	3660	;# 
   201   000E4D                     B2D7            equ	3661	;# 
   202   000E4E                     CANSTAT_RO7     equ	3662	;# 
   203   000E4F                     CANCON_RO7      equ	3663	;# 
   204   000E50                     B3CON           equ	3664	;# 
   205   000E51                     B3SIDH          equ	3665	;# 
   206   000E52                     B3SIDL          equ	3666	;# 
   207   000E53                     B3EIDH          equ	3667	;# 
   208   000E54                     B3EIDL          equ	3668	;# 
   209   000E55                     B3DLC           equ	3669	;# 
   210   000E56                     B3D0            equ	3670	;# 
   211   000E57                     B3D1            equ	3671	;# 
   212   000E58                     B3D2            equ	3672	;# 
   213   000E59                     B3D3            equ	3673	;# 
   214   000E5A                     B3D4            equ	3674	;# 
   215   000E5B                     B3D5            equ	3675	;# 
   216   000E5C                     B3D6            equ	3676	;# 
   217   000E5D                     B3D7            equ	3677	;# 
   218   000E5E                     CANSTAT_RO6     equ	3678	;# 
   219   000E5F                     CANCON_RO6      equ	3679	;# 
   220   000E60                     B4CON           equ	3680	;# 
   221   000E61                     B4SIDH          equ	3681	;# 
   222   000E62                     B4SIDL          equ	3682	;# 
   223   000E63                     B4EIDH          equ	3683	;# 
   224   000E64                     B4EIDL          equ	3684	;# 
   225   000E65                     B4DLC           equ	3685	;# 
   226   000E66                     B4D0            equ	3686	;# 
   227   000E67                     B4D1            equ	3687	;# 
   228   000E68                     B4D2            equ	3688	;# 
   229   000E69                     B4D3            equ	3689	;# 
   230   000E6A                     B4D4            equ	3690	;# 
   231   000E6B                     B4D5            equ	3691	;# 
   232   000E6C                     B4D6            equ	3692	;# 
   233   000E6D                     B4D7            equ	3693	;# 
   234   000E6E                     CANSTAT_RO5     equ	3694	;# 
   235   000E6F                     CANCON_RO5      equ	3695	;# 
   236   000E70                     B5CON           equ	3696	;# 
   237   000E71                     B5SIDH          equ	3697	;# 
   238   000E72                     B5SIDL          equ	3698	;# 
   239   000E73                     B5EIDH          equ	3699	;# 
   240   000E74                     B5EIDL          equ	3700	;# 
   241   000E75                     B5DLC           equ	3701	;# 
   242   000E76                     B5D0            equ	3702	;# 
   243   000E77                     B5D1            equ	3703	;# 
   244   000E78                     B5D2            equ	3704	;# 
   245   000E79                     B5D3            equ	3705	;# 
   246   000E7A                     B5D4            equ	3706	;# 
   247   000E7B                     B5D5            equ	3707	;# 
   248   000E7C                     B5D6            equ	3708	;# 
   249   000E7D                     B5D7            equ	3709	;# 
   250   000E7E                     CANSTAT_RO4     equ	3710	;# 
   251   000E7F                     CANCON_RO4      equ	3711	;# 
   252   000F00                     RXF0SIDH        equ	3840	;# 
   253   000F01                     RXF0SIDL        equ	3841	;# 
   254   000F02                     RXF0EIDH        equ	3842	;# 
   255   000F03                     RXF0EIDL        equ	3843	;# 
   256   000F04                     RXF1SIDH        equ	3844	;# 
   257   000F05                     RXF1SIDL        equ	3845	;# 
   258   000F06                     RXF1EIDH        equ	3846	;# 
   259   000F07                     RXF1EIDL        equ	3847	;# 
   260   000F08                     RXF2SIDH        equ	3848	;# 
   261   000F09                     RXF2SIDL        equ	3849	;# 
   262   000F0A                     RXF2EIDH        equ	3850	;# 
   263   000F0B                     RXF2EIDL        equ	3851	;# 
   264   000F0C                     RXF3SIDH        equ	3852	;# 
   265   000F0D                     RXF3SIDL        equ	3853	;# 
   266   000F0E                     RXF3EIDH        equ	3854	;# 
   267   000F0F                     RXF3EIDL        equ	3855	;# 
   268   000F10                     RXF4SIDH        equ	3856	;# 
   269   000F11                     RXF4SIDL        equ	3857	;# 
   270   000F12                     RXF4EIDH        equ	3858	;# 
   271   000F13                     RXF4EIDL        equ	3859	;# 
   272   000F14                     RXF5SIDH        equ	3860	;# 
   273   000F15                     RXF5SIDL        equ	3861	;# 
   274   000F16                     RXF5EIDH        equ	3862	;# 
   275   000F17                     RXF5EIDL        equ	3863	;# 
   276   000F18                     RXM0SIDH        equ	3864	;# 
   277   000F19                     RXM0SIDL        equ	3865	;# 
   278   000F1A                     RXM0EIDH        equ	3866	;# 
   279   000F1B                     RXM0EIDL        equ	3867	;# 
   280   000F1C                     RXM1SIDH        equ	3868	;# 
   281   000F1D                     RXM1SIDL        equ	3869	;# 
   282   000F1E                     RXM1EIDH        equ	3870	;# 
   283   000F1F                     RXM1EIDL        equ	3871	;# 
   284   000F20                     TXB2CON         equ	3872	;# 
   285   000F21                     TXB2SIDH        equ	3873	;# 
   286   000F22                     TXB2SIDL        equ	3874	;# 
   287   000F23                     TXB2EIDH        equ	3875	;# 
   288   000F24                     TXB2EIDL        equ	3876	;# 
   289   000F25                     TXB2DLC         equ	3877	;# 
   290   000F26                     TXB2D0          equ	3878	;# 
   291   000F27                     TXB2D1          equ	3879	;# 
   292   000F28                     TXB2D2          equ	3880	;# 
   293   000F29                     TXB2D3          equ	3881	;# 
   294   000F2A                     TXB2D4          equ	3882	;# 
   295   000F2B                     TXB2D5          equ	3883	;# 
   296   000F2C                     TXB2D6          equ	3884	;# 
   297   000F2D                     TXB2D7          equ	3885	;# 
   298   000F2E                     CANSTAT_RO3     equ	3886	;# 
   299   000F2F                     CANCON_RO3      equ	3887	;# 
   300   000F30                     TXB1CON         equ	3888	;# 
   301   000F31                     TXB1SIDH        equ	3889	;# 
   302   000F32                     TXB1SIDL        equ	3890	;# 
   303   000F33                     TXB1EIDH        equ	3891	;# 
   304   000F34                     TXB1EIDL        equ	3892	;# 
   305   000F35                     TXB1DLC         equ	3893	;# 
   306   000F36                     TXB1D0          equ	3894	;# 
   307   000F37                     TXB1D1          equ	3895	;# 
   308   000F38                     TXB1D2          equ	3896	;# 
   309   000F39                     TXB1D3          equ	3897	;# 
   310   000F3A                     TXB1D4          equ	3898	;# 
   311   000F3B                     TXB1D5          equ	3899	;# 
   312   000F3C                     TXB1D6          equ	3900	;# 
   313   000F3D                     TXB1D7          equ	3901	;# 
   314   000F3E                     CANSTAT_RO2     equ	3902	;# 
   315   000F3F                     CANCON_RO2      equ	3903	;# 
   316   000F40                     TXB0CON         equ	3904	;# 
   317   000F41                     TXB0SIDH        equ	3905	;# 
   318   000F42                     TXB0SIDL        equ	3906	;# 
   319   000F43                     TXB0EIDH        equ	3907	;# 
   320   000F44                     TXB0EIDL        equ	3908	;# 
   321   000F45                     TXB0DLC         equ	3909	;# 
   322   000F46                     TXB0D0          equ	3910	;# 
   323   000F47                     TXB0D1          equ	3911	;# 
   324   000F48                     TXB0D2          equ	3912	;# 
   325   000F49                     TXB0D3          equ	3913	;# 
   326   000F4A                     TXB0D4          equ	3914	;# 
   327   000F4B                     TXB0D5          equ	3915	;# 
   328   000F4C                     TXB0D6          equ	3916	;# 
   329   000F4D                     TXB0D7          equ	3917	;# 
   330   000F4E                     CANSTAT_RO1     equ	3918	;# 
   331   000F4F                     CANCON_RO1      equ	3919	;# 
   332   000F50                     RXB1CON         equ	3920	;# 
   333   000F51                     RXB1SIDH        equ	3921	;# 
   334   000F52                     RXB1SIDL        equ	3922	;# 
   335   000F53                     RXB1EIDH        equ	3923	;# 
   336   000F54                     RXB1EIDL        equ	3924	;# 
   337   000F55                     RXB1DLC         equ	3925	;# 
   338   000F56                     RXB1D0          equ	3926	;# 
   339   000F57                     RXB1D1          equ	3927	;# 
   340   000F58                     RXB1D2          equ	3928	;# 
   341   000F59                     RXB1D3          equ	3929	;# 
   342   000F5A                     RXB1D4          equ	3930	;# 
   343   000F5B                     RXB1D5          equ	3931	;# 
   344   000F5C                     RXB1D6          equ	3932	;# 
   345   000F5D                     RXB1D7          equ	3933	;# 
   346   000F5E                     CANSTAT_RO0     equ	3934	;# 
   347   000F5F                     CANCON_RO0      equ	3935	;# 
   348   000F60                     RXB0CON         equ	3936	;# 
   349   000F61                     RXB0SIDH        equ	3937	;# 
   350   000F62                     RXB0SIDL        equ	3938	;# 
   351   000F63                     RXB0EIDH        equ	3939	;# 
   352   000F64                     RXB0EIDL        equ	3940	;# 
   353   000F65                     RXB0DLC         equ	3941	;# 
   354   000F66                     RXB0D0          equ	3942	;# 
   355   000F67                     RXB0D1          equ	3943	;# 
   356   000F68                     RXB0D2          equ	3944	;# 
   357   000F69                     RXB0D3          equ	3945	;# 
   358   000F6A                     RXB0D4          equ	3946	;# 
   359   000F6B                     RXB0D5          equ	3947	;# 
   360   000F6C                     RXB0D6          equ	3948	;# 
   361   000F6D                     RXB0D7          equ	3949	;# 
   362   000F6E                     CANSTAT         equ	3950	;# 
   363   000F6F                     CANCON          equ	3951	;# 
   364   000F70                     BRGCON1         equ	3952	;# 
   365   000F71                     BRGCON2         equ	3953	;# 
   366   000F72                     BRGCON3         equ	3954	;# 
   367   000F73                     CIOCON          equ	3955	;# 
   368   000F74                     COMSTAT         equ	3956	;# 
   369   000F75                     RXERRCNT        equ	3957	;# 
   370   000F76                     TXERRCNT        equ	3958	;# 
   371   000F77                     ECANCON         equ	3959	;# 
   372   000F80                     PORTA           equ	3968	;# 
   373   000F81                     PORTB           equ	3969	;# 
   374   000F82                     PORTC           equ	3970	;# 
   375   000F83                     PORTD           equ	3971	;# 
   376   000F84                     PORTE           equ	3972	;# 
   377   000F89                     LATA            equ	3977	;# 
   378   000F8A                     LATB            equ	3978	;# 
   379   000F8B                     LATC            equ	3979	;# 
   380   000F8C                     LATD            equ	3980	;# 
   381   000F8D                     LATE            equ	3981	;# 
   382   000F92                     TRISA           equ	3986	;# 
   383   000F92                     DDRA            equ	3986	;# 
   384   000F93                     TRISB           equ	3987	;# 
   385   000F93                     DDRB            equ	3987	;# 
   386   000F94                     TRISC           equ	3988	;# 
   387   000F94                     DDRC            equ	3988	;# 
   388   000F95                     TRISD           equ	3989	;# 
   389   000F95                     DDRD            equ	3989	;# 
   390   000F96                     TRISE           equ	3990	;# 
   391   000F96                     DDRE            equ	3990	;# 
   392   000F9B                     OSCTUNE         equ	3995	;# 
   393   000F9D                     PIE1            equ	3997	;# 
   394   000F9E                     PIR1            equ	3998	;# 
   395   000F9F                     IPR1            equ	3999	;# 
   396   000FA0                     PIE2            equ	4000	;# 
   397   000FA1                     PIR2            equ	4001	;# 
   398   000FA2                     IPR2            equ	4002	;# 
   399   000FA3                     PIE3            equ	4003	;# 
   400   000FA4                     PIR3            equ	4004	;# 
   401   000FA5                     IPR3            equ	4005	;# 
   402   000FA6                     EECON1          equ	4006	;# 
   403   000FA7                     EECON2          equ	4007	;# 
   404   000FA8                     EEDATA          equ	4008	;# 
   405   000FA9                     EEADR           equ	4009	;# 
   406   000FAB                     RCSTA           equ	4011	;# 
   407   000FAB                     RCSTA1          equ	4011	;# 
   408   000FAC                     TXSTA           equ	4012	;# 
   409   000FAC                     TXSTA1          equ	4012	;# 
   410   000FAD                     TXREG           equ	4013	;# 
   411   000FAD                     TXREG1          equ	4013	;# 
   412   000FAE                     RCREG           equ	4014	;# 
   413   000FAE                     RCREG1          equ	4014	;# 
   414   000FAF                     SPBRG           equ	4015	;# 
   415   000FAF                     SPBRG1          equ	4015	;# 
   416   000FB0                     SPBRGH          equ	4016	;# 
   417   000FB1                     T3CON           equ	4017	;# 
   418   000FB2                     TMR3            equ	4018	;# 
   419   000FB2                     TMR3L           equ	4018	;# 
   420   000FB3                     TMR3H           equ	4019	;# 
   421   000FB4                     CMCON           equ	4020	;# 
   422   000FB5                     CVRCON          equ	4021	;# 
   423   000FB6                     ECCP1AS         equ	4022	;# 
   424   000FB7                     ECCP1DEL        equ	4023	;# 
   425   000FB8                     BAUDCON         equ	4024	;# 
   426   000FB8                     BAUDCTL         equ	4024	;# 
   427   000FBA                     ECCP1CON        equ	4026	;# 
   428   000FBB                     ECCPR1          equ	4027	;# 
   429   000FBB                     ECCPR1L         equ	4027	;# 
   430   000FBC                     ECCPR1H         equ	4028	;# 
   431   000FBD                     CCP1CON         equ	4029	;# 
   432   000FBE                     CCPR1           equ	4030	;# 
   433   000FBE                     CCPR1L          equ	4030	;# 
   434   000FBF                     CCPR1H          equ	4031	;# 
   435   000FC0                     ADCON2          equ	4032	;# 
   436   000FC1                     ADCON1          equ	4033	;# 
   437   000FC2                     ADCON0          equ	4034	;# 
   438   000FC3                     ADRES           equ	4035	;# 
   439   000FC3                     ADRESL          equ	4035	;# 
   440   000FC4                     ADRESH          equ	4036	;# 
   441   000FC5                     SSPCON2         equ	4037	;# 
   442   000FC6                     SSPCON1         equ	4038	;# 
   443   000FC7                     SSPSTAT         equ	4039	;# 
   444   000FC8                     SSPADD          equ	4040	;# 
   445   000FC9                     SSPBUF          equ	4041	;# 
   446   000FCA                     T2CON           equ	4042	;# 
   447   000FCB                     PR2             equ	4043	;# 
   448   000FCB                     MEMCON          equ	4043	;# 
   449   000FCC                     TMR2            equ	4044	;# 
   450   000FCD                     T1CON           equ	4045	;# 
   451   000FCE                     TMR1            equ	4046	;# 
   452   000FCE                     TMR1L           equ	4046	;# 
   453   000FCF                     TMR1H           equ	4047	;# 
   454   000FD0                     RCON            equ	4048	;# 
   455   000FD1                     WDTCON          equ	4049	;# 
   456   000FD2                     HLVDCON         equ	4050	;# 
   457   000FD2                     LVDCON          equ	4050	;# 
   458   000FD3                     OSCCON          equ	4051	;# 
   459   000FD5                     T0CON           equ	4053	;# 
   460   000FD6                     TMR0            equ	4054	;# 
   461   000FD6                     TMR0L           equ	4054	;# 
   462   000FD7                     TMR0H           equ	4055	;# 
   463   000FD8                     STATUS          equ	4056	;# 
   464   000FD9                     FSR2            equ	4057	;# 
   465   000FD9                     FSR2L           equ	4057	;# 
   466   000FDA                     FSR2H           equ	4058	;# 
   467   000FDB                     PLUSW2          equ	4059	;# 
   468   000FDC                     PREINC2         equ	4060	;# 
   469   000FDD                     POSTDEC2        equ	4061	;# 
   470   000FDE                     POSTINC2        equ	4062	;# 
   471   000FDF                     INDF2           equ	4063	;# 
   472   000FE0                     BSR             equ	4064	;# 
   473   000FE1                     FSR1            equ	4065	;# 
   474   000FE1                     FSR1L           equ	4065	;# 
   475   000FE2                     FSR1H           equ	4066	;# 
   476   000FE3                     PLUSW1          equ	4067	;# 
   477   000FE4                     PREINC1         equ	4068	;# 
   478   000FE5                     POSTDEC1        equ	4069	;# 
   479   000FE6                     POSTINC1        equ	4070	;# 
   480   000FE7                     INDF1           equ	4071	;# 
   481   000FE8                     WREG            equ	4072	;# 
   482   000FE9                     FSR0            equ	4073	;# 
   483   000FE9                     FSR0L           equ	4073	;# 
   484   000FEA                     FSR0H           equ	4074	;# 
   485   000FEB                     PLUSW0          equ	4075	;# 
   486   000FEC                     PREINC0         equ	4076	;# 
   487   000FED                     POSTDEC0        equ	4077	;# 
   488   000FEE                     POSTINC0        equ	4078	;# 
   489   000FEF                     INDF0           equ	4079	;# 
   490   000FF0                     INTCON3         equ	4080	;# 
   491   000FF1                     INTCON2         equ	4081	;# 
   492   000FF2                     INTCON          equ	4082	;# 
   493   000FF3                     PROD            equ	4083	;# 
   494   000FF3                     PRODL           equ	4083	;# 
   495   000FF4                     PRODH           equ	4084	;# 
   496   000FF5                     TABLAT          equ	4085	;# 
   497   000FF6                     TBLPTR          equ	4086	;# 
   498   000FF6                     TBLPTRL         equ	4086	;# 
   499   000FF7                     TBLPTRH         equ	4087	;# 
   500   000FF8                     TBLPTRU         equ	4088	;# 
   501   000FF9                     PCLAT           equ	4089	;# 
   502   000FF9                     PC              equ	4089	;# 
   503   000FF9                     PCL             equ	4089	;# 
   504   000FFA                     PCLATH          equ	4090	;# 
   505   000FFB                     PCLATU          equ	4091	;# 
   506   000FFC                     STKPTR          equ	4092	;# 
   507   000FFD                     TOS             equ	4093	;# 
   508   000FFD                     TOSL            equ	4093	;# 
   509   000FFE                     TOSH            equ	4094	;# 
   510   000FFF                     TOSU            equ	4095	;# 
   511                           
   512                           	psect	idataCOMRAM
   513   00077E                     __pidataCOMRAM:
   514                           	callstack 0
   515                           
   516                           ;initializer for _period
   517   00077E  0064               	dw	100
   518                           
   519                           ;initializer for _duty_cycle
   520   000780  0032               	dw	50
   521                           
   522                           ;initializer for _once
   523   000782  01                 	db	1
   524                           
   525                           	psect	nvCOMRAM
   526   00000B                     __pnvCOMRAM:
   527                           	callstack 0
   528   00000B                     _key:
   529                           	callstack 0
   530   00000B                     	ds	1
   531   000F82                     _PORTC          set	3970
   532   000FCA                     _T2CONbits      set	4042
   533   000FCB                     _PR2            set	4043
   534   000FCC                     _TMR2           set	4044
   535   000F81                     _PORTB          set	3969
   536   000F94                     _TRISC          set	3988
   537   000F93                     _TRISB          set	3987
   538   007CE9                     _TMR2IE         set	31977
   539   007CF1                     _TMR2IF         set	31985
   540   007F96                     _PEIE           set	32662
   541   007F97                     _GIE            set	32663
   542                           
   543                           ; #config settings
   544                           
   545                           	psect	cinit
   546   000750                     __pcinit:
   547                           	callstack 0
   548   000750                     start_initialization:
   549                           	callstack 0
   550   000750                     __initialization:
   551                           	callstack 0
   552                           
   553                           ; Initialize objects allocated to COMRAM (5 bytes)
   554                           ; load TBLPTR registers with __pidataCOMRAM
   555   000750  0E7E               	movlw	low __pidataCOMRAM
   556   000752  6EF6               	movwf	tblptrl,c
   557   000754  0E07               	movlw	high __pidataCOMRAM
   558   000756  6EF7               	movwf	tblptrh,c
   559   000758  0E00               	movlw	low (__pidataCOMRAM shr (0+16))
   560   00075A  6EF8               	movwf	tblptru,c
   561   00075C  EE00  F002         	lfsr	0,__pdataCOMRAM
   562   000760  EE10 F005          	lfsr	1,5
   563   000764                     copy_data0:
   564   000764  0009               	tblrd		*+
   565   000766  CFF5 FFEE          	movff	tablat,postinc0
   566   00076A  50E5               	movf	postdec1,w,c
   567   00076C  50E1               	movf	fsr1l,w,c
   568   00076E  E1FA               	bnz	copy_data0
   569                           
   570                           ; Clear objects allocated to COMRAM (2 bytes)
   571   000770  6A08               	clrf	(__pbssCOMRAM+1)& (0+255),c
   572   000772  6A07               	clrf	__pbssCOMRAM& (0+255),c
   573   000774                     end_of_initialization:
   574                           	callstack 0
   575   000774                     __end_of__initialization:
   576                           	callstack 0
   577   000774  9001               	bcf	int$flags,0,c	;clear compiler interrupt flag (level 1)
   578   000776  9201               	bcf	int$flags,1,c	;clear compiler interrupt flag (level 2)
   579   000778  0100               	movlb	0
   580   00077A  EF01  F003         	goto	_main	;jump to C main() function
   581                           
   582                           	psect	bssCOMRAM
   583   000007                     __pbssCOMRAM:
   584                           	callstack 0
   585   000007                     _count:
   586                           	callstack 0
   587   000007                     	ds	2
   588                           
   589                           	psect	dataCOMRAM
   590   000002                     __pdataCOMRAM:
   591                           	callstack 0
   592   000002                     _period:
   593                           	callstack 0
   594   000002                     	ds	2
   595   000004                     _duty_cycle:
   596                           	callstack 0
   597   000004                     	ds	2
   598   000006                     _once:
   599                           	callstack 0
   600   000006                     	ds	1
   601                           
   602                           	psect	cstackCOMRAM
   603   000009                     __pcstackCOMRAM:
   604                           	callstack 0
   605   000009                     read_switch@type:
   606                           	callstack 0
   607   000009                     
   608                           ; 1 bytes @ 0x0
   609   000009                     	ds	2
   610   00000B                     
   611                           ; 1 bytes @ 0x2
   612 ;;
   613 ;;Main: autosize = 0, tempsize = 0, incstack = 0, save=0
   614 ;;
   615 ;; *************** function _main *****************
   616 ;; Defined at:
   617 ;;		line 29 in file "main.c"
   618 ;; Parameters:    Size  Location     Type
   619 ;;		None
   620 ;; Auto vars:     Size  Location     Type
   621 ;;		None
   622 ;; Return value:  Size  Location     Type
   623 ;;                  1    wreg      void 
   624 ;; Registers used:
   625 ;;		wreg, status,2, status,0, cstack
   626 ;; Tracked objects:
   627 ;;		On entry : 0/0
   628 ;;		On exit  : 0/0
   629 ;;		Unchanged: 0/0
   630 ;; Data sizes:     COMRAM   BANK0   BANK1   BANK2   BANK3   BANK4   BANK5
   631 ;;      Params:         0       0       0       0       0       0       0
   632 ;;      Locals:         0       0       0       0       0       0       0
   633 ;;      Temps:          0       0       0       0       0       0       0
   634 ;;      Totals:         0       0       0       0       0       0       0
   635 ;;Total ram usage:        0 bytes
   636 ;; Hardware stack levels required when called: 2
   637 ;; This function calls:
   638 ;;		_read_switch
   639 ;; This function is called by:
   640 ;;		Startup code after reset
   641 ;; This function uses a non-reentrant model
   642 ;;
   643                           
   644                           	psect	text0
   645   000602                     __ptext0:
   646                           	callstack 0
   647   000602                     _main:
   648                           	callstack 29
   649   000602                     
   650                           ;main.c: 30:     TRISB = 0X00;
   651   000602  6A93               	clrf	147,c	;volatile
   652   000604                     
   653                           ;main.c: 31:     TRISC = TRISC | 0X0F;
   654   000604  5094               	movf	148,w,c	;volatile
   655   000606  090F               	iorlw	15
   656   000608  6E94               	movwf	148,c	;volatile
   657   00060A                     
   658                           ;main.c: 33:     PORTB = 0XFF;
   659   00060A  6881               	setf	129,c	;volatile
   660   00060C                     
   661                           ;main.c: 35:     GIE = 1;
   662   00060C  8EF2               	bsf	4082,7,c	;volatile
   663   00060E                     
   664                           ;main.c: 36:     PEIE = 1;
   665   00060E  8CF2               	bsf	4082,6,c	;volatile
   666   000610                     
   667                           ;main.c: 37:     TMR2IF = 0;
   668   000610  929E               	bcf	3998,1,c	;volatile
   669   000612                     
   670                           ;main.c: 38:     TMR2IE = 1;
   671   000612  829D               	bsf	3997,1,c	;volatile
   672   000614                     
   673                           ;main.c: 40:     TMR2 = 0;
   674   000614  6ACC               	clrf	204,c	;volatile
   675   000616                     
   676                           ;main.c: 41:     PR2 = 249;
   677   000616  0EF9               	movlw	249
   678   000618  6ECB               	movwf	203,c	;volatile
   679   00061A                     
   680                           ;main.c: 42:     T2CONbits.T2CKPS0 = 0;
   681   00061A  90CA               	bcf	202,0,c	;volatile
   682   00061C                     
   683                           ;main.c: 43:     T2CONbits.T2CKPS1 = 0;
   684   00061C  92CA               	bcf	202,1,c	;volatile
   685   00061E                     
   686                           ;main.c: 45:     T2CONbits.TMR2ON = 1;
   687   00061E  84CA               	bsf	202,2,c	;volatile
   688   000620                     l984:
   689                           
   690                           ;main.c: 48:         key = read_switch(1);
   691   000620  6A0A               	clrf	(read_switch@type+1)^0,c
   692   000622  0E01               	movlw	1
   693   000624  6E09               	movwf	read_switch@type^0,c
   694   000626  EC45  F003         	call	_read_switch	;wreg free
   695   00062A  6E0B               	movwf	_key^0,c
   696   00062C                     
   697                           ;main.c: 49:         if (key == 0x0E && duty_cycle < 100)
   698   00062C  0E0E               	movlw	14
   699   00062E  180B               	xorwf	_key^0,w,c
   700   000630  A4D8               	btfss	status,2,c
   701   000632  EF1D  F003         	goto	u181
   702   000636  EF1F  F003         	goto	u180
   703   00063A                     u181:
   704   00063A  EF2C  F003         	goto	l992
   705   00063E                     u180:
   706   00063E  5005               	movf	(_duty_cycle+1)^0,w,c
   707   000640  E107               	bnz	u191
   708   000642  0E64               	movlw	100
   709   000644  5C04               	subwf	_duty_cycle^0,w,c
   710   000646  B0D8               	btfsc	status,0,c
   711   000648  EF28  F003         	goto	u191
   712   00064C  EF2A  F003         	goto	u190
   713   000650                     u191:
   714   000650  EF2C  F003         	goto	l992
   715   000654                     u190:
   716   000654                     
   717                           ;main.c: 50:             duty_cycle++;
   718   000654  4A04               	infsnz	_duty_cycle^0,f,c
   719   000656  2A05               	incf	(_duty_cycle+1)^0,f,c
   720   000658                     l992:
   721                           
   722                           ;main.c: 51:         if (key == 0x0D && duty_cycle > 0)
   723   000658  0E0D               	movlw	13
   724   00065A  180B               	xorwf	_key^0,w,c
   725   00065C  A4D8               	btfss	status,2,c
   726   00065E  EF33  F003         	goto	u201
   727   000662  EF35  F003         	goto	u200
   728   000666                     u201:
   729   000666  EF10  F003         	goto	l984
   730   00066A                     u200:
   731   00066A  5004               	movf	_duty_cycle^0,w,c
   732   00066C  1005               	iorwf	(_duty_cycle+1)^0,w,c
   733   00066E  B4D8               	btfsc	status,2,c
   734   000670  EF3C  F003         	goto	u211
   735   000674  EF3E  F003         	goto	u210
   736   000678                     u211:
   737   000678  EF10  F003         	goto	l984
   738   00067C                     u210:
   739   00067C                     
   740                           ;main.c: 52:             duty_cycle--;
   741   00067C  0604               	decf	_duty_cycle^0,f,c
   742   00067E  A0D8               	btfss	status,0,c
   743   000680  0605               	decf	(_duty_cycle+1)^0,f,c
   744   000682  EF10  F003         	goto	l984
   745   000686  EF07  F000         	goto	start
   746   00068A                     __end_of_main:
   747                           	callstack 0
   748                           
   749 ;; *************** function _read_switch *****************
   750 ;; Defined at:
   751 ;;		line 57 in file "main.c"
   752 ;; Parameters:    Size  Location     Type
   753 ;;  type            2    0[COMRAM] int 
   754 ;; Auto vars:     Size  Location     Type
   755 ;;		None
   756 ;; Return value:  Size  Location     Type
   757 ;;                  1    wreg      unsigned char 
   758 ;; Registers used:
   759 ;;		wreg, status,2, status,0
   760 ;; Tracked objects:
   761 ;;		On entry : 0/0
   762 ;;		On exit  : 0/0
   763 ;;		Unchanged: 0/0
   764 ;; Data sizes:     COMRAM   BANK0   BANK1   BANK2   BANK3   BANK4   BANK5
   765 ;;      Params:         2       0       0       0       0       0       0
   766 ;;      Locals:         0       0       0       0       0       0       0
   767 ;;      Temps:          0       0       0       0       0       0       0
   768 ;;      Totals:         2       0       0       0       0       0       0
   769 ;;Total ram usage:        2 bytes
   770 ;; Hardware stack levels used: 1
   771 ;; Hardware stack levels required when called: 1
   772 ;; This function calls:
   773 ;;		Nothing
   774 ;; This function is called by:
   775 ;;		_main
   776 ;; This function uses a non-reentrant model
   777 ;;
   778                           
   779                           	psect	text1
   780   00068A                     __ptext1:
   781                           	callstack 0
   782   00068A                     _read_switch:
   783                           	callstack 29
   784   00068A                     
   785                           ;main.c: 58:     if (type == 0) {
   786   00068A  5009               	movf	read_switch@type^0,w,c
   787   00068C  100A               	iorwf	(read_switch@type+1)^0,w,c
   788   00068E  A4D8               	btfss	status,2,c
   789   000690  EF4C  F003         	goto	u131
   790   000694  EF4E  F003         	goto	u130
   791   000698                     u131:
   792   000698  EF52  F003         	goto	l938
   793   00069C                     u130:
   794   00069C                     l932:
   795                           
   796                           ;main.c: 59:         return PORTC & 0X0F;
   797   00069C  5082               	movf	130,w,c	;volatile
   798   00069E  0B0F               	andlw	15
   799   0006A0  EF7D  F003         	goto	l48
   800   0006A4                     l938:
   801   0006A4  0409               	decf	read_switch@type^0,w,c
   802   0006A6  100A               	iorwf	(read_switch@type+1)^0,w,c
   803   0006A8  A4D8               	btfss	status,2,c
   804   0006AA  EF59  F003         	goto	u141
   805   0006AE  EF5B  F003         	goto	u140
   806   0006B2                     u141:
   807   0006B2  EF7C  F003         	goto	l956
   808   0006B6                     u140:
   809   0006B6                     
   810                           ;main.c: 61:         if ((PORTC & 0X0F) != 0x0F && once) {
   811   0006B6  5082               	movf	130,w,c	;volatile
   812   0006B8  0B0F               	andlw	15
   813   0006BA  0A0F               	xorlw	15
   814   0006BC  B4D8               	btfsc	status,2,c
   815   0006BE  EF63  F003         	goto	u151
   816   0006C2  EF65  F003         	goto	u150
   817   0006C6                     u151:
   818   0006C6  EF70  F003         	goto	l952
   819   0006CA                     u150:
   820   0006CA  5006               	movf	_once^0,w,c
   821   0006CC  B4D8               	btfsc	status,2,c
   822   0006CE  EF6B  F003         	goto	u161
   823   0006D2  EF6D  F003         	goto	u160
   824   0006D6                     u161:
   825   0006D6  EF70  F003         	goto	l952
   826   0006DA                     u160:
   827   0006DA                     
   828                           ;main.c: 62:             once = 0;
   829   0006DA  6A06               	clrf	_once^0,c
   830   0006DC  EF4E  F003         	goto	l932
   831   0006E0                     l952:
   832   0006E0  5082               	movf	130,w,c	;volatile
   833   0006E2  0B0F               	andlw	15
   834   0006E4  0A0F               	xorlw	15
   835   0006E6  A4D8               	btfss	status,2,c
   836   0006E8  EF78  F003         	goto	u171
   837   0006EC  EF7A  F003         	goto	u170
   838   0006F0                     u171:
   839   0006F0  EF7C  F003         	goto	l956
   840   0006F4                     u170:
   841   0006F4                     
   842                           ;main.c: 65:             once = 1;
   843   0006F4  0E01               	movlw	1
   844   0006F6  6E06               	movwf	_once^0,c
   845   0006F8                     l956:
   846                           
   847                           ;main.c: 68:     return 0x0F;
   848   0006F8  0E0F               	movlw	15
   849   0006FA                     l48:
   850   0006FA  0012               	return		;funcret
   851   0006FC                     __end_of_read_switch:
   852                           	callstack 0
   853                           
   854 ;; *************** function __ISR *****************
   855 ;; Defined at:
   856 ;;		line 71 in file "main.c"
   857 ;; Parameters:    Size  Location     Type
   858 ;;		None
   859 ;; Auto vars:     Size  Location     Type
   860 ;;		None
   861 ;; Return value:  Size  Location     Type
   862 ;;                  1    wreg      void 
   863 ;; Registers used:
   864 ;;		wreg, status,2, status,0
   865 ;; Tracked objects:
   866 ;;		On entry : 0/0
   867 ;;		On exit  : 0/0
   868 ;;		Unchanged: 0/0
   869 ;; Data sizes:     COMRAM   BANK0   BANK1   BANK2   BANK3   BANK4   BANK5
   870 ;;      Params:         0       0       0       0       0       0       0
   871 ;;      Locals:         0       0       0       0       0       0       0
   872 ;;      Temps:          0       0       0       0       0       0       0
   873 ;;      Totals:         0       0       0       0       0       0       0
   874 ;;Total ram usage:        0 bytes
   875 ;; Hardware stack levels used: 1
   876 ;; This function calls:
   877 ;;		Nothing
   878 ;; This function is called by:
   879 ;;		Interrupt level 2
   880 ;; This function uses a non-reentrant model
   881 ;;
   882                           
   883                           	psect	intcode
   884   000008                     __pintcode:
   885                           	callstack 0
   886   000008                     __ISR:
   887                           	callstack 29
   888                           
   889                           ;incstack = 0
   890   000008  8201               	bsf	int$flags,1,c	;set compiler interrupt flag (level 2)
   891   00000A  ED7E  F003         	call	int_func,f	;refresh shadow registers
   892                           
   893                           	psect	intcode_body
   894   0006FC                     __pintcode_body:
   895                           	callstack 29
   896   0006FC                     int_func:
   897                           	callstack 29
   898   0006FC  0006               	pop		; remove dummy address from shadow register refresh
   899   0006FE                     
   900                           ;main.c: 72:     if (TMR2IF) {
   901   0006FE  A29E               	btfss	3998,1,c	;volatile
   902   000700  EF84  F003         	goto	i2u10_41
   903   000704  EF86  F003         	goto	i2u10_40
   904   000708                     i2u10_41:
   905   000708  EFA6  F003         	goto	i2l62
   906   00070C                     i2u10_40:
   907   00070C                     
   908                           ;main.c: 73:         TMR2IF = 0;
   909   00070C  929E               	bcf	3998,1,c	;volatile
   910   00070E                     
   911                           ;main.c: 75:         if (count < duty_cycle) {
   912   00070E  5004               	movf	_duty_cycle^0,w,c
   913   000710  5C07               	subwf	_count^0,w,c
   914   000712  5005               	movf	(_duty_cycle+1)^0,w,c
   915   000714  5808               	subwfb	(_count+1)^0,w,c
   916   000716  B0D8               	btfsc	status,0,c
   917   000718  EF90  F003         	goto	i2u11_41
   918   00071C  EF92  F003         	goto	i2u11_40
   919   000720                     i2u11_41:
   920   000720  EF95  F003         	goto	i2l59
   921   000724                     i2u11_40:
   922   000724                     
   923                           ;main.c: 77:             PORTB = 0XFF;
   924   000724  6881               	setf	129,c	;volatile
   925                           
   926                           ;main.c: 79:         } else {
   927   000726  EF96  F003         	goto	i2l924
   928   00072A                     i2l59:
   929                           
   930                           ;main.c: 81:             PORTB = 0X00;
   931   00072A  6A81               	clrf	129,c	;volatile
   932   00072C                     i2l924:
   933                           
   934                           ;main.c: 84:         count++;
   935   00072C  4A07               	infsnz	_count^0,f,c
   936   00072E  2A08               	incf	(_count+1)^0,f,c
   937   000730                     
   938                           ;main.c: 85:         if (count >= 100) {
   939   000730  5008               	movf	(_count+1)^0,w,c
   940   000732  E109               	bnz	i2u12_40
   941   000734  0E64               	movlw	100
   942   000736  5C07               	subwf	_count^0,w,c
   943   000738  A0D8               	btfss	status,0,c
   944   00073A  EFA1  F003         	goto	i2u12_41
   945   00073E  EFA3  F003         	goto	i2u12_40
   946   000742                     i2u12_41:
   947   000742  EFA6  F003         	goto	i2l62
   948   000746                     i2u12_40:
   949   000746                     
   950                           ;main.c: 86:             count = 0;
   951   000746  6A08               	clrf	(_count+1)^0,c
   952   000748  0E00               	movlw	0
   953   00074A  6E07               	movwf	_count^0,c
   954   00074C                     i2l62:
   955   00074C  9201               	bcf	int$flags,1,c	;clear compiler interrupt flag (level 2)
   956   00074E  0011               	retfie		f
   957   000750                     __end_of__ISR:
   958                           	callstack 0
   959                           
   960                           	psect	smallconst
   961   000600                     __psmallconst:
   962                           	callstack 0
   963   000600  00                 	db	0
   964   000601  00                 	db	0	; dummy byte at the end
   965   000600                     __smallconst    set	__psmallconst
   966   000600                     __mediumconst   set	__psmallconst
   967   000000                     __activetblptr  equ	0
   968                           
   969                           	psect	rparam
   970   000001                     ___rparam_used  equ	1
   971   000000                     ___param_bank   equ	0
   972   000000                     __Lparam        equ	__Lrparam
   973   000000                     __Hparam        equ	__Hrparam
   974   000001                     btemp           set	1	;btemp
   975   000001                     int$flags       set	1
   976   000001                     btemp0          set	1
   977   000002                     btemp1          set	2
   978                           
   979                           	psect	idloc
   980                           
   981                           ;Config register IDLOC0 @ 0x200000
   982                           ;	unspecified, using default values
   983   200000                     	org	2097152
   984   200000  FF                 	db	255
   985                           
   986                           ;Config register IDLOC1 @ 0x200001
   987                           ;	unspecified, using default values
   988   200001                     	org	2097153
   989   200001  FF                 	db	255
   990                           
   991                           ;Config register IDLOC2 @ 0x200002
   992                           ;	unspecified, using default values
   993   200002                     	org	2097154
   994   200002  FF                 	db	255
   995                           
   996                           ;Config register IDLOC3 @ 0x200003
   997                           ;	unspecified, using default values
   998   200003                     	org	2097155
   999   200003  FF                 	db	255
  1000                           
  1001                           ;Config register IDLOC4 @ 0x200004
  1002                           ;	unspecified, using default values
  1003   200004                     	org	2097156
  1004   200004  FF                 	db	255
  1005                           
  1006                           ;Config register IDLOC5 @ 0x200005
  1007                           ;	unspecified, using default values
  1008   200005                     	org	2097157
  1009   200005  FF                 	db	255
  1010                           
  1011                           ;Config register IDLOC6 @ 0x200006
  1012                           ;	unspecified, using default values
  1013   200006                     	org	2097158
  1014   200006  FF                 	db	255
  1015                           
  1016                           ;Config register IDLOC7 @ 0x200007
  1017                           ;	unspecified, using default values
  1018   200007                     	org	2097159
  1019   200007  FF                 	db	255
  1020                           
  1021                           	psect	config
  1022                           
  1023                           ; Padding undefined space
  1024   300000                     	org	3145728
  1025   300000  FF                 	db	255
  1026                           
  1027                           ;Config register CONFIG1H @ 0x300001
  1028                           ;	unspecified, using default values
  1029                           ;	Oscillator Selection bits
  1030                           ;	OSC = 0x7, unprogrammed default
  1031                           ;	Fail-Safe Clock Monitor Enable bit
  1032                           ;	FCMEN = 0x0, unprogrammed default
  1033                           ;	Internal/External Oscillator Switchover bit
  1034                           ;	IESO = 0x0, unprogrammed default
  1035   300001                     	org	3145729
  1036   300001  07                 	db	7
  1037                           
  1038                           ;Config register CONFIG2L @ 0x300002
  1039                           ;	unspecified, using default values
  1040                           ;	Power-up Timer Enable bit
  1041                           ;	PWRT = 0x1, unprogrammed default
  1042                           ;	Brown-out Reset Enable bits
  1043                           ;	BOREN = 0x3, unprogrammed default
  1044                           ;	Brown-out Reset Voltage bits
  1045                           ;	BORV = 0x3, unprogrammed default
  1046   300002                     	org	3145730
  1047   300002  1F                 	db	31
  1048                           
  1049                           ;Config register CONFIG2H @ 0x300003
  1050                           ;	unspecified, using default values
  1051                           ;	Watchdog Timer Enable bit
  1052                           ;	WDT = 0x1, unprogrammed default
  1053                           ;	Watchdog Timer Postscale Select bits
  1054                           ;	WDTPS = 0xF, unprogrammed default
  1055   300003                     	org	3145731
  1056   300003  1F                 	db	31
  1057                           
  1058                           ; Padding undefined space
  1059   300004                     	org	3145732
  1060   300004  FF                 	db	255
  1061                           
  1062                           ;Config register CONFIG3H @ 0x300005
  1063                           ;	unspecified, using default values
  1064                           ;	PORTB A/D Enable bit
  1065                           ;	PBADEN = 0x1, unprogrammed default
  1066                           ;	Low-Power Timer 1 Oscillator Enable bit
  1067                           ;	LPT1OSC = 0x0, unprogrammed default
  1068                           ;	MCLR Pin Enable bit
  1069                           ;	MCLRE = 0x1, unprogrammed default
  1070   300005                     	org	3145733
  1071   300005  82                 	db	130
  1072                           
  1073                           ;Config register CONFIG4L @ 0x300006
  1074                           ;	unspecified, using default values
  1075                           ;	Stack Full/Underflow Reset Enable bit
  1076                           ;	STVREN = 0x1, unprogrammed default
  1077                           ;	Single-Supply ICSP Enable bit
  1078                           ;	LVP = 0x1, unprogrammed default
  1079                           ;	Boot Block Size Select bit
  1080                           ;	BBSIZ = 0x0, unprogrammed default
  1081                           ;	Extended Instruction Set Enable bit
  1082                           ;	XINST = 0x0, unprogrammed default
  1083                           ;	Background Debugger Enable bit
  1084                           ;	DEBUG = 0x1, unprogrammed default
  1085   300006                     	org	3145734
  1086   300006  85                 	db	133
  1087                           
  1088                           ; Padding undefined space
  1089   300007                     	org	3145735
  1090   300007  FF                 	db	255
  1091                           
  1092                           ;Config register CONFIG5L @ 0x300008
  1093                           ;	unspecified, using default values
  1094                           ;	Code Protection bit
  1095                           ;	CP0 = 0x1, unprogrammed default
  1096                           ;	Code Protection bit
  1097                           ;	CP1 = 0x1, unprogrammed default
  1098                           ;	Code Protection bit
  1099                           ;	CP2 = 0x1, unprogrammed default
  1100                           ;	Code Protection bit
  1101                           ;	CP3 = 0x1, unprogrammed default
  1102   300008                     	org	3145736
  1103   300008  0F                 	db	15
  1104                           
  1105                           ;Config register CONFIG5H @ 0x300009
  1106                           ;	unspecified, using default values
  1107                           ;	Boot Block Code Protection bit
  1108                           ;	CPB = 0x1, unprogrammed default
  1109                           ;	Data EEPROM Code Protection bit
  1110                           ;	CPD = 0x1, unprogrammed default
  1111   300009                     	org	3145737
  1112   300009  C0                 	db	192
  1113                           
  1114                           ;Config register CONFIG6L @ 0x30000A
  1115                           ;	unspecified, using default values
  1116                           ;	Write Protection bit
  1117                           ;	WRT0 = 0x1, unprogrammed default
  1118                           ;	Write Protection bit
  1119                           ;	WRT1 = 0x1, unprogrammed default
  1120                           ;	Write Protection bit
  1121                           ;	WRT2 = 0x1, unprogrammed default
  1122                           ;	Write Protection bit
  1123                           ;	WRT3 = 0x1, unprogrammed default
  1124   30000A                     	org	3145738
  1125   30000A  0F                 	db	15
  1126                           
  1127                           ;Config register CONFIG6H @ 0x30000B
  1128                           ;	unspecified, using default values
  1129                           ;	Configuration Register Write Protection bit
  1130                           ;	WRTC = 0x1, unprogrammed default
  1131                           ;	Boot Block Write Protection bit
  1132                           ;	WRTB = 0x1, unprogrammed default
  1133                           ;	Data EEPROM Write Protection bit
  1134                           ;	WRTD = 0x1, unprogrammed default
  1135   30000B                     	org	3145739
  1136   30000B  E0                 	db	224
  1137                           
  1138                           ;Config register CONFIG7L @ 0x30000C
  1139                           ;	unspecified, using default values
  1140                           ;	Table Read Protection bit
  1141                           ;	EBTR0 = 0x1, unprogrammed default
  1142                           ;	Table Read Protection bit
  1143                           ;	EBTR1 = 0x1, unprogrammed default
  1144                           ;	Table Read Protection bit
  1145                           ;	EBTR2 = 0x1, unprogrammed default
  1146                           ;	Table Read Protection bit
  1147                           ;	EBTR3 = 0x1, unprogrammed default
  1148   30000C                     	org	3145740
  1149   30000C  0F                 	db	15
  1150                           
  1151                           ;Config register CONFIG7H @ 0x30000D
  1152                           ;	unspecified, using default values
  1153                           ;	Boot Block Table Read Protection bit
  1154                           ;	EBTRB = 0x1, unprogrammed default
  1155   30000D                     	org	3145741
  1156   30000D  40                 	db	64
  1157                           tosu	equ	0xFFF
  1158                           tosh	equ	0xFFE
  1159                           tosl	equ	0xFFD
  1160                           stkptr	equ	0xFFC
  1161                           pclatu	equ	0xFFB
  1162                           pclath	equ	0xFFA
  1163                           pcl	equ	0xFF9
  1164                           tblptru	equ	0xFF8
  1165                           tblptrh	equ	0xFF7
  1166                           tblptrl	equ	0xFF6
  1167                           tablat	equ	0xFF5
  1168                           prodh	equ	0xFF4
  1169                           prodl	equ	0xFF3
  1170                           indf0	equ	0xFEF
  1171                           postinc0	equ	0xFEE
  1172                           postdec0	equ	0xFED
  1173                           preinc0	equ	0xFEC
  1174                           plusw0	equ	0xFEB
  1175                           fsr0h	equ	0xFEA
  1176                           fsr0l	equ	0xFE9
  1177                           wreg	equ	0xFE8
  1178                           indf1	equ	0xFE7
  1179                           postinc1	equ	0xFE6
  1180                           postdec1	equ	0xFE5
  1181                           preinc1	equ	0xFE4
  1182                           plusw1	equ	0xFE3
  1183                           fsr1h	equ	0xFE2
  1184                           fsr1l	equ	0xFE1
  1185                           bsr	equ	0xFE0
  1186                           indf2	equ	0xFDF
  1187                           postinc2	equ	0xFDE
  1188                           postdec2	equ	0xFDD
  1189                           preinc2	equ	0xFDC
  1190                           plusw2	equ	0xFDB
  1191                           fsr2h	equ	0xFDA
  1192                           fsr2l	equ	0xFD9
  1193                           status	equ	0xFD8

Data Sizes:
    Strings     0
    Constant    0
    Data        5
    BSS         2
    Persistent  1
    Stack       0

Auto Spaces:
    Space          Size  Autos    Used
    COMRAM           94      2      10
    BANK0           160      0       0
    BANK1           256      0       0
    BANK2           256      0       0
    BANK3           256      0       0
    BANK4           256      0       0
    BANK5           256      0       0

Pointer List with Targets:

    None.

Critical Paths under _main in COMRAM

    _main->_read_switch

Critical Paths under __ISR in COMRAM

    None.

Critical Paths under _main in BANK0

    None.

Critical Paths under __ISR in BANK0

    None.

Critical Paths under _main in BANK1

    None.

Critical Paths under __ISR in BANK1

    None.

Critical Paths under _main in BANK2

    None.

Critical Paths under __ISR in BANK2

    None.

Critical Paths under _main in BANK3

    None.

Critical Paths under __ISR in BANK3

    None.

Critical Paths under _main in BANK4

    None.

Critical Paths under __ISR in BANK4

    None.

Critical Paths under _main in BANK5

    None.

Critical Paths under __ISR in BANK5

    None.

Call Graph Tables:

 ---------------------------------------------------------------------------------
 (Depth) Function   	        Calls       Base Space   Used Autos Params    Refs
 ---------------------------------------------------------------------------------
 (0) _main                                                 0     0      0      45
                        _read_switch
 ---------------------------------------------------------------------------------
 (1) _read_switch                                          2     0      2      45
                                              0 COMRAM     2     0      2
 ---------------------------------------------------------------------------------
 Estimated maximum stack depth 1
 ---------------------------------------------------------------------------------
 (Depth) Function   	        Calls       Base Space   Used Autos Params    Refs
 ---------------------------------------------------------------------------------
 (2) __ISR                                                 0     0      0       0
 ---------------------------------------------------------------------------------
 Estimated maximum stack depth 2
 ---------------------------------------------------------------------------------

 Call Graph Graphs:

 _main (ROOT)
   _read_switch

 __ISR (ROOT)

Address spaces:
Name               Size   Autos  Total    Usage
BIGRAM            1535      0       0      0.0%
BITBIGSFRll        641      0       0      0.0%
BITBANK5           256      0       0      0.0%
BANK5              256      0       0      0.0%
BITBANK4           256      0       0      0.0%
BANK4              256      0       0      0.0%
BITBANK3           256      0       0      0.0%
BANK3              256      0       0      0.0%
BITBANK2           256      0       0      0.0%
BANK2              256      0       0      0.0%
BITBANK1           256      0       0      0.0%
BANK1              256      0       0      0.0%
BITBANK0           160      0       0      0.0%
BANK0              160      0       0      0.0%
BITBIGSFRh          98      0       0      0.0%
BITCOMRAM           94      0       0      0.0%
COMRAM              94      2      10     10.6%
BITBIGSFRlh         27      0       0      0.0%
STACK                0      0       0      0.0%
DATA                 0      0      10      0.0%


Microchip Technology PIC18 Macro Assembler V3.10 build 20250813170317 
Symbol Table                                                                                   Mon Mar 30 11:49:33 2026

                     l48 06FA                      l930 068A                      l940 06B6  
                    l932 069C                      l942 06CA                      l944 06DA  
                    l952 06E0                      l960 0602                      l954 06F4  
                    l938 06A4                      l970 0610                      l962 0604  
                    l956 06F8                      l980 061C                      l972 0612  
                    l964 060A                      l990 0654                      l982 061E  
                    l974 0614                      l966 060C                      l992 0658  
                    l984 0620                      l976 0616                      l968 060E  
                    l994 066A                      l986 062C                      l978 061A  
                    _GIE 7F97                      l996 067C                      l988 063E  
                    u200 066A                      u201 0666                      u130 069C  
                    u210 067C                      u131 0698                      u211 0678  
                    u140 06B6                      u141 06B2                      u150 06CA  
                    u151 06C6                      u160 06DA                      u161 06D6  
                    u170 06F4                      u171 06F0                      u180 063E  
                    u181 063A                      u190 0654                      _PR2 0FCB  
                    u191 0650                      _key 000B                     _PEIE 7F96  
                   i2l62 074C                     i2l59 072A                     _TMR2 0FCC  
                   __ISR 0008                     _main 0602                     _once 0006  
                   fsr1l 0FE1                     btemp 0001                     start 000E  
           ___param_bank 0000          read_switch@type 0009                    ?__ISR 0009  
                  ?_main 0009                    i2l920 070E                    i2l922 0724  
                  i2l924 072C                    i2l916 06FE                    i2l926 0730  
                  i2l918 070C                    i2l928 0746                    _PORTB 0F81  
                  _PORTC 0F82                    _TRISB 0F93                    _TRISC 0F94  
                  _count 0007                    btemp0 0001                    btemp1 0002  
           ?_read_switch 0009                    tablat 0FF5                    status 0FD8  
           __end_of__ISR 0750          __initialization 0750             __end_of_main 068A  
                 ??__ISR 0009                   ??_main 000B            __activetblptr 0000  
                 _TMR2IE 7CE9                   _TMR2IF 7CF1                   _period 0002  
                 isa$std 0001             __pdataCOMRAM 0002             __mediumconst 0600  
                 tblptrh 0FF7                   tblptrl 0FF6                   tblptru 0FF8  
             __accesstop 0060  __end_of__initialization 0774            ___rparam_used 0001  
         __pcstackCOMRAM 0009               __pnvCOMRAM 000B                  i2u10_40 070C  
                i2u10_41 0708                  i2u11_40 0724                  i2u11_41 0720  
                i2u12_40 0746                  i2u12_41 0742                  __Hparam 0000  
                __Lparam 0000             __psmallconst 0600                  __pcinit 0750  
                __ramtop 0600                  __ptext0 0602                  __ptext1 068A  
              _T2CONbits 0FCA               _duty_cycle 0004           __pintcode_body 06FC  
   end_of_initialization 0774                  int_func 06FC                  postdec1 0FE5  
                postinc0 0FEE            __pidataCOMRAM 077E      start_initialization 0750  
            __pbssCOMRAM 0007            ??_read_switch 000B                __pintcode 0008  
            __smallconst 0600      __end_of_read_switch 06FC                copy_data0 0764  
               __Hrparam 0000                 __Lrparam 0000              _read_switch 068A  
               isa$xinst 0000                 int$flags 0001                 intlevel2 0000  
