

Microchip MPLAB XC8 Assembler V3.10 build 20250813170317 
                                                                                               Tue Mar  3 15:43:49 2026

Microchip MPLAB XC8 C Compiler v3.10 (Free license) build 20250813170317 Og1 
     1                           	processor	18F4580
     2                           	fnconf	rparam,??,?,0
     3                           	pagewidth 120
     4                           	opt	flic
     5                           	psect	cinit,global,reloc=2,class=CODE,space=0,delta=1
     6                           	psect	bssCOMRAM,global,class=COMRAM,space=1,delta=1,lowdata,noexec
     7                           	psect	cstackCOMRAM,global,class=COMRAM,space=1,delta=1,lowdata,noexec
     8                           	psect	text0,global,reloc=2,class=CODE,space=0,delta=1
     9                           	psect	smallconst,global,reloc=2,class=SMALLCONST,space=0,delta=1,noexec
    10                           	psect	intsave_regs,global,class=BIGRAM,space=1,delta=1,noexec
    11                           	psect	rparam,global,class=COMRAM,space=1,delta=1,noexec
    12                           	psect	idloc,global,abs,ovrld,class=IDLOC,space=5,delta=1,noexec
    13                           	psect	config,global,abs,ovrld,class=CONFIG,space=4,delta=1,noexec
    14   000000                     
    15                           ; Version 2.40
    16                           ; Generated 17/11/2021 GMT
    17                           ; 
    18                           ; Copyright © 2021, Microchip Technology Inc. and its subsidiaries ("Microchip")
    19                           ; All rights reserved.
    20                           ; 
    21                           ; This software is developed by Microchip Technology Inc. and its subsidiaries ("Microch
      +                          ip").
    22                           ; 
    23                           ; Redistribution and use in source and binary forms, with or without modification, are
    24                           ; permitted provided that the following conditions are met:
    25                           ; 
    26                           ;     1. Redistributions of source code must retain the above copyright notice, this lis
      +                          t of
    27                           ;        conditions and the following disclaimer.
    28                           ; 
    29                           ;     2. Redistributions in binary form must reproduce the above copyright notice, this 
      +                          list
    30                           ;        of conditions and the following disclaimer in the documentation and/or other
    31                           ;        materials provided with the distribution. Publication is not required when
    32                           ;        this file is used in an embedded application.
    33                           ; 
    34                           ;     3. Microchip's name may not be used to endorse or promote products derived from th
      +                          is
    35                           ;        software without specific prior written permission.
    36                           ; 
    37                           ; THIS SOFTWARE IS PROVIDED BY MICROCHIP "AS IS" AND ANY EXPRESS OR IMPLIED WARRANTIES,
    38                           ; INCLUDING, BUT NOT LIMITED TO, THE IMPLIED WARRANTIES OF MERCHANTABILITY AND FITNESS F
      +                          OR
    39                           ; PURPOSE ARE DISCLAIMED.  IN NO EVENT SHALL MICROCHIP BE LIABLE FOR ANY DIRECT, INDIREC
      +                          T,
    40                           ; INCIDENTAL, SPECIAL, EXEMPLARY, OR CONSEQUENTIAL DAMAGES (INCLUDING BUT NOT LIMITED TO
    41                           ; PROCUREMENT OF SUBSTITUTE GOODS OR SERVICES; LOSS OF USE, DATA OR PROFITS; OR BUSINESS
    42                           ; INTERRUPTION) HOWSOEVER CAUSED AND ON ANY THEORY OF LIABILITY, WHETHER IN CONTRACT, ST
      +                          RICT
    43                           ; LIABILITY, OR TORT (INCLUDING NEGLIGENCE OR OTHERWISE) ARISING IN ANY WAY OUT OF THE U
      +                          SE OF
    44                           ; THIS SOFTWARE, EVEN IF ADVISED OF THE POSSIBILITY OF SUCH DAMAGE.
    45                           ; 
    46                           ; 
    47                           ; Code-generator required, PIC18F4580 Definitions
    48                           ; 
    49                           ; SFR Addresses
    50   000FE0                     bsr             equ	4064
    51   000FE9                     fsr0            equ	4073
    52   000FEA                     fsr0h           equ	4074
    53   000FE9                     fsr0l           equ	4073
    54   000FE1                     fsr1            equ	4065
    55   000FE2                     fsr1h           equ	4066
    56   000FE1                     fsr1l           equ	4065
    57   000FD9                     fsr2            equ	4057
    58   000FDA                     fsr2h           equ	4058
    59   000FD9                     fsr2l           equ	4057
    60   000FEF                     indf0           equ	4079
    61   000FE7                     indf1           equ	4071
    62   000FDF                     indf2           equ	4063
    63   000FF2                     intcon          equ	4082
    64   000000                     nvmcon          equ	0
    65   000FF9                     pcl             equ	4089
    66   000FFA                     pclath          equ	4090
    67   000FFB                     pclatu          equ	4091
    68   000FEB                     plusw0          equ	4075
    69   000FE3                     plusw1          equ	4067
    70   000FDB                     plusw2          equ	4059
    71   000FED                     postdec0        equ	4077
    72   000FE5                     postdec1        equ	4069
    73   000FDD                     postdec2        equ	4061
    74   000FEE                     postinc0        equ	4078
    75   000FE6                     postinc1        equ	4070
    76   000FDE                     postinc2        equ	4062
    77   000FEC                     preinc0         equ	4076
    78   000FE4                     preinc1         equ	4068
    79   000FDC                     preinc2         equ	4060
    80   000FF3                     prod            equ	4083
    81   000FF4                     prodh           equ	4084
    82   000FF3                     prodl           equ	4083
    83   000FD8                     status          equ	4056
    84   000FF5                     tablat          equ	4085
    85   000FF6                     tblptr          equ	4086
    86   000FF7                     tblptrh         equ	4087
    87   000FF6                     tblptrl         equ	4086
    88   000FF8                     tblptru         equ	4088
    89   000FFD                     tosl            equ	4093
    90   000FE8                     wreg            equ	4072
    91   000D60                     RXF6SIDH        equ	3424	;# 
    92   000D61                     RXF6SIDL        equ	3425	;# 
    93   000D62                     RXF6EIDH        equ	3426	;# 
    94   000D63                     RXF6EIDL        equ	3427	;# 
    95   000D64                     RXF7SIDH        equ	3428	;# 
    96   000D65                     RXF7SIDL        equ	3429	;# 
    97   000D66                     RXF7EIDH        equ	3430	;# 
    98   000D67                     RXF7EIDL        equ	3431	;# 
    99   000D68                     RXF8SIDH        equ	3432	;# 
   100   000D69                     RXF8SIDL        equ	3433	;# 
   101   000D6A                     RXF8EIDH        equ	3434	;# 
   102   000D6B                     RXF8EIDL        equ	3435	;# 
   103   000D70                     RXF9SIDH        equ	3440	;# 
   104   000D71                     RXF9SIDL        equ	3441	;# 
   105   000D72                     RXF9EIDH        equ	3442	;# 
   106   000D73                     RXF9EIDL        equ	3443	;# 
   107   000D74                     RXF10SIDH       equ	3444	;# 
   108   000D75                     RXF10SIDL       equ	3445	;# 
   109   000D76                     RXF10EIDH       equ	3446	;# 
   110   000D77                     RXF10EIDL       equ	3447	;# 
   111   000D78                     RXF11SIDH       equ	3448	;# 
   112   000D79                     RXF11SIDL       equ	3449	;# 
   113   000D7A                     RXF11EIDH       equ	3450	;# 
   114   000D7B                     RXF11EIDL       equ	3451	;# 
   115   000D80                     RXF12SIDH       equ	3456	;# 
   116   000D81                     RXF12SIDL       equ	3457	;# 
   117   000D82                     RXF12EIDH       equ	3458	;# 
   118   000D83                     RXF12EIDL       equ	3459	;# 
   119   000D84                     RXF13SIDH       equ	3460	;# 
   120   000D85                     RXF13SIDL       equ	3461	;# 
   121   000D86                     RXF13EIDH       equ	3462	;# 
   122   000D87                     RXF13EIDL       equ	3463	;# 
   123   000D88                     RXF14SIDH       equ	3464	;# 
   124   000D89                     RXF14SIDL       equ	3465	;# 
   125   000D8A                     RXF14EIDH       equ	3466	;# 
   126   000D8B                     RXF14EIDL       equ	3467	;# 
   127   000D90                     RXF15SIDH       equ	3472	;# 
   128   000D91                     RXF15SIDL       equ	3473	;# 
   129   000D92                     RXF15EIDH       equ	3474	;# 
   130   000D93                     RXF15EIDL       equ	3475	;# 
   131   000DD4                     RXFCON0         equ	3540	;# 
   132   000DD5                     RXFCON1         equ	3541	;# 
   133   000DD8                     SDFLC           equ	3544	;# 
   134   000DE0                     RXFBCON0        equ	3552	;# 
   135   000DE1                     RXFBCON1        equ	3553	;# 
   136   000DE2                     RXFBCON2        equ	3554	;# 
   137   000DE3                     RXFBCON3        equ	3555	;# 
   138   000DE4                     RXFBCON4        equ	3556	;# 
   139   000DE5                     RXFBCON5        equ	3557	;# 
   140   000DE6                     RXFBCON6        equ	3558	;# 
   141   000DE7                     RXFBCON7        equ	3559	;# 
   142   000DF0                     MSEL0           equ	3568	;# 
   143   000DF1                     MSEL1           equ	3569	;# 
   144   000DF2                     MSEL2           equ	3570	;# 
   145   000DF3                     MSEL3           equ	3571	;# 
   146   000DF8                     BSEL0           equ	3576	;# 
   147   000DFA                     BIE0            equ	3578	;# 
   148   000DFC                     TXBIE           equ	3580	;# 
   149   000E20                     B0CON           equ	3616	;# 
   150   000E21                     B0SIDH          equ	3617	;# 
   151   000E22                     B0SIDL          equ	3618	;# 
   152   000E23                     B0EIDH          equ	3619	;# 
   153   000E24                     B0EIDL          equ	3620	;# 
   154   000E25                     B0DLC           equ	3621	;# 
   155   000E26                     B0D0            equ	3622	;# 
   156   000E27                     B0D1            equ	3623	;# 
   157   000E28                     B0D2            equ	3624	;# 
   158   000E29                     B0D3            equ	3625	;# 
   159   000E2A                     B0D4            equ	3626	;# 
   160   000E2B                     B0D5            equ	3627	;# 
   161   000E2C                     B0D6            equ	3628	;# 
   162   000E2D                     B0D7            equ	3629	;# 
   163   000E2E                     CANSTAT_RO9     equ	3630	;# 
   164   000E2F                     CANCON_RO9      equ	3631	;# 
   165   000E30                     B1CON           equ	3632	;# 
   166   000E31                     B1SIDH          equ	3633	;# 
   167   000E32                     B1SIDL          equ	3634	;# 
   168   000E33                     B1EIDH          equ	3635	;# 
   169   000E34                     B1EIDL          equ	3636	;# 
   170   000E35                     B1DLC           equ	3637	;# 
   171   000E36                     B1D0            equ	3638	;# 
   172   000E37                     B1D1            equ	3639	;# 
   173   000E38                     B1D2            equ	3640	;# 
   174   000E39                     B1D3            equ	3641	;# 
   175   000E3A                     B1D4            equ	3642	;# 
   176   000E3B                     B1D5            equ	3643	;# 
   177   000E3C                     B1D6            equ	3644	;# 
   178   000E3D                     B1D7            equ	3645	;# 
   179   000E3E                     CANSTAT_RO8     equ	3646	;# 
   180   000E3F                     CANCON_RO8      equ	3647	;# 
   181   000E40                     B2CON           equ	3648	;# 
   182   000E41                     B2SIDH          equ	3649	;# 
   183   000E42                     B2SIDL          equ	3650	;# 
   184   000E43                     B2EIDH          equ	3651	;# 
   185   000E44                     B2EIDL          equ	3652	;# 
   186   000E45                     B2DLC           equ	3653	;# 
   187   000E46                     B2D0            equ	3654	;# 
   188   000E47                     B2D1            equ	3655	;# 
   189   000E48                     B2D2            equ	3656	;# 
   190   000E49                     B2D3            equ	3657	;# 
   191   000E4A                     B2D4            equ	3658	;# 
   192   000E4B                     B2D5            equ	3659	;# 
   193   000E4C                     B2D6            equ	3660	;# 
   194   000E4D                     B2D7            equ	3661	;# 
   195   000E4E                     CANSTAT_RO7     equ	3662	;# 
   196   000E4F                     CANCON_RO7      equ	3663	;# 
   197   000E50                     B3CON           equ	3664	;# 
   198   000E51                     B3SIDH          equ	3665	;# 
   199   000E52                     B3SIDL          equ	3666	;# 
   200   000E53                     B3EIDH          equ	3667	;# 
   201   000E54                     B3EIDL          equ	3668	;# 
   202   000E55                     B3DLC           equ	3669	;# 
   203   000E56                     B3D0            equ	3670	;# 
   204   000E57                     B3D1            equ	3671	;# 
   205   000E58                     B3D2            equ	3672	;# 
   206   000E59                     B3D3            equ	3673	;# 
   207   000E5A                     B3D4            equ	3674	;# 
   208   000E5B                     B3D5            equ	3675	;# 
   209   000E5C                     B3D6            equ	3676	;# 
   210   000E5D                     B3D7            equ	3677	;# 
   211   000E5E                     CANSTAT_RO6     equ	3678	;# 
   212   000E5F                     CANCON_RO6      equ	3679	;# 
   213   000E60                     B4CON           equ	3680	;# 
   214   000E61                     B4SIDH          equ	3681	;# 
   215   000E62                     B4SIDL          equ	3682	;# 
   216   000E63                     B4EIDH          equ	3683	;# 
   217   000E64                     B4EIDL          equ	3684	;# 
   218   000E65                     B4DLC           equ	3685	;# 
   219   000E66                     B4D0            equ	3686	;# 
   220   000E67                     B4D1            equ	3687	;# 
   221   000E68                     B4D2            equ	3688	;# 
   222   000E69                     B4D3            equ	3689	;# 
   223   000E6A                     B4D4            equ	3690	;# 
   224   000E6B                     B4D5            equ	3691	;# 
   225   000E6C                     B4D6            equ	3692	;# 
   226   000E6D                     B4D7            equ	3693	;# 
   227   000E6E                     CANSTAT_RO5     equ	3694	;# 
   228   000E6F                     CANCON_RO5      equ	3695	;# 
   229   000E70                     B5CON           equ	3696	;# 
   230   000E71                     B5SIDH          equ	3697	;# 
   231   000E72                     B5SIDL          equ	3698	;# 
   232   000E73                     B5EIDH          equ	3699	;# 
   233   000E74                     B5EIDL          equ	3700	;# 
   234   000E75                     B5DLC           equ	3701	;# 
   235   000E76                     B5D0            equ	3702	;# 
   236   000E77                     B5D1            equ	3703	;# 
   237   000E78                     B5D2            equ	3704	;# 
   238   000E79                     B5D3            equ	3705	;# 
   239   000E7A                     B5D4            equ	3706	;# 
   240   000E7B                     B5D5            equ	3707	;# 
   241   000E7C                     B5D6            equ	3708	;# 
   242   000E7D                     B5D7            equ	3709	;# 
   243   000E7E                     CANSTAT_RO4     equ	3710	;# 
   244   000E7F                     CANCON_RO4      equ	3711	;# 
   245   000F00                     RXF0SIDH        equ	3840	;# 
   246   000F01                     RXF0SIDL        equ	3841	;# 
   247   000F02                     RXF0EIDH        equ	3842	;# 
   248   000F03                     RXF0EIDL        equ	3843	;# 
   249   000F04                     RXF1SIDH        equ	3844	;# 
   250   000F05                     RXF1SIDL        equ	3845	;# 
   251   000F06                     RXF1EIDH        equ	3846	;# 
   252   000F07                     RXF1EIDL        equ	3847	;# 
   253   000F08                     RXF2SIDH        equ	3848	;# 
   254   000F09                     RXF2SIDL        equ	3849	;# 
   255   000F0A                     RXF2EIDH        equ	3850	;# 
   256   000F0B                     RXF2EIDL        equ	3851	;# 
   257   000F0C                     RXF3SIDH        equ	3852	;# 
   258   000F0D                     RXF3SIDL        equ	3853	;# 
   259   000F0E                     RXF3EIDH        equ	3854	;# 
   260   000F0F                     RXF3EIDL        equ	3855	;# 
   261   000F10                     RXF4SIDH        equ	3856	;# 
   262   000F11                     RXF4SIDL        equ	3857	;# 
   263   000F12                     RXF4EIDH        equ	3858	;# 
   264   000F13                     RXF4EIDL        equ	3859	;# 
   265   000F14                     RXF5SIDH        equ	3860	;# 
   266   000F15                     RXF5SIDL        equ	3861	;# 
   267   000F16                     RXF5EIDH        equ	3862	;# 
   268   000F17                     RXF5EIDL        equ	3863	;# 
   269   000F18                     RXM0SIDH        equ	3864	;# 
   270   000F19                     RXM0SIDL        equ	3865	;# 
   271   000F1A                     RXM0EIDH        equ	3866	;# 
   272   000F1B                     RXM0EIDL        equ	3867	;# 
   273   000F1C                     RXM1SIDH        equ	3868	;# 
   274   000F1D                     RXM1SIDL        equ	3869	;# 
   275   000F1E                     RXM1EIDH        equ	3870	;# 
   276   000F1F                     RXM1EIDL        equ	3871	;# 
   277   000F20                     TXB2CON         equ	3872	;# 
   278   000F21                     TXB2SIDH        equ	3873	;# 
   279   000F22                     TXB2SIDL        equ	3874	;# 
   280   000F23                     TXB2EIDH        equ	3875	;# 
   281   000F24                     TXB2EIDL        equ	3876	;# 
   282   000F25                     TXB2DLC         equ	3877	;# 
   283   000F26                     TXB2D0          equ	3878	;# 
   284   000F27                     TXB2D1          equ	3879	;# 
   285   000F28                     TXB2D2          equ	3880	;# 
   286   000F29                     TXB2D3          equ	3881	;# 
   287   000F2A                     TXB2D4          equ	3882	;# 
   288   000F2B                     TXB2D5          equ	3883	;# 
   289   000F2C                     TXB2D6          equ	3884	;# 
   290   000F2D                     TXB2D7          equ	3885	;# 
   291   000F2E                     CANSTAT_RO3     equ	3886	;# 
   292   000F2F                     CANCON_RO3      equ	3887	;# 
   293   000F30                     TXB1CON         equ	3888	;# 
   294   000F31                     TXB1SIDH        equ	3889	;# 
   295   000F32                     TXB1SIDL        equ	3890	;# 
   296   000F33                     TXB1EIDH        equ	3891	;# 
   297   000F34                     TXB1EIDL        equ	3892	;# 
   298   000F35                     TXB1DLC         equ	3893	;# 
   299   000F36                     TXB1D0          equ	3894	;# 
   300   000F37                     TXB1D1          equ	3895	;# 
   301   000F38                     TXB1D2          equ	3896	;# 
   302   000F39                     TXB1D3          equ	3897	;# 
   303   000F3A                     TXB1D4          equ	3898	;# 
   304   000F3B                     TXB1D5          equ	3899	;# 
   305   000F3C                     TXB1D6          equ	3900	;# 
   306   000F3D                     TXB1D7          equ	3901	;# 
   307   000F3E                     CANSTAT_RO2     equ	3902	;# 
   308   000F3F                     CANCON_RO2      equ	3903	;# 
   309   000F40                     TXB0CON         equ	3904	;# 
   310   000F41                     TXB0SIDH        equ	3905	;# 
   311   000F42                     TXB0SIDL        equ	3906	;# 
   312   000F43                     TXB0EIDH        equ	3907	;# 
   313   000F44                     TXB0EIDL        equ	3908	;# 
   314   000F45                     TXB0DLC         equ	3909	;# 
   315   000F46                     TXB0D0          equ	3910	;# 
   316   000F47                     TXB0D1          equ	3911	;# 
   317   000F48                     TXB0D2          equ	3912	;# 
   318   000F49                     TXB0D3          equ	3913	;# 
   319   000F4A                     TXB0D4          equ	3914	;# 
   320   000F4B                     TXB0D5          equ	3915	;# 
   321   000F4C                     TXB0D6          equ	3916	;# 
   322   000F4D                     TXB0D7          equ	3917	;# 
   323   000F4E                     CANSTAT_RO1     equ	3918	;# 
   324   000F4F                     CANCON_RO1      equ	3919	;# 
   325   000F50                     RXB1CON         equ	3920	;# 
   326   000F51                     RXB1SIDH        equ	3921	;# 
   327   000F52                     RXB1SIDL        equ	3922	;# 
   328   000F53                     RXB1EIDH        equ	3923	;# 
   329   000F54                     RXB1EIDL        equ	3924	;# 
   330   000F55                     RXB1DLC         equ	3925	;# 
   331   000F56                     RXB1D0          equ	3926	;# 
   332   000F57                     RXB1D1          equ	3927	;# 
   333   000F58                     RXB1D2          equ	3928	;# 
   334   000F59                     RXB1D3          equ	3929	;# 
   335   000F5A                     RXB1D4          equ	3930	;# 
   336   000F5B                     RXB1D5          equ	3931	;# 
   337   000F5C                     RXB1D6          equ	3932	;# 
   338   000F5D                     RXB1D7          equ	3933	;# 
   339   000F5E                     CANSTAT_RO0     equ	3934	;# 
   340   000F5F                     CANCON_RO0      equ	3935	;# 
   341   000F60                     RXB0CON         equ	3936	;# 
   342   000F61                     RXB0SIDH        equ	3937	;# 
   343   000F62                     RXB0SIDL        equ	3938	;# 
   344   000F63                     RXB0EIDH        equ	3939	;# 
   345   000F64                     RXB0EIDL        equ	3940	;# 
   346   000F65                     RXB0DLC         equ	3941	;# 
   347   000F66                     RXB0D0          equ	3942	;# 
   348   000F67                     RXB0D1          equ	3943	;# 
   349   000F68                     RXB0D2          equ	3944	;# 
   350   000F69                     RXB0D3          equ	3945	;# 
   351   000F6A                     RXB0D4          equ	3946	;# 
   352   000F6B                     RXB0D5          equ	3947	;# 
   353   000F6C                     RXB0D6          equ	3948	;# 
   354   000F6D                     RXB0D7          equ	3949	;# 
   355   000F6E                     CANSTAT         equ	3950	;# 
   356   000F6F                     CANCON          equ	3951	;# 
   357   000F70                     BRGCON1         equ	3952	;# 
   358   000F71                     BRGCON2         equ	3953	;# 
   359   000F72                     BRGCON3         equ	3954	;# 
   360   000F73                     CIOCON          equ	3955	;# 
   361   000F74                     COMSTAT         equ	3956	;# 
   362   000F75                     RXERRCNT        equ	3957	;# 
   363   000F76                     TXERRCNT        equ	3958	;# 
   364   000F77                     ECANCON         equ	3959	;# 
   365   000F80                     PORTA           equ	3968	;# 
   366   000F81                     PORTB           equ	3969	;# 
   367   000F82                     PORTC           equ	3970	;# 
   368   000F83                     PORTD           equ	3971	;# 
   369   000F84                     PORTE           equ	3972	;# 
   370   000F89                     LATA            equ	3977	;# 
   371   000F8A                     LATB            equ	3978	;# 
   372   000F8B                     LATC            equ	3979	;# 
   373   000F8C                     LATD            equ	3980	;# 
   374   000F8D                     LATE            equ	3981	;# 
   375   000F92                     TRISA           equ	3986	;# 
   376   000F92                     DDRA            equ	3986	;# 
   377   000F93                     TRISB           equ	3987	;# 
   378   000F93                     DDRB            equ	3987	;# 
   379   000F94                     TRISC           equ	3988	;# 
   380   000F94                     DDRC            equ	3988	;# 
   381   000F95                     TRISD           equ	3989	;# 
   382   000F95                     DDRD            equ	3989	;# 
   383   000F96                     TRISE           equ	3990	;# 
   384   000F96                     DDRE            equ	3990	;# 
   385   000F9B                     OSCTUNE         equ	3995	;# 
   386   000F9D                     PIE1            equ	3997	;# 
   387   000F9E                     PIR1            equ	3998	;# 
   388   000F9F                     IPR1            equ	3999	;# 
   389   000FA0                     PIE2            equ	4000	;# 
   390   000FA1                     PIR2            equ	4001	;# 
   391   000FA2                     IPR2            equ	4002	;# 
   392   000FA3                     PIE3            equ	4003	;# 
   393   000FA4                     PIR3            equ	4004	;# 
   394   000FA5                     IPR3            equ	4005	;# 
   395   000FA6                     EECON1          equ	4006	;# 
   396   000FA7                     EECON2          equ	4007	;# 
   397   000FA8                     EEDATA          equ	4008	;# 
   398   000FA9                     EEADR           equ	4009	;# 
   399   000FAB                     RCSTA           equ	4011	;# 
   400   000FAB                     RCSTA1          equ	4011	;# 
   401   000FAC                     TXSTA           equ	4012	;# 
   402   000FAC                     TXSTA1          equ	4012	;# 
   403   000FAD                     TXREG           equ	4013	;# 
   404   000FAD                     TXREG1          equ	4013	;# 
   405   000FAE                     RCREG           equ	4014	;# 
   406   000FAE                     RCREG1          equ	4014	;# 
   407   000FAF                     SPBRG           equ	4015	;# 
   408   000FAF                     SPBRG1          equ	4015	;# 
   409   000FB0                     SPBRGH          equ	4016	;# 
   410   000FB1                     T3CON           equ	4017	;# 
   411   000FB2                     TMR3            equ	4018	;# 
   412   000FB2                     TMR3L           equ	4018	;# 
   413   000FB3                     TMR3H           equ	4019	;# 
   414   000FB4                     CMCON           equ	4020	;# 
   415   000FB5                     CVRCON          equ	4021	;# 
   416   000FB6                     ECCP1AS         equ	4022	;# 
   417   000FB7                     ECCP1DEL        equ	4023	;# 
   418   000FB8                     BAUDCON         equ	4024	;# 
   419   000FB8                     BAUDCTL         equ	4024	;# 
   420   000FBA                     ECCP1CON        equ	4026	;# 
   421   000FBB                     ECCPR1          equ	4027	;# 
   422   000FBB                     ECCPR1L         equ	4027	;# 
   423   000FBC                     ECCPR1H         equ	4028	;# 
   424   000FBD                     CCP1CON         equ	4029	;# 
   425   000FBE                     CCPR1           equ	4030	;# 
   426   000FBE                     CCPR1L          equ	4030	;# 
   427   000FBF                     CCPR1H          equ	4031	;# 
   428   000FC0                     ADCON2          equ	4032	;# 
   429   000FC1                     ADCON1          equ	4033	;# 
   430   000FC2                     ADCON0          equ	4034	;# 
   431   000FC3                     ADRES           equ	4035	;# 
   432   000FC3                     ADRESL          equ	4035	;# 
   433   000FC4                     ADRESH          equ	4036	;# 
   434   000FC5                     SSPCON2         equ	4037	;# 
   435   000FC6                     SSPCON1         equ	4038	;# 
   436   000FC7                     SSPSTAT         equ	4039	;# 
   437   000FC8                     SSPADD          equ	4040	;# 
   438   000FC9                     SSPBUF          equ	4041	;# 
   439   000FCA                     T2CON           equ	4042	;# 
   440   000FCB                     PR2             equ	4043	;# 
   441   000FCB                     MEMCON          equ	4043	;# 
   442   000FCC                     TMR2            equ	4044	;# 
   443   000FCD                     T1CON           equ	4045	;# 
   444   000FCE                     TMR1            equ	4046	;# 
   445   000FCE                     TMR1L           equ	4046	;# 
   446   000FCF                     TMR1H           equ	4047	;# 
   447   000FD0                     RCON            equ	4048	;# 
   448   000FD1                     WDTCON          equ	4049	;# 
   449   000FD2                     HLVDCON         equ	4050	;# 
   450   000FD2                     LVDCON          equ	4050	;# 
   451   000FD3                     OSCCON          equ	4051	;# 
   452   000FD5                     T0CON           equ	4053	;# 
   453   000FD6                     TMR0            equ	4054	;# 
   454   000FD6                     TMR0L           equ	4054	;# 
   455   000FD7                     TMR0H           equ	4055	;# 
   456   000FD8                     STATUS          equ	4056	;# 
   457   000FD9                     FSR2            equ	4057	;# 
   458   000FD9                     FSR2L           equ	4057	;# 
   459   000FDA                     FSR2H           equ	4058	;# 
   460   000FDB                     PLUSW2          equ	4059	;# 
   461   000FDC                     PREINC2         equ	4060	;# 
   462   000FDD                     POSTDEC2        equ	4061	;# 
   463   000FDE                     POSTINC2        equ	4062	;# 
   464   000FDF                     INDF2           equ	4063	;# 
   465   000FE0                     BSR             equ	4064	;# 
   466   000FE1                     FSR1            equ	4065	;# 
   467   000FE1                     FSR1L           equ	4065	;# 
   468   000FE2                     FSR1H           equ	4066	;# 
   469   000FE3                     PLUSW1          equ	4067	;# 
   470   000FE4                     PREINC1         equ	4068	;# 
   471   000FE5                     POSTDEC1        equ	4069	;# 
   472   000FE6                     POSTINC1        equ	4070	;# 
   473   000FE7                     INDF1           equ	4071	;# 
   474   000FE8                     WREG            equ	4072	;# 
   475   000FE9                     FSR0            equ	4073	;# 
   476   000FE9                     FSR0L           equ	4073	;# 
   477   000FEA                     FSR0H           equ	4074	;# 
   478   000FEB                     PLUSW0          equ	4075	;# 
   479   000FEC                     PREINC0         equ	4076	;# 
   480   000FED                     POSTDEC0        equ	4077	;# 
   481   000FEE                     POSTINC0        equ	4078	;# 
   482   000FEF                     INDF0           equ	4079	;# 
   483   000FF0                     INTCON3         equ	4080	;# 
   484   000FF1                     INTCON2         equ	4081	;# 
   485   000FF2                     INTCON          equ	4082	;# 
   486   000FF3                     PROD            equ	4083	;# 
   487   000FF3                     PRODL           equ	4083	;# 
   488   000FF4                     PRODH           equ	4084	;# 
   489   000FF5                     TABLAT          equ	4085	;# 
   490   000FF6                     TBLPTR          equ	4086	;# 
   491   000FF6                     TBLPTRL         equ	4086	;# 
   492   000FF7                     TBLPTRH         equ	4087	;# 
   493   000FF8                     TBLPTRU         equ	4088	;# 
   494   000FF9                     PCLAT           equ	4089	;# 
   495   000FF9                     PC              equ	4089	;# 
   496   000FF9                     PCL             equ	4089	;# 
   497   000FFA                     PCLATH          equ	4090	;# 
   498   000FFB                     PCLATU          equ	4091	;# 
   499   000FFC                     STKPTR          equ	4092	;# 
   500   000FFD                     TOS             equ	4093	;# 
   501   000FFD                     TOSL            equ	4093	;# 
   502   000FFE                     TOSH            equ	4094	;# 
   503   000FFF                     TOSU            equ	4095	;# 
   504   000F81                     _PORTB          set	3969
   505   000F93                     _TRISB          set	3987
   506   000FC1                     _ADCON1         set	4033
   507                           
   508                           ; #config settings
   509                           
   510                           	psect	cinit
   511   0006D2                     __pcinit:
   512                           	callstack 0
   513   0006D2                     start_initialization:
   514                           	callstack 0
   515   0006D2                     __initialization:
   516                           	callstack 0
   517                           
   518                           ; Clear objects allocated to COMRAM (2 bytes)
   519   0006D2  6A0A               	clrf	(__pbssCOMRAM+1)& (0+255),c
   520   0006D4  6A09               	clrf	__pbssCOMRAM& (0+255),c
   521   0006D6                     end_of_initialization:
   522                           	callstack 0
   523   0006D6                     __end_of__initialization:
   524                           	callstack 0
   525   0006D6  0100               	movlb	0
   526   0006D8  EF01  F003         	goto	_main	;jump to C main() function
   527                           
   528                           	psect	bssCOMRAM
   529   000009                     __pbssCOMRAM:
   530                           	callstack 0
   531   000009                     _i:
   532                           	callstack 0
   533   000009                     	ds	2
   534                           
   535                           	psect	cstackCOMRAM
   536   000001                     __pcstackCOMRAM:
   537                           	callstack 0
   538   000001                     ??_main:
   539                           
   540                           ; 1 bytes @ 0x0
   541   000001                     	ds	2
   542   000003                     main@delay:
   543                           	callstack 0
   544                           
   545                           ; 4 bytes @ 0x2
   546   000003                     	ds	4
   547   000007                     main@x:
   548                           	callstack 0
   549                           
   550                           ; 2 bytes @ 0x6
   551   000007                     	ds	2
   552                           
   553 ;;
   554 ;;Main: autosize = 0, tempsize = 2, incstack = 0, save=0
   555 ;;
   556 ;; *************** function _main *****************
   557 ;; Defined at:
   558 ;;		line 14 in file "main.c"
   559 ;; Parameters:    Size  Location     Type
   560 ;;		None
   561 ;; Auto vars:     Size  Location     Type
   562 ;;  delay           4    2[COMRAM] unsigned long 
   563 ;;  x               2    6[COMRAM] int 
   564 ;; Return value:  Size  Location     Type
   565 ;;                  1    wreg      void 
   566 ;; Registers used:
   567 ;;		wreg, status,2, status,0
   568 ;; Tracked objects:
   569 ;;		On entry : 0/0
   570 ;;		On exit  : 0/0
   571 ;;		Unchanged: 0/0
   572 ;; Data sizes:     COMRAM   BANK0   BANK1   BANK2   BANK3   BANK4   BANK5
   573 ;;      Params:         0       0       0       0       0       0       0
   574 ;;      Locals:         6       0       0       0       0       0       0
   575 ;;      Temps:          2       0       0       0       0       0       0
   576 ;;      Totals:         8       0       0       0       0       0       0
   577 ;;Total ram usage:        8 bytes
   578 ;; This function calls:
   579 ;;		Nothing
   580 ;; This function is called by:
   581 ;;		Startup code after reset
   582 ;; This function uses a non-reentrant model
   583 ;;
   584                           
   585                           	psect	text0
   586   000602                     __ptext0:
   587                           	callstack 0
   588   000602                     _main:
   589                           	callstack 31
   590   000602                     
   591                           ;main.c: 15:             } else {
   592   000602  0E0F               	movlw	15
   593   000604  6EC1               	movwf	193,c	;volatile
   594   000606                     
   595                           ;main.c: 16:                 i = -1;
   596   000606  6A93               	clrf	147,c	;volatile
   597   000608                     
   598                           ;main.c: 17:                 x |= x << 1;
   599   000608  6A81               	clrf	129,c	;volatile
   600                           
   601                           ;main.c: 18:             }
   602   00060A  6A08               	clrf	(main@x+1)^0,c
   603   00060C  0E01               	movlw	1
   604   00060E  6E07               	movwf	main@x^0,c
   605                           
   606                           ;main.c: 20:                 x = 1;
   607   000610  0E00               	movlw	0
   608   000612  6E03               	movwf	main@delay^0,c
   609   000614  0E00               	movlw	0
   610   000616  6E04               	movwf	(main@delay+1)^0,c
   611   000618  0E00               	movlw	0
   612   00061A  6E05               	movwf	(main@delay+2)^0,c
   613   00061C  0E00               	movlw	0
   614   00061E  6E06               	movwf	(main@delay+3)^0,c
   615   000620                     l812:
   616                           
   617                           ;main.c: 23:         }
   618   000620  0E01               	movlw	1
   619   000622  2603               	addwf	main@delay^0,f,c
   620   000624  0E00               	movlw	0
   621   000626  2204               	addwfc	(main@delay+1)^0,f,c
   622   000628  2205               	addwfc	(main@delay+2)^0,f,c
   623   00062A  2206               	addwfc	(main@delay+3)^0,f,c
   624   00062C  0E81               	movlw	129
   625   00062E  1803               	xorwf	main@delay^0,w,c
   626   000630  E10A               	bnz	u11
   627   000632  0E38               	movlw	56
   628   000634  1804               	xorwf	(main@delay+1)^0,w,c
   629   000636  E107               	bnz	u11
   630   000638  0405               	decf	(main@delay+2)^0,w,c
   631   00063A  1006               	iorwf	(main@delay+3)^0,w,c
   632   00063C  A4D8               	btfss	status,2,c
   633   00063E  EF23  F003         	goto	u11
   634   000642  EF25  F003         	goto	u10
   635   000646                     u11:
   636   000646  EF10  F003         	goto	l812
   637   00064A                     u10:
   638   00064A                     
   639                           ;main.c: 24:     }
   640   00064A  0E00               	movlw	0
   641   00064C  6E03               	movwf	main@delay^0,c
   642   00064E  0E00               	movlw	0
   643   000650  6E04               	movwf	(main@delay+1)^0,c
   644   000652  0E00               	movlw	0
   645   000654  6E05               	movwf	(main@delay+2)^0,c
   646   000656  0E00               	movlw	0
   647   000658  6E06               	movwf	(main@delay+3)^0,c
   648   00065A                     
   649                           ;main.c: 25: }
   650   00065A  BE0A               	btfsc	(_i+1)^0,7,c
   651   00065C  EF3B  F003         	goto	u20
   652   000660  500A               	movf	(_i+1)^0,w,c
   653   000662  E107               	bnz	u21
   654   000664  0E08               	movlw	8
   655   000666  5C09               	subwf	_i^0,w,c
   656   000668  B0D8               	btfsc	status,0,c
   657   00066A  EF39  F003         	goto	u21
   658   00066E  EF3B  F003         	goto	u20
   659   000672                     u21:
   660   000672  EF4B  F003         	goto	l15
   661   000676                     u20:
   662   000676  C009  F001         	movff	_i,??_main
   663   00067A  C007  F002         	movff	main@x,??_main+1
   664   00067E  2A01               	incf	??_main^0,f,c
   665   000680  EF44  F003         	goto	u34
   666   000684                     u35:
   667   000684  90D8               	bcf	status,0,c
   668   000686  3602               	rlcf	(??_main+1)^0,f,c
   669   000688                     u34:
   670   000688  2E01               	decfsz	??_main^0,f,c
   671   00068A  EF42  F003         	goto	u35
   672   00068E  5002               	movf	(??_main+1)^0,w,c
   673   000690  6E81               	movwf	129,c	;volatile
   674   000692  EF58  F003         	goto	l16
   675   000696                     l15:
   676   000696  6809               	setf	_i^0,c
   677   000698  680A               	setf	(_i+1)^0,c
   678   00069A  C007  F001         	movff	main@x,??_main
   679   00069E  C008  F002         	movff	main@x+1,??_main+1
   680   0006A2  90D8               	bcf	status,0,c
   681   0006A4  3601               	rlcf	??_main^0,f,c
   682   0006A6  3602               	rlcf	(??_main+1)^0,f,c
   683   0006A8  5001               	movf	??_main^0,w,c
   684   0006AA  1207               	iorwf	main@x^0,f,c
   685   0006AC  5002               	movf	(??_main+1)^0,w,c
   686   0006AE  1208               	iorwf	(main@x+1)^0,f,c
   687   0006B0                     l16:
   688   0006B0  2881               	incf	129,w,c	;volatile
   689   0006B2  A4D8               	btfss	status,2,c
   690   0006B4  EF5E  F003         	goto	u41
   691   0006B8  EF60  F003         	goto	u40
   692   0006BC                     u41:
   693   0006BC  EF63  F003         	goto	l824
   694   0006C0                     u40:
   695   0006C0  6A08               	clrf	(main@x+1)^0,c
   696   0006C2  0E01               	movlw	1
   697   0006C4  6E07               	movwf	main@x^0,c
   698   0006C6                     l824:
   699   0006C6  4A09               	infsnz	_i^0,f,c
   700   0006C8  2A0A               	incf	(_i+1)^0,f,c
   701   0006CA  EF10  F003         	goto	l812
   702   0006CE  EFFE  F017         	goto	start
   703   0006D2                     __end_of_main:
   704                           	callstack 0
   705                           
   706                           	psect	smallconst
   707   000600                     __psmallconst:
   708                           	callstack 0
   709   000600  00                 	db	0
   710   000601  00                 	db	0	; dummy byte at the end
   711   000600                     __smallconst    set	__psmallconst
   712   000600                     __mediumconst   set	__psmallconst
   713   000000                     __activetblptr  equ	0
   714                           
   715                           	psect	rparam
   716   000001                     ___rparam_used  equ	1
   717   000000                     ___param_bank   equ	0
   718   000000                     __Lparam        equ	__Lrparam
   719   000000                     __Hparam        equ	__Hrparam
   720                           
   721                           	psect	idloc
   722                           
   723                           ;Config register IDLOC0 @ 0x200000
   724                           ;	unspecified, using default values
   725   200000                     	org	2097152
   726   200000  FF                 	db	255
   727                           
   728                           ;Config register IDLOC1 @ 0x200001
   729                           ;	unspecified, using default values
   730   200001                     	org	2097153
   731   200001  FF                 	db	255
   732                           
   733                           ;Config register IDLOC2 @ 0x200002
   734                           ;	unspecified, using default values
   735   200002                     	org	2097154
   736   200002  FF                 	db	255
   737                           
   738                           ;Config register IDLOC3 @ 0x200003
   739                           ;	unspecified, using default values
   740   200003                     	org	2097155
   741   200003  FF                 	db	255
   742                           
   743                           ;Config register IDLOC4 @ 0x200004
   744                           ;	unspecified, using default values
   745   200004                     	org	2097156
   746   200004  FF                 	db	255
   747                           
   748                           ;Config register IDLOC5 @ 0x200005
   749                           ;	unspecified, using default values
   750   200005                     	org	2097157
   751   200005  FF                 	db	255
   752                           
   753                           ;Config register IDLOC6 @ 0x200006
   754                           ;	unspecified, using default values
   755   200006                     	org	2097158
   756   200006  FF                 	db	255
   757                           
   758                           ;Config register IDLOC7 @ 0x200007
   759                           ;	unspecified, using default values
   760   200007                     	org	2097159
   761   200007  FF                 	db	255
   762                           
   763                           	psect	config
   764                           
   765                           ; Padding undefined space
   766   300000                     	org	3145728
   767   300000  FF                 	db	255
   768                           
   769                           ;Config register CONFIG1H @ 0x300001
   770                           ;	unspecified, using default values
   771                           ;	Oscillator Selection bits
   772                           ;	OSC = 0x7, unprogrammed default
   773                           ;	Fail-Safe Clock Monitor Enable bit
   774                           ;	FCMEN = 0x0, unprogrammed default
   775                           ;	Internal/External Oscillator Switchover bit
   776                           ;	IESO = 0x0, unprogrammed default
   777   300001                     	org	3145729
   778   300001  07                 	db	7
   779                           
   780                           ;Config register CONFIG2L @ 0x300002
   781                           ;	unspecified, using default values
   782                           ;	Power-up Timer Enable bit
   783                           ;	PWRT = 0x1, unprogrammed default
   784                           ;	Brown-out Reset Enable bits
   785                           ;	BOREN = 0x3, unprogrammed default
   786                           ;	Brown-out Reset Voltage bits
   787                           ;	BORV = 0x3, unprogrammed default
   788   300002                     	org	3145730
   789   300002  1F                 	db	31
   790                           
   791                           ;Config register CONFIG2H @ 0x300003
   792                           ;	unspecified, using default values
   793                           ;	Watchdog Timer Enable bit
   794                           ;	WDT = 0x1, unprogrammed default
   795                           ;	Watchdog Timer Postscale Select bits
   796                           ;	WDTPS = 0xF, unprogrammed default
   797   300003                     	org	3145731
   798   300003  1F                 	db	31
   799                           
   800                           ; Padding undefined space
   801   300004                     	org	3145732
   802   300004  FF                 	db	255
   803                           
   804                           ;Config register CONFIG3H @ 0x300005
   805                           ;	PORTB A/D Enable bit
   806                           ;	PBADEN = 0x1, unprogrammed default
   807                           ;	Low-Power Timer 1 Oscillator Enable bit
   808                           ;	LPT1OSC = 0x0, unprogrammed default
   809                           ;	MCLR Pin Enable bit
   810                           ;	MCLRE = OFF, RE3 input pin enabled; MCLR disabled
   811   300005                     	org	3145733
   812   300005  02                 	db	2
   813                           
   814                           ;Config register CONFIG4L @ 0x300006
   815                           ;	unspecified, using default values
   816                           ;	Stack Full/Underflow Reset Enable bit
   817                           ;	STVREN = 0x1, unprogrammed default
   818                           ;	Single-Supply ICSP Enable bit
   819                           ;	LVP = 0x1, unprogrammed default
   820                           ;	Boot Block Size Select bit
   821                           ;	BBSIZ = 0x0, unprogrammed default
   822                           ;	Extended Instruction Set Enable bit
   823                           ;	XINST = 0x0, unprogrammed default
   824                           ;	Background Debugger Enable bit
   825                           ;	DEBUG = 0x1, unprogrammed default
   826   300006                     	org	3145734
   827   300006  85                 	db	133
   828                           
   829                           ; Padding undefined space
   830   300007                     	org	3145735
   831   300007  FF                 	db	255
   832                           
   833                           ;Config register CONFIG5L @ 0x300008
   834                           ;	unspecified, using default values
   835                           ;	Code Protection bit
   836                           ;	CP0 = 0x1, unprogrammed default
   837                           ;	Code Protection bit
   838                           ;	CP1 = 0x1, unprogrammed default
   839                           ;	Code Protection bit
   840                           ;	CP2 = 0x1, unprogrammed default
   841                           ;	Code Protection bit
   842                           ;	CP3 = 0x1, unprogrammed default
   843   300008                     	org	3145736
   844   300008  0F                 	db	15
   845                           
   846                           ;Config register CONFIG5H @ 0x300009
   847                           ;	unspecified, using default values
   848                           ;	Boot Block Code Protection bit
   849                           ;	CPB = 0x1, unprogrammed default
   850                           ;	Data EEPROM Code Protection bit
   851                           ;	CPD = 0x1, unprogrammed default
   852   300009                     	org	3145737
   853   300009  C0                 	db	192
   854                           
   855                           ;Config register CONFIG6L @ 0x30000A
   856                           ;	unspecified, using default values
   857                           ;	Write Protection bit
   858                           ;	WRT0 = 0x1, unprogrammed default
   859                           ;	Write Protection bit
   860                           ;	WRT1 = 0x1, unprogrammed default
   861                           ;	Write Protection bit
   862                           ;	WRT2 = 0x1, unprogrammed default
   863                           ;	Write Protection bit
   864                           ;	WRT3 = 0x1, unprogrammed default
   865   30000A                     	org	3145738
   866   30000A  0F                 	db	15
   867                           
   868                           ;Config register CONFIG6H @ 0x30000B
   869                           ;	unspecified, using default values
   870                           ;	Configuration Register Write Protection bit
   871                           ;	WRTC = 0x1, unprogrammed default
   872                           ;	Boot Block Write Protection bit
   873                           ;	WRTB = 0x1, unprogrammed default
   874                           ;	Data EEPROM Write Protection bit
   875                           ;	WRTD = 0x1, unprogrammed default
   876   30000B                     	org	3145739
   877   30000B  E0                 	db	224
   878                           
   879                           ;Config register CONFIG7L @ 0x30000C
   880                           ;	unspecified, using default values
   881                           ;	Table Read Protection bit
   882                           ;	EBTR0 = 0x1, unprogrammed default
   883                           ;	Table Read Protection bit
   884                           ;	EBTR1 = 0x1, unprogrammed default
   885                           ;	Table Read Protection bit
   886                           ;	EBTR2 = 0x1, unprogrammed default
   887                           ;	Table Read Protection bit
   888                           ;	EBTR3 = 0x1, unprogrammed default
   889   30000C                     	org	3145740
   890   30000C  0F                 	db	15
   891                           
   892                           ;Config register CONFIG7H @ 0x30000D
   893                           ;	unspecified, using default values
   894                           ;	Boot Block Table Read Protection bit
   895                           ;	EBTRB = 0x1, unprogrammed default
   896   30000D                     	org	3145741
   897   30000D  40                 	db	64
   898                           tosu	equ	0xFFF
   899                           tosh	equ	0xFFE
   900                           tosl	equ	0xFFD
   901                           stkptr	equ	0xFFC
   902                           pclatu	equ	0xFFB
   903                           pclath	equ	0xFFA
   904                           pcl	equ	0xFF9
   905                           tblptru	equ	0xFF8
   906                           tblptrh	equ	0xFF7
   907                           tblptrl	equ	0xFF6
   908                           tablat	equ	0xFF5
   909                           prodh	equ	0xFF4
   910                           prodl	equ	0xFF3
   911                           indf0	equ	0xFEF
   912                           postinc0	equ	0xFEE
   913                           postdec0	equ	0xFED
   914                           preinc0	equ	0xFEC
   915                           plusw0	equ	0xFEB
   916                           fsr0h	equ	0xFEA
   917                           fsr0l	equ	0xFE9
   918                           wreg	equ	0xFE8
   919                           indf1	equ	0xFE7
   920                           postinc1	equ	0xFE6
   921                           postdec1	equ	0xFE5
   922                           preinc1	equ	0xFE4
   923                           plusw1	equ	0xFE3
   924                           fsr1h	equ	0xFE2
   925                           fsr1l	equ	0xFE1
   926                           bsr	equ	0xFE0
   927                           indf2	equ	0xFDF
   928                           postinc2	equ	0xFDE
   929                           postdec2	equ	0xFDD
   930                           preinc2	equ	0xFDC
   931                           plusw2	equ	0xFDB
   932                           fsr2h	equ	0xFDA
   933                           fsr2l	equ	0xFD9
   934                           status	equ	0xFD8

Data Sizes:
    Strings     0
    Constant    0
    Data        0
    BSS         2
    Persistent  0
    Stack       0

Auto Spaces:
    Space          Size  Autos    Used
    COMRAM           95      8      10
    BANK0           160      0       0
    BANK1           256      0       0
    BANK2           256      0       0
    BANK3           256      0       0
    BANK4           256      0       0
    BANK5           256      0       0

Pointer List with Targets:

    None.

Critical Paths under _main in COMRAM

    None.

Critical Paths under _main in BANK0

    None.

Critical Paths under _main in BANK1

    None.

Critical Paths under _main in BANK2

    None.

Critical Paths under _main in BANK3

    None.

Critical Paths under _main in BANK4

    None.

Critical Paths under _main in BANK5

    None.

Call Graph Tables:

 ---------------------------------------------------------------------------------
 (Depth) Function   	        Calls       Base Space   Used Autos Params    Refs
 ---------------------------------------------------------------------------------
 (0) _main                                                 8     8      0      45
                                              0 COMRAM     8     8      0
 ---------------------------------------------------------------------------------
 Estimated maximum stack depth 0
 ---------------------------------------------------------------------------------

 Call Graph Graphs:

 _main (ROOT)

Address spaces:
Name               Size   Autos  Total    Usage
BIGRAM            1535      0       0      0.0%
BITBIGSFRl         641      0       0      0.0%
BITBANK5           256      0       0      0.0%
BANK5              256      0       0      0.0%
BITBANK4           256      0       0      0.0%
BANK4              256      0       0      0.0%
BITBANK3           256      0       0      0.0%
BANK3              256      0       0      0.0%
BITBANK2           256      0       0      0.0%
BANK2              256      0       0      0.0%
BITBANK1           256      0       0      0.0%
BANK1              256      0       0      0.0%
BITBANK0           160      0       0      0.0%
BANK0              160      0       0      0.0%
BITBIGSFRh         126      0       0      0.0%
BITCOMRAM           95      0       0      0.0%
COMRAM              95      8      10     10.5%
STACK                0      0       0      0.0%
DATA                 0      0      10      0.0%


Microchip Technology PIC18 Macro Assembler V3.10 build 20250813170317 
Symbol Table                                                                                   Tue Mar  3 15:43:49 2026

                      _i 0009                       l15 0696                       l16 06B0  
                     u10 064A                       u11 0646                       u20 0676  
                     u21 0672                       u40 06C0                       u41 06BC  
                     u34 0688                       u35 0684                      l810 0608  
                    l820 069A                      l812 0620                      l822 06C0  
                    l814 064A                      l806 0602                      l824 06C6  
                    l816 065A                      l808 0606                      l818 0676  
                   _main 0602                     start 2FFC             ___param_bank 0000  
                  ?_main 0001                    _PORTB 0F81                    _TRISB 0F93  
                  main@x 0007                    status 0FD8          __initialization 06D2  
           __end_of_main 06D2                   ??_main 0001            __activetblptr 0000  
                 _ADCON1 0FC1                   isa$std 0001             __mediumconst 0600  
             __accesstop 0060  __end_of__initialization 06D6            ___rparam_used 0001  
         __pcstackCOMRAM 0001                  __Hparam 0000                  __Lparam 0000  
           __psmallconst 0600                  __pcinit 06D2                  __ramtop 0600  
                __ptext0 0602     end_of_initialization 06D6      start_initialization 06D2  
            __pbssCOMRAM 0009              __smallconst 0600                main@delay 0003  
               __Hrparam 0000                 __Lrparam 0000                 isa$xinst 0000  
