

Microchip MPLAB XC8 Assembler V3.10 build 20250813170317 
                                                                                               Fri Mar 27 09:29:04 2026

Microchip MPLAB XC8 C Compiler v3.10 (Free license) build 20250813170317 Og1 
     1                           	processor	18F4580
     2                           	fnconf	rparam,??,?,0
     3                           	pagewidth 120
     4                           	opt	flic
     5                           	psect	idataCOMRAM,global,class=CODE,space=0,delta=1,noexec
     6                           	psect	cinit,global,reloc=2,class=CODE,space=0,delta=1
     7                           	psect	bssCOMRAM,global,class=COMRAM,space=1,delta=1,lowdata,noexec
     8                           	psect	dataCOMRAM,global,class=COMRAM,space=1,delta=1,lowdata,noexec
     9                           	psect	cstackCOMRAM,global,class=COMRAM,space=1,delta=1,lowdata,noexec
    10                           	psect	text0,global,reloc=2,class=CODE,space=0,delta=1
    11                           	psect	text1,global,reloc=2,class=CODE,space=0,delta=1
    12                           	psect	intcode,global,reloc=2,class=CODE,space=0,delta=1
    13                           	psect	intcode_body,global,reloc=2,class=CODE,space=0,delta=1
    14                           	psect	smallconst,global,reloc=2,class=SMALLCONST,space=0,delta=1,noexec
    15                           	psect	intsave_regs,global,class=BIGRAM,space=1,delta=1,noexec
    16                           	psect	rparam,global,class=COMRAM,space=1,delta=1,noexec
    17                           	psect	idloc,global,abs,ovrld,class=IDLOC,space=5,delta=1,noexec
    18                           	psect	config,global,abs,ovrld,class=CONFIG,space=4,delta=1,noexec
    19                           	dabs	1,0x1,1
    20   000000                     
    21                           ; Version 2.40
    22                           ; Generated 17/11/2021 GMT
    23                           ; 
    24                           ; Copyright © 2021, Microchip Technology Inc. and its subsidiaries ("Microchip")
    25                           ; All rights reserved.
    26                           ; 
    27                           ; This software is developed by Microchip Technology Inc. and its subsidiaries ("Microch
      +                          ip").
    28                           ; 
    29                           ; Redistribution and use in source and binary forms, with or without modification, are
    30                           ; permitted provided that the following conditions are met:
    31                           ; 
    32                           ;     1. Redistributions of source code must retain the above copyright notice, this lis
      +                          t of
    33                           ;        conditions and the following disclaimer.
    34                           ; 
    35                           ;     2. Redistributions in binary form must reproduce the above copyright notice, this 
      +                          list
    36                           ;        of conditions and the following disclaimer in the documentation and/or other
    37                           ;        materials provided with the distribution. Publication is not required when
    38                           ;        this file is used in an embedded application.
    39                           ; 
    40                           ;     3. Microchip's name may not be used to endorse or promote products derived from th
      +                          is
    41                           ;        software without specific prior written permission.
    42                           ; 
    43                           ; THIS SOFTWARE IS PROVIDED BY MICROCHIP "AS IS" AND ANY EXPRESS OR IMPLIED WARRANTIES,
    44                           ; INCLUDING, BUT NOT LIMITED TO, THE IMPLIED WARRANTIES OF MERCHANTABILITY AND FITNESS F
      +                          OR
    45                           ; PURPOSE ARE DISCLAIMED.  IN NO EVENT SHALL MICROCHIP BE LIABLE FOR ANY DIRECT, INDIREC
      +                          T,
    46                           ; INCIDENTAL, SPECIAL, EXEMPLARY, OR CONSEQUENTIAL DAMAGES (INCLUDING BUT NOT LIMITED TO
    47                           ; PROCUREMENT OF SUBSTITUTE GOODS OR SERVICES; LOSS OF USE, DATA OR PROFITS; OR BUSINESS
    48                           ; INTERRUPTION) HOWSOEVER CAUSED AND ON ANY THEORY OF LIABILITY, WHETHER IN CONTRACT, ST
      +                          RICT
    49                           ; LIABILITY, OR TORT (INCLUDING NEGLIGENCE OR OTHERWISE) ARISING IN ANY WAY OUT OF THE U
      +                          SE OF
    50                           ; THIS SOFTWARE, EVEN IF ADVISED OF THE POSSIBILITY OF SUCH DAMAGE.
    51                           ; 
    52                           ; 
    53                           ; Code-generator required, PIC18F4580 Definitions
    54                           ; 
    55                           ; SFR Addresses
    56   000FE0                     bsr             equ	4064
    57   000FE9                     fsr0            equ	4073
    58   000FEA                     fsr0h           equ	4074
    59   000FE9                     fsr0l           equ	4073
    60   000FE1                     fsr1            equ	4065
    61   000FE2                     fsr1h           equ	4066
    62   000FE1                     fsr1l           equ	4065
    63   000FD9                     fsr2            equ	4057
    64   000FDA                     fsr2h           equ	4058
    65   000FD9                     fsr2l           equ	4057
    66   000FEF                     indf0           equ	4079
    67   000FE7                     indf1           equ	4071
    68   000FDF                     indf2           equ	4063
    69   000FF2                     intcon          equ	4082
    70   000000                     nvmcon          equ	0
    71   000FF9                     pcl             equ	4089
    72   000FFA                     pclath          equ	4090
    73   000FFB                     pclatu          equ	4091
    74   000FEB                     plusw0          equ	4075
    75   000FE3                     plusw1          equ	4067
    76   000FDB                     plusw2          equ	4059
    77   000FED                     postdec0        equ	4077
    78   000FE5                     postdec1        equ	4069
    79   000FDD                     postdec2        equ	4061
    80   000FEE                     postinc0        equ	4078
    81   000FE6                     postinc1        equ	4070
    82   000FDE                     postinc2        equ	4062
    83   000FEC                     preinc0         equ	4076
    84   000FE4                     preinc1         equ	4068
    85   000FDC                     preinc2         equ	4060
    86   000FF3                     prod            equ	4083
    87   000FF4                     prodh           equ	4084
    88   000FF3                     prodl           equ	4083
    89   000FD8                     status          equ	4056
    90   000FF5                     tablat          equ	4085
    91   000FF6                     tblptr          equ	4086
    92   000FF7                     tblptrh         equ	4087
    93   000FF6                     tblptrl         equ	4086
    94   000FF8                     tblptru         equ	4088
    95   000FFD                     tosl            equ	4093
    96   000FE8                     wreg            equ	4072
    97   000D60                     RXF6SIDH        equ	3424	;# 
    98   000D61                     RXF6SIDL        equ	3425	;# 
    99   000D62                     RXF6EIDH        equ	3426	;# 
   100   000D63                     RXF6EIDL        equ	3427	;# 
   101   000D64                     RXF7SIDH        equ	3428	;# 
   102   000D65                     RXF7SIDL        equ	3429	;# 
   103   000D66                     RXF7EIDH        equ	3430	;# 
   104   000D67                     RXF7EIDL        equ	3431	;# 
   105   000D68                     RXF8SIDH        equ	3432	;# 
   106   000D69                     RXF8SIDL        equ	3433	;# 
   107   000D6A                     RXF8EIDH        equ	3434	;# 
   108   000D6B                     RXF8EIDL        equ	3435	;# 
   109   000D70                     RXF9SIDH        equ	3440	;# 
   110   000D71                     RXF9SIDL        equ	3441	;# 
   111   000D72                     RXF9EIDH        equ	3442	;# 
   112   000D73                     RXF9EIDL        equ	3443	;# 
   113   000D74                     RXF10SIDH       equ	3444	;# 
   114   000D75                     RXF10SIDL       equ	3445	;# 
   115   000D76                     RXF10EIDH       equ	3446	;# 
   116   000D77                     RXF10EIDL       equ	3447	;# 
   117   000D78                     RXF11SIDH       equ	3448	;# 
   118   000D79                     RXF11SIDL       equ	3449	;# 
   119   000D7A                     RXF11EIDH       equ	3450	;# 
   120   000D7B                     RXF11EIDL       equ	3451	;# 
   121   000D80                     RXF12SIDH       equ	3456	;# 
   122   000D81                     RXF12SIDL       equ	3457	;# 
   123   000D82                     RXF12EIDH       equ	3458	;# 
   124   000D83                     RXF12EIDL       equ	3459	;# 
   125   000D84                     RXF13SIDH       equ	3460	;# 
   126   000D85                     RXF13SIDL       equ	3461	;# 
   127   000D86                     RXF13EIDH       equ	3462	;# 
   128   000D87                     RXF13EIDL       equ	3463	;# 
   129   000D88                     RXF14SIDH       equ	3464	;# 
   130   000D89                     RXF14SIDL       equ	3465	;# 
   131   000D8A                     RXF14EIDH       equ	3466	;# 
   132   000D8B                     RXF14EIDL       equ	3467	;# 
   133   000D90                     RXF15SIDH       equ	3472	;# 
   134   000D91                     RXF15SIDL       equ	3473	;# 
   135   000D92                     RXF15EIDH       equ	3474	;# 
   136   000D93                     RXF15EIDL       equ	3475	;# 
   137   000DD4                     RXFCON0         equ	3540	;# 
   138   000DD5                     RXFCON1         equ	3541	;# 
   139   000DD8                     SDFLC           equ	3544	;# 
   140   000DE0                     RXFBCON0        equ	3552	;# 
   141   000DE1                     RXFBCON1        equ	3553	;# 
   142   000DE2                     RXFBCON2        equ	3554	;# 
   143   000DE3                     RXFBCON3        equ	3555	;# 
   144   000DE4                     RXFBCON4        equ	3556	;# 
   145   000DE5                     RXFBCON5        equ	3557	;# 
   146   000DE6                     RXFBCON6        equ	3558	;# 
   147   000DE7                     RXFBCON7        equ	3559	;# 
   148   000DF0                     MSEL0           equ	3568	;# 
   149   000DF1                     MSEL1           equ	3569	;# 
   150   000DF2                     MSEL2           equ	3570	;# 
   151   000DF3                     MSEL3           equ	3571	;# 
   152   000DF8                     BSEL0           equ	3576	;# 
   153   000DFA                     BIE0            equ	3578	;# 
   154   000DFC                     TXBIE           equ	3580	;# 
   155   000E20                     B0CON           equ	3616	;# 
   156   000E21                     B0SIDH          equ	3617	;# 
   157   000E22                     B0SIDL          equ	3618	;# 
   158   000E23                     B0EIDH          equ	3619	;# 
   159   000E24                     B0EIDL          equ	3620	;# 
   160   000E25                     B0DLC           equ	3621	;# 
   161   000E26                     B0D0            equ	3622	;# 
   162   000E27                     B0D1            equ	3623	;# 
   163   000E28                     B0D2            equ	3624	;# 
   164   000E29                     B0D3            equ	3625	;# 
   165   000E2A                     B0D4            equ	3626	;# 
   166   000E2B                     B0D5            equ	3627	;# 
   167   000E2C                     B0D6            equ	3628	;# 
   168   000E2D                     B0D7            equ	3629	;# 
   169   000E2E                     CANSTAT_RO9     equ	3630	;# 
   170   000E2F                     CANCON_RO9      equ	3631	;# 
   171   000E30                     B1CON           equ	3632	;# 
   172   000E31                     B1SIDH          equ	3633	;# 
   173   000E32                     B1SIDL          equ	3634	;# 
   174   000E33                     B1EIDH          equ	3635	;# 
   175   000E34                     B1EIDL          equ	3636	;# 
   176   000E35                     B1DLC           equ	3637	;# 
   177   000E36                     B1D0            equ	3638	;# 
   178   000E37                     B1D1            equ	3639	;# 
   179   000E38                     B1D2            equ	3640	;# 
   180   000E39                     B1D3            equ	3641	;# 
   181   000E3A                     B1D4            equ	3642	;# 
   182   000E3B                     B1D5            equ	3643	;# 
   183   000E3C                     B1D6            equ	3644	;# 
   184   000E3D                     B1D7            equ	3645	;# 
   185   000E3E                     CANSTAT_RO8     equ	3646	;# 
   186   000E3F                     CANCON_RO8      equ	3647	;# 
   187   000E40                     B2CON           equ	3648	;# 
   188   000E41                     B2SIDH          equ	3649	;# 
   189   000E42                     B2SIDL          equ	3650	;# 
   190   000E43                     B2EIDH          equ	3651	;# 
   191   000E44                     B2EIDL          equ	3652	;# 
   192   000E45                     B2DLC           equ	3653	;# 
   193   000E46                     B2D0            equ	3654	;# 
   194   000E47                     B2D1            equ	3655	;# 
   195   000E48                     B2D2            equ	3656	;# 
   196   000E49                     B2D3            equ	3657	;# 
   197   000E4A                     B2D4            equ	3658	;# 
   198   000E4B                     B2D5            equ	3659	;# 
   199   000E4C                     B2D6            equ	3660	;# 
   200   000E4D                     B2D7            equ	3661	;# 
   201   000E4E                     CANSTAT_RO7     equ	3662	;# 
   202   000E4F                     CANCON_RO7      equ	3663	;# 
   203   000E50                     B3CON           equ	3664	;# 
   204   000E51                     B3SIDH          equ	3665	;# 
   205   000E52                     B3SIDL          equ	3666	;# 
   206   000E53                     B3EIDH          equ	3667	;# 
   207   000E54                     B3EIDL          equ	3668	;# 
   208   000E55                     B3DLC           equ	3669	;# 
   209   000E56                     B3D0            equ	3670	;# 
   210   000E57                     B3D1            equ	3671	;# 
   211   000E58                     B3D2            equ	3672	;# 
   212   000E59                     B3D3            equ	3673	;# 
   213   000E5A                     B3D4            equ	3674	;# 
   214   000E5B                     B3D5            equ	3675	;# 
   215   000E5C                     B3D6            equ	3676	;# 
   216   000E5D                     B3D7            equ	3677	;# 
   217   000E5E                     CANSTAT_RO6     equ	3678	;# 
   218   000E5F                     CANCON_RO6      equ	3679	;# 
   219   000E60                     B4CON           equ	3680	;# 
   220   000E61                     B4SIDH          equ	3681	;# 
   221   000E62                     B4SIDL          equ	3682	;# 
   222   000E63                     B4EIDH          equ	3683	;# 
   223   000E64                     B4EIDL          equ	3684	;# 
   224   000E65                     B4DLC           equ	3685	;# 
   225   000E66                     B4D0            equ	3686	;# 
   226   000E67                     B4D1            equ	3687	;# 
   227   000E68                     B4D2            equ	3688	;# 
   228   000E69                     B4D3            equ	3689	;# 
   229   000E6A                     B4D4            equ	3690	;# 
   230   000E6B                     B4D5            equ	3691	;# 
   231   000E6C                     B4D6            equ	3692	;# 
   232   000E6D                     B4D7            equ	3693	;# 
   233   000E6E                     CANSTAT_RO5     equ	3694	;# 
   234   000E6F                     CANCON_RO5      equ	3695	;# 
   235   000E70                     B5CON           equ	3696	;# 
   236   000E71                     B5SIDH          equ	3697	;# 
   237   000E72                     B5SIDL          equ	3698	;# 
   238   000E73                     B5EIDH          equ	3699	;# 
   239   000E74                     B5EIDL          equ	3700	;# 
   240   000E75                     B5DLC           equ	3701	;# 
   241   000E76                     B5D0            equ	3702	;# 
   242   000E77                     B5D1            equ	3703	;# 
   243   000E78                     B5D2            equ	3704	;# 
   244   000E79                     B5D3            equ	3705	;# 
   245   000E7A                     B5D4            equ	3706	;# 
   246   000E7B                     B5D5            equ	3707	;# 
   247   000E7C                     B5D6            equ	3708	;# 
   248   000E7D                     B5D7            equ	3709	;# 
   249   000E7E                     CANSTAT_RO4     equ	3710	;# 
   250   000E7F                     CANCON_RO4      equ	3711	;# 
   251   000F00                     RXF0SIDH        equ	3840	;# 
   252   000F01                     RXF0SIDL        equ	3841	;# 
   253   000F02                     RXF0EIDH        equ	3842	;# 
   254   000F03                     RXF0EIDL        equ	3843	;# 
   255   000F04                     RXF1SIDH        equ	3844	;# 
   256   000F05                     RXF1SIDL        equ	3845	;# 
   257   000F06                     RXF1EIDH        equ	3846	;# 
   258   000F07                     RXF1EIDL        equ	3847	;# 
   259   000F08                     RXF2SIDH        equ	3848	;# 
   260   000F09                     RXF2SIDL        equ	3849	;# 
   261   000F0A                     RXF2EIDH        equ	3850	;# 
   262   000F0B                     RXF2EIDL        equ	3851	;# 
   263   000F0C                     RXF3SIDH        equ	3852	;# 
   264   000F0D                     RXF3SIDL        equ	3853	;# 
   265   000F0E                     RXF3EIDH        equ	3854	;# 
   266   000F0F                     RXF3EIDL        equ	3855	;# 
   267   000F10                     RXF4SIDH        equ	3856	;# 
   268   000F11                     RXF4SIDL        equ	3857	;# 
   269   000F12                     RXF4EIDH        equ	3858	;# 
   270   000F13                     RXF4EIDL        equ	3859	;# 
   271   000F14                     RXF5SIDH        equ	3860	;# 
   272   000F15                     RXF5SIDL        equ	3861	;# 
   273   000F16                     RXF5EIDH        equ	3862	;# 
   274   000F17                     RXF5EIDL        equ	3863	;# 
   275   000F18                     RXM0SIDH        equ	3864	;# 
   276   000F19                     RXM0SIDL        equ	3865	;# 
   277   000F1A                     RXM0EIDH        equ	3866	;# 
   278   000F1B                     RXM0EIDL        equ	3867	;# 
   279   000F1C                     RXM1SIDH        equ	3868	;# 
   280   000F1D                     RXM1SIDL        equ	3869	;# 
   281   000F1E                     RXM1EIDH        equ	3870	;# 
   282   000F1F                     RXM1EIDL        equ	3871	;# 
   283   000F20                     TXB2CON         equ	3872	;# 
   284   000F21                     TXB2SIDH        equ	3873	;# 
   285   000F22                     TXB2SIDL        equ	3874	;# 
   286   000F23                     TXB2EIDH        equ	3875	;# 
   287   000F24                     TXB2EIDL        equ	3876	;# 
   288   000F25                     TXB2DLC         equ	3877	;# 
   289   000F26                     TXB2D0          equ	3878	;# 
   290   000F27                     TXB2D1          equ	3879	;# 
   291   000F28                     TXB2D2          equ	3880	;# 
   292   000F29                     TXB2D3          equ	3881	;# 
   293   000F2A                     TXB2D4          equ	3882	;# 
   294   000F2B                     TXB2D5          equ	3883	;# 
   295   000F2C                     TXB2D6          equ	3884	;# 
   296   000F2D                     TXB2D7          equ	3885	;# 
   297   000F2E                     CANSTAT_RO3     equ	3886	;# 
   298   000F2F                     CANCON_RO3      equ	3887	;# 
   299   000F30                     TXB1CON         equ	3888	;# 
   300   000F31                     TXB1SIDH        equ	3889	;# 
   301   000F32                     TXB1SIDL        equ	3890	;# 
   302   000F33                     TXB1EIDH        equ	3891	;# 
   303   000F34                     TXB1EIDL        equ	3892	;# 
   304   000F35                     TXB1DLC         equ	3893	;# 
   305   000F36                     TXB1D0          equ	3894	;# 
   306   000F37                     TXB1D1          equ	3895	;# 
   307   000F38                     TXB1D2          equ	3896	;# 
   308   000F39                     TXB1D3          equ	3897	;# 
   309   000F3A                     TXB1D4          equ	3898	;# 
   310   000F3B                     TXB1D5          equ	3899	;# 
   311   000F3C                     TXB1D6          equ	3900	;# 
   312   000F3D                     TXB1D7          equ	3901	;# 
   313   000F3E                     CANSTAT_RO2     equ	3902	;# 
   314   000F3F                     CANCON_RO2      equ	3903	;# 
   315   000F40                     TXB0CON         equ	3904	;# 
   316   000F41                     TXB0SIDH        equ	3905	;# 
   317   000F42                     TXB0SIDL        equ	3906	;# 
   318   000F43                     TXB0EIDH        equ	3907	;# 
   319   000F44                     TXB0EIDL        equ	3908	;# 
   320   000F45                     TXB0DLC         equ	3909	;# 
   321   000F46                     TXB0D0          equ	3910	;# 
   322   000F47                     TXB0D1          equ	3911	;# 
   323   000F48                     TXB0D2          equ	3912	;# 
   324   000F49                     TXB0D3          equ	3913	;# 
   325   000F4A                     TXB0D4          equ	3914	;# 
   326   000F4B                     TXB0D5          equ	3915	;# 
   327   000F4C                     TXB0D6          equ	3916	;# 
   328   000F4D                     TXB0D7          equ	3917	;# 
   329   000F4E                     CANSTAT_RO1     equ	3918	;# 
   330   000F4F                     CANCON_RO1      equ	3919	;# 
   331   000F50                     RXB1CON         equ	3920	;# 
   332   000F51                     RXB1SIDH        equ	3921	;# 
   333   000F52                     RXB1SIDL        equ	3922	;# 
   334   000F53                     RXB1EIDH        equ	3923	;# 
   335   000F54                     RXB1EIDL        equ	3924	;# 
   336   000F55                     RXB1DLC         equ	3925	;# 
   337   000F56                     RXB1D0          equ	3926	;# 
   338   000F57                     RXB1D1          equ	3927	;# 
   339   000F58                     RXB1D2          equ	3928	;# 
   340   000F59                     RXB1D3          equ	3929	;# 
   341   000F5A                     RXB1D4          equ	3930	;# 
   342   000F5B                     RXB1D5          equ	3931	;# 
   343   000F5C                     RXB1D6          equ	3932	;# 
   344   000F5D                     RXB1D7          equ	3933	;# 
   345   000F5E                     CANSTAT_RO0     equ	3934	;# 
   346   000F5F                     CANCON_RO0      equ	3935	;# 
   347   000F60                     RXB0CON         equ	3936	;# 
   348   000F61                     RXB0SIDH        equ	3937	;# 
   349   000F62                     RXB0SIDL        equ	3938	;# 
   350   000F63                     RXB0EIDH        equ	3939	;# 
   351   000F64                     RXB0EIDL        equ	3940	;# 
   352   000F65                     RXB0DLC         equ	3941	;# 
   353   000F66                     RXB0D0          equ	3942	;# 
   354   000F67                     RXB0D1          equ	3943	;# 
   355   000F68                     RXB0D2          equ	3944	;# 
   356   000F69                     RXB0D3          equ	3945	;# 
   357   000F6A                     RXB0D4          equ	3946	;# 
   358   000F6B                     RXB0D5          equ	3947	;# 
   359   000F6C                     RXB0D6          equ	3948	;# 
   360   000F6D                     RXB0D7          equ	3949	;# 
   361   000F6E                     CANSTAT         equ	3950	;# 
   362   000F6F                     CANCON          equ	3951	;# 
   363   000F70                     BRGCON1         equ	3952	;# 
   364   000F71                     BRGCON2         equ	3953	;# 
   365   000F72                     BRGCON3         equ	3954	;# 
   366   000F73                     CIOCON          equ	3955	;# 
   367   000F74                     COMSTAT         equ	3956	;# 
   368   000F75                     RXERRCNT        equ	3957	;# 
   369   000F76                     TXERRCNT        equ	3958	;# 
   370   000F77                     ECANCON         equ	3959	;# 
   371   000F80                     PORTA           equ	3968	;# 
   372   000F81                     PORTB           equ	3969	;# 
   373   000F82                     PORTC           equ	3970	;# 
   374   000F83                     PORTD           equ	3971	;# 
   375   000F84                     PORTE           equ	3972	;# 
   376   000F89                     LATA            equ	3977	;# 
   377   000F8A                     LATB            equ	3978	;# 
   378   000F8B                     LATC            equ	3979	;# 
   379   000F8C                     LATD            equ	3980	;# 
   380   000F8D                     LATE            equ	3981	;# 
   381   000F92                     TRISA           equ	3986	;# 
   382   000F92                     DDRA            equ	3986	;# 
   383   000F93                     TRISB           equ	3987	;# 
   384   000F93                     DDRB            equ	3987	;# 
   385   000F94                     TRISC           equ	3988	;# 
   386   000F94                     DDRC            equ	3988	;# 
   387   000F95                     TRISD           equ	3989	;# 
   388   000F95                     DDRD            equ	3989	;# 
   389   000F96                     TRISE           equ	3990	;# 
   390   000F96                     DDRE            equ	3990	;# 
   391   000F9B                     OSCTUNE         equ	3995	;# 
   392   000F9D                     PIE1            equ	3997	;# 
   393   000F9E                     PIR1            equ	3998	;# 
   394   000F9F                     IPR1            equ	3999	;# 
   395   000FA0                     PIE2            equ	4000	;# 
   396   000FA1                     PIR2            equ	4001	;# 
   397   000FA2                     IPR2            equ	4002	;# 
   398   000FA3                     PIE3            equ	4003	;# 
   399   000FA4                     PIR3            equ	4004	;# 
   400   000FA5                     IPR3            equ	4005	;# 
   401   000FA6                     EECON1          equ	4006	;# 
   402   000FA7                     EECON2          equ	4007	;# 
   403   000FA8                     EEDATA          equ	4008	;# 
   404   000FA9                     EEADR           equ	4009	;# 
   405   000FAB                     RCSTA           equ	4011	;# 
   406   000FAB                     RCSTA1          equ	4011	;# 
   407   000FAC                     TXSTA           equ	4012	;# 
   408   000FAC                     TXSTA1          equ	4012	;# 
   409   000FAD                     TXREG           equ	4013	;# 
   410   000FAD                     TXREG1          equ	4013	;# 
   411   000FAE                     RCREG           equ	4014	;# 
   412   000FAE                     RCREG1          equ	4014	;# 
   413   000FAF                     SPBRG           equ	4015	;# 
   414   000FAF                     SPBRG1          equ	4015	;# 
   415   000FB0                     SPBRGH          equ	4016	;# 
   416   000FB1                     T3CON           equ	4017	;# 
   417   000FB2                     TMR3            equ	4018	;# 
   418   000FB2                     TMR3L           equ	4018	;# 
   419   000FB3                     TMR3H           equ	4019	;# 
   420   000FB4                     CMCON           equ	4020	;# 
   421   000FB5                     CVRCON          equ	4021	;# 
   422   000FB6                     ECCP1AS         equ	4022	;# 
   423   000FB7                     ECCP1DEL        equ	4023	;# 
   424   000FB8                     BAUDCON         equ	4024	;# 
   425   000FB8                     BAUDCTL         equ	4024	;# 
   426   000FBA                     ECCP1CON        equ	4026	;# 
   427   000FBB                     ECCPR1          equ	4027	;# 
   428   000FBB                     ECCPR1L         equ	4027	;# 
   429   000FBC                     ECCPR1H         equ	4028	;# 
   430   000FBD                     CCP1CON         equ	4029	;# 
   431   000FBE                     CCPR1           equ	4030	;# 
   432   000FBE                     CCPR1L          equ	4030	;# 
   433   000FBF                     CCPR1H          equ	4031	;# 
   434   000FC0                     ADCON2          equ	4032	;# 
   435   000FC1                     ADCON1          equ	4033	;# 
   436   000FC2                     ADCON0          equ	4034	;# 
   437   000FC3                     ADRES           equ	4035	;# 
   438   000FC3                     ADRESL          equ	4035	;# 
   439   000FC4                     ADRESH          equ	4036	;# 
   440   000FC5                     SSPCON2         equ	4037	;# 
   441   000FC6                     SSPCON1         equ	4038	;# 
   442   000FC7                     SSPSTAT         equ	4039	;# 
   443   000FC8                     SSPADD          equ	4040	;# 
   444   000FC9                     SSPBUF          equ	4041	;# 
   445   000FCA                     T2CON           equ	4042	;# 
   446   000FCB                     PR2             equ	4043	;# 
   447   000FCB                     MEMCON          equ	4043	;# 
   448   000FCC                     TMR2            equ	4044	;# 
   449   000FCD                     T1CON           equ	4045	;# 
   450   000FCE                     TMR1            equ	4046	;# 
   451   000FCE                     TMR1L           equ	4046	;# 
   452   000FCF                     TMR1H           equ	4047	;# 
   453   000FD0                     RCON            equ	4048	;# 
   454   000FD1                     WDTCON          equ	4049	;# 
   455   000FD2                     HLVDCON         equ	4050	;# 
   456   000FD2                     LVDCON          equ	4050	;# 
   457   000FD3                     OSCCON          equ	4051	;# 
   458   000FD5                     T0CON           equ	4053	;# 
   459   000FD6                     TMR0            equ	4054	;# 
   460   000FD6                     TMR0L           equ	4054	;# 
   461   000FD7                     TMR0H           equ	4055	;# 
   462   000FD8                     STATUS          equ	4056	;# 
   463   000FD9                     FSR2            equ	4057	;# 
   464   000FD9                     FSR2L           equ	4057	;# 
   465   000FDA                     FSR2H           equ	4058	;# 
   466   000FDB                     PLUSW2          equ	4059	;# 
   467   000FDC                     PREINC2         equ	4060	;# 
   468   000FDD                     POSTDEC2        equ	4061	;# 
   469   000FDE                     POSTINC2        equ	4062	;# 
   470   000FDF                     INDF2           equ	4063	;# 
   471   000FE0                     BSR             equ	4064	;# 
   472   000FE1                     FSR1            equ	4065	;# 
   473   000FE1                     FSR1L           equ	4065	;# 
   474   000FE2                     FSR1H           equ	4066	;# 
   475   000FE3                     PLUSW1          equ	4067	;# 
   476   000FE4                     PREINC1         equ	4068	;# 
   477   000FE5                     POSTDEC1        equ	4069	;# 
   478   000FE6                     POSTINC1        equ	4070	;# 
   479   000FE7                     INDF1           equ	4071	;# 
   480   000FE8                     WREG            equ	4072	;# 
   481   000FE9                     FSR0            equ	4073	;# 
   482   000FE9                     FSR0L           equ	4073	;# 
   483   000FEA                     FSR0H           equ	4074	;# 
   484   000FEB                     PLUSW0          equ	4075	;# 
   485   000FEC                     PREINC0         equ	4076	;# 
   486   000FED                     POSTDEC0        equ	4077	;# 
   487   000FEE                     POSTINC0        equ	4078	;# 
   488   000FEF                     INDF0           equ	4079	;# 
   489   000FF0                     INTCON3         equ	4080	;# 
   490   000FF1                     INTCON2         equ	4081	;# 
   491   000FF2                     INTCON          equ	4082	;# 
   492   000FF3                     PROD            equ	4083	;# 
   493   000FF3                     PRODL           equ	4083	;# 
   494   000FF4                     PRODH           equ	4084	;# 
   495   000FF5                     TABLAT          equ	4085	;# 
   496   000FF6                     TBLPTR          equ	4086	;# 
   497   000FF6                     TBLPTRL         equ	4086	;# 
   498   000FF7                     TBLPTRH         equ	4087	;# 
   499   000FF8                     TBLPTRU         equ	4088	;# 
   500   000FF9                     PCLAT           equ	4089	;# 
   501   000FF9                     PC              equ	4089	;# 
   502   000FF9                     PCL             equ	4089	;# 
   503   000FFA                     PCLATH          equ	4090	;# 
   504   000FFB                     PCLATU          equ	4091	;# 
   505   000FFC                     STKPTR          equ	4092	;# 
   506   000FFD                     TOS             equ	4093	;# 
   507   000FFD                     TOSL            equ	4093	;# 
   508   000FFE                     TOSH            equ	4094	;# 
   509   000FFF                     TOSU            equ	4095	;# 
   510                           
   511                           	psect	idataCOMRAM
   512   0007A0                     __pidataCOMRAM:
   513                           	callstack 0
   514                           
   515                           ;initializer for _period
   516   0007A0  0064               	dw	100
   517                           
   518                           ;initializer for _duty_cycle
   519   0007A2  0032               	dw	50
   520                           
   521                           ;initializer for _once
   522   0007A4  01                 	db	1
   523   000FD6                     _TMR0           set	4054
   524   000F82                     _PORTC          set	3970
   525   000FF2                     _INTCONbits     set	4082
   526   000FD5                     _T0CONbits      set	4053
   527   000F81                     _PORTBbits      set	3969
   528   000F94                     _TRISC          set	3988
   529   000F93                     _TRISBbits      set	3987
   530                           
   531                           ; #config settings
   532                           
   533                           	psect	cinit
   534   00076A                     __pcinit:
   535                           	callstack 0
   536   00076A                     start_initialization:
   537                           	callstack 0
   538   00076A                     __initialization:
   539                           	callstack 0
   540                           
   541                           ; Initialize objects allocated to COMRAM (5 bytes)
   542                           ; load TBLPTR registers with __pidataCOMRAM
   543   00076A  0EA0               	movlw	low __pidataCOMRAM
   544   00076C  6EF6               	movwf	tblptrl,c
   545   00076E  0E07               	movlw	high __pidataCOMRAM
   546   000770  6EF7               	movwf	tblptrh,c
   547   000772  0E00               	movlw	low (__pidataCOMRAM shr (0+16))
   548   000774  6EF8               	movwf	tblptru,c
   549   000776  EE00  F008         	lfsr	0,__pdataCOMRAM
   550   00077A  EE10 F005          	lfsr	1,5
   551   00077E                     copy_data0:
   552   00077E  0009               	tblrd		*+
   553   000780  CFF5 FFEE          	movff	tablat,postinc0
   554   000784  50E5               	movf	postdec1,w,c
   555   000786  50E1               	movf	fsr1l,w,c
   556   000788  E1FA               	bnz	copy_data0
   557                           
   558                           ; Clear objects allocated to COMRAM (6 bytes)
   559   00078A  6A07               	clrf	(__pbssCOMRAM+5)& (0+255),c
   560   00078C  6A06               	clrf	(__pbssCOMRAM+4)& (0+255),c
   561   00078E  6A05               	clrf	(__pbssCOMRAM+3)& (0+255),c
   562   000790  6A04               	clrf	(__pbssCOMRAM+2)& (0+255),c
   563   000792  6A03               	clrf	(__pbssCOMRAM+1)& (0+255),c
   564   000794  6A02               	clrf	__pbssCOMRAM& (0+255),c
   565   000796                     end_of_initialization:
   566                           	callstack 0
   567   000796                     __end_of__initialization:
   568                           	callstack 0
   569   000796  9001               	bcf	int$flags,0,c	;clear compiler interrupt flag (level 1)
   570   000798  9201               	bcf	int$flags,1,c	;clear compiler interrupt flag (level 2)
   571   00079A  0100               	movlb	0
   572   00079C  EF45  F003         	goto	_main	;jump to C main() function
   573                           
   574                           	psect	bssCOMRAM
   575   000002                     __pbssCOMRAM:
   576                           	callstack 0
   577   000002                     _sec:
   578                           	callstack 0
   579   000002                     	ds	2
   580   000004                     _count:
   581                           	callstack 0
   582   000004                     	ds	2
   583   000006                     _pwm_count:
   584                           	callstack 0
   585   000006                     	ds	2
   586                           
   587                           	psect	dataCOMRAM
   588   000008                     __pdataCOMRAM:
   589                           	callstack 0
   590   000008                     _period:
   591                           	callstack 0
   592   000008                     	ds	2
   593   00000A                     _duty_cycle:
   594                           	callstack 0
   595   00000A                     	ds	2
   596   00000C                     _once:
   597                           	callstack 0
   598   00000C                     	ds	1
   599                           
   600                           	psect	cstackCOMRAM
   601   00000D                     __pcstackCOMRAM:
   602                           	callstack 0
   603   00000D                     scan_switch@detect_type:
   604                           	callstack 0
   605   00000D                     
   606                           ; 1 bytes @ 0x0
   607   00000D                     	ds	1
   608   00000E                     main@key:
   609                           	callstack 0
   610   00000E                     
   611                           ; 1 bytes @ 0x1
   612   00000E                     	ds	1
   613                           
   614 ;;
   615 ;;Main: autosize = 0, tempsize = 0, incstack = 0, save=0
   616 ;;
   617 ;; *************** function _main *****************
   618 ;; Defined at:
   619 ;;		line 31 in file "main.c"
   620 ;; Parameters:    Size  Location     Type
   621 ;;		None
   622 ;; Auto vars:     Size  Location     Type
   623 ;;  key             1    1[COMRAM] unsigned char 
   624 ;; Return value:  Size  Location     Type
   625 ;;                  1    wreg      void 
   626 ;; Registers used:
   627 ;;		wreg, status,2, status,0, cstack
   628 ;; Tracked objects:
   629 ;;		On entry : 0/0
   630 ;;		On exit  : 0/0
   631 ;;		Unchanged: 0/0
   632 ;; Data sizes:     COMRAM   BANK0   BANK1   BANK2   BANK3   BANK4   BANK5
   633 ;;      Params:         0       0       0       0       0       0       0
   634 ;;      Locals:         1       0       0       0       0       0       0
   635 ;;      Temps:          0       0       0       0       0       0       0
   636 ;;      Totals:         1       0       0       0       0       0       0
   637 ;;Total ram usage:        1 bytes
   638 ;; Hardware stack levels required when called: 2
   639 ;; This function calls:
   640 ;;		_scan_switch
   641 ;; This function is called by:
   642 ;;		Startup code after reset
   643 ;; This function uses a non-reentrant model
   644 ;;
   645                           
   646                           	psect	text0
   647   00068A                     __ptext0:
   648                           	callstack 0
   649   00068A                     _main:
   650                           	callstack 29
   651   00068A                     
   652                           ;main.c: 33:     TRISBbits.TRISB0 = 0;
   653   00068A  9093               	bcf	147,0,c	;volatile
   654   00068C                     
   655                           ;main.c: 34:     TRISC = TRISC | 0x0F;
   656   00068C  5094               	movf	148,w,c	;volatile
   657   00068E  090F               	iorlw	15
   658   000690  6E94               	movwf	148,c	;volatile
   659   000692                     
   660                           ;main.c: 36:     PORTBbits.RB0 = 0;
   661   000692  9081               	bcf	129,0,c	;volatile
   662   000694                     
   663                           ;main.c: 39:     T0CONbits.T08BIT = 1;
   664   000694  8CD5               	bsf	213,6,c	;volatile
   665   000696                     
   666                           ;main.c: 40:     T0CONbits.T0CS = 0;
   667   000696  9AD5               	bcf	213,5,c	;volatile
   668   000698                     
   669                           ;main.c: 41:     T0CONbits.PSA = 1;
   670   000698  86D5               	bsf	213,3,c	;volatile
   671   00069A                     
   672                           ;main.c: 43:     TMR0 = 0;
   673   00069A  6AD7               	clrf	215,c	;volatile
   674   00069C  0E00               	movlw	0
   675   00069E  6ED6               	movwf	214,c	;volatile
   676   0006A0                     
   677                           ;main.c: 44:     T0CONbits.TMR0ON = 1;
   678   0006A0  8ED5               	bsf	213,7,c	;volatile
   679   0006A2                     
   680                           ;main.c: 47:     INTCONbits.GIE = 1;
   681   0006A2  8EF2               	bsf	242,7,c	;volatile
   682   0006A4                     
   683                           ;main.c: 48:     INTCONbits.PEIE = 1;
   684   0006A4  8CF2               	bsf	242,6,c	;volatile
   685   0006A6                     
   686                           ;main.c: 49:     INTCONbits.TMR0IE = 1;
   687   0006A6  8AF2               	bsf	242,5,c	;volatile
   688   0006A8                     
   689                           ;main.c: 50:     INTCONbits.TMR0IF = 0;
   690   0006A8  94F2               	bcf	242,2,c	;volatile
   691   0006AA                     l898:
   692                           
   693                           ;main.c: 57:         key = scan_switch(1);
   694   0006AA  0E01               	movlw	1
   695   0006AC  EC7D  F003         	call	_scan_switch
   696   0006B0  6E0E               	movwf	main@key^0,c
   697   0006B2                     
   698                           ;main.c: 60:         if (key == 0x0E) {
   699   0006B2  0E0E               	movlw	14
   700   0006B4  180E               	xorwf	main@key^0,w,c
   701   0006B6  A4D8               	btfss	status,2,c
   702   0006B8  EF60  F003         	goto	u61
   703   0006BC  EF62  F003         	goto	u60
   704   0006C0                     u61:
   705   0006C0  EF68  F003         	goto	l904
   706   0006C4                     u60:
   707   0006C4                     
   708                           ;main.c: 61:             duty_cycle = 100;
   709   0006C4  6A0B               	clrf	(_duty_cycle+1)^0,c
   710   0006C6  0E64               	movlw	100
   711   0006C8  6E0A               	movwf	_duty_cycle^0,c
   712                           
   713                           ;main.c: 62:             sec = 0;
   714   0006CA  6A03               	clrf	(_sec+1)^0,c
   715   0006CC  0E00               	movlw	0
   716   0006CE  6E02               	movwf	_sec^0,c
   717   0006D0                     l904:
   718                           
   719                           ;main.c: 66:         if (sec >= 5) {
   720   0006D0  5003               	movf	(_sec+1)^0,w,c
   721   0006D2  E109               	bnz	u70
   722   0006D4  0E05               	movlw	5
   723   0006D6  5C02               	subwf	_sec^0,w,c
   724   0006D8  A0D8               	btfss	status,0,c
   725   0006DA  EF71  F003         	goto	u71
   726   0006DE  EF73  F003         	goto	u70
   727   0006E2                     u71:
   728   0006E2  EF55  F003         	goto	l898
   729   0006E6                     u70:
   730   0006E6                     
   731                           ;main.c: 67:             duty_cycle = 50;
   732   0006E6  6A0B               	clrf	(_duty_cycle+1)^0,c
   733   0006E8  0E32               	movlw	50
   734   0006EA  6E0A               	movwf	_duty_cycle^0,c
   735                           
   736                           ;main.c: 68:             sec = 0;
   737   0006EC  6A03               	clrf	(_sec+1)^0,c
   738   0006EE  0E00               	movlw	0
   739   0006F0  6E02               	movwf	_sec^0,c
   740   0006F2  EF55  F003         	goto	l898
   741   0006F6  EF07  F000         	goto	start
   742   0006FA                     __end_of_main:
   743                           	callstack 0
   744                           
   745 ;; *************** function _scan_switch *****************
   746 ;; Defined at:
   747 ;;		line 75 in file "main.c"
   748 ;; Parameters:    Size  Location     Type
   749 ;;  detect_type     1    wreg     unsigned char 
   750 ;; Auto vars:     Size  Location     Type
   751 ;;  detect_type     1    0[COMRAM] unsigned char 
   752 ;; Return value:  Size  Location     Type
   753 ;;                  1    wreg      unsigned char 
   754 ;; Registers used:
   755 ;;		wreg, status,2, status,0
   756 ;; Tracked objects:
   757 ;;		On entry : 0/0
   758 ;;		On exit  : 0/0
   759 ;;		Unchanged: 0/0
   760 ;; Data sizes:     COMRAM   BANK0   BANK1   BANK2   BANK3   BANK4   BANK5
   761 ;;      Params:         0       0       0       0       0       0       0
   762 ;;      Locals:         1       0       0       0       0       0       0
   763 ;;      Temps:          0       0       0       0       0       0       0
   764 ;;      Totals:         1       0       0       0       0       0       0
   765 ;;Total ram usage:        1 bytes
   766 ;; Hardware stack levels used: 1
   767 ;; Hardware stack levels required when called: 1
   768 ;; This function calls:
   769 ;;		Nothing
   770 ;; This function is called by:
   771 ;;		_main
   772 ;; This function uses a non-reentrant model
   773 ;;
   774                           
   775                           	psect	text1
   776   0006FA                     __ptext1:
   777                           	callstack 0
   778   0006FA                     _scan_switch:
   779                           	callstack 29
   780                           
   781                           ;incstack = 0
   782                           ;scan_switch@detect_type stored from wreg
   783   0006FA  6E0D               	movwf	scan_switch@detect_type^0,c
   784   0006FC                     
   785                           ;main.c: 77:     if (detect_type == 0) {
   786   0006FC  500D               	movf	scan_switch@detect_type^0,w,c
   787   0006FE  A4D8               	btfss	status,2,c
   788   000700  EF84  F003         	goto	u11
   789   000704  EF86  F003         	goto	u10
   790   000708                     u11:
   791   000708  EF8A  F003         	goto	l852
   792   00070C                     u10:
   793   00070C                     l846:
   794                           
   795                           ;main.c: 79:         return PORTC & 0x0F;
   796   00070C  5082               	movf	130,w,c	;volatile
   797   00070E  0B0F               	andlw	15
   798   000710  EFB4  F003         	goto	l42
   799   000714                     l852:
   800   000714  040D               	decf	scan_switch@detect_type^0,w,c
   801   000716  A4D8               	btfss	status,2,c
   802   000718  EF90  F003         	goto	u21
   803   00071C  EF92  F003         	goto	u20
   804   000720                     u21:
   805   000720  EFB3  F003         	goto	l870
   806   000724                     u20:
   807   000724                     
   808                           ;main.c: 83:         if ((PORTC & 0x0F) != 0x0F && once) {
   809   000724  5082               	movf	130,w,c	;volatile
   810   000726  0B0F               	andlw	15
   811   000728  0A0F               	xorlw	15
   812   00072A  B4D8               	btfsc	status,2,c
   813   00072C  EF9A  F003         	goto	u31
   814   000730  EF9C  F003         	goto	u30
   815   000734                     u31:
   816   000734  EFA7  F003         	goto	l866
   817   000738                     u30:
   818   000738  500C               	movf	_once^0,w,c
   819   00073A  B4D8               	btfsc	status,2,c
   820   00073C  EFA2  F003         	goto	u41
   821   000740  EFA4  F003         	goto	u40
   822   000744                     u41:
   823   000744  EFA7  F003         	goto	l866
   824   000748                     u40:
   825   000748                     
   826                           ;main.c: 84:             once = 0;
   827   000748  6A0C               	clrf	_once^0,c
   828   00074A  EF86  F003         	goto	l846
   829   00074E                     l866:
   830   00074E  5082               	movf	130,w,c	;volatile
   831   000750  0B0F               	andlw	15
   832   000752  0A0F               	xorlw	15
   833   000754  A4D8               	btfss	status,2,c
   834   000756  EFAF  F003         	goto	u51
   835   00075A  EFB1  F003         	goto	u50
   836   00075E                     u51:
   837   00075E  EFB3  F003         	goto	l870
   838   000762                     u50:
   839   000762                     
   840                           ;main.c: 88:             once = 1;
   841   000762  0E01               	movlw	1
   842   000764  6E0C               	movwf	_once^0,c
   843   000766                     l870:
   844                           
   845                           ;main.c: 92:     return 0x0F;
   846   000766  0E0F               	movlw	15
   847   000768                     l42:
   848   000768  0012               	return		;funcret
   849   00076A                     __end_of_scan_switch:
   850                           	callstack 0
   851                           
   852 ;; *************** function _ISR *****************
   853 ;; Defined at:
   854 ;;		line 97 in file "main.c"
   855 ;; Parameters:    Size  Location     Type
   856 ;;		None
   857 ;; Auto vars:     Size  Location     Type
   858 ;;		None
   859 ;; Return value:  Size  Location     Type
   860 ;;                  1    wreg      void 
   861 ;; Registers used:
   862 ;;		wreg, status,2, status,0
   863 ;; Tracked objects:
   864 ;;		On entry : 0/0
   865 ;;		On exit  : 0/0
   866 ;;		Unchanged: 0/0
   867 ;; Data sizes:     COMRAM   BANK0   BANK1   BANK2   BANK3   BANK4   BANK5
   868 ;;      Params:         0       0       0       0       0       0       0
   869 ;;      Locals:         0       0       0       0       0       0       0
   870 ;;      Temps:          0       0       0       0       0       0       0
   871 ;;      Totals:         0       0       0       0       0       0       0
   872 ;;Total ram usage:        0 bytes
   873 ;; Hardware stack levels used: 1
   874 ;; This function calls:
   875 ;;		Nothing
   876 ;; This function is called by:
   877 ;;		Interrupt level 2
   878 ;; This function uses a non-reentrant model
   879 ;;
   880                           
   881                           	psect	intcode
   882   000008                     __pintcode:
   883                           	callstack 0
   884   000008                     _ISR:
   885                           	callstack 29
   886                           
   887                           ;incstack = 0
   888   000008  8201               	bsf	int$flags,1,c	;set compiler interrupt flag (level 2)
   889   00000A  ED01  F003         	call	int_func,f	;refresh shadow registers
   890                           
   891                           	psect	intcode_body
   892   000602                     __pintcode_body:
   893                           	callstack 29
   894   000602                     int_func:
   895                           	callstack 29
   896   000602  0006               	pop		; remove dummy address from shadow register refresh
   897   000604                     
   898                           ;main.c: 100:     if (INTCONbits.TMR0IF) {
   899   000604  A4F2               	btfss	242,2,c	;volatile
   900   000606  EF07  F003         	goto	i2u8_41
   901   00060A  EF09  F003         	goto	i2u8_40
   902   00060E                     i2u8_41:
   903   00060E  EF43  F003         	goto	i2l58
   904   000612                     i2u8_40:
   905   000612                     
   906                           ;main.c: 102:         INTCONbits.TMR0IF = 0;
   907   000612  94F2               	bcf	242,2,c	;volatile
   908   000614                     
   909                           ;main.c: 103:         TMR0 = TMR0 + 8;
   910   000614  0E08               	movlw	8
   911   000616  24D6               	addwf	214,w,c	;volatile
   912   000618  6ED6               	movwf	214,c	;volatile
   913   00061A  0E00               	movlw	0
   914   00061C  20D7               	addwfc	215,w,c	;volatile
   915   00061E  6ED7               	movwf	215,c	;volatile
   916   000620                     
   917                           ;main.c: 106:         pwm_count++;
   918   000620  4A06               	infsnz	_pwm_count^0,f,c
   919   000622  2A07               	incf	(_pwm_count+1)^0,f,c
   920   000624                     
   921                           ;main.c: 108:         if (pwm_count < duty_cycle) {
   922   000624  500A               	movf	_duty_cycle^0,w,c
   923   000626  5C06               	subwf	_pwm_count^0,w,c
   924   000628  500B               	movf	(_duty_cycle+1)^0,w,c
   925   00062A  5807               	subwfb	(_pwm_count+1)^0,w,c
   926   00062C  B0D8               	btfsc	status,0,c
   927   00062E  EF1B  F003         	goto	i2u9_41
   928   000632  EF1D  F003         	goto	i2u9_40
   929   000636                     i2u9_41:
   930   000636  EF20  F003         	goto	i2l920
   931   00063A                     i2u9_40:
   932   00063A                     
   933                           ;main.c: 109:             PORTBbits.RB0 = 1;
   934   00063A  8081               	bsf	129,0,c	;volatile
   935                           
   936                           ;main.c: 110:         }
   937   00063C  EF31  F003         	goto	i2l926
   938   000640                     i2l920:
   939   000640  5008               	movf	_period^0,w,c
   940   000642  5C06               	subwf	_pwm_count^0,w,c
   941   000644  5009               	movf	(_period+1)^0,w,c
   942   000646  5807               	subwfb	(_pwm_count+1)^0,w,c
   943   000648  B0D8               	btfsc	status,0,c
   944   00064A  EF29  F003         	goto	i2u10_41
   945   00064E  EF2B  F003         	goto	i2u10_40
   946   000652                     i2u10_41:
   947   000652  EF2E  F003         	goto	i2l924
   948   000656                     i2u10_40:
   949   000656                     
   950                           ;main.c: 112:             PORTBbits.RB0 = 0;
   951   000656  9081               	bcf	129,0,c	;volatile
   952                           
   953                           ;main.c: 113:         }
   954   000658  EF31  F003         	goto	i2l926
   955   00065C                     i2l924:
   956                           
   957                           ;main.c: 115:             pwm_count = 0;
   958   00065C  6A07               	clrf	(_pwm_count+1)^0,c
   959   00065E  0E00               	movlw	0
   960   000660  6E06               	movwf	_pwm_count^0,c
   961   000662                     i2l926:
   962                           
   963                           ;main.c: 119:         if (++count >= 20000) {
   964   000662  4A04               	infsnz	_count^0,f,c
   965   000664  2A05               	incf	(_count+1)^0,f,c
   966   000666  0E20               	movlw	32
   967   000668  5C04               	subwf	_count^0,w,c
   968   00066A  0E4E               	movlw	78
   969   00066C  5805               	subwfb	(_count+1)^0,w,c
   970   00066E  A0D8               	btfss	status,0,c
   971   000670  EF3C  F003         	goto	i2u11_41
   972   000674  EF3E  F003         	goto	i2u11_40
   973   000678                     i2u11_41:
   974   000678  EF43  F003         	goto	i2l58
   975   00067C                     i2u11_40:
   976   00067C                     
   977                           ;main.c: 120:             count = 0;
   978   00067C  6A05               	clrf	(_count+1)^0,c
   979   00067E  0E00               	movlw	0
   980   000680  6E04               	movwf	_count^0,c
   981   000682                     
   982                           ;main.c: 121:             sec++;
   983   000682  4A02               	infsnz	_sec^0,f,c
   984   000684  2A03               	incf	(_sec+1)^0,f,c
   985   000686                     i2l58:
   986   000686  9201               	bcf	int$flags,1,c	;clear compiler interrupt flag (level 2)
   987   000688  0011               	retfie		f
   988   00068A                     __end_of_ISR:
   989                           	callstack 0
   990                           
   991                           	psect	smallconst
   992   000600                     __psmallconst:
   993                           	callstack 0
   994   000600  00                 	db	0
   995   000601  00                 	db	0	; dummy byte at the end
   996   000600                     __smallconst    set	__psmallconst
   997   000600                     __mediumconst   set	__psmallconst
   998   000000                     __activetblptr  equ	0
   999                           
  1000                           	psect	rparam
  1001   000001                     ___rparam_used  equ	1
  1002   000000                     ___param_bank   equ	0
  1003   000000                     __Lparam        equ	__Lrparam
  1004   000000                     __Hparam        equ	__Hrparam
  1005   000001                     btemp           set	1	;btemp
  1006   000001                     int$flags       set	1
  1007   000001                     btemp0          set	1
  1008   000002                     btemp1          set	2
  1009                           
  1010                           	psect	idloc
  1011                           
  1012                           ;Config register IDLOC0 @ 0x200000
  1013                           ;	unspecified, using default values
  1014   200000                     	org	2097152
  1015   200000  FF                 	db	255
  1016                           
  1017                           ;Config register IDLOC1 @ 0x200001
  1018                           ;	unspecified, using default values
  1019   200001                     	org	2097153
  1020   200001  FF                 	db	255
  1021                           
  1022                           ;Config register IDLOC2 @ 0x200002
  1023                           ;	unspecified, using default values
  1024   200002                     	org	2097154
  1025   200002  FF                 	db	255
  1026                           
  1027                           ;Config register IDLOC3 @ 0x200003
  1028                           ;	unspecified, using default values
  1029   200003                     	org	2097155
  1030   200003  FF                 	db	255
  1031                           
  1032                           ;Config register IDLOC4 @ 0x200004
  1033                           ;	unspecified, using default values
  1034   200004                     	org	2097156
  1035   200004  FF                 	db	255
  1036                           
  1037                           ;Config register IDLOC5 @ 0x200005
  1038                           ;	unspecified, using default values
  1039   200005                     	org	2097157
  1040   200005  FF                 	db	255
  1041                           
  1042                           ;Config register IDLOC6 @ 0x200006
  1043                           ;	unspecified, using default values
  1044   200006                     	org	2097158
  1045   200006  FF                 	db	255
  1046                           
  1047                           ;Config register IDLOC7 @ 0x200007
  1048                           ;	unspecified, using default values
  1049   200007                     	org	2097159
  1050   200007  FF                 	db	255
  1051                           
  1052                           	psect	config
  1053                           
  1054                           ; Padding undefined space
  1055   300000                     	org	3145728
  1056   300000  FF                 	db	255
  1057                           
  1058                           ;Config register CONFIG1H @ 0x300001
  1059                           ;	unspecified, using default values
  1060                           ;	Oscillator Selection bits
  1061                           ;	OSC = 0x7, unprogrammed default
  1062                           ;	Fail-Safe Clock Monitor Enable bit
  1063                           ;	FCMEN = 0x0, unprogrammed default
  1064                           ;	Internal/External Oscillator Switchover bit
  1065                           ;	IESO = 0x0, unprogrammed default
  1066   300001                     	org	3145729
  1067   300001  07                 	db	7
  1068                           
  1069                           ;Config register CONFIG2L @ 0x300002
  1070                           ;	unspecified, using default values
  1071                           ;	Power-up Timer Enable bit
  1072                           ;	PWRT = 0x1, unprogrammed default
  1073                           ;	Brown-out Reset Enable bits
  1074                           ;	BOREN = 0x3, unprogrammed default
  1075                           ;	Brown-out Reset Voltage bits
  1076                           ;	BORV = 0x3, unprogrammed default
  1077   300002                     	org	3145730
  1078   300002  1F                 	db	31
  1079                           
  1080                           ;Config register CONFIG2H @ 0x300003
  1081                           ;	unspecified, using default values
  1082                           ;	Watchdog Timer Enable bit
  1083                           ;	WDT = 0x1, unprogrammed default
  1084                           ;	Watchdog Timer Postscale Select bits
  1085                           ;	WDTPS = 0xF, unprogrammed default
  1086   300003                     	org	3145731
  1087   300003  1F                 	db	31
  1088                           
  1089                           ; Padding undefined space
  1090   300004                     	org	3145732
  1091   300004  FF                 	db	255
  1092                           
  1093                           ;Config register CONFIG3H @ 0x300005
  1094                           ;	unspecified, using default values
  1095                           ;	PORTB A/D Enable bit
  1096                           ;	PBADEN = 0x1, unprogrammed default
  1097                           ;	Low-Power Timer 1 Oscillator Enable bit
  1098                           ;	LPT1OSC = 0x0, unprogrammed default
  1099                           ;	MCLR Pin Enable bit
  1100                           ;	MCLRE = 0x1, unprogrammed default
  1101   300005                     	org	3145733
  1102   300005  82                 	db	130
  1103                           
  1104                           ;Config register CONFIG4L @ 0x300006
  1105                           ;	unspecified, using default values
  1106                           ;	Stack Full/Underflow Reset Enable bit
  1107                           ;	STVREN = 0x1, unprogrammed default
  1108                           ;	Single-Supply ICSP Enable bit
  1109                           ;	LVP = 0x1, unprogrammed default
  1110                           ;	Boot Block Size Select bit
  1111                           ;	BBSIZ = 0x0, unprogrammed default
  1112                           ;	Extended Instruction Set Enable bit
  1113                           ;	XINST = 0x0, unprogrammed default
  1114                           ;	Background Debugger Enable bit
  1115                           ;	DEBUG = 0x1, unprogrammed default
  1116   300006                     	org	3145734
  1117   300006  85                 	db	133
  1118                           
  1119                           ; Padding undefined space
  1120   300007                     	org	3145735
  1121   300007  FF                 	db	255
  1122                           
  1123                           ;Config register CONFIG5L @ 0x300008
  1124                           ;	unspecified, using default values
  1125                           ;	Code Protection bit
  1126                           ;	CP0 = 0x1, unprogrammed default
  1127                           ;	Code Protection bit
  1128                           ;	CP1 = 0x1, unprogrammed default
  1129                           ;	Code Protection bit
  1130                           ;	CP2 = 0x1, unprogrammed default
  1131                           ;	Code Protection bit
  1132                           ;	CP3 = 0x1, unprogrammed default
  1133   300008                     	org	3145736
  1134   300008  0F                 	db	15
  1135                           
  1136                           ;Config register CONFIG5H @ 0x300009
  1137                           ;	unspecified, using default values
  1138                           ;	Boot Block Code Protection bit
  1139                           ;	CPB = 0x1, unprogrammed default
  1140                           ;	Data EEPROM Code Protection bit
  1141                           ;	CPD = 0x1, unprogrammed default
  1142   300009                     	org	3145737
  1143   300009  C0                 	db	192
  1144                           
  1145                           ;Config register CONFIG6L @ 0x30000A
  1146                           ;	unspecified, using default values
  1147                           ;	Write Protection bit
  1148                           ;	WRT0 = 0x1, unprogrammed default
  1149                           ;	Write Protection bit
  1150                           ;	WRT1 = 0x1, unprogrammed default
  1151                           ;	Write Protection bit
  1152                           ;	WRT2 = 0x1, unprogrammed default
  1153                           ;	Write Protection bit
  1154                           ;	WRT3 = 0x1, unprogrammed default
  1155   30000A                     	org	3145738
  1156   30000A  0F                 	db	15
  1157                           
  1158                           ;Config register CONFIG6H @ 0x30000B
  1159                           ;	unspecified, using default values
  1160                           ;	Configuration Register Write Protection bit
  1161                           ;	WRTC = 0x1, unprogrammed default
  1162                           ;	Boot Block Write Protection bit
  1163                           ;	WRTB = 0x1, unprogrammed default
  1164                           ;	Data EEPROM Write Protection bit
  1165                           ;	WRTD = 0x1, unprogrammed default
  1166   30000B                     	org	3145739
  1167   30000B  E0                 	db	224
  1168                           
  1169                           ;Config register CONFIG7L @ 0x30000C
  1170                           ;	unspecified, using default values
  1171                           ;	Table Read Protection bit
  1172                           ;	EBTR0 = 0x1, unprogrammed default
  1173                           ;	Table Read Protection bit
  1174                           ;	EBTR1 = 0x1, unprogrammed default
  1175                           ;	Table Read Protection bit
  1176                           ;	EBTR2 = 0x1, unprogrammed default
  1177                           ;	Table Read Protection bit
  1178                           ;	EBTR3 = 0x1, unprogrammed default
  1179   30000C                     	org	3145740
  1180   30000C  0F                 	db	15
  1181                           
  1182                           ;Config register CONFIG7H @ 0x30000D
  1183                           ;	unspecified, using default values
  1184                           ;	Boot Block Table Read Protection bit
  1185                           ;	EBTRB = 0x1, unprogrammed default
  1186   30000D                     	org	3145741
  1187   30000D  40                 	db	64
  1188                           tosu	equ	0xFFF
  1189                           tosh	equ	0xFFE
  1190                           tosl	equ	0xFFD
  1191                           stkptr	equ	0xFFC
  1192                           pclatu	equ	0xFFB
  1193                           pclath	equ	0xFFA
  1194                           pcl	equ	0xFF9
  1195                           tblptru	equ	0xFF8
  1196                           tblptrh	equ	0xFF7
  1197                           tblptrl	equ	0xFF6
  1198                           tablat	equ	0xFF5
  1199                           prodh	equ	0xFF4
  1200                           prodl	equ	0xFF3
  1201                           indf0	equ	0xFEF
  1202                           postinc0	equ	0xFEE
  1203                           postdec0	equ	0xFED
  1204                           preinc0	equ	0xFEC
  1205                           plusw0	equ	0xFEB
  1206                           fsr0h	equ	0xFEA
  1207                           fsr0l	equ	0xFE9
  1208                           wreg	equ	0xFE8
  1209                           indf1	equ	0xFE7
  1210                           postinc1	equ	0xFE6
  1211                           postdec1	equ	0xFE5
  1212                           preinc1	equ	0xFE4
  1213                           plusw1	equ	0xFE3
  1214                           fsr1h	equ	0xFE2
  1215                           fsr1l	equ	0xFE1
  1216                           bsr	equ	0xFE0
  1217                           indf2	equ	0xFDF
  1218                           postinc2	equ	0xFDE
  1219                           postdec2	equ	0xFDD
  1220                           preinc2	equ	0xFDC
  1221                           plusw2	equ	0xFDB
  1222                           fsr2h	equ	0xFDA
  1223                           fsr2l	equ	0xFD9
  1224                           status	equ	0xFD8

Data Sizes:
    Strings     0
    Constant    0
    Data        5
    BSS         6
    Persistent  0
    Stack       0

Auto Spaces:
    Space          Size  Autos    Used
    COMRAM           94      2      13
    BANK0           160      0       0
    BANK1           256      0       0
    BANK2           256      0       0
    BANK3           256      0       0
    BANK4           256      0       0
    BANK5           256      0       0

Pointer List with Targets:

    None.

Critical Paths under _main in COMRAM

    _main->_scan_switch

Critical Paths under _ISR in COMRAM

    None.

Critical Paths under _main in BANK0

    None.

Critical Paths under _ISR in BANK0

    None.

Critical Paths under _main in BANK1

    None.

Critical Paths under _ISR in BANK1

    None.

Critical Paths under _main in BANK2

    None.

Critical Paths under _ISR in BANK2

    None.

Critical Paths under _main in BANK3

    None.

Critical Paths under _ISR in BANK3

    None.

Critical Paths under _main in BANK4

    None.

Critical Paths under _ISR in BANK4

    None.

Critical Paths under _main in BANK5

    None.

Critical Paths under _ISR in BANK5

    None.

Call Graph Tables:

 ---------------------------------------------------------------------------------
 (Depth) Function   	        Calls       Base Space   Used Autos Params    Refs
 ---------------------------------------------------------------------------------
 (0) _main                                                 1     1      0      45
                                              1 COMRAM     1     1      0
                        _scan_switch
 ---------------------------------------------------------------------------------
 (1) _scan_switch                                          1     1      0      30
                                              0 COMRAM     1     1      0
 ---------------------------------------------------------------------------------
 Estimated maximum stack depth 1
 ---------------------------------------------------------------------------------
 (Depth) Function   	        Calls       Base Space   Used Autos Params    Refs
 ---------------------------------------------------------------------------------
 (2) _ISR                                                  0     0      0       0
 ---------------------------------------------------------------------------------
 Estimated maximum stack depth 2
 ---------------------------------------------------------------------------------

 Call Graph Graphs:

 _main (ROOT)
   _scan_switch

 _ISR (ROOT)

Address spaces:
Name               Size   Autos  Total    Usage
BIGRAM            1535      0       0      0.0%
BITBIGSFRl         641      0       0      0.0%
BITBANK5           256      0       0      0.0%
BANK5              256      0       0      0.0%
BITBANK4           256      0       0      0.0%
BANK4              256      0       0      0.0%
BITBANK3           256      0       0      0.0%
BANK3              256      0       0      0.0%
BITBANK2           256      0       0      0.0%
BANK2              256      0       0      0.0%
BITBANK1           256      0       0      0.0%
BANK1              256      0       0      0.0%
BITBANK0           160      0       0      0.0%
BANK0              160      0       0      0.0%
BITBIGSFRh         126      0       0      0.0%
BITCOMRAM           94      0       0      0.0%
COMRAM              94      2      13     13.8%
STACK                0      0       0      0.0%
DATA                 0      0      13      0.0%


Microchip Technology PIC18 Macro Assembler V3.10 build 20250813170317 
Symbol Table                                                                                   Fri Mar 27 09:29:04 2026

                     l42 0768                       u10 070C                       u11 0708  
                     u20 0724                       u21 0720                       u30 0738  
                     u31 0734                       u40 0748                       u41 0744  
                     u50 0762                       u51 075E                       u60 06C4  
                     u61 06C0                       u70 06E6                       u71 06E2  
                    l900 06B2                      l902 06C4                      l904 06D0  
                    l906 06E6                      l852 0714                      l844 06FC  
                    l854 0724                      l870 0766                      l846 070C  
                    l856 0738                      l880 0694                      l858 0748  
                    l866 074E                      l890 06A2                      l882 0696  
                    l874 068A                      l868 0762                      l892 06A4  
                    l884 0698                      l876 068C                      l894 06A6  
                    l886 069A                      l878 0692                      l896 06A8  
                    l888 06A0                      l898 06AA                      _ISR 0008  
                    _sec 0002                     ?_ISR 000D                     i2l58 0686  
                   _TMR0 0FD6                     _main 068A                     _once 000C  
                   fsr1l 0FE1                     btemp 0001                     start 000E  
           ___param_bank 0000                    ??_ISR 000D                    ?_main 000D  
                  i2l910 0612                    i2l920 0640                    i2l912 0614  
                  i2l930 0682                    i2l922 0656                    i2l914 0620  
                  i2l924 065C                    i2l916 0624                    i2l908 0604  
                  i2l926 0662                    i2l918 063A                    i2l928 067C  
                  _PORTC 0F82                    _TRISC 0F94                    _count 0004  
                  btemp0 0001                    btemp1 0002                    tablat 0FF5  
                  status 0FD8             ?_scan_switch 000D          __initialization 076A  
           __end_of_main 06FA                   ??_main 000E            __activetblptr 0000  
                 i2u8_40 0612                   i2u8_41 060E                   i2u9_40 063A  
                 i2u9_41 0636                   _period 0008                   isa$std 0001  
           __pdataCOMRAM 0008             __mediumconst 0600                   tblptrh 0FF7  
                 tblptrl 0FF6                   tblptru 0FF8               __accesstop 0060  
__end_of__initialization 0796            ___rparam_used 0001           __pcstackCOMRAM 000D  
                i2u10_40 0656                  i2u10_41 0652                  i2u11_40 067C  
                i2u11_41 0678                  __Hparam 0000                  __Lparam 0000  
           __psmallconst 0600                  __pcinit 076A                  __ramtop 0600  
                __ptext0 068A                  __ptext1 06FA                _T0CONbits 0FD5  
             _duty_cycle 000A                  main@key 000E           __pintcode_body 0602  
   end_of_initialization 0796                  int_func 0602                  postdec1 0FE5  
                postinc0 0FEE                _PORTBbits 0F81                _TRISBbits 0F93  
          __pidataCOMRAM 07A0      start_initialization 076A              __end_of_ISR 068A  
 scan_switch@detect_type 000D              __pbssCOMRAM 0002            ??_scan_switch 000D  
              __pintcode 0008              __smallconst 0600      __end_of_scan_switch 076A  
              _pwm_count 0006                copy_data0 077E                 __Hrparam 0000  
               __Lrparam 0000              _scan_switch 06FA                 isa$xinst 0000  
               int$flags 0001               _INTCONbits 0FF2                 intlevel2 0000  
