

Microchip MPLAB XC8 Assembler V3.10 build 20250813170317 
                                                                                               Wed Mar 18 17:21:43 2026

Microchip MPLAB XC8 C Compiler v3.10 (Free license) build 20250813170317 Og1 
     1                           	processor	18F4580
     2                           	fnconf	rparam,??,?,0
     3                           	pagewidth 120
     4                           	opt	flic
     5                           	psect	idataCOMRAM,global,class=CODE,space=0,delta=1,noexec
     6                           	psect	cinit,global,reloc=2,class=CODE,space=0,delta=1
     7                           	psect	dataCOMRAM,global,class=COMRAM,space=1,delta=1,lowdata,noexec
     8                           	psect	cstackCOMRAM,global,class=COMRAM,space=1,delta=1,lowdata,noexec
     9                           	psect	text0,global,reloc=2,class=CODE,space=0,delta=1
    10                           	psect	text1,global,reloc=2,class=CODE,space=0,delta=1
    11                           	psect	text2,global,reloc=2,class=CODE,space=0,delta=1
    12                           	psect	text3,global,reloc=2,class=CODE,space=0,delta=1
    13                           	psect	smallconst,global,reloc=2,class=SMALLCONST,space=0,delta=1,noexec
    14                           	psect	intsave_regs,global,class=BIGRAM,space=1,delta=1,noexec
    15                           	psect	rparam,global,class=COMRAM,space=1,delta=1,noexec
    16                           	psect	idloc,global,abs,ovrld,class=IDLOC,space=5,delta=1,noexec
    17                           	psect	config,global,abs,ovrld,class=CONFIG,space=4,delta=1,noexec
    18   000000                     
    19                           ; Version 2.40
    20                           ; Generated 17/11/2021 GMT
    21                           ; 
    22                           ; Copyright © 2021, Microchip Technology Inc. and its subsidiaries ("Microchip")
    23                           ; All rights reserved.
    24                           ; 
    25                           ; This software is developed by Microchip Technology Inc. and its subsidiaries ("Microch
      +                          ip").
    26                           ; 
    27                           ; Redistribution and use in source and binary forms, with or without modification, are
    28                           ; permitted provided that the following conditions are met:
    29                           ; 
    30                           ;     1. Redistributions of source code must retain the above copyright notice, this lis
      +                          t of
    31                           ;        conditions and the following disclaimer.
    32                           ; 
    33                           ;     2. Redistributions in binary form must reproduce the above copyright notice, this 
      +                          list
    34                           ;        of conditions and the following disclaimer in the documentation and/or other
    35                           ;        materials provided with the distribution. Publication is not required when
    36                           ;        this file is used in an embedded application.
    37                           ; 
    38                           ;     3. Microchip's name may not be used to endorse or promote products derived from th
      +                          is
    39                           ;        software without specific prior written permission.
    40                           ; 
    41                           ; THIS SOFTWARE IS PROVIDED BY MICROCHIP "AS IS" AND ANY EXPRESS OR IMPLIED WARRANTIES,
    42                           ; INCLUDING, BUT NOT LIMITED TO, THE IMPLIED WARRANTIES OF MERCHANTABILITY AND FITNESS F
      +                          OR
    43                           ; PURPOSE ARE DISCLAIMED.  IN NO EVENT SHALL MICROCHIP BE LIABLE FOR ANY DIRECT, INDIREC
      +                          T,
    44                           ; INCIDENTAL, SPECIAL, EXEMPLARY, OR CONSEQUENTIAL DAMAGES (INCLUDING BUT NOT LIMITED TO
    45                           ; PROCUREMENT OF SUBSTITUTE GOODS OR SERVICES; LOSS OF USE, DATA OR PROFITS; OR BUSINESS
    46                           ; INTERRUPTION) HOWSOEVER CAUSED AND ON ANY THEORY OF LIABILITY, WHETHER IN CONTRACT, ST
      +                          RICT
    47                           ; LIABILITY, OR TORT (INCLUDING NEGLIGENCE OR OTHERWISE) ARISING IN ANY WAY OUT OF THE U
      +                          SE OF
    48                           ; THIS SOFTWARE, EVEN IF ADVISED OF THE POSSIBILITY OF SUCH DAMAGE.
    49                           ; 
    50                           ; 
    51                           ; Code-generator required, PIC18F4580 Definitions
    52                           ; 
    53                           ; SFR Addresses
    54   000FE0                     bsr             equ	4064
    55   000FE9                     fsr0            equ	4073
    56   000FEA                     fsr0h           equ	4074
    57   000FE9                     fsr0l           equ	4073
    58   000FE1                     fsr1            equ	4065
    59   000FE2                     fsr1h           equ	4066
    60   000FE1                     fsr1l           equ	4065
    61   000FD9                     fsr2            equ	4057
    62   000FDA                     fsr2h           equ	4058
    63   000FD9                     fsr2l           equ	4057
    64   000FEF                     indf0           equ	4079
    65   000FE7                     indf1           equ	4071
    66   000FDF                     indf2           equ	4063
    67   000FF2                     intcon          equ	4082
    68   000000                     nvmcon          equ	0
    69   000FF9                     pcl             equ	4089
    70   000FFA                     pclath          equ	4090
    71   000FFB                     pclatu          equ	4091
    72   000FEB                     plusw0          equ	4075
    73   000FE3                     plusw1          equ	4067
    74   000FDB                     plusw2          equ	4059
    75   000FED                     postdec0        equ	4077
    76   000FE5                     postdec1        equ	4069
    77   000FDD                     postdec2        equ	4061
    78   000FEE                     postinc0        equ	4078
    79   000FE6                     postinc1        equ	4070
    80   000FDE                     postinc2        equ	4062
    81   000FEC                     preinc0         equ	4076
    82   000FE4                     preinc1         equ	4068
    83   000FDC                     preinc2         equ	4060
    84   000FF3                     prod            equ	4083
    85   000FF4                     prodh           equ	4084
    86   000FF3                     prodl           equ	4083
    87   000FD8                     status          equ	4056
    88   000FF5                     tablat          equ	4085
    89   000FF6                     tblptr          equ	4086
    90   000FF7                     tblptrh         equ	4087
    91   000FF6                     tblptrl         equ	4086
    92   000FF8                     tblptru         equ	4088
    93   000FFD                     tosl            equ	4093
    94   000FE8                     wreg            equ	4072
    95   000D60                     RXF6SIDH        equ	3424	;# 
    96   000D61                     RXF6SIDL        equ	3425	;# 
    97   000D62                     RXF6EIDH        equ	3426	;# 
    98   000D63                     RXF6EIDL        equ	3427	;# 
    99   000D64                     RXF7SIDH        equ	3428	;# 
   100   000D65                     RXF7SIDL        equ	3429	;# 
   101   000D66                     RXF7EIDH        equ	3430	;# 
   102   000D67                     RXF7EIDL        equ	3431	;# 
   103   000D68                     RXF8SIDH        equ	3432	;# 
   104   000D69                     RXF8SIDL        equ	3433	;# 
   105   000D6A                     RXF8EIDH        equ	3434	;# 
   106   000D6B                     RXF8EIDL        equ	3435	;# 
   107   000D70                     RXF9SIDH        equ	3440	;# 
   108   000D71                     RXF9SIDL        equ	3441	;# 
   109   000D72                     RXF9EIDH        equ	3442	;# 
   110   000D73                     RXF9EIDL        equ	3443	;# 
   111   000D74                     RXF10SIDH       equ	3444	;# 
   112   000D75                     RXF10SIDL       equ	3445	;# 
   113   000D76                     RXF10EIDH       equ	3446	;# 
   114   000D77                     RXF10EIDL       equ	3447	;# 
   115   000D78                     RXF11SIDH       equ	3448	;# 
   116   000D79                     RXF11SIDL       equ	3449	;# 
   117   000D7A                     RXF11EIDH       equ	3450	;# 
   118   000D7B                     RXF11EIDL       equ	3451	;# 
   119   000D80                     RXF12SIDH       equ	3456	;# 
   120   000D81                     RXF12SIDL       equ	3457	;# 
   121   000D82                     RXF12EIDH       equ	3458	;# 
   122   000D83                     RXF12EIDL       equ	3459	;# 
   123   000D84                     RXF13SIDH       equ	3460	;# 
   124   000D85                     RXF13SIDL       equ	3461	;# 
   125   000D86                     RXF13EIDH       equ	3462	;# 
   126   000D87                     RXF13EIDL       equ	3463	;# 
   127   000D88                     RXF14SIDH       equ	3464	;# 
   128   000D89                     RXF14SIDL       equ	3465	;# 
   129   000D8A                     RXF14EIDH       equ	3466	;# 
   130   000D8B                     RXF14EIDL       equ	3467	;# 
   131   000D90                     RXF15SIDH       equ	3472	;# 
   132   000D91                     RXF15SIDL       equ	3473	;# 
   133   000D92                     RXF15EIDH       equ	3474	;# 
   134   000D93                     RXF15EIDL       equ	3475	;# 
   135   000DD4                     RXFCON0         equ	3540	;# 
   136   000DD5                     RXFCON1         equ	3541	;# 
   137   000DD8                     SDFLC           equ	3544	;# 
   138   000DE0                     RXFBCON0        equ	3552	;# 
   139   000DE1                     RXFBCON1        equ	3553	;# 
   140   000DE2                     RXFBCON2        equ	3554	;# 
   141   000DE3                     RXFBCON3        equ	3555	;# 
   142   000DE4                     RXFBCON4        equ	3556	;# 
   143   000DE5                     RXFBCON5        equ	3557	;# 
   144   000DE6                     RXFBCON6        equ	3558	;# 
   145   000DE7                     RXFBCON7        equ	3559	;# 
   146   000DF0                     MSEL0           equ	3568	;# 
   147   000DF1                     MSEL1           equ	3569	;# 
   148   000DF2                     MSEL2           equ	3570	;# 
   149   000DF3                     MSEL3           equ	3571	;# 
   150   000DF8                     BSEL0           equ	3576	;# 
   151   000DFA                     BIE0            equ	3578	;# 
   152   000DFC                     TXBIE           equ	3580	;# 
   153   000E20                     B0CON           equ	3616	;# 
   154   000E21                     B0SIDH          equ	3617	;# 
   155   000E22                     B0SIDL          equ	3618	;# 
   156   000E23                     B0EIDH          equ	3619	;# 
   157   000E24                     B0EIDL          equ	3620	;# 
   158   000E25                     B0DLC           equ	3621	;# 
   159   000E26                     B0D0            equ	3622	;# 
   160   000E27                     B0D1            equ	3623	;# 
   161   000E28                     B0D2            equ	3624	;# 
   162   000E29                     B0D3            equ	3625	;# 
   163   000E2A                     B0D4            equ	3626	;# 
   164   000E2B                     B0D5            equ	3627	;# 
   165   000E2C                     B0D6            equ	3628	;# 
   166   000E2D                     B0D7            equ	3629	;# 
   167   000E2E                     CANSTAT_RO9     equ	3630	;# 
   168   000E2F                     CANCON_RO9      equ	3631	;# 
   169   000E30                     B1CON           equ	3632	;# 
   170   000E31                     B1SIDH          equ	3633	;# 
   171   000E32                     B1SIDL          equ	3634	;# 
   172   000E33                     B1EIDH          equ	3635	;# 
   173   000E34                     B1EIDL          equ	3636	;# 
   174   000E35                     B1DLC           equ	3637	;# 
   175   000E36                     B1D0            equ	3638	;# 
   176   000E37                     B1D1            equ	3639	;# 
   177   000E38                     B1D2            equ	3640	;# 
   178   000E39                     B1D3            equ	3641	;# 
   179   000E3A                     B1D4            equ	3642	;# 
   180   000E3B                     B1D5            equ	3643	;# 
   181   000E3C                     B1D6            equ	3644	;# 
   182   000E3D                     B1D7            equ	3645	;# 
   183   000E3E                     CANSTAT_RO8     equ	3646	;# 
   184   000E3F                     CANCON_RO8      equ	3647	;# 
   185   000E40                     B2CON           equ	3648	;# 
   186   000E41                     B2SIDH          equ	3649	;# 
   187   000E42                     B2SIDL          equ	3650	;# 
   188   000E43                     B2EIDH          equ	3651	;# 
   189   000E44                     B2EIDL          equ	3652	;# 
   190   000E45                     B2DLC           equ	3653	;# 
   191   000E46                     B2D0            equ	3654	;# 
   192   000E47                     B2D1            equ	3655	;# 
   193   000E48                     B2D2            equ	3656	;# 
   194   000E49                     B2D3            equ	3657	;# 
   195   000E4A                     B2D4            equ	3658	;# 
   196   000E4B                     B2D5            equ	3659	;# 
   197   000E4C                     B2D6            equ	3660	;# 
   198   000E4D                     B2D7            equ	3661	;# 
   199   000E4E                     CANSTAT_RO7     equ	3662	;# 
   200   000E4F                     CANCON_RO7      equ	3663	;# 
   201   000E50                     B3CON           equ	3664	;# 
   202   000E51                     B3SIDH          equ	3665	;# 
   203   000E52                     B3SIDL          equ	3666	;# 
   204   000E53                     B3EIDH          equ	3667	;# 
   205   000E54                     B3EIDL          equ	3668	;# 
   206   000E55                     B3DLC           equ	3669	;# 
   207   000E56                     B3D0            equ	3670	;# 
   208   000E57                     B3D1            equ	3671	;# 
   209   000E58                     B3D2            equ	3672	;# 
   210   000E59                     B3D3            equ	3673	;# 
   211   000E5A                     B3D4            equ	3674	;# 
   212   000E5B                     B3D5            equ	3675	;# 
   213   000E5C                     B3D6            equ	3676	;# 
   214   000E5D                     B3D7            equ	3677	;# 
   215   000E5E                     CANSTAT_RO6     equ	3678	;# 
   216   000E5F                     CANCON_RO6      equ	3679	;# 
   217   000E60                     B4CON           equ	3680	;# 
   218   000E61                     B4SIDH          equ	3681	;# 
   219   000E62                     B4SIDL          equ	3682	;# 
   220   000E63                     B4EIDH          equ	3683	;# 
   221   000E64                     B4EIDL          equ	3684	;# 
   222   000E65                     B4DLC           equ	3685	;# 
   223   000E66                     B4D0            equ	3686	;# 
   224   000E67                     B4D1            equ	3687	;# 
   225   000E68                     B4D2            equ	3688	;# 
   226   000E69                     B4D3            equ	3689	;# 
   227   000E6A                     B4D4            equ	3690	;# 
   228   000E6B                     B4D5            equ	3691	;# 
   229   000E6C                     B4D6            equ	3692	;# 
   230   000E6D                     B4D7            equ	3693	;# 
   231   000E6E                     CANSTAT_RO5     equ	3694	;# 
   232   000E6F                     CANCON_RO5      equ	3695	;# 
   233   000E70                     B5CON           equ	3696	;# 
   234   000E71                     B5SIDH          equ	3697	;# 
   235   000E72                     B5SIDL          equ	3698	;# 
   236   000E73                     B5EIDH          equ	3699	;# 
   237   000E74                     B5EIDL          equ	3700	;# 
   238   000E75                     B5DLC           equ	3701	;# 
   239   000E76                     B5D0            equ	3702	;# 
   240   000E77                     B5D1            equ	3703	;# 
   241   000E78                     B5D2            equ	3704	;# 
   242   000E79                     B5D3            equ	3705	;# 
   243   000E7A                     B5D4            equ	3706	;# 
   244   000E7B                     B5D5            equ	3707	;# 
   245   000E7C                     B5D6            equ	3708	;# 
   246   000E7D                     B5D7            equ	3709	;# 
   247   000E7E                     CANSTAT_RO4     equ	3710	;# 
   248   000E7F                     CANCON_RO4      equ	3711	;# 
   249   000F00                     RXF0SIDH        equ	3840	;# 
   250   000F01                     RXF0SIDL        equ	3841	;# 
   251   000F02                     RXF0EIDH        equ	3842	;# 
   252   000F03                     RXF0EIDL        equ	3843	;# 
   253   000F04                     RXF1SIDH        equ	3844	;# 
   254   000F05                     RXF1SIDL        equ	3845	;# 
   255   000F06                     RXF1EIDH        equ	3846	;# 
   256   000F07                     RXF1EIDL        equ	3847	;# 
   257   000F08                     RXF2SIDH        equ	3848	;# 
   258   000F09                     RXF2SIDL        equ	3849	;# 
   259   000F0A                     RXF2EIDH        equ	3850	;# 
   260   000F0B                     RXF2EIDL        equ	3851	;# 
   261   000F0C                     RXF3SIDH        equ	3852	;# 
   262   000F0D                     RXF3SIDL        equ	3853	;# 
   263   000F0E                     RXF3EIDH        equ	3854	;# 
   264   000F0F                     RXF3EIDL        equ	3855	;# 
   265   000F10                     RXF4SIDH        equ	3856	;# 
   266   000F11                     RXF4SIDL        equ	3857	;# 
   267   000F12                     RXF4EIDH        equ	3858	;# 
   268   000F13                     RXF4EIDL        equ	3859	;# 
   269   000F14                     RXF5SIDH        equ	3860	;# 
   270   000F15                     RXF5SIDL        equ	3861	;# 
   271   000F16                     RXF5EIDH        equ	3862	;# 
   272   000F17                     RXF5EIDL        equ	3863	;# 
   273   000F18                     RXM0SIDH        equ	3864	;# 
   274   000F19                     RXM0SIDL        equ	3865	;# 
   275   000F1A                     RXM0EIDH        equ	3866	;# 
   276   000F1B                     RXM0EIDL        equ	3867	;# 
   277   000F1C                     RXM1SIDH        equ	3868	;# 
   278   000F1D                     RXM1SIDL        equ	3869	;# 
   279   000F1E                     RXM1EIDH        equ	3870	;# 
   280   000F1F                     RXM1EIDL        equ	3871	;# 
   281   000F20                     TXB2CON         equ	3872	;# 
   282   000F21                     TXB2SIDH        equ	3873	;# 
   283   000F22                     TXB2SIDL        equ	3874	;# 
   284   000F23                     TXB2EIDH        equ	3875	;# 
   285   000F24                     TXB2EIDL        equ	3876	;# 
   286   000F25                     TXB2DLC         equ	3877	;# 
   287   000F26                     TXB2D0          equ	3878	;# 
   288   000F27                     TXB2D1          equ	3879	;# 
   289   000F28                     TXB2D2          equ	3880	;# 
   290   000F29                     TXB2D3          equ	3881	;# 
   291   000F2A                     TXB2D4          equ	3882	;# 
   292   000F2B                     TXB2D5          equ	3883	;# 
   293   000F2C                     TXB2D6          equ	3884	;# 
   294   000F2D                     TXB2D7          equ	3885	;# 
   295   000F2E                     CANSTAT_RO3     equ	3886	;# 
   296   000F2F                     CANCON_RO3      equ	3887	;# 
   297   000F30                     TXB1CON         equ	3888	;# 
   298   000F31                     TXB1SIDH        equ	3889	;# 
   299   000F32                     TXB1SIDL        equ	3890	;# 
   300   000F33                     TXB1EIDH        equ	3891	;# 
   301   000F34                     TXB1EIDL        equ	3892	;# 
   302   000F35                     TXB1DLC         equ	3893	;# 
   303   000F36                     TXB1D0          equ	3894	;# 
   304   000F37                     TXB1D1          equ	3895	;# 
   305   000F38                     TXB1D2          equ	3896	;# 
   306   000F39                     TXB1D3          equ	3897	;# 
   307   000F3A                     TXB1D4          equ	3898	;# 
   308   000F3B                     TXB1D5          equ	3899	;# 
   309   000F3C                     TXB1D6          equ	3900	;# 
   310   000F3D                     TXB1D7          equ	3901	;# 
   311   000F3E                     CANSTAT_RO2     equ	3902	;# 
   312   000F3F                     CANCON_RO2      equ	3903	;# 
   313   000F40                     TXB0CON         equ	3904	;# 
   314   000F41                     TXB0SIDH        equ	3905	;# 
   315   000F42                     TXB0SIDL        equ	3906	;# 
   316   000F43                     TXB0EIDH        equ	3907	;# 
   317   000F44                     TXB0EIDL        equ	3908	;# 
   318   000F45                     TXB0DLC         equ	3909	;# 
   319   000F46                     TXB0D0          equ	3910	;# 
   320   000F47                     TXB0D1          equ	3911	;# 
   321   000F48                     TXB0D2          equ	3912	;# 
   322   000F49                     TXB0D3          equ	3913	;# 
   323   000F4A                     TXB0D4          equ	3914	;# 
   324   000F4B                     TXB0D5          equ	3915	;# 
   325   000F4C                     TXB0D6          equ	3916	;# 
   326   000F4D                     TXB0D7          equ	3917	;# 
   327   000F4E                     CANSTAT_RO1     equ	3918	;# 
   328   000F4F                     CANCON_RO1      equ	3919	;# 
   329   000F50                     RXB1CON         equ	3920	;# 
   330   000F51                     RXB1SIDH        equ	3921	;# 
   331   000F52                     RXB1SIDL        equ	3922	;# 
   332   000F53                     RXB1EIDH        equ	3923	;# 
   333   000F54                     RXB1EIDL        equ	3924	;# 
   334   000F55                     RXB1DLC         equ	3925	;# 
   335   000F56                     RXB1D0          equ	3926	;# 
   336   000F57                     RXB1D1          equ	3927	;# 
   337   000F58                     RXB1D2          equ	3928	;# 
   338   000F59                     RXB1D3          equ	3929	;# 
   339   000F5A                     RXB1D4          equ	3930	;# 
   340   000F5B                     RXB1D5          equ	3931	;# 
   341   000F5C                     RXB1D6          equ	3932	;# 
   342   000F5D                     RXB1D7          equ	3933	;# 
   343   000F5E                     CANSTAT_RO0     equ	3934	;# 
   344   000F5F                     CANCON_RO0      equ	3935	;# 
   345   000F60                     RXB0CON         equ	3936	;# 
   346   000F61                     RXB0SIDH        equ	3937	;# 
   347   000F62                     RXB0SIDL        equ	3938	;# 
   348   000F63                     RXB0EIDH        equ	3939	;# 
   349   000F64                     RXB0EIDL        equ	3940	;# 
   350   000F65                     RXB0DLC         equ	3941	;# 
   351   000F66                     RXB0D0          equ	3942	;# 
   352   000F67                     RXB0D1          equ	3943	;# 
   353   000F68                     RXB0D2          equ	3944	;# 
   354   000F69                     RXB0D3          equ	3945	;# 
   355   000F6A                     RXB0D4          equ	3946	;# 
   356   000F6B                     RXB0D5          equ	3947	;# 
   357   000F6C                     RXB0D6          equ	3948	;# 
   358   000F6D                     RXB0D7          equ	3949	;# 
   359   000F6E                     CANSTAT         equ	3950	;# 
   360   000F6F                     CANCON          equ	3951	;# 
   361   000F70                     BRGCON1         equ	3952	;# 
   362   000F71                     BRGCON2         equ	3953	;# 
   363   000F72                     BRGCON3         equ	3954	;# 
   364   000F73                     CIOCON          equ	3955	;# 
   365   000F74                     COMSTAT         equ	3956	;# 
   366   000F75                     RXERRCNT        equ	3957	;# 
   367   000F76                     TXERRCNT        equ	3958	;# 
   368   000F77                     ECANCON         equ	3959	;# 
   369   000F80                     PORTA           equ	3968	;# 
   370   000F81                     PORTB           equ	3969	;# 
   371   000F82                     PORTC           equ	3970	;# 
   372   000F83                     PORTD           equ	3971	;# 
   373   000F84                     PORTE           equ	3972	;# 
   374   000F89                     LATA            equ	3977	;# 
   375   000F8A                     LATB            equ	3978	;# 
   376   000F8B                     LATC            equ	3979	;# 
   377   000F8C                     LATD            equ	3980	;# 
   378   000F8D                     LATE            equ	3981	;# 
   379   000F92                     TRISA           equ	3986	;# 
   380   000F92                     DDRA            equ	3986	;# 
   381   000F93                     TRISB           equ	3987	;# 
   382   000F93                     DDRB            equ	3987	;# 
   383   000F94                     TRISC           equ	3988	;# 
   384   000F94                     DDRC            equ	3988	;# 
   385   000F95                     TRISD           equ	3989	;# 
   386   000F95                     DDRD            equ	3989	;# 
   387   000F96                     TRISE           equ	3990	;# 
   388   000F96                     DDRE            equ	3990	;# 
   389   000F9B                     OSCTUNE         equ	3995	;# 
   390   000F9D                     PIE1            equ	3997	;# 
   391   000F9E                     PIR1            equ	3998	;# 
   392   000F9F                     IPR1            equ	3999	;# 
   393   000FA0                     PIE2            equ	4000	;# 
   394   000FA1                     PIR2            equ	4001	;# 
   395   000FA2                     IPR2            equ	4002	;# 
   396   000FA3                     PIE3            equ	4003	;# 
   397   000FA4                     PIR3            equ	4004	;# 
   398   000FA5                     IPR3            equ	4005	;# 
   399   000FA6                     EECON1          equ	4006	;# 
   400   000FA7                     EECON2          equ	4007	;# 
   401   000FA8                     EEDATA          equ	4008	;# 
   402   000FA9                     EEADR           equ	4009	;# 
   403   000FAB                     RCSTA           equ	4011	;# 
   404   000FAB                     RCSTA1          equ	4011	;# 
   405   000FAC                     TXSTA           equ	4012	;# 
   406   000FAC                     TXSTA1          equ	4012	;# 
   407   000FAD                     TXREG           equ	4013	;# 
   408   000FAD                     TXREG1          equ	4013	;# 
   409   000FAE                     RCREG           equ	4014	;# 
   410   000FAE                     RCREG1          equ	4014	;# 
   411   000FAF                     SPBRG           equ	4015	;# 
   412   000FAF                     SPBRG1          equ	4015	;# 
   413   000FB0                     SPBRGH          equ	4016	;# 
   414   000FB1                     T3CON           equ	4017	;# 
   415   000FB2                     TMR3            equ	4018	;# 
   416   000FB2                     TMR3L           equ	4018	;# 
   417   000FB3                     TMR3H           equ	4019	;# 
   418   000FB4                     CMCON           equ	4020	;# 
   419   000FB5                     CVRCON          equ	4021	;# 
   420   000FB6                     ECCP1AS         equ	4022	;# 
   421   000FB7                     ECCP1DEL        equ	4023	;# 
   422   000FB8                     BAUDCON         equ	4024	;# 
   423   000FB8                     BAUDCTL         equ	4024	;# 
   424   000FBA                     ECCP1CON        equ	4026	;# 
   425   000FBB                     ECCPR1          equ	4027	;# 
   426   000FBB                     ECCPR1L         equ	4027	;# 
   427   000FBC                     ECCPR1H         equ	4028	;# 
   428   000FBD                     CCP1CON         equ	4029	;# 
   429   000FBE                     CCPR1           equ	4030	;# 
   430   000FBE                     CCPR1L          equ	4030	;# 
   431   000FBF                     CCPR1H          equ	4031	;# 
   432   000FC0                     ADCON2          equ	4032	;# 
   433   000FC1                     ADCON1          equ	4033	;# 
   434   000FC2                     ADCON0          equ	4034	;# 
   435   000FC3                     ADRES           equ	4035	;# 
   436   000FC3                     ADRESL          equ	4035	;# 
   437   000FC4                     ADRESH          equ	4036	;# 
   438   000FC5                     SSPCON2         equ	4037	;# 
   439   000FC6                     SSPCON1         equ	4038	;# 
   440   000FC7                     SSPSTAT         equ	4039	;# 
   441   000FC8                     SSPADD          equ	4040	;# 
   442   000FC9                     SSPBUF          equ	4041	;# 
   443   000FCA                     T2CON           equ	4042	;# 
   444   000FCB                     PR2             equ	4043	;# 
   445   000FCB                     MEMCON          equ	4043	;# 
   446   000FCC                     TMR2            equ	4044	;# 
   447   000FCD                     T1CON           equ	4045	;# 
   448   000FCE                     TMR1            equ	4046	;# 
   449   000FCE                     TMR1L           equ	4046	;# 
   450   000FCF                     TMR1H           equ	4047	;# 
   451   000FD0                     RCON            equ	4048	;# 
   452   000FD1                     WDTCON          equ	4049	;# 
   453   000FD2                     HLVDCON         equ	4050	;# 
   454   000FD2                     LVDCON          equ	4050	;# 
   455   000FD3                     OSCCON          equ	4051	;# 
   456   000FD5                     T0CON           equ	4053	;# 
   457   000FD6                     TMR0            equ	4054	;# 
   458   000FD6                     TMR0L           equ	4054	;# 
   459   000FD7                     TMR0H           equ	4055	;# 
   460   000FD8                     STATUS          equ	4056	;# 
   461   000FD9                     FSR2            equ	4057	;# 
   462   000FD9                     FSR2L           equ	4057	;# 
   463   000FDA                     FSR2H           equ	4058	;# 
   464   000FDB                     PLUSW2          equ	4059	;# 
   465   000FDC                     PREINC2         equ	4060	;# 
   466   000FDD                     POSTDEC2        equ	4061	;# 
   467   000FDE                     POSTINC2        equ	4062	;# 
   468   000FDF                     INDF2           equ	4063	;# 
   469   000FE0                     BSR             equ	4064	;# 
   470   000FE1                     FSR1            equ	4065	;# 
   471   000FE1                     FSR1L           equ	4065	;# 
   472   000FE2                     FSR1H           equ	4066	;# 
   473   000FE3                     PLUSW1          equ	4067	;# 
   474   000FE4                     PREINC1         equ	4068	;# 
   475   000FE5                     POSTDEC1        equ	4069	;# 
   476   000FE6                     POSTINC1        equ	4070	;# 
   477   000FE7                     INDF1           equ	4071	;# 
   478   000FE8                     WREG            equ	4072	;# 
   479   000FE9                     FSR0            equ	4073	;# 
   480   000FE9                     FSR0L           equ	4073	;# 
   481   000FEA                     FSR0H           equ	4074	;# 
   482   000FEB                     PLUSW0          equ	4075	;# 
   483   000FEC                     PREINC0         equ	4076	;# 
   484   000FED                     POSTDEC0        equ	4077	;# 
   485   000FEE                     POSTINC0        equ	4078	;# 
   486   000FEF                     INDF0           equ	4079	;# 
   487   000FF0                     INTCON3         equ	4080	;# 
   488   000FF1                     INTCON2         equ	4081	;# 
   489   000FF2                     INTCON          equ	4082	;# 
   490   000FF3                     PROD            equ	4083	;# 
   491   000FF3                     PRODL           equ	4083	;# 
   492   000FF4                     PRODH           equ	4084	;# 
   493   000FF5                     TABLAT          equ	4085	;# 
   494   000FF6                     TBLPTR          equ	4086	;# 
   495   000FF6                     TBLPTRL         equ	4086	;# 
   496   000FF7                     TBLPTRH         equ	4087	;# 
   497   000FF8                     TBLPTRU         equ	4088	;# 
   498   000FF9                     PCLAT           equ	4089	;# 
   499   000FF9                     PC              equ	4089	;# 
   500   000FF9                     PCL             equ	4089	;# 
   501   000FFA                     PCLATH          equ	4090	;# 
   502   000FFB                     PCLATU          equ	4091	;# 
   503   000FFC                     STKPTR          equ	4092	;# 
   504   000FFD                     TOS             equ	4093	;# 
   505   000FFD                     TOSL            equ	4093	;# 
   506   000FFE                     TOSH            equ	4094	;# 
   507   000FFF                     TOSU            equ	4095	;# 
   508                           
   509                           	psect	idataCOMRAM
   510   003000                     __pidataCOMRAM:
   511                           	callstack 0
   512                           
   513                           ;initializer for _once
   514   003000  01                 	db	1
   515   000F92                     _TRISA          set	3986
   516   000F95                     _TRISD          set	3989
   517   000F81                     _PORTB          set	3969
   518   000FF1                     _INTCON2bits    set	4081
   519   000F93                     _TRISB          set	3987
   520   000F80                     _PORTA          set	3968
   521   000F83                     _PORTD          set	3971
   522   000F81                     _PORTBbits      set	3969
   523                           
   524                           ; #config settings
   525                           
   526                           	psect	cinit
   527   0007A6                     __pcinit:
   528                           	callstack 0
   529   0007A6                     start_initialization:
   530                           	callstack 0
   531   0007A6                     __initialization:
   532                           	callstack 0
   533                           
   534                           ; Initialize objects allocated to COMRAM (1 bytes)
   535                           ; load TBLPTR registers with __pidataCOMRAM
   536   0007A6  0E00               	movlw	low __pidataCOMRAM
   537   0007A8  6EF6               	movwf	tblptrl,c
   538   0007AA  0E30               	movlw	high __pidataCOMRAM
   539   0007AC  6EF7               	movwf	tblptrh,c
   540   0007AE  0E00               	movlw	low (__pidataCOMRAM shr (0+16))
   541   0007B0  6EF8               	movwf	tblptru,c
   542   0007B2  0009               	tblrd		*+	;fetch initializer
   543   0007B4  CFF5 F004          	movff	tablat,__pdataCOMRAM
   544   0007B8                     end_of_initialization:
   545                           	callstack 0
   546   0007B8                     __end_of__initialization:
   547                           	callstack 0
   548   0007B8  0100               	movlb	0
   549   0007BA  EFB9  F003         	goto	_main	;jump to C main() function
   550                           
   551                           	psect	dataCOMRAM
   552   000004                     __pdataCOMRAM:
   553                           	callstack 0
   554   000004                     _once:
   555                           	callstack 0
   556   000004                     	ds	1
   557                           
   558                           	psect	cstackCOMRAM
   559   000001                     __pcstackCOMRAM:
   560                           	callstack 0
   561   000001                     display@value:
   562                           	callstack 0
   563   000001                     triggering_type@key:
   564                           	callstack 0
   565   000001                     
   566                           ; 1 bytes @ 0x0
   567   000001                     	ds	1
   568   000002                     triggering_type@detect_type:
   569                           	callstack 0
   570   000002                     
   571                           ; 1 bytes @ 0x1
   572   000002                     	ds	1
   573   000003                     main@key:
   574                           	callstack 0
   575   000003                     
   576                           ; 1 bytes @ 0x2
   577   000003                     	ds	1
   578                           
   579 ;;
   580 ;;Main: autosize = 0, tempsize = 0, incstack = 0, save=0
   581 ;;
   582 ;; *************** function _main *****************
   583 ;; Defined at:
   584 ;;		line 103 in file "main.c"
   585 ;; Parameters:    Size  Location     Type
   586 ;;		None
   587 ;; Auto vars:     Size  Location     Type
   588 ;;  key             1    2[COMRAM] unsigned char 
   589 ;;  value           1    0        unsigned char 
   590 ;; Return value:  Size  Location     Type
   591 ;;                  1    wreg      void 
   592 ;; Registers used:
   593 ;;		wreg, status,2, status,0, cstack
   594 ;; Tracked objects:
   595 ;;		On entry : 0/0
   596 ;;		On exit  : 0/0
   597 ;;		Unchanged: 0/0
   598 ;; Data sizes:     COMRAM   BANK0   BANK1   BANK2   BANK3   BANK4   BANK5
   599 ;;      Params:         0       0       0       0       0       0       0
   600 ;;      Locals:         1       0       0       0       0       0       0
   601 ;;      Temps:          0       0       0       0       0       0       0
   602 ;;      Totals:         1       0       0       0       0       0       0
   603 ;;Total ram usage:        1 bytes
   604 ;; Hardware stack levels required when called: 1
   605 ;; This function calls:
   606 ;;		_display
   607 ;;		_scan_switch
   608 ;;		_triggering_type
   609 ;; This function is called by:
   610 ;;		Startup code after reset
   611 ;; This function uses a non-reentrant model
   612 ;;
   613                           
   614                           	psect	text0
   615   000772                     __ptext0:
   616                           	callstack 0
   617   000772                     _main:
   618                           	callstack 30
   619   000772                     
   620                           ;main.c: 104:     TRISB = 0X1E;
   621   000772  0E1E               	movlw	30
   622   000774  6E93               	movwf	147,c	;volatile
   623   000776                     
   624                           ;main.c: 105:     INTCON2bits.RBPU = 0;
   625   000776  9EF1               	bcf	241,7,c	;volatile
   626   000778                     
   627                           ;main.c: 107:     PORTB = PORTB | 0XE0;
   628   000778  5081               	movf	129,w,c	;volatile
   629   00077A  09E0               	iorlw	224
   630   00077C  6E81               	movwf	129,c	;volatile
   631   00077E                     
   632                           ;main.c: 109:     TRISD = 0x00;
   633   00077E  6A95               	clrf	149,c	;volatile
   634   000780                     
   635                           ;main.c: 110:     TRISA &= 0xF0;
   636   000780  0EF0               	movlw	240
   637   000782  1692               	andwf	146,f,c	;volatile
   638   000784                     
   639                           ;main.c: 112:     PORTA &= 0xF0;
   640   000784  0EF0               	movlw	240
   641   000786  1680               	andwf	128,f,c	;volatile
   642   000788                     l1006:
   643                           
   644                           ;main.c: 118:         key = scan_switch();
   645   000788  EC01  F003         	call	_scan_switch	;wreg free
   646   00078C  6E03               	movwf	main@key^0,c
   647   00078E  C003  F001         	movff	main@key,triggering_type@key
   648   000792  0E01               	movlw	1
   649   000794  EC84  F003         	call	_triggering_type
   650                           
   651                           ;main.c: 120:         display(key);
   652   000798  5003               	movf	main@key^0,w,c
   653   00079A  ECDF  F003         	call	_display
   654   00079E  EFC4  F003         	goto	l1006
   655   0007A2  EFFE  F017         	goto	start
   656   0007A6                     __end_of_main:
   657                           	callstack 0
   658                           
   659 ;; *************** function _triggering_type *****************
   660 ;; Defined at:
   661 ;;		line 89 in file "main.c"
   662 ;; Parameters:    Size  Location     Type
   663 ;;  detect_type     1    wreg     unsigned char 
   664 ;;  key             1    0[COMRAM] unsigned char 
   665 ;; Auto vars:     Size  Location     Type
   666 ;;  detect_type     1    1[COMRAM] unsigned char 
   667 ;; Return value:  Size  Location     Type
   668 ;;                  1    wreg      unsigned char 
   669 ;; Registers used:
   670 ;;		wreg, status,2, status,0
   671 ;; Tracked objects:
   672 ;;		On entry : 0/0
   673 ;;		On exit  : 0/0
   674 ;;		Unchanged: 0/0
   675 ;; Data sizes:     COMRAM   BANK0   BANK1   BANK2   BANK3   BANK4   BANK5
   676 ;;      Params:         1       0       0       0       0       0       0
   677 ;;      Locals:         1       0       0       0       0       0       0
   678 ;;      Temps:          0       0       0       0       0       0       0
   679 ;;      Totals:         2       0       0       0       0       0       0
   680 ;;Total ram usage:        2 bytes
   681 ;; Hardware stack levels used: 1
   682 ;; This function calls:
   683 ;;		Nothing
   684 ;; This function is called by:
   685 ;;		_main
   686 ;; This function uses a non-reentrant model
   687 ;;
   688                           
   689                           	psect	text1
   690   000708                     __ptext1:
   691                           	callstack 0
   692   000708                     _triggering_type:
   693                           	callstack 30
   694                           
   695                           ;incstack = 0
   696                           ;triggering_type@detect_type stored from wreg
   697   000708  6E02               	movwf	triggering_type@detect_type^0,c
   698   00070A                     
   699                           ;main.c: 90:     if (detect_type == 0) {
   700   00070A  5002               	movf	triggering_type@detect_type^0,w,c
   701   00070C  A4D8               	btfss	status,2,c
   702   00070E  EF8B  F003         	goto	u181
   703   000712  EF8D  F003         	goto	u180
   704   000716                     u181:
   705   000716  EF90  F003         	goto	l972
   706   00071A                     u180:
   707   00071A                     l968:
   708                           
   709                           ;main.c: 91:         return key;
   710   00071A  5001               	movf	triggering_type@key^0,w,c
   711   00071C  EFB8  F003         	goto	l49
   712   000720                     l972:
   713   000720  0402               	decf	triggering_type@detect_type^0,w,c
   714   000722  A4D8               	btfss	status,2,c
   715   000724  EF96  F003         	goto	u191
   716   000728  EF98  F003         	goto	u190
   717   00072C                     u191:
   718   00072C  EFB7  F003         	goto	l990
   719   000730                     u190:
   720   000730                     
   721                           ;main.c: 93:         if ((key != 0x0F) && once) {
   722   000730  0E0F               	movlw	15
   723   000732  1801               	xorwf	triggering_type@key^0,w,c
   724   000734  B4D8               	btfsc	status,2,c
   725   000736  EF9F  F003         	goto	u201
   726   00073A  EFA1  F003         	goto	u200
   727   00073E                     u201:
   728   00073E  EFAC  F003         	goto	l986
   729   000742                     u200:
   730   000742  5004               	movf	_once^0,w,c
   731   000744  B4D8               	btfsc	status,2,c
   732   000746  EFA7  F003         	goto	u211
   733   00074A  EFA9  F003         	goto	u210
   734   00074E                     u211:
   735   00074E  EFAC  F003         	goto	l986
   736   000752                     u210:
   737   000752                     
   738                           ;main.c: 94:             once = 0;
   739   000752  6A04               	clrf	_once^0,c
   740   000754  EF8D  F003         	goto	l968
   741   000758                     l986:
   742   000758  0E0F               	movlw	15
   743   00075A  1801               	xorwf	triggering_type@key^0,w,c
   744   00075C  A4D8               	btfss	status,2,c
   745   00075E  EFB3  F003         	goto	u221
   746   000762  EFB5  F003         	goto	u220
   747   000766                     u221:
   748   000766  EFB7  F003         	goto	l990
   749   00076A                     u220:
   750   00076A                     
   751                           ;main.c: 97:             once = 1;
   752   00076A  0E01               	movlw	1
   753   00076C  6E04               	movwf	_once^0,c
   754   00076E                     l990:
   755                           
   756                           ;main.c: 100:     return 0x0F;
   757   00076E  0E0F               	movlw	15
   758   000770                     l49:
   759   000770  0012               	return		;funcret
   760   000772                     __end_of_triggering_type:
   761                           	callstack 0
   762                           
   763 ;; *************** function _scan_switch *****************
   764 ;; Defined at:
   765 ;;		line 36 in file "main.c"
   766 ;; Parameters:    Size  Location     Type
   767 ;;		None
   768 ;; Auto vars:     Size  Location     Type
   769 ;;		None
   770 ;; Return value:  Size  Location     Type
   771 ;;                  1    wreg      unsigned char 
   772 ;; Registers used:
   773 ;;		wreg
   774 ;; Tracked objects:
   775 ;;		On entry : 0/0
   776 ;;		On exit  : 0/0
   777 ;;		Unchanged: 0/0
   778 ;; Data sizes:     COMRAM   BANK0   BANK1   BANK2   BANK3   BANK4   BANK5
   779 ;;      Params:         0       0       0       0       0       0       0
   780 ;;      Locals:         0       0       0       0       0       0       0
   781 ;;      Temps:          0       0       0       0       0       0       0
   782 ;;      Totals:         0       0       0       0       0       0       0
   783 ;;Total ram usage:        0 bytes
   784 ;; Hardware stack levels used: 1
   785 ;; This function calls:
   786 ;;		Nothing
   787 ;; This function is called by:
   788 ;;		_main
   789 ;; This function uses a non-reentrant model
   790 ;;
   791                           
   792                           	psect	text2
   793   000602                     __ptext2:
   794                           	callstack 0
   795   000602                     _scan_switch:
   796                           	callstack 30
   797   000602                     
   798                           ;main.c: 38:     PORTBbits.RB5 = 0;
   799   000602  9A81               	bcf	129,5,c	;volatile
   800                           
   801                           ;main.c: 39:     PORTBbits.RB6 = 1;
   802   000604  8C81               	bsf	129,6,c	;volatile
   803                           
   804                           ;main.c: 40:     PORTBbits.RB7 = 1;
   805   000606  8E81               	bsf	129,7,c	;volatile
   806                           
   807                           ;main.c: 42:     if (PORTBbits.RB1 == 0) {
   808   000608  B281               	btfsc	129,1,c	;volatile
   809   00060A  EF09  F003         	goto	u11
   810   00060E  EF0B  F003         	goto	u10
   811   000612                     u11:
   812   000612  EF0E  F003         	goto	l21
   813   000616                     u10:
   814   000616                     
   815                           ;main.c: 43:         return 0x21;
   816   000616  0E21               	movlw	33
   817   000618  EF83  F003         	goto	l22
   818   00061C                     l21:
   819   00061C  B481               	btfsc	129,2,c	;volatile
   820   00061E  EF13  F003         	goto	u21
   821   000622  EF15  F003         	goto	u20
   822   000626                     u21:
   823   000626  EF18  F003         	goto	l24
   824   00062A                     u20:
   825   00062A                     
   826                           ;main.c: 45:         return 0x2D;
   827   00062A  0E2D               	movlw	45
   828   00062C  EF83  F003         	goto	l22
   829   000630                     l24:
   830   000630  B681               	btfsc	129,3,c	;volatile
   831   000632  EF1D  F003         	goto	u31
   832   000636  EF1F  F003         	goto	u30
   833   00063A                     u31:
   834   00063A  EF22  F003         	goto	l26
   835   00063E                     u30:
   836   00063E                     
   837                           ;main.c: 47:         return 0x23;
   838   00063E  0E23               	movlw	35
   839   000640  EF83  F003         	goto	l22
   840   000644                     l26:
   841   000644  B881               	btfsc	129,4,c	;volatile
   842   000646  EF27  F003         	goto	u41
   843   00064A  EF29  F003         	goto	u40
   844   00064E                     u41:
   845   00064E  EF2C  F003         	goto	l23
   846   000652                     u40:
   847   000652                     
   848                           ;main.c: 49:         return 10;
   849   000652  0E0A               	movlw	10
   850   000654  EF83  F003         	goto	l22
   851   000658                     l23:
   852                           
   853                           ;main.c: 52:     PORTBbits.RB5 = 1;
   854   000658  8A81               	bsf	129,5,c	;volatile
   855                           
   856                           ;main.c: 53:     PORTBbits.RB6 = 0;
   857   00065A  9C81               	bcf	129,6,c	;volatile
   858                           
   859                           ;main.c: 54:     PORTBbits.RB7 = 1;
   860   00065C  8E81               	bsf	129,7,c	;volatile
   861                           
   862                           ;main.c: 56:     if (PORTBbits.RB1 == 0) {
   863   00065E  B281               	btfsc	129,1,c	;volatile
   864   000660  EF34  F003         	goto	u51
   865   000664  EF36  F003         	goto	u50
   866   000668                     u51:
   867   000668  EF39  F003         	goto	l29
   868   00066C                     u50:
   869   00066C                     
   870                           ;main.c: 57:         return 0xCB;
   871   00066C  0ECB               	movlw	203
   872   00066E  EF83  F003         	goto	l22
   873   000672                     l29:
   874   000672  B481               	btfsc	129,2,c	;volatile
   875   000674  EF3E  F003         	goto	u61
   876   000678  EF40  F003         	goto	u60
   877   00067C                     u61:
   878   00067C  EF43  F003         	goto	l31
   879   000680                     u60:
   880   000680                     
   881                           ;main.c: 59:         return 0x6E;
   882   000680  0E6E               	movlw	110
   883   000682  EF83  F003         	goto	l22
   884   000686                     l31:
   885   000686  B681               	btfsc	129,3,c	;volatile
   886   000688  EF48  F003         	goto	u71
   887   00068C  EF4A  F003         	goto	u70
   888   000690                     u71:
   889   000690  EF4D  F003         	goto	l33
   890   000694                     u70:
   891   000694                     
   892                           ;main.c: 61:         return 0xEF;
   893   000694  0EEF               	movlw	239
   894   000696  EF83  F003         	goto	l22
   895   00069A                     l33:
   896   00069A  B881               	btfsc	129,4,c	;volatile
   897   00069C  EF52  F003         	goto	u81
   898   0006A0  EF54  F003         	goto	u80
   899   0006A4                     u81:
   900   0006A4  EF57  F003         	goto	l30
   901   0006A8                     u80:
   902   0006A8                     
   903                           ;main.c: 63:         return 11;
   904   0006A8  0E0B               	movlw	11
   905   0006AA  EF83  F003         	goto	l22
   906   0006AE                     l30:
   907                           
   908                           ;main.c: 66:     PORTBbits.RB5 = 1;
   909   0006AE  8A81               	bsf	129,5,c	;volatile
   910                           
   911                           ;main.c: 67:     PORTBbits.RB6 = 1;
   912   0006B0  8C81               	bsf	129,6,c	;volatile
   913                           
   914                           ;main.c: 68:     PORTBbits.RB7 = 0;
   915   0006B2  9E81               	bcf	129,7,c	;volatile
   916                           
   917                           ;main.c: 70:     if (PORTBbits.RB1 == 0) {
   918   0006B4  B281               	btfsc	129,1,c	;volatile
   919   0006B6  EF5F  F003         	goto	u91
   920   0006BA  EF61  F003         	goto	u90
   921   0006BE                     u91:
   922   0006BE  EF64  F003         	goto	l36
   923   0006C2                     u90:
   924   0006C2                     
   925                           ;main.c: 71:         return 0x6B;
   926   0006C2  0E6B               	movlw	107
   927   0006C4  EF83  F003         	goto	l22
   928   0006C8                     l36:
   929   0006C8  B481               	btfsc	129,2,c	;volatile
   930   0006CA  EF69  F003         	goto	u101
   931   0006CE  EF6B  F003         	goto	u100
   932   0006D2                     u101:
   933   0006D2  EF6E  F003         	goto	l38
   934   0006D6                     u100:
   935   0006D6                     
   936                           ;main.c: 73:         return 0xEE;
   937   0006D6  0EEE               	movlw	238
   938   0006D8  EF83  F003         	goto	l22
   939   0006DC                     l38:
   940   0006DC  B681               	btfsc	129,3,c	;volatile
   941   0006DE  EF73  F003         	goto	u111
   942   0006E2  EF75  F003         	goto	u110
   943   0006E6                     u111:
   944   0006E6  EF78  F003         	goto	l40
   945   0006EA                     u110:
   946   0006EA                     
   947                           ;main.c: 75:         return 0x6F;
   948   0006EA  0E6F               	movlw	111
   949   0006EC  EF83  F003         	goto	l22
   950   0006F0                     l40:
   951   0006F0  B881               	btfsc	129,4,c	;volatile
   952   0006F2  EF7D  F003         	goto	u121
   953   0006F6  EF7F  F003         	goto	u120
   954   0006FA                     u121:
   955   0006FA  EF82  F003         	goto	l916
   956   0006FE                     u120:
   957   0006FE                     
   958                           ;main.c: 77:         return 12;
   959   0006FE  0E0C               	movlw	12
   960   000700  EF83  F003         	goto	l22
   961   000704                     l916:
   962                           
   963                           ;main.c: 79:     return 0x0F;
   964   000704  0E0F               	movlw	15
   965   000706                     l22:
   966   000706  0012               	return		;funcret
   967   000708                     __end_of_scan_switch:
   968                           	callstack 0
   969                           
   970 ;; *************** function _display *****************
   971 ;; Defined at:
   972 ;;		line 82 in file "main.c"
   973 ;; Parameters:    Size  Location     Type
   974 ;;  value           1    wreg     unsigned char 
   975 ;; Auto vars:     Size  Location     Type
   976 ;;  value           1    0[COMRAM] unsigned char 
   977 ;; Return value:  Size  Location     Type
   978 ;;                  1    wreg      void 
   979 ;; Registers used:
   980 ;;		wreg, status,2, status,0
   981 ;; Tracked objects:
   982 ;;		On entry : 0/0
   983 ;;		On exit  : 0/0
   984 ;;		Unchanged: 0/0
   985 ;; Data sizes:     COMRAM   BANK0   BANK1   BANK2   BANK3   BANK4   BANK5
   986 ;;      Params:         0       0       0       0       0       0       0
   987 ;;      Locals:         1       0       0       0       0       0       0
   988 ;;      Temps:          0       0       0       0       0       0       0
   989 ;;      Totals:         1       0       0       0       0       0       0
   990 ;;Total ram usage:        1 bytes
   991 ;; Hardware stack levels used: 1
   992 ;; This function calls:
   993 ;;		Nothing
   994 ;; This function is called by:
   995 ;;		_main
   996 ;; This function uses a non-reentrant model
   997 ;;
   998                           
   999                           	psect	text3
  1000   0007BE                     __ptext3:
  1001                           	callstack 0
  1002   0007BE                     _display:
  1003                           	callstack 30
  1004                           
  1005                           ;incstack = 0
  1006                           ;display@value stored from wreg
  1007   0007BE  6E01               	movwf	display@value^0,c
  1008   0007C0                     
  1009                           ;main.c: 84:     PORTD = value;
  1010   0007C0  C001  FF83         	movff	display@value,3971	;volatile
  1011   0007C4                     
  1012                           ;main.c: 85:     PORTA = (PORTA & 0xF0) | (1);
  1013   0007C4  5080               	movf	128,w,c	;volatile
  1014   0007C6  0BF0               	andlw	240
  1015   0007C8  0901               	iorlw	1
  1016   0007CA  6E80               	movwf	128,c	;volatile
  1017   0007CC  0012               	return		;funcret
  1018   0007CE                     __end_of_display:
  1019                           	callstack 0
  1020                           
  1021                           	psect	smallconst
  1022   000600                     __psmallconst:
  1023                           	callstack 0
  1024   000600  00                 	db	0
  1025   000601  00                 	db	0	; dummy byte at the end
  1026   000600                     __smallconst    set	__psmallconst
  1027   000600                     __mediumconst   set	__psmallconst
  1028   000000                     __activetblptr  equ	0
  1029                           
  1030                           	psect	rparam
  1031   000001                     ___rparam_used  equ	1
  1032   000000                     ___param_bank   equ	0
  1033   000000                     __Lparam        equ	__Lrparam
  1034   000000                     __Hparam        equ	__Hrparam
  1035                           
  1036                           	psect	idloc
  1037                           
  1038                           ;Config register IDLOC0 @ 0x200000
  1039                           ;	unspecified, using default values
  1040   200000                     	org	2097152
  1041   200000  FF                 	db	255
  1042                           
  1043                           ;Config register IDLOC1 @ 0x200001
  1044                           ;	unspecified, using default values
  1045   200001                     	org	2097153
  1046   200001  FF                 	db	255
  1047                           
  1048                           ;Config register IDLOC2 @ 0x200002
  1049                           ;	unspecified, using default values
  1050   200002                     	org	2097154
  1051   200002  FF                 	db	255
  1052                           
  1053                           ;Config register IDLOC3 @ 0x200003
  1054                           ;	unspecified, using default values
  1055   200003                     	org	2097155
  1056   200003  FF                 	db	255
  1057                           
  1058                           ;Config register IDLOC4 @ 0x200004
  1059                           ;	unspecified, using default values
  1060   200004                     	org	2097156
  1061   200004  FF                 	db	255
  1062                           
  1063                           ;Config register IDLOC5 @ 0x200005
  1064                           ;	unspecified, using default values
  1065   200005                     	org	2097157
  1066   200005  FF                 	db	255
  1067                           
  1068                           ;Config register IDLOC6 @ 0x200006
  1069                           ;	unspecified, using default values
  1070   200006                     	org	2097158
  1071   200006  FF                 	db	255
  1072                           
  1073                           ;Config register IDLOC7 @ 0x200007
  1074                           ;	unspecified, using default values
  1075   200007                     	org	2097159
  1076   200007  FF                 	db	255
  1077                           
  1078                           	psect	config
  1079                           
  1080                           ; Padding undefined space
  1081   300000                     	org	3145728
  1082   300000  FF                 	db	255
  1083                           
  1084                           ;Config register CONFIG1H @ 0x300001
  1085                           ;	unspecified, using default values
  1086                           ;	Oscillator Selection bits
  1087                           ;	OSC = 0x7, unprogrammed default
  1088                           ;	Fail-Safe Clock Monitor Enable bit
  1089                           ;	FCMEN = 0x0, unprogrammed default
  1090                           ;	Internal/External Oscillator Switchover bit
  1091                           ;	IESO = 0x0, unprogrammed default
  1092   300001                     	org	3145729
  1093   300001  07                 	db	7
  1094                           
  1095                           ;Config register CONFIG2L @ 0x300002
  1096                           ;	unspecified, using default values
  1097                           ;	Power-up Timer Enable bit
  1098                           ;	PWRT = 0x1, unprogrammed default
  1099                           ;	Brown-out Reset Enable bits
  1100                           ;	BOREN = 0x3, unprogrammed default
  1101                           ;	Brown-out Reset Voltage bits
  1102                           ;	BORV = 0x3, unprogrammed default
  1103   300002                     	org	3145730
  1104   300002  1F                 	db	31
  1105                           
  1106                           ;Config register CONFIG2H @ 0x300003
  1107                           ;	unspecified, using default values
  1108                           ;	Watchdog Timer Enable bit
  1109                           ;	WDT = 0x1, unprogrammed default
  1110                           ;	Watchdog Timer Postscale Select bits
  1111                           ;	WDTPS = 0xF, unprogrammed default
  1112   300003                     	org	3145731
  1113   300003  1F                 	db	31
  1114                           
  1115                           ; Padding undefined space
  1116   300004                     	org	3145732
  1117   300004  FF                 	db	255
  1118                           
  1119                           ;Config register CONFIG3H @ 0x300005
  1120                           ;	unspecified, using default values
  1121                           ;	PORTB A/D Enable bit
  1122                           ;	PBADEN = 0x1, unprogrammed default
  1123                           ;	Low-Power Timer 1 Oscillator Enable bit
  1124                           ;	LPT1OSC = 0x0, unprogrammed default
  1125                           ;	MCLR Pin Enable bit
  1126                           ;	MCLRE = 0x1, unprogrammed default
  1127   300005                     	org	3145733
  1128   300005  82                 	db	130
  1129                           
  1130                           ;Config register CONFIG4L @ 0x300006
  1131                           ;	unspecified, using default values
  1132                           ;	Stack Full/Underflow Reset Enable bit
  1133                           ;	STVREN = 0x1, unprogrammed default
  1134                           ;	Single-Supply ICSP Enable bit
  1135                           ;	LVP = 0x1, unprogrammed default
  1136                           ;	Boot Block Size Select bit
  1137                           ;	BBSIZ = 0x0, unprogrammed default
  1138                           ;	Extended Instruction Set Enable bit
  1139                           ;	XINST = 0x0, unprogrammed default
  1140                           ;	Background Debugger Enable bit
  1141                           ;	DEBUG = 0x1, unprogrammed default
  1142   300006                     	org	3145734
  1143   300006  85                 	db	133
  1144                           
  1145                           ; Padding undefined space
  1146   300007                     	org	3145735
  1147   300007  FF                 	db	255
  1148                           
  1149                           ;Config register CONFIG5L @ 0x300008
  1150                           ;	unspecified, using default values
  1151                           ;	Code Protection bit
  1152                           ;	CP0 = 0x1, unprogrammed default
  1153                           ;	Code Protection bit
  1154                           ;	CP1 = 0x1, unprogrammed default
  1155                           ;	Code Protection bit
  1156                           ;	CP2 = 0x1, unprogrammed default
  1157                           ;	Code Protection bit
  1158                           ;	CP3 = 0x1, unprogrammed default
  1159   300008                     	org	3145736
  1160   300008  0F                 	db	15
  1161                           
  1162                           ;Config register CONFIG5H @ 0x300009
  1163                           ;	unspecified, using default values
  1164                           ;	Boot Block Code Protection bit
  1165                           ;	CPB = 0x1, unprogrammed default
  1166                           ;	Data EEPROM Code Protection bit
  1167                           ;	CPD = 0x1, unprogrammed default
  1168   300009                     	org	3145737
  1169   300009  C0                 	db	192
  1170                           
  1171                           ;Config register CONFIG6L @ 0x30000A
  1172                           ;	unspecified, using default values
  1173                           ;	Write Protection bit
  1174                           ;	WRT0 = 0x1, unprogrammed default
  1175                           ;	Write Protection bit
  1176                           ;	WRT1 = 0x1, unprogrammed default
  1177                           ;	Write Protection bit
  1178                           ;	WRT2 = 0x1, unprogrammed default
  1179                           ;	Write Protection bit
  1180                           ;	WRT3 = 0x1, unprogrammed default
  1181   30000A                     	org	3145738
  1182   30000A  0F                 	db	15
  1183                           
  1184                           ;Config register CONFIG6H @ 0x30000B
  1185                           ;	unspecified, using default values
  1186                           ;	Configuration Register Write Protection bit
  1187                           ;	WRTC = 0x1, unprogrammed default
  1188                           ;	Boot Block Write Protection bit
  1189                           ;	WRTB = 0x1, unprogrammed default
  1190                           ;	Data EEPROM Write Protection bit
  1191                           ;	WRTD = 0x1, unprogrammed default
  1192   30000B                     	org	3145739
  1193   30000B  E0                 	db	224
  1194                           
  1195                           ;Config register CONFIG7L @ 0x30000C
  1196                           ;	unspecified, using default values
  1197                           ;	Table Read Protection bit
  1198                           ;	EBTR0 = 0x1, unprogrammed default
  1199                           ;	Table Read Protection bit
  1200                           ;	EBTR1 = 0x1, unprogrammed default
  1201                           ;	Table Read Protection bit
  1202                           ;	EBTR2 = 0x1, unprogrammed default
  1203                           ;	Table Read Protection bit
  1204                           ;	EBTR3 = 0x1, unprogrammed default
  1205   30000C                     	org	3145740
  1206   30000C  0F                 	db	15
  1207                           
  1208                           ;Config register CONFIG7H @ 0x30000D
  1209                           ;	unspecified, using default values
  1210                           ;	Boot Block Table Read Protection bit
  1211                           ;	EBTRB = 0x1, unprogrammed default
  1212   30000D                     	org	3145741
  1213   30000D  40                 	db	64
  1214                           tosu	equ	0xFFF
  1215                           tosh	equ	0xFFE
  1216                           tosl	equ	0xFFD
  1217                           stkptr	equ	0xFFC
  1218                           pclatu	equ	0xFFB
  1219                           pclath	equ	0xFFA
  1220                           pcl	equ	0xFF9
  1221                           tblptru	equ	0xFF8
  1222                           tblptrh	equ	0xFF7
  1223                           tblptrl	equ	0xFF6
  1224                           tablat	equ	0xFF5
  1225                           prodh	equ	0xFF4
  1226                           prodl	equ	0xFF3
  1227                           indf0	equ	0xFEF
  1228                           postinc0	equ	0xFEE
  1229                           postdec0	equ	0xFED
  1230                           preinc0	equ	0xFEC
  1231                           plusw0	equ	0xFEB
  1232                           fsr0h	equ	0xFEA
  1233                           fsr0l	equ	0xFE9
  1234                           wreg	equ	0xFE8
  1235                           indf1	equ	0xFE7
  1236                           postinc1	equ	0xFE6
  1237                           postdec1	equ	0xFE5
  1238                           preinc1	equ	0xFE4
  1239                           plusw1	equ	0xFE3
  1240                           fsr1h	equ	0xFE2
  1241                           fsr1l	equ	0xFE1
  1242                           bsr	equ	0xFE0
  1243                           indf2	equ	0xFDF
  1244                           postinc2	equ	0xFDE
  1245                           postdec2	equ	0xFDD
  1246                           preinc2	equ	0xFDC
  1247                           plusw2	equ	0xFDB
  1248                           fsr2h	equ	0xFDA
  1249                           fsr2l	equ	0xFD9
  1250                           status	equ	0xFD8

Data Sizes:
    Strings     0
    Constant    0
    Data        1
    BSS         0
    Persistent  0
    Stack       0

Auto Spaces:
    Space          Size  Autos    Used
    COMRAM           95      3       4
    BANK0           160      0       0
    BANK1           256      0       0
    BANK2           256      0       0
    BANK3           256      0       0
    BANK4           256      0       0
    BANK5           256      0       0

Pointer List with Targets:

    None.

Critical Paths under _main in COMRAM

    _main->_triggering_type

Critical Paths under _main in BANK0

    None.

Critical Paths under _main in BANK1

    None.

Critical Paths under _main in BANK2

    None.

Critical Paths under _main in BANK3

    None.

Critical Paths under _main in BANK4

    None.

Critical Paths under _main in BANK5

    None.

Call Graph Tables:

 ---------------------------------------------------------------------------------
 (Depth) Function   	        Calls       Base Space   Used Autos Params    Refs
 ---------------------------------------------------------------------------------
 (0) _main                                                 2     2      0     208
                                              2 COMRAM     1     1      0
                            _display
                        _scan_switch
                    _triggering_type
 ---------------------------------------------------------------------------------
 (1) _triggering_type                                      2     1      1     147
                                              0 COMRAM     2     1      1
 ---------------------------------------------------------------------------------
 (1) _scan_switch                                          0     0      0       0
 ---------------------------------------------------------------------------------
 (1) _display                                              1     1      0      15
                                              0 COMRAM     1     1      0
 ---------------------------------------------------------------------------------
 Estimated maximum stack depth 1
 ---------------------------------------------------------------------------------

 Call Graph Graphs:

 _main (ROOT)
   _display
   _scan_switch
   _triggering_type

Address spaces:
Name               Size   Autos  Total    Usage
BIGRAM            1535      0       0      0.0%
BITBIGSFRl         640      0       0      0.0%
BITBANK5           256      0       0      0.0%
BANK5              256      0       0      0.0%
BITBANK4           256      0       0      0.0%
BANK4              256      0       0      0.0%
BITBANK3           256      0       0      0.0%
BANK3              256      0       0      0.0%
BITBANK2           256      0       0      0.0%
BANK2              256      0       0      0.0%
BITBANK1           256      0       0      0.0%
BANK1              256      0       0      0.0%
BITBANK0           160      0       0      0.0%
BANK0              160      0       0      0.0%
BITBIGSFRh         126      0       0      0.0%
BITCOMRAM           95      0       0      0.0%
COMRAM              95      3       4      4.2%
STACK                0      0       0      0.0%
DATA                 0      0       4      0.0%


Microchip Technology PIC18 Macro Assembler V3.10 build 20250813170317 
Symbol Table                                                                                   Wed Mar 18 17:21:43 2026

                        l21 061C                          l30 06AE                          l22 0706  
                        l31 0686                          l23 0658                          l40 06F0  
                        l24 0630                          l33 069A                          l26 0644  
                        l36 06C8                          l45 07CC                          l29 0672  
                        l38 06DC                          l49 0770                          u10 0616  
                        u11 0612                          u20 062A                          u21 0626  
                        u30 063E                          u31 063A                          u40 0652  
                        u41 064E                          u50 066C                          u51 0668  
                        u60 0680                          u61 067C                          u70 0694  
                        u71 0690                          u80 06A8                          u81 06A4  
                        u90 06C2                          u91 06BE                         l900 06D6  
                       l920 07C0                         l912 06FE                         l922 07C4  
                       l906 06EA                         l850 0616                         l916 0704  
                       l862 063E                         l872 066C                         l856 062A  
                       l848 0602                         l890 06A8                         l884 0694  
                       l868 0652                         l972 0720                         l894 06C2  
                       l878 0680                         l974 0730                         l990 076E  
                       l966 070A                         l976 0742                         l968 071A  
                       l978 0752                         l986 0758                         l994 0772  
                       l988 076A                         l996 0776                         l998 0778  
                       u100 06D6                         u101 06D2                         u110 06EA  
                       u111 06E6                         u120 06FE                         u200 0742  
                       u121 06FA                         u201 073E                         u210 0752  
                       u211 074E                         u220 076A                         u221 0766  
                       u180 071A                         u181 0716                         u190 0730  
                       u191 072C                        l1000 077E                        l1002 0780  
                      l1004 0784                        l1006 0788                        _main 0772  
                      _once 0004                        start 2FFC                ___param_bank 0000  
triggering_type@detect_type 0002                       ?_main 0001                       _PORTA 0F80  
                     _PORTB 0F81                       _PORTD 0F83                       _TRISA 0F92  
                     _TRISB 0F93                       _TRISD 0F95             __end_of_display 07CE  
              display@value 0001                       tablat 0FF5                       status 0FD8  
              ?_scan_switch 0001             __initialization 07A6                __end_of_main 07A6  
                    ??_main 0003               __activetblptr 0000           ??_triggering_type 0002  
                    isa$std 0001                   ??_display 0001                __pdataCOMRAM 0004  
              __mediumconst 0600                      tblptrh 0FF7                      tblptrl 0FF6  
                    tblptru 0FF8                  __accesstop 0060     __end_of__initialization 07B8  
             ___rparam_used 0001              __pcstackCOMRAM 0001                     __Hparam 0000  
                   __Lparam 0000                __psmallconst 0600                     __pcinit 07A6  
                   __ramtop 0600                     __ptext0 0772                     __ptext1 0708  
                   __ptext2 0602                     __ptext3 07BE                     _display 07BE  
                   main@key 0003             _triggering_type 0708        end_of_initialization 07B8  
                 _PORTBbits 0F81               __pidataCOMRAM 3000     __end_of_triggering_type 0772  
       start_initialization 07A6               ??_scan_switch 0001                    ?_display 0001  
               __smallconst 0600            ?_triggering_type 0001          triggering_type@key 0001  
       __end_of_scan_switch 0708                 _INTCON2bits 0FF1                    __Hrparam 0000  
                  __Lrparam 0000                 _scan_switch 0602                    isa$xinst 0000  
