

Microchip MPLAB XC8 Assembler V3.10 build 20250813170317 
                                                                                               Tue Mar 17 15:38:49 2026

Microchip MPLAB XC8 C Compiler v3.10 (Free license) build 20250813170317 Og1 
     1                           	processor	18F4580
     2                           	fnconf	rparam,??,?,0
     3                           	pagewidth 120
     4                           	opt	flic
     5                           	psect	cinit,global,reloc=2,class=CODE,space=0,delta=1
     6                           	psect	bssCOMRAM,global,class=COMRAM,space=1,delta=1,lowdata,noexec
     7                           	psect	cstackCOMRAM,global,class=COMRAM,space=1,delta=1,lowdata,noexec
     8                           	psect	text0,global,reloc=2,class=CODE,space=0,delta=1
     9                           	psect	text1,global,reloc=2,class=CODE,space=0,delta=1
    10                           	psect	text2,global,reloc=2,class=CODE,space=0,delta=1
    11                           	psect	text3,global,reloc=2,class=CODE,space=0,delta=1
    12                           	psect	text4,global,reloc=2,class=CODE,space=0,delta=1
    13                           	psect	intcode,global,reloc=2,class=CODE,space=0,delta=1
    14                           	psect	intcode_body,global,reloc=2,class=CODE,space=0,delta=1
    15                           	psect	smallconst,global,reloc=2,class=SMALLCONST,space=0,delta=1,noexec
    16                           	psect	intsave_regs,global,class=BIGRAM,space=1,delta=1,noexec
    17                           	psect	rparam,global,class=COMRAM,space=1,delta=1,noexec
    18                           	psect	idloc,global,abs,ovrld,class=IDLOC,space=5,delta=1,noexec
    19                           	psect	config,global,abs,ovrld,class=CONFIG,space=4,delta=1,noexec
    20                           	dabs	1,0x1,1
    21   000000                     
    22                           ; Version 2.40
    23                           ; Generated 17/11/2021 GMT
    24                           ; 
    25                           ; Copyright © 2021, Microchip Technology Inc. and its subsidiaries ("Microchip")
    26                           ; All rights reserved.
    27                           ; 
    28                           ; This software is developed by Microchip Technology Inc. and its subsidiaries ("Microch
      +                          ip").
    29                           ; 
    30                           ; Redistribution and use in source and binary forms, with or without modification, are
    31                           ; permitted provided that the following conditions are met:
    32                           ; 
    33                           ;     1. Redistributions of source code must retain the above copyright notice, this lis
      +                          t of
    34                           ;        conditions and the following disclaimer.
    35                           ; 
    36                           ;     2. Redistributions in binary form must reproduce the above copyright notice, this 
      +                          list
    37                           ;        of conditions and the following disclaimer in the documentation and/or other
    38                           ;        materials provided with the distribution. Publication is not required when
    39                           ;        this file is used in an embedded application.
    40                           ; 
    41                           ;     3. Microchip's name may not be used to endorse or promote products derived from th
      +                          is
    42                           ;        software without specific prior written permission.
    43                           ; 
    44                           ; THIS SOFTWARE IS PROVIDED BY MICROCHIP "AS IS" AND ANY EXPRESS OR IMPLIED WARRANTIES,
    45                           ; INCLUDING, BUT NOT LIMITED TO, THE IMPLIED WARRANTIES OF MERCHANTABILITY AND FITNESS F
      +                          OR
    46                           ; PURPOSE ARE DISCLAIMED.  IN NO EVENT SHALL MICROCHIP BE LIABLE FOR ANY DIRECT, INDIREC
      +                          T,
    47                           ; INCIDENTAL, SPECIAL, EXEMPLARY, OR CONSEQUENTIAL DAMAGES (INCLUDING BUT NOT LIMITED TO
    48                           ; PROCUREMENT OF SUBSTITUTE GOODS OR SERVICES; LOSS OF USE, DATA OR PROFITS; OR BUSINESS
    49                           ; INTERRUPTION) HOWSOEVER CAUSED AND ON ANY THEORY OF LIABILITY, WHETHER IN CONTRACT, ST
      +                          RICT
    50                           ; LIABILITY, OR TORT (INCLUDING NEGLIGENCE OR OTHERWISE) ARISING IN ANY WAY OUT OF THE U
      +                          SE OF
    51                           ; THIS SOFTWARE, EVEN IF ADVISED OF THE POSSIBILITY OF SUCH DAMAGE.
    52                           ; 
    53                           ; 
    54                           ; Code-generator required, PIC18F4580 Definitions
    55                           ; 
    56                           ; SFR Addresses
    57   000FE0                     bsr             equ	4064
    58   000FE9                     fsr0            equ	4073
    59   000FEA                     fsr0h           equ	4074
    60   000FE9                     fsr0l           equ	4073
    61   000FE1                     fsr1            equ	4065
    62   000FE2                     fsr1h           equ	4066
    63   000FE1                     fsr1l           equ	4065
    64   000FD9                     fsr2            equ	4057
    65   000FDA                     fsr2h           equ	4058
    66   000FD9                     fsr2l           equ	4057
    67   000FEF                     indf0           equ	4079
    68   000FE7                     indf1           equ	4071
    69   000FDF                     indf2           equ	4063
    70   000FF2                     intcon          equ	4082
    71   000000                     nvmcon          equ	0
    72   000FF9                     pcl             equ	4089
    73   000FFA                     pclath          equ	4090
    74   000FFB                     pclatu          equ	4091
    75   000FEB                     plusw0          equ	4075
    76   000FE3                     plusw1          equ	4067
    77   000FDB                     plusw2          equ	4059
    78   000FED                     postdec0        equ	4077
    79   000FE5                     postdec1        equ	4069
    80   000FDD                     postdec2        equ	4061
    81   000FEE                     postinc0        equ	4078
    82   000FE6                     postinc1        equ	4070
    83   000FDE                     postinc2        equ	4062
    84   000FEC                     preinc0         equ	4076
    85   000FE4                     preinc1         equ	4068
    86   000FDC                     preinc2         equ	4060
    87   000FF3                     prod            equ	4083
    88   000FF4                     prodh           equ	4084
    89   000FF3                     prodl           equ	4083
    90   000FD8                     status          equ	4056
    91   000FF5                     tablat          equ	4085
    92   000FF6                     tblptr          equ	4086
    93   000FF7                     tblptrh         equ	4087
    94   000FF6                     tblptrl         equ	4086
    95   000FF8                     tblptru         equ	4088
    96   000FFD                     tosl            equ	4093
    97   000FE8                     wreg            equ	4072
    98   000D60                     RXF6SIDH        equ	3424	;# 
    99   000D61                     RXF6SIDL        equ	3425	;# 
   100   000D62                     RXF6EIDH        equ	3426	;# 
   101   000D63                     RXF6EIDL        equ	3427	;# 
   102   000D64                     RXF7SIDH        equ	3428	;# 
   103   000D65                     RXF7SIDL        equ	3429	;# 
   104   000D66                     RXF7EIDH        equ	3430	;# 
   105   000D67                     RXF7EIDL        equ	3431	;# 
   106   000D68                     RXF8SIDH        equ	3432	;# 
   107   000D69                     RXF8SIDL        equ	3433	;# 
   108   000D6A                     RXF8EIDH        equ	3434	;# 
   109   000D6B                     RXF8EIDL        equ	3435	;# 
   110   000D70                     RXF9SIDH        equ	3440	;# 
   111   000D71                     RXF9SIDL        equ	3441	;# 
   112   000D72                     RXF9EIDH        equ	3442	;# 
   113   000D73                     RXF9EIDL        equ	3443	;# 
   114   000D74                     RXF10SIDH       equ	3444	;# 
   115   000D75                     RXF10SIDL       equ	3445	;# 
   116   000D76                     RXF10EIDH       equ	3446	;# 
   117   000D77                     RXF10EIDL       equ	3447	;# 
   118   000D78                     RXF11SIDH       equ	3448	;# 
   119   000D79                     RXF11SIDL       equ	3449	;# 
   120   000D7A                     RXF11EIDH       equ	3450	;# 
   121   000D7B                     RXF11EIDL       equ	3451	;# 
   122   000D80                     RXF12SIDH       equ	3456	;# 
   123   000D81                     RXF12SIDL       equ	3457	;# 
   124   000D82                     RXF12EIDH       equ	3458	;# 
   125   000D83                     RXF12EIDL       equ	3459	;# 
   126   000D84                     RXF13SIDH       equ	3460	;# 
   127   000D85                     RXF13SIDL       equ	3461	;# 
   128   000D86                     RXF13EIDH       equ	3462	;# 
   129   000D87                     RXF13EIDL       equ	3463	;# 
   130   000D88                     RXF14SIDH       equ	3464	;# 
   131   000D89                     RXF14SIDL       equ	3465	;# 
   132   000D8A                     RXF14EIDH       equ	3466	;# 
   133   000D8B                     RXF14EIDL       equ	3467	;# 
   134   000D90                     RXF15SIDH       equ	3472	;# 
   135   000D91                     RXF15SIDL       equ	3473	;# 
   136   000D92                     RXF15EIDH       equ	3474	;# 
   137   000D93                     RXF15EIDL       equ	3475	;# 
   138   000DD4                     RXFCON0         equ	3540	;# 
   139   000DD5                     RXFCON1         equ	3541	;# 
   140   000DD8                     SDFLC           equ	3544	;# 
   141   000DE0                     RXFBCON0        equ	3552	;# 
   142   000DE1                     RXFBCON1        equ	3553	;# 
   143   000DE2                     RXFBCON2        equ	3554	;# 
   144   000DE3                     RXFBCON3        equ	3555	;# 
   145   000DE4                     RXFBCON4        equ	3556	;# 
   146   000DE5                     RXFBCON5        equ	3557	;# 
   147   000DE6                     RXFBCON6        equ	3558	;# 
   148   000DE7                     RXFBCON7        equ	3559	;# 
   149   000DF0                     MSEL0           equ	3568	;# 
   150   000DF1                     MSEL1           equ	3569	;# 
   151   000DF2                     MSEL2           equ	3570	;# 
   152   000DF3                     MSEL3           equ	3571	;# 
   153   000DF8                     BSEL0           equ	3576	;# 
   154   000DFA                     BIE0            equ	3578	;# 
   155   000DFC                     TXBIE           equ	3580	;# 
   156   000E20                     B0CON           equ	3616	;# 
   157   000E21                     B0SIDH          equ	3617	;# 
   158   000E22                     B0SIDL          equ	3618	;# 
   159   000E23                     B0EIDH          equ	3619	;# 
   160   000E24                     B0EIDL          equ	3620	;# 
   161   000E25                     B0DLC           equ	3621	;# 
   162   000E26                     B0D0            equ	3622	;# 
   163   000E27                     B0D1            equ	3623	;# 
   164   000E28                     B0D2            equ	3624	;# 
   165   000E29                     B0D3            equ	3625	;# 
   166   000E2A                     B0D4            equ	3626	;# 
   167   000E2B                     B0D5            equ	3627	;# 
   168   000E2C                     B0D6            equ	3628	;# 
   169   000E2D                     B0D7            equ	3629	;# 
   170   000E2E                     CANSTAT_RO9     equ	3630	;# 
   171   000E2F                     CANCON_RO9      equ	3631	;# 
   172   000E30                     B1CON           equ	3632	;# 
   173   000E31                     B1SIDH          equ	3633	;# 
   174   000E32                     B1SIDL          equ	3634	;# 
   175   000E33                     B1EIDH          equ	3635	;# 
   176   000E34                     B1EIDL          equ	3636	;# 
   177   000E35                     B1DLC           equ	3637	;# 
   178   000E36                     B1D0            equ	3638	;# 
   179   000E37                     B1D1            equ	3639	;# 
   180   000E38                     B1D2            equ	3640	;# 
   181   000E39                     B1D3            equ	3641	;# 
   182   000E3A                     B1D4            equ	3642	;# 
   183   000E3B                     B1D5            equ	3643	;# 
   184   000E3C                     B1D6            equ	3644	;# 
   185   000E3D                     B1D7            equ	3645	;# 
   186   000E3E                     CANSTAT_RO8     equ	3646	;# 
   187   000E3F                     CANCON_RO8      equ	3647	;# 
   188   000E40                     B2CON           equ	3648	;# 
   189   000E41                     B2SIDH          equ	3649	;# 
   190   000E42                     B2SIDL          equ	3650	;# 
   191   000E43                     B2EIDH          equ	3651	;# 
   192   000E44                     B2EIDL          equ	3652	;# 
   193   000E45                     B2DLC           equ	3653	;# 
   194   000E46                     B2D0            equ	3654	;# 
   195   000E47                     B2D1            equ	3655	;# 
   196   000E48                     B2D2            equ	3656	;# 
   197   000E49                     B2D3            equ	3657	;# 
   198   000E4A                     B2D4            equ	3658	;# 
   199   000E4B                     B2D5            equ	3659	;# 
   200   000E4C                     B2D6            equ	3660	;# 
   201   000E4D                     B2D7            equ	3661	;# 
   202   000E4E                     CANSTAT_RO7     equ	3662	;# 
   203   000E4F                     CANCON_RO7      equ	3663	;# 
   204   000E50                     B3CON           equ	3664	;# 
   205   000E51                     B3SIDH          equ	3665	;# 
   206   000E52                     B3SIDL          equ	3666	;# 
   207   000E53                     B3EIDH          equ	3667	;# 
   208   000E54                     B3EIDL          equ	3668	;# 
   209   000E55                     B3DLC           equ	3669	;# 
   210   000E56                     B3D0            equ	3670	;# 
   211   000E57                     B3D1            equ	3671	;# 
   212   000E58                     B3D2            equ	3672	;# 
   213   000E59                     B3D3            equ	3673	;# 
   214   000E5A                     B3D4            equ	3674	;# 
   215   000E5B                     B3D5            equ	3675	;# 
   216   000E5C                     B3D6            equ	3676	;# 
   217   000E5D                     B3D7            equ	3677	;# 
   218   000E5E                     CANSTAT_RO6     equ	3678	;# 
   219   000E5F                     CANCON_RO6      equ	3679	;# 
   220   000E60                     B4CON           equ	3680	;# 
   221   000E61                     B4SIDH          equ	3681	;# 
   222   000E62                     B4SIDL          equ	3682	;# 
   223   000E63                     B4EIDH          equ	3683	;# 
   224   000E64                     B4EIDL          equ	3684	;# 
   225   000E65                     B4DLC           equ	3685	;# 
   226   000E66                     B4D0            equ	3686	;# 
   227   000E67                     B4D1            equ	3687	;# 
   228   000E68                     B4D2            equ	3688	;# 
   229   000E69                     B4D3            equ	3689	;# 
   230   000E6A                     B4D4            equ	3690	;# 
   231   000E6B                     B4D5            equ	3691	;# 
   232   000E6C                     B4D6            equ	3692	;# 
   233   000E6D                     B4D7            equ	3693	;# 
   234   000E6E                     CANSTAT_RO5     equ	3694	;# 
   235   000E6F                     CANCON_RO5      equ	3695	;# 
   236   000E70                     B5CON           equ	3696	;# 
   237   000E71                     B5SIDH          equ	3697	;# 
   238   000E72                     B5SIDL          equ	3698	;# 
   239   000E73                     B5EIDH          equ	3699	;# 
   240   000E74                     B5EIDL          equ	3700	;# 
   241   000E75                     B5DLC           equ	3701	;# 
   242   000E76                     B5D0            equ	3702	;# 
   243   000E77                     B5D1            equ	3703	;# 
   244   000E78                     B5D2            equ	3704	;# 
   245   000E79                     B5D3            equ	3705	;# 
   246   000E7A                     B5D4            equ	3706	;# 
   247   000E7B                     B5D5            equ	3707	;# 
   248   000E7C                     B5D6            equ	3708	;# 
   249   000E7D                     B5D7            equ	3709	;# 
   250   000E7E                     CANSTAT_RO4     equ	3710	;# 
   251   000E7F                     CANCON_RO4      equ	3711	;# 
   252   000F00                     RXF0SIDH        equ	3840	;# 
   253   000F01                     RXF0SIDL        equ	3841	;# 
   254   000F02                     RXF0EIDH        equ	3842	;# 
   255   000F03                     RXF0EIDL        equ	3843	;# 
   256   000F04                     RXF1SIDH        equ	3844	;# 
   257   000F05                     RXF1SIDL        equ	3845	;# 
   258   000F06                     RXF1EIDH        equ	3846	;# 
   259   000F07                     RXF1EIDL        equ	3847	;# 
   260   000F08                     RXF2SIDH        equ	3848	;# 
   261   000F09                     RXF2SIDL        equ	3849	;# 
   262   000F0A                     RXF2EIDH        equ	3850	;# 
   263   000F0B                     RXF2EIDL        equ	3851	;# 
   264   000F0C                     RXF3SIDH        equ	3852	;# 
   265   000F0D                     RXF3SIDL        equ	3853	;# 
   266   000F0E                     RXF3EIDH        equ	3854	;# 
   267   000F0F                     RXF3EIDL        equ	3855	;# 
   268   000F10                     RXF4SIDH        equ	3856	;# 
   269   000F11                     RXF4SIDL        equ	3857	;# 
   270   000F12                     RXF4EIDH        equ	3858	;# 
   271   000F13                     RXF4EIDL        equ	3859	;# 
   272   000F14                     RXF5SIDH        equ	3860	;# 
   273   000F15                     RXF5SIDL        equ	3861	;# 
   274   000F16                     RXF5EIDH        equ	3862	;# 
   275   000F17                     RXF5EIDL        equ	3863	;# 
   276   000F18                     RXM0SIDH        equ	3864	;# 
   277   000F19                     RXM0SIDL        equ	3865	;# 
   278   000F1A                     RXM0EIDH        equ	3866	;# 
   279   000F1B                     RXM0EIDL        equ	3867	;# 
   280   000F1C                     RXM1SIDH        equ	3868	;# 
   281   000F1D                     RXM1SIDL        equ	3869	;# 
   282   000F1E                     RXM1EIDH        equ	3870	;# 
   283   000F1F                     RXM1EIDL        equ	3871	;# 
   284   000F20                     TXB2CON         equ	3872	;# 
   285   000F21                     TXB2SIDH        equ	3873	;# 
   286   000F22                     TXB2SIDL        equ	3874	;# 
   287   000F23                     TXB2EIDH        equ	3875	;# 
   288   000F24                     TXB2EIDL        equ	3876	;# 
   289   000F25                     TXB2DLC         equ	3877	;# 
   290   000F26                     TXB2D0          equ	3878	;# 
   291   000F27                     TXB2D1          equ	3879	;# 
   292   000F28                     TXB2D2          equ	3880	;# 
   293   000F29                     TXB2D3          equ	3881	;# 
   294   000F2A                     TXB2D4          equ	3882	;# 
   295   000F2B                     TXB2D5          equ	3883	;# 
   296   000F2C                     TXB2D6          equ	3884	;# 
   297   000F2D                     TXB2D7          equ	3885	;# 
   298   000F2E                     CANSTAT_RO3     equ	3886	;# 
   299   000F2F                     CANCON_RO3      equ	3887	;# 
   300   000F30                     TXB1CON         equ	3888	;# 
   301   000F31                     TXB1SIDH        equ	3889	;# 
   302   000F32                     TXB1SIDL        equ	3890	;# 
   303   000F33                     TXB1EIDH        equ	3891	;# 
   304   000F34                     TXB1EIDL        equ	3892	;# 
   305   000F35                     TXB1DLC         equ	3893	;# 
   306   000F36                     TXB1D0          equ	3894	;# 
   307   000F37                     TXB1D1          equ	3895	;# 
   308   000F38                     TXB1D2          equ	3896	;# 
   309   000F39                     TXB1D3          equ	3897	;# 
   310   000F3A                     TXB1D4          equ	3898	;# 
   311   000F3B                     TXB1D5          equ	3899	;# 
   312   000F3C                     TXB1D6          equ	3900	;# 
   313   000F3D                     TXB1D7          equ	3901	;# 
   314   000F3E                     CANSTAT_RO2     equ	3902	;# 
   315   000F3F                     CANCON_RO2      equ	3903	;# 
   316   000F40                     TXB0CON         equ	3904	;# 
   317   000F41                     TXB0SIDH        equ	3905	;# 
   318   000F42                     TXB0SIDL        equ	3906	;# 
   319   000F43                     TXB0EIDH        equ	3907	;# 
   320   000F44                     TXB0EIDL        equ	3908	;# 
   321   000F45                     TXB0DLC         equ	3909	;# 
   322   000F46                     TXB0D0          equ	3910	;# 
   323   000F47                     TXB0D1          equ	3911	;# 
   324   000F48                     TXB0D2          equ	3912	;# 
   325   000F49                     TXB0D3          equ	3913	;# 
   326   000F4A                     TXB0D4          equ	3914	;# 
   327   000F4B                     TXB0D5          equ	3915	;# 
   328   000F4C                     TXB0D6          equ	3916	;# 
   329   000F4D                     TXB0D7          equ	3917	;# 
   330   000F4E                     CANSTAT_RO1     equ	3918	;# 
   331   000F4F                     CANCON_RO1      equ	3919	;# 
   332   000F50                     RXB1CON         equ	3920	;# 
   333   000F51                     RXB1SIDH        equ	3921	;# 
   334   000F52                     RXB1SIDL        equ	3922	;# 
   335   000F53                     RXB1EIDH        equ	3923	;# 
   336   000F54                     RXB1EIDL        equ	3924	;# 
   337   000F55                     RXB1DLC         equ	3925	;# 
   338   000F56                     RXB1D0          equ	3926	;# 
   339   000F57                     RXB1D1          equ	3927	;# 
   340   000F58                     RXB1D2          equ	3928	;# 
   341   000F59                     RXB1D3          equ	3929	;# 
   342   000F5A                     RXB1D4          equ	3930	;# 
   343   000F5B                     RXB1D5          equ	3931	;# 
   344   000F5C                     RXB1D6          equ	3932	;# 
   345   000F5D                     RXB1D7          equ	3933	;# 
   346   000F5E                     CANSTAT_RO0     equ	3934	;# 
   347   000F5F                     CANCON_RO0      equ	3935	;# 
   348   000F60                     RXB0CON         equ	3936	;# 
   349   000F61                     RXB0SIDH        equ	3937	;# 
   350   000F62                     RXB0SIDL        equ	3938	;# 
   351   000F63                     RXB0EIDH        equ	3939	;# 
   352   000F64                     RXB0EIDL        equ	3940	;# 
   353   000F65                     RXB0DLC         equ	3941	;# 
   354   000F66                     RXB0D0          equ	3942	;# 
   355   000F67                     RXB0D1          equ	3943	;# 
   356   000F68                     RXB0D2          equ	3944	;# 
   357   000F69                     RXB0D3          equ	3945	;# 
   358   000F6A                     RXB0D4          equ	3946	;# 
   359   000F6B                     RXB0D5          equ	3947	;# 
   360   000F6C                     RXB0D6          equ	3948	;# 
   361   000F6D                     RXB0D7          equ	3949	;# 
   362   000F6E                     CANSTAT         equ	3950	;# 
   363   000F6F                     CANCON          equ	3951	;# 
   364   000F70                     BRGCON1         equ	3952	;# 
   365   000F71                     BRGCON2         equ	3953	;# 
   366   000F72                     BRGCON3         equ	3954	;# 
   367   000F73                     CIOCON          equ	3955	;# 
   368   000F74                     COMSTAT         equ	3956	;# 
   369   000F75                     RXERRCNT        equ	3957	;# 
   370   000F76                     TXERRCNT        equ	3958	;# 
   371   000F77                     ECANCON         equ	3959	;# 
   372   000F80                     PORTA           equ	3968	;# 
   373   000F81                     PORTB           equ	3969	;# 
   374   000F82                     PORTC           equ	3970	;# 
   375   000F83                     PORTD           equ	3971	;# 
   376   000F84                     PORTE           equ	3972	;# 
   377   000F89                     LATA            equ	3977	;# 
   378   000F8A                     LATB            equ	3978	;# 
   379   000F8B                     LATC            equ	3979	;# 
   380   000F8C                     LATD            equ	3980	;# 
   381   000F8D                     LATE            equ	3981	;# 
   382   000F92                     TRISA           equ	3986	;# 
   383   000F92                     DDRA            equ	3986	;# 
   384   000F93                     TRISB           equ	3987	;# 
   385   000F93                     DDRB            equ	3987	;# 
   386   000F94                     TRISC           equ	3988	;# 
   387   000F94                     DDRC            equ	3988	;# 
   388   000F95                     TRISD           equ	3989	;# 
   389   000F95                     DDRD            equ	3989	;# 
   390   000F96                     TRISE           equ	3990	;# 
   391   000F96                     DDRE            equ	3990	;# 
   392   000F9B                     OSCTUNE         equ	3995	;# 
   393   000F9D                     PIE1            equ	3997	;# 
   394   000F9E                     PIR1            equ	3998	;# 
   395   000F9F                     IPR1            equ	3999	;# 
   396   000FA0                     PIE2            equ	4000	;# 
   397   000FA1                     PIR2            equ	4001	;# 
   398   000FA2                     IPR2            equ	4002	;# 
   399   000FA3                     PIE3            equ	4003	;# 
   400   000FA4                     PIR3            equ	4004	;# 
   401   000FA5                     IPR3            equ	4005	;# 
   402   000FA6                     EECON1          equ	4006	;# 
   403   000FA7                     EECON2          equ	4007	;# 
   404   000FA8                     EEDATA          equ	4008	;# 
   405   000FA9                     EEADR           equ	4009	;# 
   406   000FAB                     RCSTA           equ	4011	;# 
   407   000FAB                     RCSTA1          equ	4011	;# 
   408   000FAC                     TXSTA           equ	4012	;# 
   409   000FAC                     TXSTA1          equ	4012	;# 
   410   000FAD                     TXREG           equ	4013	;# 
   411   000FAD                     TXREG1          equ	4013	;# 
   412   000FAE                     RCREG           equ	4014	;# 
   413   000FAE                     RCREG1          equ	4014	;# 
   414   000FAF                     SPBRG           equ	4015	;# 
   415   000FAF                     SPBRG1          equ	4015	;# 
   416   000FB0                     SPBRGH          equ	4016	;# 
   417   000FB1                     T3CON           equ	4017	;# 
   418   000FB2                     TMR3            equ	4018	;# 
   419   000FB2                     TMR3L           equ	4018	;# 
   420   000FB3                     TMR3H           equ	4019	;# 
   421   000FB4                     CMCON           equ	4020	;# 
   422   000FB5                     CVRCON          equ	4021	;# 
   423   000FB6                     ECCP1AS         equ	4022	;# 
   424   000FB7                     ECCP1DEL        equ	4023	;# 
   425   000FB8                     BAUDCON         equ	4024	;# 
   426   000FB8                     BAUDCTL         equ	4024	;# 
   427   000FBA                     ECCP1CON        equ	4026	;# 
   428   000FBB                     ECCPR1          equ	4027	;# 
   429   000FBB                     ECCPR1L         equ	4027	;# 
   430   000FBC                     ECCPR1H         equ	4028	;# 
   431   000FBD                     CCP1CON         equ	4029	;# 
   432   000FBE                     CCPR1           equ	4030	;# 
   433   000FBE                     CCPR1L          equ	4030	;# 
   434   000FBF                     CCPR1H          equ	4031	;# 
   435   000FC0                     ADCON2          equ	4032	;# 
   436   000FC1                     ADCON1          equ	4033	;# 
   437   000FC2                     ADCON0          equ	4034	;# 
   438   000FC3                     ADRES           equ	4035	;# 
   439   000FC3                     ADRESL          equ	4035	;# 
   440   000FC4                     ADRESH          equ	4036	;# 
   441   000FC5                     SSPCON2         equ	4037	;# 
   442   000FC6                     SSPCON1         equ	4038	;# 
   443   000FC7                     SSPSTAT         equ	4039	;# 
   444   000FC8                     SSPADD          equ	4040	;# 
   445   000FC9                     SSPBUF          equ	4041	;# 
   446   000FCA                     T2CON           equ	4042	;# 
   447   000FCB                     PR2             equ	4043	;# 
   448   000FCB                     MEMCON          equ	4043	;# 
   449   000FCC                     TMR2            equ	4044	;# 
   450   000FCD                     T1CON           equ	4045	;# 
   451   000FCE                     TMR1            equ	4046	;# 
   452   000FCE                     TMR1L           equ	4046	;# 
   453   000FCF                     TMR1H           equ	4047	;# 
   454   000FD0                     RCON            equ	4048	;# 
   455   000FD1                     WDTCON          equ	4049	;# 
   456   000FD2                     HLVDCON         equ	4050	;# 
   457   000FD2                     LVDCON          equ	4050	;# 
   458   000FD3                     OSCCON          equ	4051	;# 
   459   000FD5                     T0CON           equ	4053	;# 
   460   000FD6                     TMR0            equ	4054	;# 
   461   000FD6                     TMR0L           equ	4054	;# 
   462   000FD7                     TMR0H           equ	4055	;# 
   463   000FD8                     STATUS          equ	4056	;# 
   464   000FD9                     FSR2            equ	4057	;# 
   465   000FD9                     FSR2L           equ	4057	;# 
   466   000FDA                     FSR2H           equ	4058	;# 
   467   000FDB                     PLUSW2          equ	4059	;# 
   468   000FDC                     PREINC2         equ	4060	;# 
   469   000FDD                     POSTDEC2        equ	4061	;# 
   470   000FDE                     POSTINC2        equ	4062	;# 
   471   000FDF                     INDF2           equ	4063	;# 
   472   000FE0                     BSR             equ	4064	;# 
   473   000FE1                     FSR1            equ	4065	;# 
   474   000FE1                     FSR1L           equ	4065	;# 
   475   000FE2                     FSR1H           equ	4066	;# 
   476   000FE3                     PLUSW1          equ	4067	;# 
   477   000FE4                     PREINC1         equ	4068	;# 
   478   000FE5                     POSTDEC1        equ	4069	;# 
   479   000FE6                     POSTINC1        equ	4070	;# 
   480   000FE7                     INDF1           equ	4071	;# 
   481   000FE8                     WREG            equ	4072	;# 
   482   000FE9                     FSR0            equ	4073	;# 
   483   000FE9                     FSR0L           equ	4073	;# 
   484   000FEA                     FSR0H           equ	4074	;# 
   485   000FEB                     PLUSW0          equ	4075	;# 
   486   000FEC                     PREINC0         equ	4076	;# 
   487   000FED                     POSTDEC0        equ	4077	;# 
   488   000FEE                     POSTINC0        equ	4078	;# 
   489   000FEF                     INDF0           equ	4079	;# 
   490   000FF0                     INTCON3         equ	4080	;# 
   491   000FF1                     INTCON2         equ	4081	;# 
   492   000FF2                     INTCON          equ	4082	;# 
   493   000FF3                     PROD            equ	4083	;# 
   494   000FF3                     PRODL           equ	4083	;# 
   495   000FF4                     PRODH           equ	4084	;# 
   496   000FF5                     TABLAT          equ	4085	;# 
   497   000FF6                     TBLPTR          equ	4086	;# 
   498   000FF6                     TBLPTRL         equ	4086	;# 
   499   000FF7                     TBLPTRH         equ	4087	;# 
   500   000FF8                     TBLPTRU         equ	4088	;# 
   501   000FF9                     PCLAT           equ	4089	;# 
   502   000FF9                     PC              equ	4089	;# 
   503   000FF9                     PCL             equ	4089	;# 
   504   000FFA                     PCLATH          equ	4090	;# 
   505   000FFB                     PCLATU          equ	4091	;# 
   506   000FFC                     STKPTR          equ	4092	;# 
   507   000FFD                     TOS             equ	4093	;# 
   508   000FFD                     TOSL            equ	4093	;# 
   509   000FFE                     TOSH            equ	4094	;# 
   510   000FFF                     TOSU            equ	4095	;# 
   511   000FCE                     _TMR1           set	4046
   512   000FD6                     _TMR0           set	4054
   513   000FCC                     _TMR2           set	4044
   514   000FCB                     _PR2            set	4043
   515   000FD5                     _T0CONbits      set	4053
   516   000F93                     _TRISBbits      set	3987
   517   000F81                     _PORTBbits      set	3969
   518   000FF2                     _INTCONbits     set	4082
   519   007F96                     _PEIE           set	32662
   520   007F97                     _GIE            set	32663
   521   007E52                     _TMR2ON         set	32338
   522   007E51                     _T2CKPS1        set	32337
   523   007E50                     _T2CKPS0        set	32336
   524   007CE9                     _TMR2IE         set	31977
   525   007E68                     _TMR1ON         set	32360
   526   007E6D                     _T1CKPS1        set	32365
   527   007E6C                     _T1CKPS0        set	32364
   528   007E69                     _TMR1CS         set	32361
   529   007CE8                     _TMR1IE         set	31976
   530   007CF1                     _TMR2IF         set	31985
   531   007CF0                     _TMR1IF         set	31984
   532                           
   533                           ; #config settings
   534                           
   535                           	psect	cinit
   536   00075C                     __pcinit:
   537                           	callstack 0
   538   00075C                     start_initialization:
   539                           	callstack 0
   540   00075C                     __initialization:
   541                           	callstack 0
   542                           
   543                           ; Clear objects allocated to COMRAM (6 bytes)
   544   00075C  6A07               	clrf	(__pbssCOMRAM+5)& (0+255),c
   545   00075E  6A06               	clrf	(__pbssCOMRAM+4)& (0+255),c
   546   000760  6A05               	clrf	(__pbssCOMRAM+3)& (0+255),c
   547   000762  6A04               	clrf	(__pbssCOMRAM+2)& (0+255),c
   548   000764  6A03               	clrf	(__pbssCOMRAM+1)& (0+255),c
   549   000766  6A02               	clrf	__pbssCOMRAM& (0+255),c
   550   000768                     end_of_initialization:
   551                           	callstack 0
   552   000768                     __end_of__initialization:
   553                           	callstack 0
   554   000768  9001               	bcf	int$flags,0,c	;clear compiler interrupt flag (level 1)
   555   00076A  9201               	bcf	int$flags,1,c	;clear compiler interrupt flag (level 2)
   556   00076C  0100               	movlb	0
   557   00076E  EF96  F003         	goto	_main	;jump to C main() function
   558                           
   559                           	psect	bssCOMRAM
   560   000002                     __pbssCOMRAM:
   561                           	callstack 0
   562   000002                     _count_2:
   563                           	callstack 0
   564   000002                     	ds	2
   565   000004                     _count_1:
   566                           	callstack 0
   567   000004                     	ds	2
   568   000006                     _count_0:
   569                           	callstack 0
   570   000006                     	ds	2
   571                           
   572                           	psect	cstackCOMRAM
   573   000008                     __pcstackCOMRAM:
   574                           	callstack 0
   575   000008                     ??__ISR:
   576                           
   577                           ; 1 bytes @ 0x0
   578   000008                     	ds	1
   579   000009                     
   580                           ; 1 bytes @ 0x1
   581 ;;
   582 ;;Main: autosize = 0, tempsize = 0, incstack = 0, save=0
   583 ;;
   584 ;; *************** function _main *****************
   585 ;; Defined at:
   586 ;;		line 13 in file "main.c"
   587 ;; Parameters:    Size  Location     Type
   588 ;;		None
   589 ;; Auto vars:     Size  Location     Type
   590 ;;		None
   591 ;; Return value:  Size  Location     Type
   592 ;;                  1    wreg      void 
   593 ;; Registers used:
   594 ;;		wreg, status,2, cstack
   595 ;; Tracked objects:
   596 ;;		On entry : 0/0
   597 ;;		On exit  : 0/0
   598 ;;		Unchanged: 0/0
   599 ;; Data sizes:     COMRAM   BANK0   BANK1   BANK2   BANK3   BANK4   BANK5
   600 ;;      Params:         0       0       0       0       0       0       0
   601 ;;      Locals:         0       0       0       0       0       0       0
   602 ;;      Temps:          0       0       0       0       0       0       0
   603 ;;      Totals:         0       0       0       0       0       0       0
   604 ;;Total ram usage:        0 bytes
   605 ;; Hardware stack levels required when called: 2
   606 ;; This function calls:
   607 ;;		_init_port
   608 ;;		_init_timer0
   609 ;;		_init_timer1
   610 ;;		_init_timer2
   611 ;; This function is called by:
   612 ;;		Startup code after reset
   613 ;; This function uses a non-reentrant model
   614 ;;
   615                           
   616                           	psect	text0
   617   00072C                     __ptext0:
   618                           	callstack 0
   619   00072C                     _main:
   620                           	callstack 29
   621   00072C                     
   622                           ;main.c: 14:     init_port();
   623   00072C  ECC4  F003         	call	_init_port	;wreg free
   624   000730                     
   625                           ;main.c: 16:     init_timer0();
   626   000730  ECA2  F003         	call	_init_timer0	;wreg free
   627   000734                     
   628                           ;main.c: 17:     init_timer1();
   629   000734  EC89  F003         	call	_init_timer1	;wreg free
   630   000738                     
   631                           ;main.c: 18:     init_timer2();
   632   000738  ECB9  F003         	call	_init_timer2	;wreg free
   633   00073C                     l61:
   634   00073C  EF9E  F003         	goto	l61
   635   000740  EF07  F000         	goto	start
   636   000744                     __end_of_main:
   637                           	callstack 0
   638                           
   639 ;; *************** function _init_timer2 *****************
   640 ;; Defined at:
   641 ;;		line 87 in file "main.c"
   642 ;; Parameters:    Size  Location     Type
   643 ;;		None
   644 ;; Auto vars:     Size  Location     Type
   645 ;;		None
   646 ;; Return value:  Size  Location     Type
   647 ;;                  1    wreg      void 
   648 ;; Registers used:
   649 ;;		wreg, status,2
   650 ;; Tracked objects:
   651 ;;		On entry : 0/0
   652 ;;		On exit  : 0/0
   653 ;;		Unchanged: 0/0
   654 ;; Data sizes:     COMRAM   BANK0   BANK1   BANK2   BANK3   BANK4   BANK5
   655 ;;      Params:         0       0       0       0       0       0       0
   656 ;;      Locals:         0       0       0       0       0       0       0
   657 ;;      Temps:          0       0       0       0       0       0       0
   658 ;;      Totals:         0       0       0       0       0       0       0
   659 ;;Total ram usage:        0 bytes
   660 ;; Hardware stack levels used: 1
   661 ;; Hardware stack levels required when called: 1
   662 ;; This function calls:
   663 ;;		Nothing
   664 ;; This function is called by:
   665 ;;		_main
   666 ;; This function uses a non-reentrant model
   667 ;;
   668                           
   669                           	psect	text1
   670   000772                     __ptext1:
   671                           	callstack 0
   672   000772                     _init_timer2:
   673                           	callstack 29
   674   000772                     
   675                           ;main.c: 88:     TRISBbits.TRISB2 = 0;
   676   000772  9493               	bcf	147,2,c	;volatile
   677                           
   678                           ;main.c: 89:     PORTBbits.RB2 = 0;
   679   000774  9481               	bcf	129,2,c	;volatile
   680                           
   681                           ;main.c: 91:     TMR2IF = 0;
   682   000776  929E               	bcf	3998,1,c	;volatile
   683                           
   684                           ;main.c: 92:     TMR2IE = 1;
   685   000778  829D               	bsf	3997,1,c	;volatile
   686                           
   687                           ;main.c: 95:     T2CKPS0 = 0;
   688   00077A  90CA               	bcf	4042,0,c	;volatile
   689                           
   690                           ;main.c: 96:     T2CKPS1 = 0;
   691   00077C  92CA               	bcf	4042,1,c	;volatile
   692   00077E                     
   693                           ;main.c: 98:     PR2 = 249;
   694   00077E  0EF9               	movlw	249
   695   000780  6ECB               	movwf	203,c	;volatile
   696   000782                     
   697                           ;main.c: 99:     TMR2 = 0;
   698   000782  6ACC               	clrf	204,c	;volatile
   699   000784                     
   700                           ;main.c: 101:     TMR2ON = 1;
   701   000784  84CA               	bsf	4042,2,c	;volatile
   702   000786  0012               	return		;funcret
   703   000788                     __end_of_init_timer2:
   704                           	callstack 0
   705                           
   706 ;; *************** function _init_timer1 *****************
   707 ;; Defined at:
   708 ;;		line 70 in file "main.c"
   709 ;; Parameters:    Size  Location     Type
   710 ;;		None
   711 ;; Auto vars:     Size  Location     Type
   712 ;;		None
   713 ;; Return value:  Size  Location     Type
   714 ;;                  1    wreg      void 
   715 ;; Registers used:
   716 ;;		wreg, status,2
   717 ;; Tracked objects:
   718 ;;		On entry : 0/0
   719 ;;		On exit  : 0/0
   720 ;;		Unchanged: 0/0
   721 ;; Data sizes:     COMRAM   BANK0   BANK1   BANK2   BANK3   BANK4   BANK5
   722 ;;      Params:         0       0       0       0       0       0       0
   723 ;;      Locals:         0       0       0       0       0       0       0
   724 ;;      Temps:          0       0       0       0       0       0       0
   725 ;;      Totals:         0       0       0       0       0       0       0
   726 ;;Total ram usage:        0 bytes
   727 ;; Hardware stack levels used: 1
   728 ;; Hardware stack levels required when called: 1
   729 ;; This function calls:
   730 ;;		Nothing
   731 ;; This function is called by:
   732 ;;		_main
   733 ;; This function uses a non-reentrant model
   734 ;;
   735                           
   736                           	psect	text2
   737   000712                     __ptext2:
   738                           	callstack 0
   739   000712                     _init_timer1:
   740                           	callstack 29
   741   000712                     
   742                           ;main.c: 71:     TRISBbits.TRISB1 = 0;
   743   000712  9293               	bcf	147,1,c	;volatile
   744                           
   745                           ;main.c: 72:     PORTBbits.RB1 = 0;
   746   000714  9281               	bcf	129,1,c	;volatile
   747                           
   748                           ;main.c: 74:     TMR1IF = 0;
   749   000716  909E               	bcf	3998,0,c	;volatile
   750                           
   751                           ;main.c: 75:     TMR1IE = 1;
   752   000718  809D               	bsf	3997,0,c	;volatile
   753                           
   754                           ;main.c: 78:     TMR1CS = 0;
   755   00071A  92CD               	bcf	4045,1,c	;volatile
   756                           
   757                           ;main.c: 79:     T1CKPS0 = 0;
   758   00071C  98CD               	bcf	4045,4,c	;volatile
   759                           
   760                           ;main.c: 80:     T1CKPS1 = 0;
   761   00071E  9ACD               	bcf	4045,5,c	;volatile
   762   000720                     
   763                           ;main.c: 82:     TMR1 = 3036;
   764   000720  0E0B               	movlw	11
   765   000722  6ECF               	movwf	207,c	;volatile
   766   000724  0EDC               	movlw	220
   767   000726  6ECE               	movwf	206,c	;volatile
   768   000728                     
   769                           ;main.c: 84:     TMR1ON = 1;
   770   000728  80CD               	bsf	4045,0,c	;volatile
   771   00072A  0012               	return		;funcret
   772   00072C                     __end_of_init_timer1:
   773                           	callstack 0
   774                           
   775 ;; *************** function _init_timer0 *****************
   776 ;; Defined at:
   777 ;;		line 54 in file "main.c"
   778 ;; Parameters:    Size  Location     Type
   779 ;;		None
   780 ;; Auto vars:     Size  Location     Type
   781 ;;		None
   782 ;; Return value:  Size  Location     Type
   783 ;;                  1    wreg      void 
   784 ;; Registers used:
   785 ;;		wreg, status,2
   786 ;; Tracked objects:
   787 ;;		On entry : 0/0
   788 ;;		On exit  : 0/0
   789 ;;		Unchanged: 0/0
   790 ;; Data sizes:     COMRAM   BANK0   BANK1   BANK2   BANK3   BANK4   BANK5
   791 ;;      Params:         0       0       0       0       0       0       0
   792 ;;      Locals:         0       0       0       0       0       0       0
   793 ;;      Temps:          0       0       0       0       0       0       0
   794 ;;      Totals:         0       0       0       0       0       0       0
   795 ;;Total ram usage:        0 bytes
   796 ;; Hardware stack levels used: 1
   797 ;; Hardware stack levels required when called: 1
   798 ;; This function calls:
   799 ;;		Nothing
   800 ;; This function is called by:
   801 ;;		_main
   802 ;; This function uses a non-reentrant model
   803 ;;
   804                           
   805                           	psect	text3
   806   000744                     __ptext3:
   807                           	callstack 0
   808   000744                     _init_timer0:
   809                           	callstack 29
   810   000744                     
   811                           ;main.c: 55:     TRISBbits.TRISB0 = 0;
   812   000744  9093               	bcf	147,0,c	;volatile
   813                           
   814                           ;main.c: 56:     PORTBbits.RB0 = 0;
   815   000746  9081               	bcf	129,0,c	;volatile
   816                           
   817                           ;main.c: 58:     INTCONbits.TMR0IE = 1;
   818   000748  8AF2               	bsf	242,5,c	;volatile
   819                           
   820                           ;main.c: 59:     INTCONbits.TMR0IF = 0;
   821   00074A  94F2               	bcf	242,2,c	;volatile
   822                           
   823                           ;main.c: 61:     T0CONbits.T08BIT = 1;
   824   00074C  8CD5               	bsf	213,6,c	;volatile
   825                           
   826                           ;main.c: 62:     T0CONbits.T0CS = 0;
   827   00074E  9AD5               	bcf	213,5,c	;volatile
   828                           
   829                           ;main.c: 63:     T0CONbits.PSA = 1;
   830   000750  86D5               	bsf	213,3,c	;volatile
   831   000752                     
   832                           ;main.c: 65:     TMR0 = 0;
   833   000752  6AD7               	clrf	215,c	;volatile
   834   000754  0E00               	movlw	0
   835   000756  6ED6               	movwf	214,c	;volatile
   836   000758                     
   837                           ;main.c: 67:     T0CONbits.TMR0ON = 1;
   838   000758  8ED5               	bsf	213,7,c	;volatile
   839   00075A  0012               	return		;funcret
   840   00075C                     __end_of_init_timer0:
   841                           	callstack 0
   842                           
   843 ;; *************** function _init_port *****************
   844 ;; Defined at:
   845 ;;		line 104 in file "main.c"
   846 ;; Parameters:    Size  Location     Type
   847 ;;		None
   848 ;; Auto vars:     Size  Location     Type
   849 ;;		None
   850 ;; Return value:  Size  Location     Type
   851 ;;                  1    wreg      void 
   852 ;; Registers used:
   853 ;;		None
   854 ;; Tracked objects:
   855 ;;		On entry : 0/0
   856 ;;		On exit  : 0/0
   857 ;;		Unchanged: 0/0
   858 ;; Data sizes:     COMRAM   BANK0   BANK1   BANK2   BANK3   BANK4   BANK5
   859 ;;      Params:         0       0       0       0       0       0       0
   860 ;;      Locals:         0       0       0       0       0       0       0
   861 ;;      Temps:          0       0       0       0       0       0       0
   862 ;;      Totals:         0       0       0       0       0       0       0
   863 ;;Total ram usage:        0 bytes
   864 ;; Hardware stack levels used: 1
   865 ;; Hardware stack levels required when called: 1
   866 ;; This function calls:
   867 ;;		Nothing
   868 ;; This function is called by:
   869 ;;		_main
   870 ;; This function uses a non-reentrant model
   871 ;;
   872                           
   873                           	psect	text4
   874   000788                     __ptext4:
   875                           	callstack 0
   876   000788                     _init_port:
   877                           	callstack 29
   878   000788                     
   879                           ;main.c: 105:     GIE = 1;
   880   000788  8EF2               	bsf	4082,7,c	;volatile
   881                           
   882                           ;main.c: 106:     PEIE = 1;
   883   00078A  8CF2               	bsf	4082,6,c	;volatile
   884   00078C  0012               	return		;funcret
   885   00078E                     __end_of_init_port:
   886                           	callstack 0
   887                           
   888 ;; *************** function __ISR *****************
   889 ;; Defined at:
   890 ;;		line 25 in file "main.c"
   891 ;; Parameters:    Size  Location     Type
   892 ;;		None
   893 ;; Auto vars:     Size  Location     Type
   894 ;;		None
   895 ;; Return value:  Size  Location     Type
   896 ;;                  1    wreg      void 
   897 ;; Registers used:
   898 ;;		wreg, status,2, status,0
   899 ;; Tracked objects:
   900 ;;		On entry : 0/0
   901 ;;		On exit  : 0/0
   902 ;;		Unchanged: 0/0
   903 ;; Data sizes:     COMRAM   BANK0   BANK1   BANK2   BANK3   BANK4   BANK5
   904 ;;      Params:         0       0       0       0       0       0       0
   905 ;;      Locals:         0       0       0       0       0       0       0
   906 ;;      Temps:          1       0       0       0       0       0       0
   907 ;;      Totals:         1       0       0       0       0       0       0
   908 ;;Total ram usage:        1 bytes
   909 ;; Hardware stack levels used: 1
   910 ;; This function calls:
   911 ;;		Nothing
   912 ;; This function is called by:
   913 ;;		Interrupt level 2
   914 ;; This function uses a non-reentrant model
   915 ;;
   916                           
   917                           	psect	intcode
   918   000008                     __pintcode:
   919                           	callstack 0
   920   000008                     __ISR:
   921                           	callstack 29
   922                           
   923                           ;incstack = 0
   924   000008  8201               	bsf	int$flags,1,c	;set compiler interrupt flag (level 2)
   925   00000A  ED01  F003         	call	int_func,f	;refresh shadow registers
   926                           
   927                           	psect	intcode_body
   928   000602                     __pintcode_body:
   929                           	callstack 29
   930   000602                     int_func:
   931                           	callstack 29
   932   000602  0006               	pop		; remove dummy address from shadow register refresh
   933   000604                     
   934                           ;main.c: 26:     if (INTCONbits.TMR0IF) {
   935   000604  A4F2               	btfss	242,2,c	;volatile
   936   000606  EF07  F003         	goto	i2u1_41
   937   00060A  EF09  F003         	goto	i2u1_40
   938   00060E                     i2u1_41:
   939   00060E  EF30  F003         	goto	i2l913
   940   000612                     i2u1_40:
   941   000612                     
   942                           ;main.c: 27:         TMR0 = TMR0 + 8;
   943   000612  0E08               	movlw	8
   944   000614  24D6               	addwf	214,w,c	;volatile
   945   000616  6ED6               	movwf	214,c	;volatile
   946   000618  0E00               	movlw	0
   947   00061A  20D7               	addwfc	215,w,c	;volatile
   948   00061C  6ED7               	movwf	215,c	;volatile
   949   00061E                     
   950                           ;main.c: 28:         INTCONbits.TMR0IF = 0;
   951   00061E  94F2               	bcf	242,2,c	;volatile
   952                           
   953                           ;main.c: 30:         if (count_0++ == 10000) {
   954   000620  4A06               	infsnz	_count_0^0,f,c
   955   000622  2A07               	incf	(_count_0+1)^0,f,c
   956   000624  0E11               	movlw	17
   957   000626  1806               	xorwf	_count_0^0,w,c
   958   000628  E107               	bnz	i2u2_41
   959   00062A  0E27               	movlw	39
   960   00062C  1807               	xorwf	(_count_0+1)^0,w,c
   961   00062E  A4D8               	btfss	status,2,c
   962   000630  EF1C  F003         	goto	i2u2_41
   963   000634  EF1E  F003         	goto	i2u2_40
   964   000638                     i2u2_41:
   965   000638  EF30  F003         	goto	i2l913
   966   00063C                     i2u2_40:
   967   00063C                     
   968                           ;main.c: 31:             count_0 = 0;
   969   00063C  6A07               	clrf	(_count_0+1)^0,c
   970   00063E  0E00               	movlw	0
   971   000640  6E06               	movwf	_count_0^0,c
   972   000642                     
   973                           ;main.c: 32:             PORTBbits.RB0 = !PORTBbits.RB0;
   974   000642  A081               	btfss	129,0,c	;volatile
   975   000644  EF26  F003         	goto	i2u3_41
   976   000648  EF2A  F003         	goto	i2u3_40
   977   00064C                     i2u3_41:
   978   00064C  6A08               	clrf	??__ISR^0,c
   979   00064E  2A08               	incf	??__ISR^0,f,c
   980   000650  EF2B  F003         	goto	i2u4_48
   981   000654                     i2u3_40:
   982   000654  6A08               	clrf	??__ISR^0,c
   983   000656                     i2u4_48:
   984   000656  5081               	movf	129,w,c	;volatile
   985   000658  1808               	xorwf	??__ISR^0,w,c
   986   00065A  0BFE               	andlw	-2
   987   00065C  1808               	xorwf	??__ISR^0,w,c
   988   00065E  6E81               	movwf	129,c	;volatile
   989   000660                     i2l913:
   990                           
   991                           ;main.c: 35:     if (TMR1IF) {
   992   000660  A09E               	btfss	3998,0,c	;volatile
   993   000662  EF35  F003         	goto	i2u5_41
   994   000666  EF37  F003         	goto	i2u5_40
   995   00066A                     i2u5_41:
   996   00066A  EF5D  F003         	goto	i2l923
   997   00066E                     i2u5_40:
   998   00066E                     
   999                           ;main.c: 36:         TMR1 = TMR1 + 3038;
  1000   00066E  0EDE               	movlw	222
  1001   000670  24CE               	addwf	206,w,c	;volatile
  1002   000672  6ECE               	movwf	206,c	;volatile
  1003   000674  0E0B               	movlw	11
  1004   000676  20CF               	addwfc	207,w,c	;volatile
  1005   000678  6ECF               	movwf	207,c	;volatile
  1006   00067A                     
  1007                           ;main.c: 37:         TMR1IF = 0;
  1008   00067A  909E               	bcf	3998,0,c	;volatile
  1009                           
  1010                           ;main.c: 39:         if (count_1++ == 40) {
  1011   00067C  4A04               	infsnz	_count_1^0,f,c
  1012   00067E  2A05               	incf	(_count_1+1)^0,f,c
  1013   000680  0E29               	movlw	41
  1014   000682  1804               	xorwf	_count_1^0,w,c
  1015   000684  1005               	iorwf	(_count_1+1)^0,w,c
  1016   000686  A4D8               	btfss	status,2,c
  1017   000688  EF48  F003         	goto	i2u6_41
  1018   00068C  EF4A  F003         	goto	i2u6_40
  1019   000690                     i2u6_41:
  1020   000690  EF5D  F003         	goto	i2l923
  1021   000694                     i2u6_40:
  1022   000694                     
  1023                           ;main.c: 40:             count_1 = 0;
  1024   000694  6A05               	clrf	(_count_1+1)^0,c
  1025   000696  0E00               	movlw	0
  1026   000698  6E04               	movwf	_count_1^0,c
  1027   00069A                     
  1028                           ;main.c: 41:             PORTBbits.RB1 = !PORTBbits.RB1;
  1029   00069A  A281               	btfss	129,1,c	;volatile
  1030   00069C  EF52  F003         	goto	i2u7_41
  1031   0006A0  EF56  F003         	goto	i2u7_40
  1032   0006A4                     i2u7_41:
  1033   0006A4  6A08               	clrf	??__ISR^0,c
  1034   0006A6  2A08               	incf	??__ISR^0,f,c
  1035   0006A8  EF57  F003         	goto	i2u8_48
  1036   0006AC                     i2u7_40:
  1037   0006AC  6A08               	clrf	??__ISR^0,c
  1038   0006AE                     i2u8_48:
  1039   0006AE  4608               	rlncf	??__ISR^0,f,c
  1040   0006B0  5081               	movf	129,w,c	;volatile
  1041   0006B2  1808               	xorwf	??__ISR^0,w,c
  1042   0006B4  0BFD               	andlw	-3
  1043   0006B6  1808               	xorwf	??__ISR^0,w,c
  1044   0006B8  6E81               	movwf	129,c	;volatile
  1045   0006BA                     i2l923:
  1046                           
  1047                           ;main.c: 44:     if (TMR2IF) {
  1048   0006BA  A29E               	btfss	3998,1,c	;volatile
  1049   0006BC  EF62  F003         	goto	i2u9_41
  1050   0006C0  EF64  F003         	goto	i2u9_40
  1051   0006C4                     i2u9_41:
  1052   0006C4  EF87  F003         	goto	i2l75
  1053   0006C8                     i2u9_40:
  1054   0006C8                     
  1055                           ;main.c: 45:         TMR2IF = 0;
  1056   0006C8  929E               	bcf	3998,1,c	;volatile
  1057   0006CA                     
  1058                           ;main.c: 47:         if (count_2++ == 10000) {
  1059   0006CA  4A02               	infsnz	_count_2^0,f,c
  1060   0006CC  2A03               	incf	(_count_2+1)^0,f,c
  1061   0006CE  0E11               	movlw	17
  1062   0006D0  1802               	xorwf	_count_2^0,w,c
  1063   0006D2  E107               	bnz	i2u10_41
  1064   0006D4  0E27               	movlw	39
  1065   0006D6  1803               	xorwf	(_count_2+1)^0,w,c
  1066   0006D8  A4D8               	btfss	status,2,c
  1067   0006DA  EF71  F003         	goto	i2u10_41
  1068   0006DE  EF73  F003         	goto	i2u10_40
  1069   0006E2                     i2u10_41:
  1070   0006E2  EF87  F003         	goto	i2l75
  1071   0006E6                     i2u10_40:
  1072   0006E6                     
  1073                           ;main.c: 48:             count_2 = 0;
  1074   0006E6  6A03               	clrf	(_count_2+1)^0,c
  1075   0006E8  0E00               	movlw	0
  1076   0006EA  6E02               	movwf	_count_2^0,c
  1077   0006EC                     
  1078                           ;main.c: 49:             PORTBbits.RB2 = !PORTBbits.RB2;
  1079   0006EC  A481               	btfss	129,2,c	;volatile
  1080   0006EE  EF7B  F003         	goto	i2u11_41
  1081   0006F2  EF7F  F003         	goto	i2u11_40
  1082   0006F6                     i2u11_41:
  1083   0006F6  6A08               	clrf	??__ISR^0,c
  1084   0006F8  2A08               	incf	??__ISR^0,f,c
  1085   0006FA  EF80  F003         	goto	i2u12_48
  1086   0006FE                     i2u11_40:
  1087   0006FE  6A08               	clrf	??__ISR^0,c
  1088   000700                     i2u12_48:
  1089   000700  4608               	rlncf	??__ISR^0,f,c
  1090   000702  4608               	rlncf	??__ISR^0,f,c
  1091   000704  5081               	movf	129,w,c	;volatile
  1092   000706  1808               	xorwf	??__ISR^0,w,c
  1093   000708  0BFB               	andlw	-5
  1094   00070A  1808               	xorwf	??__ISR^0,w,c
  1095   00070C  6E81               	movwf	129,c	;volatile
  1096   00070E                     i2l75:
  1097   00070E  9201               	bcf	int$flags,1,c	;clear compiler interrupt flag (level 2)
  1098   000710  0011               	retfie		f
  1099   000712                     __end_of__ISR:
  1100                           	callstack 0
  1101                           
  1102                           	psect	smallconst
  1103   000600                     __psmallconst:
  1104                           	callstack 0
  1105   000600  00                 	db	0
  1106   000601  00                 	db	0	; dummy byte at the end
  1107   000600                     __smallconst    set	__psmallconst
  1108   000600                     __mediumconst   set	__psmallconst
  1109   000000                     __activetblptr  equ	0
  1110                           
  1111                           	psect	rparam
  1112   000001                     ___rparam_used  equ	1
  1113   000000                     ___param_bank   equ	0
  1114   000000                     __Lparam        equ	__Lrparam
  1115   000000                     __Hparam        equ	__Hrparam
  1116   000001                     btemp           set	1	;btemp
  1117   000001                     int$flags       set	1
  1118   000001                     btemp0          set	1
  1119   000002                     btemp1          set	2
  1120                           
  1121                           	psect	idloc
  1122                           
  1123                           ;Config register IDLOC0 @ 0x200000
  1124                           ;	unspecified, using default values
  1125   200000                     	org	2097152
  1126   200000  FF                 	db	255
  1127                           
  1128                           ;Config register IDLOC1 @ 0x200001
  1129                           ;	unspecified, using default values
  1130   200001                     	org	2097153
  1131   200001  FF                 	db	255
  1132                           
  1133                           ;Config register IDLOC2 @ 0x200002
  1134                           ;	unspecified, using default values
  1135   200002                     	org	2097154
  1136   200002  FF                 	db	255
  1137                           
  1138                           ;Config register IDLOC3 @ 0x200003
  1139                           ;	unspecified, using default values
  1140   200003                     	org	2097155
  1141   200003  FF                 	db	255
  1142                           
  1143                           ;Config register IDLOC4 @ 0x200004
  1144                           ;	unspecified, using default values
  1145   200004                     	org	2097156
  1146   200004  FF                 	db	255
  1147                           
  1148                           ;Config register IDLOC5 @ 0x200005
  1149                           ;	unspecified, using default values
  1150   200005                     	org	2097157
  1151   200005  FF                 	db	255
  1152                           
  1153                           ;Config register IDLOC6 @ 0x200006
  1154                           ;	unspecified, using default values
  1155   200006                     	org	2097158
  1156   200006  FF                 	db	255
  1157                           
  1158                           ;Config register IDLOC7 @ 0x200007
  1159                           ;	unspecified, using default values
  1160   200007                     	org	2097159
  1161   200007  FF                 	db	255
  1162                           
  1163                           	psect	config
  1164                           
  1165                           ; Padding undefined space
  1166   300000                     	org	3145728
  1167   300000  FF                 	db	255
  1168                           
  1169                           ;Config register CONFIG1H @ 0x300001
  1170                           ;	unspecified, using default values
  1171                           ;	Oscillator Selection bits
  1172                           ;	OSC = 0x7, unprogrammed default
  1173                           ;	Fail-Safe Clock Monitor Enable bit
  1174                           ;	FCMEN = 0x0, unprogrammed default
  1175                           ;	Internal/External Oscillator Switchover bit
  1176                           ;	IESO = 0x0, unprogrammed default
  1177   300001                     	org	3145729
  1178   300001  07                 	db	7
  1179                           
  1180                           ;Config register CONFIG2L @ 0x300002
  1181                           ;	unspecified, using default values
  1182                           ;	Power-up Timer Enable bit
  1183                           ;	PWRT = 0x1, unprogrammed default
  1184                           ;	Brown-out Reset Enable bits
  1185                           ;	BOREN = 0x3, unprogrammed default
  1186                           ;	Brown-out Reset Voltage bits
  1187                           ;	BORV = 0x3, unprogrammed default
  1188   300002                     	org	3145730
  1189   300002  1F                 	db	31
  1190                           
  1191                           ;Config register CONFIG2H @ 0x300003
  1192                           ;	unspecified, using default values
  1193                           ;	Watchdog Timer Enable bit
  1194                           ;	WDT = 0x1, unprogrammed default
  1195                           ;	Watchdog Timer Postscale Select bits
  1196                           ;	WDTPS = 0xF, unprogrammed default
  1197   300003                     	org	3145731
  1198   300003  1F                 	db	31
  1199                           
  1200                           ; Padding undefined space
  1201   300004                     	org	3145732
  1202   300004  FF                 	db	255
  1203                           
  1204                           ;Config register CONFIG3H @ 0x300005
  1205                           ;	unspecified, using default values
  1206                           ;	PORTB A/D Enable bit
  1207                           ;	PBADEN = 0x1, unprogrammed default
  1208                           ;	Low-Power Timer 1 Oscillator Enable bit
  1209                           ;	LPT1OSC = 0x0, unprogrammed default
  1210                           ;	MCLR Pin Enable bit
  1211                           ;	MCLRE = 0x1, unprogrammed default
  1212   300005                     	org	3145733
  1213   300005  82                 	db	130
  1214                           
  1215                           ;Config register CONFIG4L @ 0x300006
  1216                           ;	unspecified, using default values
  1217                           ;	Stack Full/Underflow Reset Enable bit
  1218                           ;	STVREN = 0x1, unprogrammed default
  1219                           ;	Single-Supply ICSP Enable bit
  1220                           ;	LVP = 0x1, unprogrammed default
  1221                           ;	Boot Block Size Select bit
  1222                           ;	BBSIZ = 0x0, unprogrammed default
  1223                           ;	Extended Instruction Set Enable bit
  1224                           ;	XINST = 0x0, unprogrammed default
  1225                           ;	Background Debugger Enable bit
  1226                           ;	DEBUG = 0x1, unprogrammed default
  1227   300006                     	org	3145734
  1228   300006  85                 	db	133
  1229                           
  1230                           ; Padding undefined space
  1231   300007                     	org	3145735
  1232   300007  FF                 	db	255
  1233                           
  1234                           ;Config register CONFIG5L @ 0x300008
  1235                           ;	unspecified, using default values
  1236                           ;	Code Protection bit
  1237                           ;	CP0 = 0x1, unprogrammed default
  1238                           ;	Code Protection bit
  1239                           ;	CP1 = 0x1, unprogrammed default
  1240                           ;	Code Protection bit
  1241                           ;	CP2 = 0x1, unprogrammed default
  1242                           ;	Code Protection bit
  1243                           ;	CP3 = 0x1, unprogrammed default
  1244   300008                     	org	3145736
  1245   300008  0F                 	db	15
  1246                           
  1247                           ;Config register CONFIG5H @ 0x300009
  1248                           ;	unspecified, using default values
  1249                           ;	Boot Block Code Protection bit
  1250                           ;	CPB = 0x1, unprogrammed default
  1251                           ;	Data EEPROM Code Protection bit
  1252                           ;	CPD = 0x1, unprogrammed default
  1253   300009                     	org	3145737
  1254   300009  C0                 	db	192
  1255                           
  1256                           ;Config register CONFIG6L @ 0x30000A
  1257                           ;	unspecified, using default values
  1258                           ;	Write Protection bit
  1259                           ;	WRT0 = 0x1, unprogrammed default
  1260                           ;	Write Protection bit
  1261                           ;	WRT1 = 0x1, unprogrammed default
  1262                           ;	Write Protection bit
  1263                           ;	WRT2 = 0x1, unprogrammed default
  1264                           ;	Write Protection bit
  1265                           ;	WRT3 = 0x1, unprogrammed default
  1266   30000A                     	org	3145738
  1267   30000A  0F                 	db	15
  1268                           
  1269                           ;Config register CONFIG6H @ 0x30000B
  1270                           ;	unspecified, using default values
  1271                           ;	Configuration Register Write Protection bit
  1272                           ;	WRTC = 0x1, unprogrammed default
  1273                           ;	Boot Block Write Protection bit
  1274                           ;	WRTB = 0x1, unprogrammed default
  1275                           ;	Data EEPROM Write Protection bit
  1276                           ;	WRTD = 0x1, unprogrammed default
  1277   30000B                     	org	3145739
  1278   30000B  E0                 	db	224
  1279                           
  1280                           ;Config register CONFIG7L @ 0x30000C
  1281                           ;	unspecified, using default values
  1282                           ;	Table Read Protection bit
  1283                           ;	EBTR0 = 0x1, unprogrammed default
  1284                           ;	Table Read Protection bit
  1285                           ;	EBTR1 = 0x1, unprogrammed default
  1286                           ;	Table Read Protection bit
  1287                           ;	EBTR2 = 0x1, unprogrammed default
  1288                           ;	Table Read Protection bit
  1289                           ;	EBTR3 = 0x1, unprogrammed default
  1290   30000C                     	org	3145740
  1291   30000C  0F                 	db	15
  1292                           
  1293                           ;Config register CONFIG7H @ 0x30000D
  1294                           ;	unspecified, using default values
  1295                           ;	Boot Block Table Read Protection bit
  1296                           ;	EBTRB = 0x1, unprogrammed default
  1297   30000D                     	org	3145741
  1298   30000D  40                 	db	64
  1299                           tosu	equ	0xFFF
  1300                           tosh	equ	0xFFE
  1301                           tosl	equ	0xFFD
  1302                           stkptr	equ	0xFFC
  1303                           pclatu	equ	0xFFB
  1304                           pclath	equ	0xFFA
  1305                           pcl	equ	0xFF9
  1306                           tblptru	equ	0xFF8
  1307                           tblptrh	equ	0xFF7
  1308                           tblptrl	equ	0xFF6
  1309                           tablat	equ	0xFF5
  1310                           prodh	equ	0xFF4
  1311                           prodl	equ	0xFF3
  1312                           indf0	equ	0xFEF
  1313                           postinc0	equ	0xFEE
  1314                           postdec0	equ	0xFED
  1315                           preinc0	equ	0xFEC
  1316                           plusw0	equ	0xFEB
  1317                           fsr0h	equ	0xFEA
  1318                           fsr0l	equ	0xFE9
  1319                           wreg	equ	0xFE8
  1320                           indf1	equ	0xFE7
  1321                           postinc1	equ	0xFE6
  1322                           postdec1	equ	0xFE5
  1323                           preinc1	equ	0xFE4
  1324                           plusw1	equ	0xFE3
  1325                           fsr1h	equ	0xFE2
  1326                           fsr1l	equ	0xFE1
  1327                           bsr	equ	0xFE0
  1328                           indf2	equ	0xFDF
  1329                           postinc2	equ	0xFDE
  1330                           postdec2	equ	0xFDD
  1331                           preinc2	equ	0xFDC
  1332                           plusw2	equ	0xFDB
  1333                           fsr2h	equ	0xFDA
  1334                           fsr2l	equ	0xFD9
  1335                           status	equ	0xFD8

Data Sizes:
    Strings     0
    Constant    0
    Data        0
    BSS         6
    Persistent  0
    Stack       0

Auto Spaces:
    Space          Size  Autos    Used
    COMRAM           94      1       7
    BANK0           160      0       0
    BANK1           256      0       0
    BANK2           256      0       0
    BANK3           256      0       0
    BANK4           256      0       0
    BANK5           256      0       0

Pointer List with Targets:

    None.

Critical Paths under _main in COMRAM

    None.

Critical Paths under __ISR in COMRAM

    None.

Critical Paths under _main in BANK0

    None.

Critical Paths under __ISR in BANK0

    None.

Critical Paths under _main in BANK1

    None.

Critical Paths under __ISR in BANK1

    None.

Critical Paths under _main in BANK2

    None.

Critical Paths under __ISR in BANK2

    None.

Critical Paths under _main in BANK3

    None.

Critical Paths under __ISR in BANK3

    None.

Critical Paths under _main in BANK4

    None.

Critical Paths under __ISR in BANK4

    None.

Critical Paths under _main in BANK5

    None.

Critical Paths under __ISR in BANK5

    None.

Call Graph Tables:

 ---------------------------------------------------------------------------------
 (Depth) Function   	        Calls       Base Space   Used Autos Params    Refs
 ---------------------------------------------------------------------------------
 (0) _main                                                 0     0      0       0
                          _init_port
                        _init_timer0
                        _init_timer1
                        _init_timer2
 ---------------------------------------------------------------------------------
 (1) _init_timer2                                          0     0      0       0
 ---------------------------------------------------------------------------------
 (1) _init_timer1                                          0     0      0       0
 ---------------------------------------------------------------------------------
 (1) _init_timer0                                          0     0      0       0
 ---------------------------------------------------------------------------------
 (1) _init_port                                            0     0      0       0
 ---------------------------------------------------------------------------------
 Estimated maximum stack depth 1
 ---------------------------------------------------------------------------------
 (Depth) Function   	        Calls       Base Space   Used Autos Params    Refs
 ---------------------------------------------------------------------------------
 (2) __ISR                                                 1     1      0       0
                                              0 COMRAM     1     1      0
 ---------------------------------------------------------------------------------
 Estimated maximum stack depth 2
 ---------------------------------------------------------------------------------

 Call Graph Graphs:

 _main (ROOT)
   _init_port
   _init_timer0
   _init_timer1
   _init_timer2

 __ISR (ROOT)

Address spaces:
Name               Size   Autos  Total    Usage
BIGRAM            1535      0       0      0.0%
BITBIGSFRll        641      0       0      0.0%
BITBANK5           256      0       0      0.0%
BANK5              256      0       0      0.0%
BITBANK4           256      0       0      0.0%
BANK4              256      0       0      0.0%
BITBANK3           256      0       0      0.0%
BANK3              256      0       0      0.0%
BITBANK2           256      0       0      0.0%
BANK2              256      0       0      0.0%
BITBANK1           256      0       0      0.0%
BANK1              256      0       0      0.0%
BITBANK0           160      0       0      0.0%
BANK0              160      0       0      0.0%
BITBIGSFRh          98      0       0      0.0%
BITCOMRAM           94      0       0      0.0%
COMRAM              94      1       7      7.4%
BITBIGSFRlh         27      0       0      0.0%
STACK                0      0       0      0.0%
DATA                 0      0       7      0.0%


Microchip Technology PIC18 Macro Assembler V3.10 build 20250813170317 
Symbol Table                                                                                   Tue Mar 17 15:38:49 2026

                     l61 073C                       l62 073C                       l81 072A  
                     l84 0786                       l78 075A                       l87 078C  
                    l901 0738                      l873 0788                      l881 0712  
                    l875 0744                      l883 0720                      l891 0782  
                    l877 0752                      l885 0728                      l893 0784  
                    l879 0758                      l887 0772                      l895 072C  
                    l889 077E                      l897 0730                      l899 0734  
                    _GIE 7F97                      _PR2 0FCB                     _PEIE 7F96  
                   i2l75 070E                     _TMR0 0FD6                     _TMR1 0FCE  
                   _TMR2 0FCC                     __ISR 0008                     _main 072C  
                   btemp 0001                     start 000E             ___param_bank 0000  
                  ?__ISR 0008                    ?_main 0008                    i2l911 0642  
                  i2l903 0604                    i2l921 069A                    i2l905 0612  
                  i2l913 0660                    i2l931 06EC                    i2l915 066E  
                  i2l923 06BA                    i2l907 061E                    i2l925 06C8  
                  i2l917 067A                    i2l909 063C                    i2l927 06CA  
                  i2l919 0694                    i2l929 06E6             ?_init_timer0 0008  
           ?_init_timer1 0008             ?_init_timer2 0008                    btemp0 0001  
                  btemp1 0002                    status 0FD8             __end_of__ISR 0712  
        __initialization 075C             __end_of_main 0744                   ??__ISR 0008  
                 ??_main 0009            __activetblptr 0000                   _TMR1IE 7CE8  
                 _TMR1IF 7CF0                   _TMR1CS 7E69                   _TMR2IE 7CE9  
                 _TMR2IF 7CF1                   _TMR1ON 7E68                   _TMR2ON 7E52  
                 i2u1_40 0612                   i2u1_41 060E                   i2u2_40 063C  
                 i2u2_41 0638                   i2u3_40 0654                   i2u3_41 064C  
                 i2u5_40 066E                   i2u4_48 0656                   i2u5_41 066A  
                 i2u6_40 0694                   i2u6_41 0690                   i2u7_40 06AC  
                 i2u7_41 06A4                   i2u9_40 06C8                   i2u8_48 06AE  
                 i2u9_41 06C4                   isa$std 0001             __mediumconst 0600  
             __accesstop 0060  __end_of__initialization 0768            ___rparam_used 0001  
         __pcstackCOMRAM 0008                  _T1CKPS0 7E6C                  _T1CKPS1 7E6D  
                _T2CKPS0 7E50                  _T2CKPS1 7E51                  i2u10_40 06E6  
                i2u10_41 06E2                  i2u11_40 06FE                  i2u11_41 06F6  
                i2u12_48 0700                  __Hparam 0000                  __Lparam 0000  
           __psmallconst 0600                  __pcinit 075C                  __ramtop 0600  
                __ptext0 072C                  __ptext1 0772                  __ptext2 0712  
                __ptext3 0744                  __ptext4 0788                _T0CONbits 0FD5  
                _count_0 0006                  _count_1 0004                  _count_2 0002  
      __end_of_init_port 078E           __pintcode_body 0602     end_of_initialization 0768  
                int_func 0602                _PORTBbits 0F81                _TRISBbits 0F93  
    start_initialization 075C            ??_init_timer0 0009            ??_init_timer1 0009  
          ??_init_timer2 0009              __pbssCOMRAM 0002                __pintcode 0008  
            __smallconst 0600                _init_port 0788      __end_of_init_timer0 075C  
    __end_of_init_timer1 072C      __end_of_init_timer2 0788               ?_init_port 0008  
               __Hrparam 0000                 __Lrparam 0000              _init_timer0 0744  
            _init_timer1 0712              _init_timer2 0772                 isa$xinst 0000  
               int$flags 0001               _INTCONbits 0FF2              ??_init_port 0009  
               intlevel2 0000  
