

Microchip MPLAB XC8 Assembler V3.10 build 20250813170317 
                                                                                               Tue Mar  3 17:58:39 2026

Microchip MPLAB XC8 C Compiler v3.10 (Free license) build 20250813170317 Og1 
     1                           	processor	18F4580
     2                           	fnconf	rparam,??,?,0
     3                           	pagewidth 120
     4                           	opt	flic
     5                           	psect	idataCOMRAM,global,class=CODE,space=0,delta=1,noexec
     6                           	psect	cinit,global,reloc=2,class=CODE,space=0,delta=1
     7                           	psect	dataCOMRAM,global,class=COMRAM,space=1,delta=1,lowdata,noexec
     8                           	psect	cstackCOMRAM,global,class=COMRAM,space=1,delta=1,lowdata,noexec
     9                           	psect	text0,global,reloc=2,class=CODE,space=0,delta=1
    10                           	psect	text1,global,reloc=2,class=CODE,space=0,delta=1
    11                           	psect	smallconst,global,reloc=2,class=SMALLCONST,space=0,delta=1,noexec
    12                           	psect	intsave_regs,global,class=BIGRAM,space=1,delta=1,noexec
    13                           	psect	rparam,global,class=COMRAM,space=1,delta=1,noexec
    14                           	psect	idloc,global,abs,ovrld,class=IDLOC,space=5,delta=1,noexec
    15                           	psect	config,global,abs,ovrld,class=CONFIG,space=4,delta=1,noexec
    16   000000                     
    17                           ; Version 2.40
    18                           ; Generated 17/11/2021 GMT
    19                           ; 
    20                           ; Copyright © 2021, Microchip Technology Inc. and its subsidiaries ("Microchip")
    21                           ; All rights reserved.
    22                           ; 
    23                           ; This software is developed by Microchip Technology Inc. and its subsidiaries ("Microch
      +                          ip").
    24                           ; 
    25                           ; Redistribution and use in source and binary forms, with or without modification, are
    26                           ; permitted provided that the following conditions are met:
    27                           ; 
    28                           ;     1. Redistributions of source code must retain the above copyright notice, this lis
      +                          t of
    29                           ;        conditions and the following disclaimer.
    30                           ; 
    31                           ;     2. Redistributions in binary form must reproduce the above copyright notice, this 
      +                          list
    32                           ;        of conditions and the following disclaimer in the documentation and/or other
    33                           ;        materials provided with the distribution. Publication is not required when
    34                           ;        this file is used in an embedded application.
    35                           ; 
    36                           ;     3. Microchip's name may not be used to endorse or promote products derived from th
      +                          is
    37                           ;        software without specific prior written permission.
    38                           ; 
    39                           ; THIS SOFTWARE IS PROVIDED BY MICROCHIP "AS IS" AND ANY EXPRESS OR IMPLIED WARRANTIES,
    40                           ; INCLUDING, BUT NOT LIMITED TO, THE IMPLIED WARRANTIES OF MERCHANTABILITY AND FITNESS F
      +                          OR
    41                           ; PURPOSE ARE DISCLAIMED.  IN NO EVENT SHALL MICROCHIP BE LIABLE FOR ANY DIRECT, INDIREC
      +                          T,
    42                           ; INCIDENTAL, SPECIAL, EXEMPLARY, OR CONSEQUENTIAL DAMAGES (INCLUDING BUT NOT LIMITED TO
    43                           ; PROCUREMENT OF SUBSTITUTE GOODS OR SERVICES; LOSS OF USE, DATA OR PROFITS; OR BUSINESS
    44                           ; INTERRUPTION) HOWSOEVER CAUSED AND ON ANY THEORY OF LIABILITY, WHETHER IN CONTRACT, ST
      +                          RICT
    45                           ; LIABILITY, OR TORT (INCLUDING NEGLIGENCE OR OTHERWISE) ARISING IN ANY WAY OUT OF THE U
      +                          SE OF
    46                           ; THIS SOFTWARE, EVEN IF ADVISED OF THE POSSIBILITY OF SUCH DAMAGE.
    47                           ; 
    48                           ; 
    49                           ; Code-generator required, PIC18F4580 Definitions
    50                           ; 
    51                           ; SFR Addresses
    52   000FE0                     bsr             equ	4064
    53   000FE9                     fsr0            equ	4073
    54   000FEA                     fsr0h           equ	4074
    55   000FE9                     fsr0l           equ	4073
    56   000FE1                     fsr1            equ	4065
    57   000FE2                     fsr1h           equ	4066
    58   000FE1                     fsr1l           equ	4065
    59   000FD9                     fsr2            equ	4057
    60   000FDA                     fsr2h           equ	4058
    61   000FD9                     fsr2l           equ	4057
    62   000FEF                     indf0           equ	4079
    63   000FE7                     indf1           equ	4071
    64   000FDF                     indf2           equ	4063
    65   000FF2                     intcon          equ	4082
    66   000000                     nvmcon          equ	0
    67   000FF9                     pcl             equ	4089
    68   000FFA                     pclath          equ	4090
    69   000FFB                     pclatu          equ	4091
    70   000FEB                     plusw0          equ	4075
    71   000FE3                     plusw1          equ	4067
    72   000FDB                     plusw2          equ	4059
    73   000FED                     postdec0        equ	4077
    74   000FE5                     postdec1        equ	4069
    75   000FDD                     postdec2        equ	4061
    76   000FEE                     postinc0        equ	4078
    77   000FE6                     postinc1        equ	4070
    78   000FDE                     postinc2        equ	4062
    79   000FEC                     preinc0         equ	4076
    80   000FE4                     preinc1         equ	4068
    81   000FDC                     preinc2         equ	4060
    82   000FF3                     prod            equ	4083
    83   000FF4                     prodh           equ	4084
    84   000FF3                     prodl           equ	4083
    85   000FD8                     status          equ	4056
    86   000FF5                     tablat          equ	4085
    87   000FF6                     tblptr          equ	4086
    88   000FF7                     tblptrh         equ	4087
    89   000FF6                     tblptrl         equ	4086
    90   000FF8                     tblptru         equ	4088
    91   000FFD                     tosl            equ	4093
    92   000FE8                     wreg            equ	4072
    93   000D60                     RXF6SIDH        equ	3424	;# 
    94   000D61                     RXF6SIDL        equ	3425	;# 
    95   000D62                     RXF6EIDH        equ	3426	;# 
    96   000D63                     RXF6EIDL        equ	3427	;# 
    97   000D64                     RXF7SIDH        equ	3428	;# 
    98   000D65                     RXF7SIDL        equ	3429	;# 
    99   000D66                     RXF7EIDH        equ	3430	;# 
   100   000D67                     RXF7EIDL        equ	3431	;# 
   101   000D68                     RXF8SIDH        equ	3432	;# 
   102   000D69                     RXF8SIDL        equ	3433	;# 
   103   000D6A                     RXF8EIDH        equ	3434	;# 
   104   000D6B                     RXF8EIDL        equ	3435	;# 
   105   000D70                     RXF9SIDH        equ	3440	;# 
   106   000D71                     RXF9SIDL        equ	3441	;# 
   107   000D72                     RXF9EIDH        equ	3442	;# 
   108   000D73                     RXF9EIDL        equ	3443	;# 
   109   000D74                     RXF10SIDH       equ	3444	;# 
   110   000D75                     RXF10SIDL       equ	3445	;# 
   111   000D76                     RXF10EIDH       equ	3446	;# 
   112   000D77                     RXF10EIDL       equ	3447	;# 
   113   000D78                     RXF11SIDH       equ	3448	;# 
   114   000D79                     RXF11SIDL       equ	3449	;# 
   115   000D7A                     RXF11EIDH       equ	3450	;# 
   116   000D7B                     RXF11EIDL       equ	3451	;# 
   117   000D80                     RXF12SIDH       equ	3456	;# 
   118   000D81                     RXF12SIDL       equ	3457	;# 
   119   000D82                     RXF12EIDH       equ	3458	;# 
   120   000D83                     RXF12EIDL       equ	3459	;# 
   121   000D84                     RXF13SIDH       equ	3460	;# 
   122   000D85                     RXF13SIDL       equ	3461	;# 
   123   000D86                     RXF13EIDH       equ	3462	;# 
   124   000D87                     RXF13EIDL       equ	3463	;# 
   125   000D88                     RXF14SIDH       equ	3464	;# 
   126   000D89                     RXF14SIDL       equ	3465	;# 
   127   000D8A                     RXF14EIDH       equ	3466	;# 
   128   000D8B                     RXF14EIDL       equ	3467	;# 
   129   000D90                     RXF15SIDH       equ	3472	;# 
   130   000D91                     RXF15SIDL       equ	3473	;# 
   131   000D92                     RXF15EIDH       equ	3474	;# 
   132   000D93                     RXF15EIDL       equ	3475	;# 
   133   000DD4                     RXFCON0         equ	3540	;# 
   134   000DD5                     RXFCON1         equ	3541	;# 
   135   000DD8                     SDFLC           equ	3544	;# 
   136   000DE0                     RXFBCON0        equ	3552	;# 
   137   000DE1                     RXFBCON1        equ	3553	;# 
   138   000DE2                     RXFBCON2        equ	3554	;# 
   139   000DE3                     RXFBCON3        equ	3555	;# 
   140   000DE4                     RXFBCON4        equ	3556	;# 
   141   000DE5                     RXFBCON5        equ	3557	;# 
   142   000DE6                     RXFBCON6        equ	3558	;# 
   143   000DE7                     RXFBCON7        equ	3559	;# 
   144   000DF0                     MSEL0           equ	3568	;# 
   145   000DF1                     MSEL1           equ	3569	;# 
   146   000DF2                     MSEL2           equ	3570	;# 
   147   000DF3                     MSEL3           equ	3571	;# 
   148   000DF8                     BSEL0           equ	3576	;# 
   149   000DFA                     BIE0            equ	3578	;# 
   150   000DFC                     TXBIE           equ	3580	;# 
   151   000E20                     B0CON           equ	3616	;# 
   152   000E21                     B0SIDH          equ	3617	;# 
   153   000E22                     B0SIDL          equ	3618	;# 
   154   000E23                     B0EIDH          equ	3619	;# 
   155   000E24                     B0EIDL          equ	3620	;# 
   156   000E25                     B0DLC           equ	3621	;# 
   157   000E26                     B0D0            equ	3622	;# 
   158   000E27                     B0D1            equ	3623	;# 
   159   000E28                     B0D2            equ	3624	;# 
   160   000E29                     B0D3            equ	3625	;# 
   161   000E2A                     B0D4            equ	3626	;# 
   162   000E2B                     B0D5            equ	3627	;# 
   163   000E2C                     B0D6            equ	3628	;# 
   164   000E2D                     B0D7            equ	3629	;# 
   165   000E2E                     CANSTAT_RO9     equ	3630	;# 
   166   000E2F                     CANCON_RO9      equ	3631	;# 
   167   000E30                     B1CON           equ	3632	;# 
   168   000E31                     B1SIDH          equ	3633	;# 
   169   000E32                     B1SIDL          equ	3634	;# 
   170   000E33                     B1EIDH          equ	3635	;# 
   171   000E34                     B1EIDL          equ	3636	;# 
   172   000E35                     B1DLC           equ	3637	;# 
   173   000E36                     B1D0            equ	3638	;# 
   174   000E37                     B1D1            equ	3639	;# 
   175   000E38                     B1D2            equ	3640	;# 
   176   000E39                     B1D3            equ	3641	;# 
   177   000E3A                     B1D4            equ	3642	;# 
   178   000E3B                     B1D5            equ	3643	;# 
   179   000E3C                     B1D6            equ	3644	;# 
   180   000E3D                     B1D7            equ	3645	;# 
   181   000E3E                     CANSTAT_RO8     equ	3646	;# 
   182   000E3F                     CANCON_RO8      equ	3647	;# 
   183   000E40                     B2CON           equ	3648	;# 
   184   000E41                     B2SIDH          equ	3649	;# 
   185   000E42                     B2SIDL          equ	3650	;# 
   186   000E43                     B2EIDH          equ	3651	;# 
   187   000E44                     B2EIDL          equ	3652	;# 
   188   000E45                     B2DLC           equ	3653	;# 
   189   000E46                     B2D0            equ	3654	;# 
   190   000E47                     B2D1            equ	3655	;# 
   191   000E48                     B2D2            equ	3656	;# 
   192   000E49                     B2D3            equ	3657	;# 
   193   000E4A                     B2D4            equ	3658	;# 
   194   000E4B                     B2D5            equ	3659	;# 
   195   000E4C                     B2D6            equ	3660	;# 
   196   000E4D                     B2D7            equ	3661	;# 
   197   000E4E                     CANSTAT_RO7     equ	3662	;# 
   198   000E4F                     CANCON_RO7      equ	3663	;# 
   199   000E50                     B3CON           equ	3664	;# 
   200   000E51                     B3SIDH          equ	3665	;# 
   201   000E52                     B3SIDL          equ	3666	;# 
   202   000E53                     B3EIDH          equ	3667	;# 
   203   000E54                     B3EIDL          equ	3668	;# 
   204   000E55                     B3DLC           equ	3669	;# 
   205   000E56                     B3D0            equ	3670	;# 
   206   000E57                     B3D1            equ	3671	;# 
   207   000E58                     B3D2            equ	3672	;# 
   208   000E59                     B3D3            equ	3673	;# 
   209   000E5A                     B3D4            equ	3674	;# 
   210   000E5B                     B3D5            equ	3675	;# 
   211   000E5C                     B3D6            equ	3676	;# 
   212   000E5D                     B3D7            equ	3677	;# 
   213   000E5E                     CANSTAT_RO6     equ	3678	;# 
   214   000E5F                     CANCON_RO6      equ	3679	;# 
   215   000E60                     B4CON           equ	3680	;# 
   216   000E61                     B4SIDH          equ	3681	;# 
   217   000E62                     B4SIDL          equ	3682	;# 
   218   000E63                     B4EIDH          equ	3683	;# 
   219   000E64                     B4EIDL          equ	3684	;# 
   220   000E65                     B4DLC           equ	3685	;# 
   221   000E66                     B4D0            equ	3686	;# 
   222   000E67                     B4D1            equ	3687	;# 
   223   000E68                     B4D2            equ	3688	;# 
   224   000E69                     B4D3            equ	3689	;# 
   225   000E6A                     B4D4            equ	3690	;# 
   226   000E6B                     B4D5            equ	3691	;# 
   227   000E6C                     B4D6            equ	3692	;# 
   228   000E6D                     B4D7            equ	3693	;# 
   229   000E6E                     CANSTAT_RO5     equ	3694	;# 
   230   000E6F                     CANCON_RO5      equ	3695	;# 
   231   000E70                     B5CON           equ	3696	;# 
   232   000E71                     B5SIDH          equ	3697	;# 
   233   000E72                     B5SIDL          equ	3698	;# 
   234   000E73                     B5EIDH          equ	3699	;# 
   235   000E74                     B5EIDL          equ	3700	;# 
   236   000E75                     B5DLC           equ	3701	;# 
   237   000E76                     B5D0            equ	3702	;# 
   238   000E77                     B5D1            equ	3703	;# 
   239   000E78                     B5D2            equ	3704	;# 
   240   000E79                     B5D3            equ	3705	;# 
   241   000E7A                     B5D4            equ	3706	;# 
   242   000E7B                     B5D5            equ	3707	;# 
   243   000E7C                     B5D6            equ	3708	;# 
   244   000E7D                     B5D7            equ	3709	;# 
   245   000E7E                     CANSTAT_RO4     equ	3710	;# 
   246   000E7F                     CANCON_RO4      equ	3711	;# 
   247   000F00                     RXF0SIDH        equ	3840	;# 
   248   000F01                     RXF0SIDL        equ	3841	;# 
   249   000F02                     RXF0EIDH        equ	3842	;# 
   250   000F03                     RXF0EIDL        equ	3843	;# 
   251   000F04                     RXF1SIDH        equ	3844	;# 
   252   000F05                     RXF1SIDL        equ	3845	;# 
   253   000F06                     RXF1EIDH        equ	3846	;# 
   254   000F07                     RXF1EIDL        equ	3847	;# 
   255   000F08                     RXF2SIDH        equ	3848	;# 
   256   000F09                     RXF2SIDL        equ	3849	;# 
   257   000F0A                     RXF2EIDH        equ	3850	;# 
   258   000F0B                     RXF2EIDL        equ	3851	;# 
   259   000F0C                     RXF3SIDH        equ	3852	;# 
   260   000F0D                     RXF3SIDL        equ	3853	;# 
   261   000F0E                     RXF3EIDH        equ	3854	;# 
   262   000F0F                     RXF3EIDL        equ	3855	;# 
   263   000F10                     RXF4SIDH        equ	3856	;# 
   264   000F11                     RXF4SIDL        equ	3857	;# 
   265   000F12                     RXF4EIDH        equ	3858	;# 
   266   000F13                     RXF4EIDL        equ	3859	;# 
   267   000F14                     RXF5SIDH        equ	3860	;# 
   268   000F15                     RXF5SIDL        equ	3861	;# 
   269   000F16                     RXF5EIDH        equ	3862	;# 
   270   000F17                     RXF5EIDL        equ	3863	;# 
   271   000F18                     RXM0SIDH        equ	3864	;# 
   272   000F19                     RXM0SIDL        equ	3865	;# 
   273   000F1A                     RXM0EIDH        equ	3866	;# 
   274   000F1B                     RXM0EIDL        equ	3867	;# 
   275   000F1C                     RXM1SIDH        equ	3868	;# 
   276   000F1D                     RXM1SIDL        equ	3869	;# 
   277   000F1E                     RXM1EIDH        equ	3870	;# 
   278   000F1F                     RXM1EIDL        equ	3871	;# 
   279   000F20                     TXB2CON         equ	3872	;# 
   280   000F21                     TXB2SIDH        equ	3873	;# 
   281   000F22                     TXB2SIDL        equ	3874	;# 
   282   000F23                     TXB2EIDH        equ	3875	;# 
   283   000F24                     TXB2EIDL        equ	3876	;# 
   284   000F25                     TXB2DLC         equ	3877	;# 
   285   000F26                     TXB2D0          equ	3878	;# 
   286   000F27                     TXB2D1          equ	3879	;# 
   287   000F28                     TXB2D2          equ	3880	;# 
   288   000F29                     TXB2D3          equ	3881	;# 
   289   000F2A                     TXB2D4          equ	3882	;# 
   290   000F2B                     TXB2D5          equ	3883	;# 
   291   000F2C                     TXB2D6          equ	3884	;# 
   292   000F2D                     TXB2D7          equ	3885	;# 
   293   000F2E                     CANSTAT_RO3     equ	3886	;# 
   294   000F2F                     CANCON_RO3      equ	3887	;# 
   295   000F30                     TXB1CON         equ	3888	;# 
   296   000F31                     TXB1SIDH        equ	3889	;# 
   297   000F32                     TXB1SIDL        equ	3890	;# 
   298   000F33                     TXB1EIDH        equ	3891	;# 
   299   000F34                     TXB1EIDL        equ	3892	;# 
   300   000F35                     TXB1DLC         equ	3893	;# 
   301   000F36                     TXB1D0          equ	3894	;# 
   302   000F37                     TXB1D1          equ	3895	;# 
   303   000F38                     TXB1D2          equ	3896	;# 
   304   000F39                     TXB1D3          equ	3897	;# 
   305   000F3A                     TXB1D4          equ	3898	;# 
   306   000F3B                     TXB1D5          equ	3899	;# 
   307   000F3C                     TXB1D6          equ	3900	;# 
   308   000F3D                     TXB1D7          equ	3901	;# 
   309   000F3E                     CANSTAT_RO2     equ	3902	;# 
   310   000F3F                     CANCON_RO2      equ	3903	;# 
   311   000F40                     TXB0CON         equ	3904	;# 
   312   000F41                     TXB0SIDH        equ	3905	;# 
   313   000F42                     TXB0SIDL        equ	3906	;# 
   314   000F43                     TXB0EIDH        equ	3907	;# 
   315   000F44                     TXB0EIDL        equ	3908	;# 
   316   000F45                     TXB0DLC         equ	3909	;# 
   317   000F46                     TXB0D0          equ	3910	;# 
   318   000F47                     TXB0D1          equ	3911	;# 
   319   000F48                     TXB0D2          equ	3912	;# 
   320   000F49                     TXB0D3          equ	3913	;# 
   321   000F4A                     TXB0D4          equ	3914	;# 
   322   000F4B                     TXB0D5          equ	3915	;# 
   323   000F4C                     TXB0D6          equ	3916	;# 
   324   000F4D                     TXB0D7          equ	3917	;# 
   325   000F4E                     CANSTAT_RO1     equ	3918	;# 
   326   000F4F                     CANCON_RO1      equ	3919	;# 
   327   000F50                     RXB1CON         equ	3920	;# 
   328   000F51                     RXB1SIDH        equ	3921	;# 
   329   000F52                     RXB1SIDL        equ	3922	;# 
   330   000F53                     RXB1EIDH        equ	3923	;# 
   331   000F54                     RXB1EIDL        equ	3924	;# 
   332   000F55                     RXB1DLC         equ	3925	;# 
   333   000F56                     RXB1D0          equ	3926	;# 
   334   000F57                     RXB1D1          equ	3927	;# 
   335   000F58                     RXB1D2          equ	3928	;# 
   336   000F59                     RXB1D3          equ	3929	;# 
   337   000F5A                     RXB1D4          equ	3930	;# 
   338   000F5B                     RXB1D5          equ	3931	;# 
   339   000F5C                     RXB1D6          equ	3932	;# 
   340   000F5D                     RXB1D7          equ	3933	;# 
   341   000F5E                     CANSTAT_RO0     equ	3934	;# 
   342   000F5F                     CANCON_RO0      equ	3935	;# 
   343   000F60                     RXB0CON         equ	3936	;# 
   344   000F61                     RXB0SIDH        equ	3937	;# 
   345   000F62                     RXB0SIDL        equ	3938	;# 
   346   000F63                     RXB0EIDH        equ	3939	;# 
   347   000F64                     RXB0EIDL        equ	3940	;# 
   348   000F65                     RXB0DLC         equ	3941	;# 
   349   000F66                     RXB0D0          equ	3942	;# 
   350   000F67                     RXB0D1          equ	3943	;# 
   351   000F68                     RXB0D2          equ	3944	;# 
   352   000F69                     RXB0D3          equ	3945	;# 
   353   000F6A                     RXB0D4          equ	3946	;# 
   354   000F6B                     RXB0D5          equ	3947	;# 
   355   000F6C                     RXB0D6          equ	3948	;# 
   356   000F6D                     RXB0D7          equ	3949	;# 
   357   000F6E                     CANSTAT         equ	3950	;# 
   358   000F6F                     CANCON          equ	3951	;# 
   359   000F70                     BRGCON1         equ	3952	;# 
   360   000F71                     BRGCON2         equ	3953	;# 
   361   000F72                     BRGCON3         equ	3954	;# 
   362   000F73                     CIOCON          equ	3955	;# 
   363   000F74                     COMSTAT         equ	3956	;# 
   364   000F75                     RXERRCNT        equ	3957	;# 
   365   000F76                     TXERRCNT        equ	3958	;# 
   366   000F77                     ECANCON         equ	3959	;# 
   367   000F80                     PORTA           equ	3968	;# 
   368   000F81                     PORTB           equ	3969	;# 
   369   000F82                     PORTC           equ	3970	;# 
   370   000F83                     PORTD           equ	3971	;# 
   371   000F84                     PORTE           equ	3972	;# 
   372   000F89                     LATA            equ	3977	;# 
   373   000F8A                     LATB            equ	3978	;# 
   374   000F8B                     LATC            equ	3979	;# 
   375   000F8C                     LATD            equ	3980	;# 
   376   000F8D                     LATE            equ	3981	;# 
   377   000F92                     TRISA           equ	3986	;# 
   378   000F92                     DDRA            equ	3986	;# 
   379   000F93                     TRISB           equ	3987	;# 
   380   000F93                     DDRB            equ	3987	;# 
   381   000F94                     TRISC           equ	3988	;# 
   382   000F94                     DDRC            equ	3988	;# 
   383   000F95                     TRISD           equ	3989	;# 
   384   000F95                     DDRD            equ	3989	;# 
   385   000F96                     TRISE           equ	3990	;# 
   386   000F96                     DDRE            equ	3990	;# 
   387   000F9B                     OSCTUNE         equ	3995	;# 
   388   000F9D                     PIE1            equ	3997	;# 
   389   000F9E                     PIR1            equ	3998	;# 
   390   000F9F                     IPR1            equ	3999	;# 
   391   000FA0                     PIE2            equ	4000	;# 
   392   000FA1                     PIR2            equ	4001	;# 
   393   000FA2                     IPR2            equ	4002	;# 
   394   000FA3                     PIE3            equ	4003	;# 
   395   000FA4                     PIR3            equ	4004	;# 
   396   000FA5                     IPR3            equ	4005	;# 
   397   000FA6                     EECON1          equ	4006	;# 
   398   000FA7                     EECON2          equ	4007	;# 
   399   000FA8                     EEDATA          equ	4008	;# 
   400   000FA9                     EEADR           equ	4009	;# 
   401   000FAB                     RCSTA           equ	4011	;# 
   402   000FAB                     RCSTA1          equ	4011	;# 
   403   000FAC                     TXSTA           equ	4012	;# 
   404   000FAC                     TXSTA1          equ	4012	;# 
   405   000FAD                     TXREG           equ	4013	;# 
   406   000FAD                     TXREG1          equ	4013	;# 
   407   000FAE                     RCREG           equ	4014	;# 
   408   000FAE                     RCREG1          equ	4014	;# 
   409   000FAF                     SPBRG           equ	4015	;# 
   410   000FAF                     SPBRG1          equ	4015	;# 
   411   000FB0                     SPBRGH          equ	4016	;# 
   412   000FB1                     T3CON           equ	4017	;# 
   413   000FB2                     TMR3            equ	4018	;# 
   414   000FB2                     TMR3L           equ	4018	;# 
   415   000FB3                     TMR3H           equ	4019	;# 
   416   000FB4                     CMCON           equ	4020	;# 
   417   000FB5                     CVRCON          equ	4021	;# 
   418   000FB6                     ECCP1AS         equ	4022	;# 
   419   000FB7                     ECCP1DEL        equ	4023	;# 
   420   000FB8                     BAUDCON         equ	4024	;# 
   421   000FB8                     BAUDCTL         equ	4024	;# 
   422   000FBA                     ECCP1CON        equ	4026	;# 
   423   000FBB                     ECCPR1          equ	4027	;# 
   424   000FBB                     ECCPR1L         equ	4027	;# 
   425   000FBC                     ECCPR1H         equ	4028	;# 
   426   000FBD                     CCP1CON         equ	4029	;# 
   427   000FBE                     CCPR1           equ	4030	;# 
   428   000FBE                     CCPR1L          equ	4030	;# 
   429   000FBF                     CCPR1H          equ	4031	;# 
   430   000FC0                     ADCON2          equ	4032	;# 
   431   000FC1                     ADCON1          equ	4033	;# 
   432   000FC2                     ADCON0          equ	4034	;# 
   433   000FC3                     ADRES           equ	4035	;# 
   434   000FC3                     ADRESL          equ	4035	;# 
   435   000FC4                     ADRESH          equ	4036	;# 
   436   000FC5                     SSPCON2         equ	4037	;# 
   437   000FC6                     SSPCON1         equ	4038	;# 
   438   000FC7                     SSPSTAT         equ	4039	;# 
   439   000FC8                     SSPADD          equ	4040	;# 
   440   000FC9                     SSPBUF          equ	4041	;# 
   441   000FCA                     T2CON           equ	4042	;# 
   442   000FCB                     PR2             equ	4043	;# 
   443   000FCB                     MEMCON          equ	4043	;# 
   444   000FCC                     TMR2            equ	4044	;# 
   445   000FCD                     T1CON           equ	4045	;# 
   446   000FCE                     TMR1            equ	4046	;# 
   447   000FCE                     TMR1L           equ	4046	;# 
   448   000FCF                     TMR1H           equ	4047	;# 
   449   000FD0                     RCON            equ	4048	;# 
   450   000FD1                     WDTCON          equ	4049	;# 
   451   000FD2                     HLVDCON         equ	4050	;# 
   452   000FD2                     LVDCON          equ	4050	;# 
   453   000FD3                     OSCCON          equ	4051	;# 
   454   000FD5                     T0CON           equ	4053	;# 
   455   000FD6                     TMR0            equ	4054	;# 
   456   000FD6                     TMR0L           equ	4054	;# 
   457   000FD7                     TMR0H           equ	4055	;# 
   458   000FD8                     STATUS          equ	4056	;# 
   459   000FD9                     FSR2            equ	4057	;# 
   460   000FD9                     FSR2L           equ	4057	;# 
   461   000FDA                     FSR2H           equ	4058	;# 
   462   000FDB                     PLUSW2          equ	4059	;# 
   463   000FDC                     PREINC2         equ	4060	;# 
   464   000FDD                     POSTDEC2        equ	4061	;# 
   465   000FDE                     POSTINC2        equ	4062	;# 
   466   000FDF                     INDF2           equ	4063	;# 
   467   000FE0                     BSR             equ	4064	;# 
   468   000FE1                     FSR1            equ	4065	;# 
   469   000FE1                     FSR1L           equ	4065	;# 
   470   000FE2                     FSR1H           equ	4066	;# 
   471   000FE3                     PLUSW1          equ	4067	;# 
   472   000FE4                     PREINC1         equ	4068	;# 
   473   000FE5                     POSTDEC1        equ	4069	;# 
   474   000FE6                     POSTINC1        equ	4070	;# 
   475   000FE7                     INDF1           equ	4071	;# 
   476   000FE8                     WREG            equ	4072	;# 
   477   000FE9                     FSR0            equ	4073	;# 
   478   000FE9                     FSR0L           equ	4073	;# 
   479   000FEA                     FSR0H           equ	4074	;# 
   480   000FEB                     PLUSW0          equ	4075	;# 
   481   000FEC                     PREINC0         equ	4076	;# 
   482   000FED                     POSTDEC0        equ	4077	;# 
   483   000FEE                     POSTINC0        equ	4078	;# 
   484   000FEF                     INDF0           equ	4079	;# 
   485   000FF0                     INTCON3         equ	4080	;# 
   486   000FF1                     INTCON2         equ	4081	;# 
   487   000FF2                     INTCON          equ	4082	;# 
   488   000FF3                     PROD            equ	4083	;# 
   489   000FF3                     PRODL           equ	4083	;# 
   490   000FF4                     PRODH           equ	4084	;# 
   491   000FF5                     TABLAT          equ	4085	;# 
   492   000FF6                     TBLPTR          equ	4086	;# 
   493   000FF6                     TBLPTRL         equ	4086	;# 
   494   000FF7                     TBLPTRH         equ	4087	;# 
   495   000FF8                     TBLPTRU         equ	4088	;# 
   496   000FF9                     PCLAT           equ	4089	;# 
   497   000FF9                     PC              equ	4089	;# 
   498   000FF9                     PCL             equ	4089	;# 
   499   000FFA                     PCLATH          equ	4090	;# 
   500   000FFB                     PCLATU          equ	4091	;# 
   501   000FFC                     STKPTR          equ	4092	;# 
   502   000FFD                     TOS             equ	4093	;# 
   503   000FFD                     TOSL            equ	4093	;# 
   504   000FFE                     TOSH            equ	4094	;# 
   505   000FFF                     TOSU            equ	4095	;# 
   506                           
   507                           	psect	idataCOMRAM
   508   0006DA                     __pidataCOMRAM:
   509                           	callstack 0
   510                           
   511                           ;initializer for main@F10483
   512   0006DA  E7                 	db	231
   513   0006DB  21                 	db	33
   514   0006DC  CB                 	db	203
   515   0006DD  6B                 	db	107
   516   0006DE  2D                 	db	45
   517   0006DF  6E                 	db	110
   518   0006E0  EE                 	db	238
   519   0006E1  23                 	db	35
   520   0006E2  EF                 	db	239
   521   0006E3  6F                 	db	111
   522   000F83                     _PORTD          set	3971
   523   000F80                     _PORTA          set	3968
   524   000F92                     _TRISA          set	3986
   525   000F95                     _TRISD          set	3989
   526                           
   527                           ; #config settings
   528                           
   529                           	psect	cinit
   530   0006B4                     __pcinit:
   531                           	callstack 0
   532   0006B4                     start_initialization:
   533                           	callstack 0
   534   0006B4                     __initialization:
   535                           	callstack 0
   536                           
   537                           ; Initialize objects allocated to COMRAM (10 bytes)
   538                           ; load TBLPTR registers with __pidataCOMRAM
   539   0006B4  0EDA               	movlw	low __pidataCOMRAM
   540   0006B6  6EF6               	movwf	tblptrl,c
   541   0006B8  0E06               	movlw	high __pidataCOMRAM
   542   0006BA  6EF7               	movwf	tblptrh,c
   543   0006BC  0E00               	movlw	low (__pidataCOMRAM shr (0+16))
   544   0006BE  6EF8               	movwf	tblptru,c
   545   0006C0  EE00  F016         	lfsr	0,__pdataCOMRAM
   546   0006C4  EE10 F00A          	lfsr	1,10
   547   0006C8                     copy_data0:
   548   0006C8  0009               	tblrd		*+
   549   0006CA  CFF5 FFEE          	movff	tablat,postinc0
   550   0006CE  50E5               	movf	postdec1,w,c
   551   0006D0  50E1               	movf	fsr1l,w,c
   552   0006D2  E1FA               	bnz	copy_data0
   553   0006D4                     end_of_initialization:
   554                           	callstack 0
   555   0006D4                     __end_of__initialization:
   556                           	callstack 0
   557   0006D4  0100               	movlb	0
   558   0006D6  EF3C  F003         	goto	_main	;jump to C main() function
   559                           
   560                           	psect	dataCOMRAM
   561   000016                     __pdataCOMRAM:
   562                           	callstack 0
   563   000016                     main@F10483:
   564                           	callstack 0
   565   000016                     	ds	10
   566                           
   567                           	psect	cstackCOMRAM
   568   000001                     __pcstackCOMRAM:
   569                           	callstack 0
   570   000001                     display@ssd:
   571                           	callstack 0
   572                           
   573                           ; 1 bytes @ 0x0
   574   000001                     	ds	1
   575   000002                     ??_display:
   576                           
   577                           ; 1 bytes @ 0x1
   578   000002                     	ds	2
   579   000004                     display@delay:
   580                           	callstack 0
   581                           
   582                           ; 2 bytes @ 0x3
   583   000004                     	ds	2
   584   000006                     display@data:
   585                           	callstack 0
   586                           
   587                           ; 2 bytes @ 0x5
   588   000006                     	ds	2
   589   000008                     main@digit:
   590                           	callstack 0
   591   000008                     
   592                           ; 1 bytes @ 0x7
   593   000008                     	ds	10
   594   000012                     main@ssd:
   595                           	callstack 0
   596                           
   597                           ; 4 bytes @ 0x11
   598   000012                     	ds	4
   599                           
   600 ;;
   601 ;;Main: autosize = 0, tempsize = 0, incstack = 0, save=0
   602 ;;
   603 ;; *************** function _main *****************
   604 ;; Defined at:
   605 ;;		line 25 in file "main.c"
   606 ;; Parameters:    Size  Location     Type
   607 ;;		None
   608 ;; Auto vars:     Size  Location     Type
   609 ;;  digit          10    7[COMRAM] unsigned char [10]
   610 ;;  ssd             4   17[COMRAM] unsigned char [4]
   611 ;; Return value:  Size  Location     Type
   612 ;;                  1    wreg      void 
   613 ;; Registers used:
   614 ;;		wreg, fsr1l, fsr1h, fsr2l, fsr2h, status,2, status,0, cstack
   615 ;; Tracked objects:
   616 ;;		On entry : 0/0
   617 ;;		On exit  : 0/0
   618 ;;		Unchanged: 0/0
   619 ;; Data sizes:     COMRAM   BANK0   BANK1   BANK2   BANK3   BANK4   BANK5
   620 ;;      Params:         0       0       0       0       0       0       0
   621 ;;      Locals:        14       0       0       0       0       0       0
   622 ;;      Temps:          0       0       0       0       0       0       0
   623 ;;      Totals:        14       0       0       0       0       0       0
   624 ;;Total ram usage:       14 bytes
   625 ;; Hardware stack levels required when called: 1
   626 ;; This function calls:
   627 ;;		_display
   628 ;; This function is called by:
   629 ;;		Startup code after reset
   630 ;; This function uses a non-reentrant model
   631 ;;
   632                           
   633                           	psect	text0
   634   000678                     __ptext0:
   635                           	callstack 0
   636   000678                     _main:
   637                           	callstack 30
   638   000678                     
   639                           ;main.c: 27:     TRISD = 0x00;
   640   000678  6A95               	clrf	149,c	;volatile
   641   00067A                     
   642                           ;main.c: 28:     TRISA &= 0xF0;
   643   00067A  0EF0               	movlw	240
   644   00067C  1692               	andwf	146,f,c	;volatile
   645                           
   646                           ;main.c: 30:     PORTA &= 0xF0;
   647   00067E  0EF0               	movlw	240
   648   000680  1680               	andwf	128,f,c	;volatile
   649   000682                     
   650                           ;main.c: 32:     char digit[] = {0XE7, 0X21, 0XCB, 0X6B, 0X2D, 0X6E, 0XEE, 0X23, 0XEF, 0
      +                          X6F};
   651   000682  EE20  F016         	lfsr	2,main@F10483
   652   000686  EE10  F008         	lfsr	1,main@digit
   653   00068A  0E09               	movlw	9
   654   00068C                     u81:
   655   00068C  CFDB FFE3          	movff	plusw2,plusw1
   656   000690  06E8               	decf	wreg,f,c
   657   000692  E2FC               	bc	u81
   658   000694                     l872:
   659                           
   660                           ;main.c: 36:         ssd[0] = digit[0];
   661   000694  C008  F012         	movff	main@digit,main@ssd
   662   000698                     
   663                           ;main.c: 37:         ssd[1] = digit[1];
   664   000698  C009  F013         	movff	main@digit+1,main@ssd+1
   665   00069C                     
   666                           ;main.c: 38:         ssd[2] = digit[2];
   667   00069C  C00A  F014         	movff	main@digit+2,main@ssd+2
   668   0006A0                     
   669                           ;main.c: 39:         ssd[3] = digit[3];
   670   0006A0  C00B  F015         	movff	main@digit+3,main@ssd+3
   671   0006A4                     
   672                           ;main.c: 40:         display(ssd);
   673   0006A4  0E12               	movlw	low main@ssd
   674   0006A6  6E01               	movwf	display@ssd^0,c
   675   0006A8  EC01  F003         	call	_display	;wreg free
   676   0006AC  EF4A  F003         	goto	l872
   677   0006B0  EFFE  F017         	goto	start
   678   0006B4                     __end_of_main:
   679                           	callstack 0
   680                           
   681 ;; *************** function _display *****************
   682 ;; Defined at:
   683 ;;		line 45 in file "main.c"
   684 ;; Parameters:    Size  Location     Type
   685 ;;  ssd             1    0[COMRAM] PTR unsigned char 
   686 ;;		 -> main@ssd(4), 
   687 ;; Auto vars:     Size  Location     Type
   688 ;;  delay           2    3[COMRAM] int 
   689 ;;  data            2    5[COMRAM] int 
   690 ;; Return value:  Size  Location     Type
   691 ;;                  1    wreg      void 
   692 ;; Registers used:
   693 ;;		wreg, fsr2l, fsr2h, status,2, status,0
   694 ;; Tracked objects:
   695 ;;		On entry : 0/0
   696 ;;		On exit  : 0/0
   697 ;;		Unchanged: 0/0
   698 ;; Data sizes:     COMRAM   BANK0   BANK1   BANK2   BANK3   BANK4   BANK5
   699 ;;      Params:         1       0       0       0       0       0       0
   700 ;;      Locals:         4       0       0       0       0       0       0
   701 ;;      Temps:          2       0       0       0       0       0       0
   702 ;;      Totals:         7       0       0       0       0       0       0
   703 ;;Total ram usage:        7 bytes
   704 ;; Hardware stack levels used: 1
   705 ;; This function calls:
   706 ;;		Nothing
   707 ;; This function is called by:
   708 ;;		_main
   709 ;; This function uses a non-reentrant model
   710 ;;
   711                           
   712                           	psect	text1
   713   000602                     __ptext1:
   714                           	callstack 0
   715   000602                     _display:
   716                           	callstack 30
   717   000602                     
   718                           ;main.c: 46:     for (int data = 0; data < 4; data++) {
   719   000602  6A07               	clrf	(display@data+1)^0,c
   720   000604  0E00               	movlw	0
   721   000606  6E06               	movwf	display@data^0,c
   722   000608                     l854:
   723                           
   724                           ;main.c: 47:         PORTD = ssd[data];
   725   000608  5001               	movf	display@ssd^0,w,c
   726   00060A  2406               	addwf	display@data^0,w,c
   727   00060C  6ED9               	movwf	fsr2l,c
   728   00060E  6ADA               	clrf	fsr2h,c
   729   000610  50DF               	movf	indf2,w,c
   730   000612  6E83               	movwf	131,c	;volatile
   731   000614                     
   732                           ;main.c: 48:         PORTA = (PORTA & 0xF0) | (1 << data);
   733   000614  C006  F002         	movff	display@data,??_display
   734   000618  0E01               	movlw	1
   735   00061A  6E03               	movwf	(??_display+1)^0,c
   736   00061C  2A02               	incf	??_display^0,f,c
   737   00061E  EF13  F003         	goto	u54
   738   000622                     u55:
   739   000622  90D8               	bcf	status,0,c
   740   000624  3603               	rlcf	(??_display+1)^0,f,c
   741   000626                     u54:
   742   000626  2E02               	decfsz	??_display^0,f,c
   743   000628  EF11  F003         	goto	u55
   744   00062C  5080               	movf	128,w,c	;volatile
   745   00062E  0BF0               	andlw	240
   746   000630  1003               	iorwf	(??_display+1)^0,w,c
   747   000632  6E80               	movwf	128,c	;volatile
   748   000634                     
   749                           ;main.c: 49:         for (int delay = 1000; delay--;);
   750   000634  0E03               	movlw	3
   751   000636  6E05               	movwf	(display@delay+1)^0,c
   752   000638  0EE8               	movlw	232
   753   00063A  6E04               	movwf	display@delay^0,c
   754   00063C                     l860:
   755   00063C  0604               	decf	display@delay^0,f,c
   756   00063E  A0D8               	btfss	status,0,c
   757   000640  0605               	decf	(display@delay+1)^0,f,c
   758   000642  2804               	incf	display@delay^0,w,c
   759   000644  E106               	bnz	u61
   760   000646  2805               	incf	(display@delay+1)^0,w,c
   761   000648  A4D8               	btfss	status,2,c
   762   00064A  EF29  F003         	goto	u61
   763   00064E  EF2B  F003         	goto	u60
   764   000652                     u61:
   765   000652  EF1E  F003         	goto	l860
   766   000656                     u60:
   767   000656                     
   768                           ;main.c: 50:     }
   769   000656  4A06               	infsnz	display@data^0,f,c
   770   000658  2A07               	incf	(display@data+1)^0,f,c
   771   00065A  BE07               	btfsc	(display@data+1)^0,7,c
   772   00065C  EF39  F003         	goto	u71
   773   000660  5007               	movf	(display@data+1)^0,w,c
   774   000662  E109               	bnz	u70
   775   000664  0E04               	movlw	4
   776   000666  5C06               	subwf	display@data^0,w,c
   777   000668  A0D8               	btfss	status,0,c
   778   00066A  EF39  F003         	goto	u71
   779   00066E  EF3B  F003         	goto	u70
   780   000672                     u71:
   781   000672  EF04  F003         	goto	l854
   782   000676                     u70:
   783   000676  0012               	return		;funcret
   784   000678                     __end_of_display:
   785                           	callstack 0
   786                           
   787                           	psect	smallconst
   788   000600                     __psmallconst:
   789                           	callstack 0
   790   000600  00                 	db	0
   791   000601  00                 	db	0	; dummy byte at the end
   792   000600                     __smallconst    set	__psmallconst
   793   000600                     __mediumconst   set	__psmallconst
   794   000000                     __activetblptr  equ	0
   795                           
   796                           	psect	rparam
   797   000001                     ___rparam_used  equ	1
   798   000000                     ___param_bank   equ	0
   799   000000                     __Lparam        equ	__Lrparam
   800   000000                     __Hparam        equ	__Hrparam
   801                           
   802                           	psect	idloc
   803                           
   804                           ;Config register IDLOC0 @ 0x200000
   805                           ;	unspecified, using default values
   806   200000                     	org	2097152
   807   200000  FF                 	db	255
   808                           
   809                           ;Config register IDLOC1 @ 0x200001
   810                           ;	unspecified, using default values
   811   200001                     	org	2097153
   812   200001  FF                 	db	255
   813                           
   814                           ;Config register IDLOC2 @ 0x200002
   815                           ;	unspecified, using default values
   816   200002                     	org	2097154
   817   200002  FF                 	db	255
   818                           
   819                           ;Config register IDLOC3 @ 0x200003
   820                           ;	unspecified, using default values
   821   200003                     	org	2097155
   822   200003  FF                 	db	255
   823                           
   824                           ;Config register IDLOC4 @ 0x200004
   825                           ;	unspecified, using default values
   826   200004                     	org	2097156
   827   200004  FF                 	db	255
   828                           
   829                           ;Config register IDLOC5 @ 0x200005
   830                           ;	unspecified, using default values
   831   200005                     	org	2097157
   832   200005  FF                 	db	255
   833                           
   834                           ;Config register IDLOC6 @ 0x200006
   835                           ;	unspecified, using default values
   836   200006                     	org	2097158
   837   200006  FF                 	db	255
   838                           
   839                           ;Config register IDLOC7 @ 0x200007
   840                           ;	unspecified, using default values
   841   200007                     	org	2097159
   842   200007  FF                 	db	255
   843                           
   844                           	psect	config
   845                           
   846                           ; Padding undefined space
   847   300000                     	org	3145728
   848   300000  FF                 	db	255
   849                           
   850                           ;Config register CONFIG1H @ 0x300001
   851                           ;	unspecified, using default values
   852                           ;	Oscillator Selection bits
   853                           ;	OSC = 0x7, unprogrammed default
   854                           ;	Fail-Safe Clock Monitor Enable bit
   855                           ;	FCMEN = 0x0, unprogrammed default
   856                           ;	Internal/External Oscillator Switchover bit
   857                           ;	IESO = 0x0, unprogrammed default
   858   300001                     	org	3145729
   859   300001  07                 	db	7
   860                           
   861                           ;Config register CONFIG2L @ 0x300002
   862                           ;	unspecified, using default values
   863                           ;	Power-up Timer Enable bit
   864                           ;	PWRT = 0x1, unprogrammed default
   865                           ;	Brown-out Reset Enable bits
   866                           ;	BOREN = 0x3, unprogrammed default
   867                           ;	Brown-out Reset Voltage bits
   868                           ;	BORV = 0x3, unprogrammed default
   869   300002                     	org	3145730
   870   300002  1F                 	db	31
   871                           
   872                           ;Config register CONFIG2H @ 0x300003
   873                           ;	unspecified, using default values
   874                           ;	Watchdog Timer Enable bit
   875                           ;	WDT = 0x1, unprogrammed default
   876                           ;	Watchdog Timer Postscale Select bits
   877                           ;	WDTPS = 0xF, unprogrammed default
   878   300003                     	org	3145731
   879   300003  1F                 	db	31
   880                           
   881                           ; Padding undefined space
   882   300004                     	org	3145732
   883   300004  FF                 	db	255
   884                           
   885                           ;Config register CONFIG3H @ 0x300005
   886                           ;	unspecified, using default values
   887                           ;	PORTB A/D Enable bit
   888                           ;	PBADEN = 0x1, unprogrammed default
   889                           ;	Low-Power Timer 1 Oscillator Enable bit
   890                           ;	LPT1OSC = 0x0, unprogrammed default
   891                           ;	MCLR Pin Enable bit
   892                           ;	MCLRE = 0x1, unprogrammed default
   893   300005                     	org	3145733
   894   300005  82                 	db	130
   895                           
   896                           ;Config register CONFIG4L @ 0x300006
   897                           ;	unspecified, using default values
   898                           ;	Stack Full/Underflow Reset Enable bit
   899                           ;	STVREN = 0x1, unprogrammed default
   900                           ;	Single-Supply ICSP Enable bit
   901                           ;	LVP = 0x1, unprogrammed default
   902                           ;	Boot Block Size Select bit
   903                           ;	BBSIZ = 0x0, unprogrammed default
   904                           ;	Extended Instruction Set Enable bit
   905                           ;	XINST = 0x0, unprogrammed default
   906                           ;	Background Debugger Enable bit
   907                           ;	DEBUG = 0x1, unprogrammed default
   908   300006                     	org	3145734
   909   300006  85                 	db	133
   910                           
   911                           ; Padding undefined space
   912   300007                     	org	3145735
   913   300007  FF                 	db	255
   914                           
   915                           ;Config register CONFIG5L @ 0x300008
   916                           ;	unspecified, using default values
   917                           ;	Code Protection bit
   918                           ;	CP0 = 0x1, unprogrammed default
   919                           ;	Code Protection bit
   920                           ;	CP1 = 0x1, unprogrammed default
   921                           ;	Code Protection bit
   922                           ;	CP2 = 0x1, unprogrammed default
   923                           ;	Code Protection bit
   924                           ;	CP3 = 0x1, unprogrammed default
   925   300008                     	org	3145736
   926   300008  0F                 	db	15
   927                           
   928                           ;Config register CONFIG5H @ 0x300009
   929                           ;	unspecified, using default values
   930                           ;	Boot Block Code Protection bit
   931                           ;	CPB = 0x1, unprogrammed default
   932                           ;	Data EEPROM Code Protection bit
   933                           ;	CPD = 0x1, unprogrammed default
   934   300009                     	org	3145737
   935   300009  C0                 	db	192
   936                           
   937                           ;Config register CONFIG6L @ 0x30000A
   938                           ;	unspecified, using default values
   939                           ;	Write Protection bit
   940                           ;	WRT0 = 0x1, unprogrammed default
   941                           ;	Write Protection bit
   942                           ;	WRT1 = 0x1, unprogrammed default
   943                           ;	Write Protection bit
   944                           ;	WRT2 = 0x1, unprogrammed default
   945                           ;	Write Protection bit
   946                           ;	WRT3 = 0x1, unprogrammed default
   947   30000A                     	org	3145738
   948   30000A  0F                 	db	15
   949                           
   950                           ;Config register CONFIG6H @ 0x30000B
   951                           ;	unspecified, using default values
   952                           ;	Configuration Register Write Protection bit
   953                           ;	WRTC = 0x1, unprogrammed default
   954                           ;	Boot Block Write Protection bit
   955                           ;	WRTB = 0x1, unprogrammed default
   956                           ;	Data EEPROM Write Protection bit
   957                           ;	WRTD = 0x1, unprogrammed default
   958   30000B                     	org	3145739
   959   30000B  E0                 	db	224
   960                           
   961                           ;Config register CONFIG7L @ 0x30000C
   962                           ;	unspecified, using default values
   963                           ;	Table Read Protection bit
   964                           ;	EBTR0 = 0x1, unprogrammed default
   965                           ;	Table Read Protection bit
   966                           ;	EBTR1 = 0x1, unprogrammed default
   967                           ;	Table Read Protection bit
   968                           ;	EBTR2 = 0x1, unprogrammed default
   969                           ;	Table Read Protection bit
   970                           ;	EBTR3 = 0x1, unprogrammed default
   971   30000C                     	org	3145740
   972   30000C  0F                 	db	15
   973                           
   974                           ;Config register CONFIG7H @ 0x30000D
   975                           ;	unspecified, using default values
   976                           ;	Boot Block Table Read Protection bit
   977                           ;	EBTRB = 0x1, unprogrammed default
   978   30000D                     	org	3145741
   979   30000D  40                 	db	64
   980                           tosu	equ	0xFFF
   981                           tosh	equ	0xFFE
   982                           tosl	equ	0xFFD
   983                           stkptr	equ	0xFFC
   984                           pclatu	equ	0xFFB
   985                           pclath	equ	0xFFA
   986                           pcl	equ	0xFF9
   987                           tblptru	equ	0xFF8
   988                           tblptrh	equ	0xFF7
   989                           tblptrl	equ	0xFF6
   990                           tablat	equ	0xFF5
   991                           prodh	equ	0xFF4
   992                           prodl	equ	0xFF3
   993                           indf0	equ	0xFEF
   994                           postinc0	equ	0xFEE
   995                           postdec0	equ	0xFED
   996                           preinc0	equ	0xFEC
   997                           plusw0	equ	0xFEB
   998                           fsr0h	equ	0xFEA
   999                           fsr0l	equ	0xFE9
  1000                           wreg	equ	0xFE8
  1001                           indf1	equ	0xFE7
  1002                           postinc1	equ	0xFE6
  1003                           postdec1	equ	0xFE5
  1004                           preinc1	equ	0xFE4
  1005                           plusw1	equ	0xFE3
  1006                           fsr1h	equ	0xFE2
  1007                           fsr1l	equ	0xFE1
  1008                           bsr	equ	0xFE0
  1009                           indf2	equ	0xFDF
  1010                           postinc2	equ	0xFDE
  1011                           postdec2	equ	0xFDD
  1012                           preinc2	equ	0xFDC
  1013                           plusw2	equ	0xFDB
  1014                           fsr2h	equ	0xFDA
  1015                           fsr2l	equ	0xFD9
  1016                           status	equ	0xFD8

Data Sizes:
    Strings     0
    Constant    0
    Data        10
    BSS         0
    Persistent  0
    Stack       0

Auto Spaces:
    Space          Size  Autos    Used
    COMRAM           95     21      31
    BANK0           160      0       0
    BANK1           256      0       0
    BANK2           256      0       0
    BANK3           256      0       0
    BANK4           256      0       0
    BANK5           256      0       0

Pointer List with Targets:

    display@ssd	PTR unsigned char  size(1) Largest target is 4
		 -> main@ssd(COMRAM[4]), 


Critical Paths under _main in COMRAM

    _main->_display

Critical Paths under _main in BANK0

    None.

Critical Paths under _main in BANK1

    None.

Critical Paths under _main in BANK2

    None.

Critical Paths under _main in BANK3

    None.

Critical Paths under _main in BANK4

    None.

Critical Paths under _main in BANK5

    None.

Call Graph Tables:

 ---------------------------------------------------------------------------------
 (Depth) Function   	        Calls       Base Space   Used Autos Params    Refs
 ---------------------------------------------------------------------------------
 (0) _main                                                14    14      0     324
                                              7 COMRAM    14    14      0
                            _display
 ---------------------------------------------------------------------------------
 (1) _display                                              7     6      1     136
                                              0 COMRAM     7     6      1
 ---------------------------------------------------------------------------------
 Estimated maximum stack depth 1
 ---------------------------------------------------------------------------------

 Call Graph Graphs:

 _main (ROOT)
   _display

Address spaces:
Name               Size   Autos  Total    Usage
BIGRAM            1535      0       0      0.0%
BITBIGSFRl         640      0       0      0.0%
BITBANK5           256      0       0      0.0%
BANK5              256      0       0      0.0%
BITBANK4           256      0       0      0.0%
BANK4              256      0       0      0.0%
BITBANK3           256      0       0      0.0%
BANK3              256      0       0      0.0%
BITBANK2           256      0       0      0.0%
BANK2              256      0       0      0.0%
BITBANK1           256      0       0      0.0%
BANK1              256      0       0      0.0%
BITBANK0           160      0       0      0.0%
BANK0              160      0       0      0.0%
BITBIGSFRh         127      0       0      0.0%
BITCOMRAM           95      0       0      0.0%
COMRAM              95     21      31     32.6%
STACK                0      0       0      0.0%
DATA                 0      0      31      0.0%


Microchip Technology PIC18 Macro Assembler V3.10 build 20250813170317 
Symbol Table                                                                                   Tue Mar  3 17:58:39 2026

                     l28 0676                       u60 0656                       u61 0652  
                     u70 0676                       u54 0626                       u71 0672  
                     u55 0622                       u81 068C                      l860 063C  
                    l862 0656                      l854 0608                      l870 0682  
                    l864 065A                      l856 0614                      l848 0602  
                    l880 06A4                      l872 0694                      l858 0634  
                    l874 0698                      l866 0678                      l876 069C  
                    l868 067A                      l878 06A0                      wreg 0FE8  
            display@data 0006                     _main 0678                     fsr2h 0FDA  
                   indf2 0FDF                     fsr1l 0FE1                     fsr2l 0FD9  
                   start 2FFC             ___param_bank 0000                    ?_main 0001  
                  _PORTA 0F80                    _PORTD 0F83                    _TRISA 0F92  
                  _TRISD 0F95             display@delay 0004          __end_of_display 0678  
                  tablat 0FF5                    plusw1 0FE3                    plusw2 0FDB  
                  status 0FD8          __initialization 06B4             __end_of_main 06B4  
                 ??_main 0008            __activetblptr 0000                   isa$std 0001  
              ??_display 0002             __pdataCOMRAM 0016             __mediumconst 0600  
                 tblptrh 0FF7                   tblptrl 0FF6                   tblptru 0FF8  
             __accesstop 0060  __end_of__initialization 06D4            ___rparam_used 0001  
         __pcstackCOMRAM 0001                  __Hparam 0000                  __Lparam 0000  
           __psmallconst 0600                  __pcinit 06B4                  __ramtop 0600  
                __ptext0 0678                  __ptext1 0602                  _display 0602  
                main@ssd 0012     end_of_initialization 06D4                  postdec1 0FE5  
                postinc0 0FEE               main@F10483 0016               display@ssd 0001  
          __pidataCOMRAM 06DA      start_initialization 06B4                 ?_display 0001  
            __smallconst 0600                main@digit 0008                copy_data0 06C8  
               __Hrparam 0000                 __Lrparam 0000                 isa$xinst 0000  
