

Microchip MPLAB XC8 Assembler V3.10 build 20250813170317 
                                                                                               Fri Mar  6 15:43:44 2026

Microchip MPLAB XC8 C Compiler v3.10 (Free license) build 20250813170317 Og1 
     1                           	processor	18F4580
     2                           	fnconf	rparam,??,?,0
     3                           	pagewidth 120
     4                           	opt	flic
     5                           	psect	idataCOMRAM,global,class=CODE,space=0,delta=1,noexec
     6                           	psect	cinit,global,reloc=2,class=CODE,space=0,delta=1
     7                           	psect	dataCOMRAM,global,class=COMRAM,space=1,delta=1,lowdata,noexec
     8                           	psect	cstackCOMRAM,global,class=COMRAM,space=1,delta=1,lowdata,noexec
     9                           	psect	text0,global,reloc=2,class=CODE,space=0,delta=1
    10                           	psect	text1,global,reloc=2,class=CODE,space=0,delta=1
    11                           	psect	text2,global,reloc=2,class=CODE,space=0,delta=1,group=1
    12                           	psect	smallconst,global,reloc=2,class=SMALLCONST,space=0,delta=1,noexec
    13                           	psect	intsave_regs,global,class=BIGRAM,space=1,delta=1,noexec
    14                           	psect	rparam,global,class=COMRAM,space=1,delta=1,noexec
    15                           	psect	idloc,global,abs,ovrld,class=IDLOC,space=5,delta=1,noexec
    16                           	psect	config,global,abs,ovrld,class=CONFIG,space=4,delta=1,noexec
    17   000000                     
    18                           ; Version 2.40
    19                           ; Generated 17/11/2021 GMT
    20                           ; 
    21                           ; Copyright © 2021, Microchip Technology Inc. and its subsidiaries ("Microchip")
    22                           ; All rights reserved.
    23                           ; 
    24                           ; This software is developed by Microchip Technology Inc. and its subsidiaries ("Microch
      +                          ip").
    25                           ; 
    26                           ; Redistribution and use in source and binary forms, with or without modification, are
    27                           ; permitted provided that the following conditions are met:
    28                           ; 
    29                           ;     1. Redistributions of source code must retain the above copyright notice, this lis
      +                          t of
    30                           ;        conditions and the following disclaimer.
    31                           ; 
    32                           ;     2. Redistributions in binary form must reproduce the above copyright notice, this 
      +                          list
    33                           ;        of conditions and the following disclaimer in the documentation and/or other
    34                           ;        materials provided with the distribution. Publication is not required when
    35                           ;        this file is used in an embedded application.
    36                           ; 
    37                           ;     3. Microchip's name may not be used to endorse or promote products derived from th
      +                          is
    38                           ;        software without specific prior written permission.
    39                           ; 
    40                           ; THIS SOFTWARE IS PROVIDED BY MICROCHIP "AS IS" AND ANY EXPRESS OR IMPLIED WARRANTIES,
    41                           ; INCLUDING, BUT NOT LIMITED TO, THE IMPLIED WARRANTIES OF MERCHANTABILITY AND FITNESS F
      +                          OR
    42                           ; PURPOSE ARE DISCLAIMED.  IN NO EVENT SHALL MICROCHIP BE LIABLE FOR ANY DIRECT, INDIREC
      +                          T,
    43                           ; INCIDENTAL, SPECIAL, EXEMPLARY, OR CONSEQUENTIAL DAMAGES (INCLUDING BUT NOT LIMITED TO
    44                           ; PROCUREMENT OF SUBSTITUTE GOODS OR SERVICES; LOSS OF USE, DATA OR PROFITS; OR BUSINESS
    45                           ; INTERRUPTION) HOWSOEVER CAUSED AND ON ANY THEORY OF LIABILITY, WHETHER IN CONTRACT, ST
      +                          RICT
    46                           ; LIABILITY, OR TORT (INCLUDING NEGLIGENCE OR OTHERWISE) ARISING IN ANY WAY OUT OF THE U
      +                          SE OF
    47                           ; THIS SOFTWARE, EVEN IF ADVISED OF THE POSSIBILITY OF SUCH DAMAGE.
    48                           ; 
    49                           ; 
    50                           ; Code-generator required, PIC18F4580 Definitions
    51                           ; 
    52                           ; SFR Addresses
    53   000FE0                     bsr             equ	4064
    54   000FE9                     fsr0            equ	4073
    55   000FEA                     fsr0h           equ	4074
    56   000FE9                     fsr0l           equ	4073
    57   000FE1                     fsr1            equ	4065
    58   000FE2                     fsr1h           equ	4066
    59   000FE1                     fsr1l           equ	4065
    60   000FD9                     fsr2            equ	4057
    61   000FDA                     fsr2h           equ	4058
    62   000FD9                     fsr2l           equ	4057
    63   000FEF                     indf0           equ	4079
    64   000FE7                     indf1           equ	4071
    65   000FDF                     indf2           equ	4063
    66   000FF2                     intcon          equ	4082
    67   000000                     nvmcon          equ	0
    68   000FF9                     pcl             equ	4089
    69   000FFA                     pclath          equ	4090
    70   000FFB                     pclatu          equ	4091
    71   000FEB                     plusw0          equ	4075
    72   000FE3                     plusw1          equ	4067
    73   000FDB                     plusw2          equ	4059
    74   000FED                     postdec0        equ	4077
    75   000FE5                     postdec1        equ	4069
    76   000FDD                     postdec2        equ	4061
    77   000FEE                     postinc0        equ	4078
    78   000FE6                     postinc1        equ	4070
    79   000FDE                     postinc2        equ	4062
    80   000FEC                     preinc0         equ	4076
    81   000FE4                     preinc1         equ	4068
    82   000FDC                     preinc2         equ	4060
    83   000FF3                     prod            equ	4083
    84   000FF4                     prodh           equ	4084
    85   000FF3                     prodl           equ	4083
    86   000FD8                     status          equ	4056
    87   000FF5                     tablat          equ	4085
    88   000FF6                     tblptr          equ	4086
    89   000FF7                     tblptrh         equ	4087
    90   000FF6                     tblptrl         equ	4086
    91   000FF8                     tblptru         equ	4088
    92   000FFD                     tosl            equ	4093
    93   000FE8                     wreg            equ	4072
    94   000D60                     RXF6SIDH        equ	3424	;# 
    95   000D61                     RXF6SIDL        equ	3425	;# 
    96   000D62                     RXF6EIDH        equ	3426	;# 
    97   000D63                     RXF6EIDL        equ	3427	;# 
    98   000D64                     RXF7SIDH        equ	3428	;# 
    99   000D65                     RXF7SIDL        equ	3429	;# 
   100   000D66                     RXF7EIDH        equ	3430	;# 
   101   000D67                     RXF7EIDL        equ	3431	;# 
   102   000D68                     RXF8SIDH        equ	3432	;# 
   103   000D69                     RXF8SIDL        equ	3433	;# 
   104   000D6A                     RXF8EIDH        equ	3434	;# 
   105   000D6B                     RXF8EIDL        equ	3435	;# 
   106   000D70                     RXF9SIDH        equ	3440	;# 
   107   000D71                     RXF9SIDL        equ	3441	;# 
   108   000D72                     RXF9EIDH        equ	3442	;# 
   109   000D73                     RXF9EIDL        equ	3443	;# 
   110   000D74                     RXF10SIDH       equ	3444	;# 
   111   000D75                     RXF10SIDL       equ	3445	;# 
   112   000D76                     RXF10EIDH       equ	3446	;# 
   113   000D77                     RXF10EIDL       equ	3447	;# 
   114   000D78                     RXF11SIDH       equ	3448	;# 
   115   000D79                     RXF11SIDL       equ	3449	;# 
   116   000D7A                     RXF11EIDH       equ	3450	;# 
   117   000D7B                     RXF11EIDL       equ	3451	;# 
   118   000D80                     RXF12SIDH       equ	3456	;# 
   119   000D81                     RXF12SIDL       equ	3457	;# 
   120   000D82                     RXF12EIDH       equ	3458	;# 
   121   000D83                     RXF12EIDL       equ	3459	;# 
   122   000D84                     RXF13SIDH       equ	3460	;# 
   123   000D85                     RXF13SIDL       equ	3461	;# 
   124   000D86                     RXF13EIDH       equ	3462	;# 
   125   000D87                     RXF13EIDL       equ	3463	;# 
   126   000D88                     RXF14SIDH       equ	3464	;# 
   127   000D89                     RXF14SIDL       equ	3465	;# 
   128   000D8A                     RXF14EIDH       equ	3466	;# 
   129   000D8B                     RXF14EIDL       equ	3467	;# 
   130   000D90                     RXF15SIDH       equ	3472	;# 
   131   000D91                     RXF15SIDL       equ	3473	;# 
   132   000D92                     RXF15EIDH       equ	3474	;# 
   133   000D93                     RXF15EIDL       equ	3475	;# 
   134   000DD4                     RXFCON0         equ	3540	;# 
   135   000DD5                     RXFCON1         equ	3541	;# 
   136   000DD8                     SDFLC           equ	3544	;# 
   137   000DE0                     RXFBCON0        equ	3552	;# 
   138   000DE1                     RXFBCON1        equ	3553	;# 
   139   000DE2                     RXFBCON2        equ	3554	;# 
   140   000DE3                     RXFBCON3        equ	3555	;# 
   141   000DE4                     RXFBCON4        equ	3556	;# 
   142   000DE5                     RXFBCON5        equ	3557	;# 
   143   000DE6                     RXFBCON6        equ	3558	;# 
   144   000DE7                     RXFBCON7        equ	3559	;# 
   145   000DF0                     MSEL0           equ	3568	;# 
   146   000DF1                     MSEL1           equ	3569	;# 
   147   000DF2                     MSEL2           equ	3570	;# 
   148   000DF3                     MSEL3           equ	3571	;# 
   149   000DF8                     BSEL0           equ	3576	;# 
   150   000DFA                     BIE0            equ	3578	;# 
   151   000DFC                     TXBIE           equ	3580	;# 
   152   000E20                     B0CON           equ	3616	;# 
   153   000E21                     B0SIDH          equ	3617	;# 
   154   000E22                     B0SIDL          equ	3618	;# 
   155   000E23                     B0EIDH          equ	3619	;# 
   156   000E24                     B0EIDL          equ	3620	;# 
   157   000E25                     B0DLC           equ	3621	;# 
   158   000E26                     B0D0            equ	3622	;# 
   159   000E27                     B0D1            equ	3623	;# 
   160   000E28                     B0D2            equ	3624	;# 
   161   000E29                     B0D3            equ	3625	;# 
   162   000E2A                     B0D4            equ	3626	;# 
   163   000E2B                     B0D5            equ	3627	;# 
   164   000E2C                     B0D6            equ	3628	;# 
   165   000E2D                     B0D7            equ	3629	;# 
   166   000E2E                     CANSTAT_RO9     equ	3630	;# 
   167   000E2F                     CANCON_RO9      equ	3631	;# 
   168   000E30                     B1CON           equ	3632	;# 
   169   000E31                     B1SIDH          equ	3633	;# 
   170   000E32                     B1SIDL          equ	3634	;# 
   171   000E33                     B1EIDH          equ	3635	;# 
   172   000E34                     B1EIDL          equ	3636	;# 
   173   000E35                     B1DLC           equ	3637	;# 
   174   000E36                     B1D0            equ	3638	;# 
   175   000E37                     B1D1            equ	3639	;# 
   176   000E38                     B1D2            equ	3640	;# 
   177   000E39                     B1D3            equ	3641	;# 
   178   000E3A                     B1D4            equ	3642	;# 
   179   000E3B                     B1D5            equ	3643	;# 
   180   000E3C                     B1D6            equ	3644	;# 
   181   000E3D                     B1D7            equ	3645	;# 
   182   000E3E                     CANSTAT_RO8     equ	3646	;# 
   183   000E3F                     CANCON_RO8      equ	3647	;# 
   184   000E40                     B2CON           equ	3648	;# 
   185   000E41                     B2SIDH          equ	3649	;# 
   186   000E42                     B2SIDL          equ	3650	;# 
   187   000E43                     B2EIDH          equ	3651	;# 
   188   000E44                     B2EIDL          equ	3652	;# 
   189   000E45                     B2DLC           equ	3653	;# 
   190   000E46                     B2D0            equ	3654	;# 
   191   000E47                     B2D1            equ	3655	;# 
   192   000E48                     B2D2            equ	3656	;# 
   193   000E49                     B2D3            equ	3657	;# 
   194   000E4A                     B2D4            equ	3658	;# 
   195   000E4B                     B2D5            equ	3659	;# 
   196   000E4C                     B2D6            equ	3660	;# 
   197   000E4D                     B2D7            equ	3661	;# 
   198   000E4E                     CANSTAT_RO7     equ	3662	;# 
   199   000E4F                     CANCON_RO7      equ	3663	;# 
   200   000E50                     B3CON           equ	3664	;# 
   201   000E51                     B3SIDH          equ	3665	;# 
   202   000E52                     B3SIDL          equ	3666	;# 
   203   000E53                     B3EIDH          equ	3667	;# 
   204   000E54                     B3EIDL          equ	3668	;# 
   205   000E55                     B3DLC           equ	3669	;# 
   206   000E56                     B3D0            equ	3670	;# 
   207   000E57                     B3D1            equ	3671	;# 
   208   000E58                     B3D2            equ	3672	;# 
   209   000E59                     B3D3            equ	3673	;# 
   210   000E5A                     B3D4            equ	3674	;# 
   211   000E5B                     B3D5            equ	3675	;# 
   212   000E5C                     B3D6            equ	3676	;# 
   213   000E5D                     B3D7            equ	3677	;# 
   214   000E5E                     CANSTAT_RO6     equ	3678	;# 
   215   000E5F                     CANCON_RO6      equ	3679	;# 
   216   000E60                     B4CON           equ	3680	;# 
   217   000E61                     B4SIDH          equ	3681	;# 
   218   000E62                     B4SIDL          equ	3682	;# 
   219   000E63                     B4EIDH          equ	3683	;# 
   220   000E64                     B4EIDL          equ	3684	;# 
   221   000E65                     B4DLC           equ	3685	;# 
   222   000E66                     B4D0            equ	3686	;# 
   223   000E67                     B4D1            equ	3687	;# 
   224   000E68                     B4D2            equ	3688	;# 
   225   000E69                     B4D3            equ	3689	;# 
   226   000E6A                     B4D4            equ	3690	;# 
   227   000E6B                     B4D5            equ	3691	;# 
   228   000E6C                     B4D6            equ	3692	;# 
   229   000E6D                     B4D7            equ	3693	;# 
   230   000E6E                     CANSTAT_RO5     equ	3694	;# 
   231   000E6F                     CANCON_RO5      equ	3695	;# 
   232   000E70                     B5CON           equ	3696	;# 
   233   000E71                     B5SIDH          equ	3697	;# 
   234   000E72                     B5SIDL          equ	3698	;# 
   235   000E73                     B5EIDH          equ	3699	;# 
   236   000E74                     B5EIDL          equ	3700	;# 
   237   000E75                     B5DLC           equ	3701	;# 
   238   000E76                     B5D0            equ	3702	;# 
   239   000E77                     B5D1            equ	3703	;# 
   240   000E78                     B5D2            equ	3704	;# 
   241   000E79                     B5D3            equ	3705	;# 
   242   000E7A                     B5D4            equ	3706	;# 
   243   000E7B                     B5D5            equ	3707	;# 
   244   000E7C                     B5D6            equ	3708	;# 
   245   000E7D                     B5D7            equ	3709	;# 
   246   000E7E                     CANSTAT_RO4     equ	3710	;# 
   247   000E7F                     CANCON_RO4      equ	3711	;# 
   248   000F00                     RXF0SIDH        equ	3840	;# 
   249   000F01                     RXF0SIDL        equ	3841	;# 
   250   000F02                     RXF0EIDH        equ	3842	;# 
   251   000F03                     RXF0EIDL        equ	3843	;# 
   252   000F04                     RXF1SIDH        equ	3844	;# 
   253   000F05                     RXF1SIDL        equ	3845	;# 
   254   000F06                     RXF1EIDH        equ	3846	;# 
   255   000F07                     RXF1EIDL        equ	3847	;# 
   256   000F08                     RXF2SIDH        equ	3848	;# 
   257   000F09                     RXF2SIDL        equ	3849	;# 
   258   000F0A                     RXF2EIDH        equ	3850	;# 
   259   000F0B                     RXF2EIDL        equ	3851	;# 
   260   000F0C                     RXF3SIDH        equ	3852	;# 
   261   000F0D                     RXF3SIDL        equ	3853	;# 
   262   000F0E                     RXF3EIDH        equ	3854	;# 
   263   000F0F                     RXF3EIDL        equ	3855	;# 
   264   000F10                     RXF4SIDH        equ	3856	;# 
   265   000F11                     RXF4SIDL        equ	3857	;# 
   266   000F12                     RXF4EIDH        equ	3858	;# 
   267   000F13                     RXF4EIDL        equ	3859	;# 
   268   000F14                     RXF5SIDH        equ	3860	;# 
   269   000F15                     RXF5SIDL        equ	3861	;# 
   270   000F16                     RXF5EIDH        equ	3862	;# 
   271   000F17                     RXF5EIDL        equ	3863	;# 
   272   000F18                     RXM0SIDH        equ	3864	;# 
   273   000F19                     RXM0SIDL        equ	3865	;# 
   274   000F1A                     RXM0EIDH        equ	3866	;# 
   275   000F1B                     RXM0EIDL        equ	3867	;# 
   276   000F1C                     RXM1SIDH        equ	3868	;# 
   277   000F1D                     RXM1SIDL        equ	3869	;# 
   278   000F1E                     RXM1EIDH        equ	3870	;# 
   279   000F1F                     RXM1EIDL        equ	3871	;# 
   280   000F20                     TXB2CON         equ	3872	;# 
   281   000F21                     TXB2SIDH        equ	3873	;# 
   282   000F22                     TXB2SIDL        equ	3874	;# 
   283   000F23                     TXB2EIDH        equ	3875	;# 
   284   000F24                     TXB2EIDL        equ	3876	;# 
   285   000F25                     TXB2DLC         equ	3877	;# 
   286   000F26                     TXB2D0          equ	3878	;# 
   287   000F27                     TXB2D1          equ	3879	;# 
   288   000F28                     TXB2D2          equ	3880	;# 
   289   000F29                     TXB2D3          equ	3881	;# 
   290   000F2A                     TXB2D4          equ	3882	;# 
   291   000F2B                     TXB2D5          equ	3883	;# 
   292   000F2C                     TXB2D6          equ	3884	;# 
   293   000F2D                     TXB2D7          equ	3885	;# 
   294   000F2E                     CANSTAT_RO3     equ	3886	;# 
   295   000F2F                     CANCON_RO3      equ	3887	;# 
   296   000F30                     TXB1CON         equ	3888	;# 
   297   000F31                     TXB1SIDH        equ	3889	;# 
   298   000F32                     TXB1SIDL        equ	3890	;# 
   299   000F33                     TXB1EIDH        equ	3891	;# 
   300   000F34                     TXB1EIDL        equ	3892	;# 
   301   000F35                     TXB1DLC         equ	3893	;# 
   302   000F36                     TXB1D0          equ	3894	;# 
   303   000F37                     TXB1D1          equ	3895	;# 
   304   000F38                     TXB1D2          equ	3896	;# 
   305   000F39                     TXB1D3          equ	3897	;# 
   306   000F3A                     TXB1D4          equ	3898	;# 
   307   000F3B                     TXB1D5          equ	3899	;# 
   308   000F3C                     TXB1D6          equ	3900	;# 
   309   000F3D                     TXB1D7          equ	3901	;# 
   310   000F3E                     CANSTAT_RO2     equ	3902	;# 
   311   000F3F                     CANCON_RO2      equ	3903	;# 
   312   000F40                     TXB0CON         equ	3904	;# 
   313   000F41                     TXB0SIDH        equ	3905	;# 
   314   000F42                     TXB0SIDL        equ	3906	;# 
   315   000F43                     TXB0EIDH        equ	3907	;# 
   316   000F44                     TXB0EIDL        equ	3908	;# 
   317   000F45                     TXB0DLC         equ	3909	;# 
   318   000F46                     TXB0D0          equ	3910	;# 
   319   000F47                     TXB0D1          equ	3911	;# 
   320   000F48                     TXB0D2          equ	3912	;# 
   321   000F49                     TXB0D3          equ	3913	;# 
   322   000F4A                     TXB0D4          equ	3914	;# 
   323   000F4B                     TXB0D5          equ	3915	;# 
   324   000F4C                     TXB0D6          equ	3916	;# 
   325   000F4D                     TXB0D7          equ	3917	;# 
   326   000F4E                     CANSTAT_RO1     equ	3918	;# 
   327   000F4F                     CANCON_RO1      equ	3919	;# 
   328   000F50                     RXB1CON         equ	3920	;# 
   329   000F51                     RXB1SIDH        equ	3921	;# 
   330   000F52                     RXB1SIDL        equ	3922	;# 
   331   000F53                     RXB1EIDH        equ	3923	;# 
   332   000F54                     RXB1EIDL        equ	3924	;# 
   333   000F55                     RXB1DLC         equ	3925	;# 
   334   000F56                     RXB1D0          equ	3926	;# 
   335   000F57                     RXB1D1          equ	3927	;# 
   336   000F58                     RXB1D2          equ	3928	;# 
   337   000F59                     RXB1D3          equ	3929	;# 
   338   000F5A                     RXB1D4          equ	3930	;# 
   339   000F5B                     RXB1D5          equ	3931	;# 
   340   000F5C                     RXB1D6          equ	3932	;# 
   341   000F5D                     RXB1D7          equ	3933	;# 
   342   000F5E                     CANSTAT_RO0     equ	3934	;# 
   343   000F5F                     CANCON_RO0      equ	3935	;# 
   344   000F60                     RXB0CON         equ	3936	;# 
   345   000F61                     RXB0SIDH        equ	3937	;# 
   346   000F62                     RXB0SIDL        equ	3938	;# 
   347   000F63                     RXB0EIDH        equ	3939	;# 
   348   000F64                     RXB0EIDL        equ	3940	;# 
   349   000F65                     RXB0DLC         equ	3941	;# 
   350   000F66                     RXB0D0          equ	3942	;# 
   351   000F67                     RXB0D1          equ	3943	;# 
   352   000F68                     RXB0D2          equ	3944	;# 
   353   000F69                     RXB0D3          equ	3945	;# 
   354   000F6A                     RXB0D4          equ	3946	;# 
   355   000F6B                     RXB0D5          equ	3947	;# 
   356   000F6C                     RXB0D6          equ	3948	;# 
   357   000F6D                     RXB0D7          equ	3949	;# 
   358   000F6E                     CANSTAT         equ	3950	;# 
   359   000F6F                     CANCON          equ	3951	;# 
   360   000F70                     BRGCON1         equ	3952	;# 
   361   000F71                     BRGCON2         equ	3953	;# 
   362   000F72                     BRGCON3         equ	3954	;# 
   363   000F73                     CIOCON          equ	3955	;# 
   364   000F74                     COMSTAT         equ	3956	;# 
   365   000F75                     RXERRCNT        equ	3957	;# 
   366   000F76                     TXERRCNT        equ	3958	;# 
   367   000F77                     ECANCON         equ	3959	;# 
   368   000F80                     PORTA           equ	3968	;# 
   369   000F81                     PORTB           equ	3969	;# 
   370   000F82                     PORTC           equ	3970	;# 
   371   000F83                     PORTD           equ	3971	;# 
   372   000F84                     PORTE           equ	3972	;# 
   373   000F89                     LATA            equ	3977	;# 
   374   000F8A                     LATB            equ	3978	;# 
   375   000F8B                     LATC            equ	3979	;# 
   376   000F8C                     LATD            equ	3980	;# 
   377   000F8D                     LATE            equ	3981	;# 
   378   000F92                     TRISA           equ	3986	;# 
   379   000F92                     DDRA            equ	3986	;# 
   380   000F93                     TRISB           equ	3987	;# 
   381   000F93                     DDRB            equ	3987	;# 
   382   000F94                     TRISC           equ	3988	;# 
   383   000F94                     DDRC            equ	3988	;# 
   384   000F95                     TRISD           equ	3989	;# 
   385   000F95                     DDRD            equ	3989	;# 
   386   000F96                     TRISE           equ	3990	;# 
   387   000F96                     DDRE            equ	3990	;# 
   388   000F9B                     OSCTUNE         equ	3995	;# 
   389   000F9D                     PIE1            equ	3997	;# 
   390   000F9E                     PIR1            equ	3998	;# 
   391   000F9F                     IPR1            equ	3999	;# 
   392   000FA0                     PIE2            equ	4000	;# 
   393   000FA1                     PIR2            equ	4001	;# 
   394   000FA2                     IPR2            equ	4002	;# 
   395   000FA3                     PIE3            equ	4003	;# 
   396   000FA4                     PIR3            equ	4004	;# 
   397   000FA5                     IPR3            equ	4005	;# 
   398   000FA6                     EECON1          equ	4006	;# 
   399   000FA7                     EECON2          equ	4007	;# 
   400   000FA8                     EEDATA          equ	4008	;# 
   401   000FA9                     EEADR           equ	4009	;# 
   402   000FAB                     RCSTA           equ	4011	;# 
   403   000FAB                     RCSTA1          equ	4011	;# 
   404   000FAC                     TXSTA           equ	4012	;# 
   405   000FAC                     TXSTA1          equ	4012	;# 
   406   000FAD                     TXREG           equ	4013	;# 
   407   000FAD                     TXREG1          equ	4013	;# 
   408   000FAE                     RCREG           equ	4014	;# 
   409   000FAE                     RCREG1          equ	4014	;# 
   410   000FAF                     SPBRG           equ	4015	;# 
   411   000FAF                     SPBRG1          equ	4015	;# 
   412   000FB0                     SPBRGH          equ	4016	;# 
   413   000FB1                     T3CON           equ	4017	;# 
   414   000FB2                     TMR3            equ	4018	;# 
   415   000FB2                     TMR3L           equ	4018	;# 
   416   000FB3                     TMR3H           equ	4019	;# 
   417   000FB4                     CMCON           equ	4020	;# 
   418   000FB5                     CVRCON          equ	4021	;# 
   419   000FB6                     ECCP1AS         equ	4022	;# 
   420   000FB7                     ECCP1DEL        equ	4023	;# 
   421   000FB8                     BAUDCON         equ	4024	;# 
   422   000FB8                     BAUDCTL         equ	4024	;# 
   423   000FBA                     ECCP1CON        equ	4026	;# 
   424   000FBB                     ECCPR1          equ	4027	;# 
   425   000FBB                     ECCPR1L         equ	4027	;# 
   426   000FBC                     ECCPR1H         equ	4028	;# 
   427   000FBD                     CCP1CON         equ	4029	;# 
   428   000FBE                     CCPR1           equ	4030	;# 
   429   000FBE                     CCPR1L          equ	4030	;# 
   430   000FBF                     CCPR1H          equ	4031	;# 
   431   000FC0                     ADCON2          equ	4032	;# 
   432   000FC1                     ADCON1          equ	4033	;# 
   433   000FC2                     ADCON0          equ	4034	;# 
   434   000FC3                     ADRES           equ	4035	;# 
   435   000FC3                     ADRESL          equ	4035	;# 
   436   000FC4                     ADRESH          equ	4036	;# 
   437   000FC5                     SSPCON2         equ	4037	;# 
   438   000FC6                     SSPCON1         equ	4038	;# 
   439   000FC7                     SSPSTAT         equ	4039	;# 
   440   000FC8                     SSPADD          equ	4040	;# 
   441   000FC9                     SSPBUF          equ	4041	;# 
   442   000FCA                     T2CON           equ	4042	;# 
   443   000FCB                     PR2             equ	4043	;# 
   444   000FCB                     MEMCON          equ	4043	;# 
   445   000FCC                     TMR2            equ	4044	;# 
   446   000FCD                     T1CON           equ	4045	;# 
   447   000FCE                     TMR1            equ	4046	;# 
   448   000FCE                     TMR1L           equ	4046	;# 
   449   000FCF                     TMR1H           equ	4047	;# 
   450   000FD0                     RCON            equ	4048	;# 
   451   000FD1                     WDTCON          equ	4049	;# 
   452   000FD2                     HLVDCON         equ	4050	;# 
   453   000FD2                     LVDCON          equ	4050	;# 
   454   000FD3                     OSCCON          equ	4051	;# 
   455   000FD5                     T0CON           equ	4053	;# 
   456   000FD6                     TMR0            equ	4054	;# 
   457   000FD6                     TMR0L           equ	4054	;# 
   458   000FD7                     TMR0H           equ	4055	;# 
   459   000FD8                     STATUS          equ	4056	;# 
   460   000FD9                     FSR2            equ	4057	;# 
   461   000FD9                     FSR2L           equ	4057	;# 
   462   000FDA                     FSR2H           equ	4058	;# 
   463   000FDB                     PLUSW2          equ	4059	;# 
   464   000FDC                     PREINC2         equ	4060	;# 
   465   000FDD                     POSTDEC2        equ	4061	;# 
   466   000FDE                     POSTINC2        equ	4062	;# 
   467   000FDF                     INDF2           equ	4063	;# 
   468   000FE0                     BSR             equ	4064	;# 
   469   000FE1                     FSR1            equ	4065	;# 
   470   000FE1                     FSR1L           equ	4065	;# 
   471   000FE2                     FSR1H           equ	4066	;# 
   472   000FE3                     PLUSW1          equ	4067	;# 
   473   000FE4                     PREINC1         equ	4068	;# 
   474   000FE5                     POSTDEC1        equ	4069	;# 
   475   000FE6                     POSTINC1        equ	4070	;# 
   476   000FE7                     INDF1           equ	4071	;# 
   477   000FE8                     WREG            equ	4072	;# 
   478   000FE9                     FSR0            equ	4073	;# 
   479   000FE9                     FSR0L           equ	4073	;# 
   480   000FEA                     FSR0H           equ	4074	;# 
   481   000FEB                     PLUSW0          equ	4075	;# 
   482   000FEC                     PREINC0         equ	4076	;# 
   483   000FED                     POSTDEC0        equ	4077	;# 
   484   000FEE                     POSTINC0        equ	4078	;# 
   485   000FEF                     INDF0           equ	4079	;# 
   486   000FF0                     INTCON3         equ	4080	;# 
   487   000FF1                     INTCON2         equ	4081	;# 
   488   000FF2                     INTCON          equ	4082	;# 
   489   000FF3                     PROD            equ	4083	;# 
   490   000FF3                     PRODL           equ	4083	;# 
   491   000FF4                     PRODH           equ	4084	;# 
   492   000FF5                     TABLAT          equ	4085	;# 
   493   000FF6                     TBLPTR          equ	4086	;# 
   494   000FF6                     TBLPTRL         equ	4086	;# 
   495   000FF7                     TBLPTRH         equ	4087	;# 
   496   000FF8                     TBLPTRU         equ	4088	;# 
   497   000FF9                     PCLAT           equ	4089	;# 
   498   000FF9                     PC              equ	4089	;# 
   499   000FF9                     PCL             equ	4089	;# 
   500   000FFA                     PCLATH          equ	4090	;# 
   501   000FFB                     PCLATU          equ	4091	;# 
   502   000FFC                     STKPTR          equ	4092	;# 
   503   000FFD                     TOS             equ	4093	;# 
   504   000FFD                     TOSL            equ	4093	;# 
   505   000FFE                     TOSH            equ	4094	;# 
   506   000FFF                     TOSU            equ	4095	;# 
   507                           
   508                           	psect	idataCOMRAM
   509   000840                     __pidataCOMRAM:
   510                           	callstack 0
   511                           
   512                           ;initializer for main@F10483
   513   000840  E7                 	db	231
   514   000841  21                 	db	33
   515   000842  CB                 	db	203
   516   000843  6B                 	db	107
   517   000844  2D                 	db	45
   518   000845  6E                 	db	110
   519   000846  EE                 	db	238
   520   000847  23                 	db	35
   521   000848  EF                 	db	239
   522   000849  6F                 	db	111
   523   00084A  40                 	db	64
   524   00084B  40                 	db	64
   525   000F83                     _PORTD          set	3971
   526   000F80                     _PORTA          set	3968
   527   000F92                     _TRISA          set	3986
   528   000F95                     _TRISD          set	3989
   529                           
   530                           ; #config settings
   531                           
   532                           	psect	cinit
   533   00081A                     __pcinit:
   534                           	callstack 0
   535   00081A                     start_initialization:
   536                           	callstack 0
   537   00081A                     __initialization:
   538                           	callstack 0
   539                           
   540                           ; Initialize objects allocated to COMRAM (12 bytes)
   541                           ; load TBLPTR registers with __pidataCOMRAM
   542   00081A  0E40               	movlw	low __pidataCOMRAM
   543   00081C  6EF6               	movwf	tblptrl,c
   544   00081E  0E08               	movlw	high __pidataCOMRAM
   545   000820  6EF7               	movwf	tblptrh,c
   546   000822  0E00               	movlw	low (__pidataCOMRAM shr (0+16))
   547   000824  6EF8               	movwf	tblptru,c
   548   000826  EE00  F01C         	lfsr	0,__pdataCOMRAM
   549   00082A  EE10 F00C          	lfsr	1,12
   550   00082E                     copy_data0:
   551   00082E  0009               	tblrd		*+
   552   000830  CFF5 FFEE          	movff	tablat,postinc0
   553   000834  50E5               	movf	postdec1,w,c
   554   000836  50E1               	movf	fsr1l,w,c
   555   000838  E1FA               	bnz	copy_data0
   556   00083A                     end_of_initialization:
   557                           	callstack 0
   558   00083A                     __end_of__initialization:
   559                           	callstack 0
   560   00083A  0100               	movlb	0
   561   00083C  EF01  F003         	goto	_main	;jump to C main() function
   562                           
   563                           	psect	dataCOMRAM
   564   00001C                     __pdataCOMRAM:
   565                           	callstack 0
   566   00001C                     main@F10483:
   567                           	callstack 0
   568   00001C                     	ds	12
   569                           
   570                           	psect	cstackCOMRAM
   571   000001                     __pcstackCOMRAM:
   572                           	callstack 0
   573   000001                     ?___awmod:
   574                           	callstack 0
   575   000001                     display@ssd:
   576                           	callstack 0
   577   000001                     ___awmod@dividend:
   578                           	callstack 0
   579                           
   580                           ; 2 bytes @ 0x0
   581   000001                     	ds	1
   582   000002                     ??_display:
   583                           
   584                           ; 1 bytes @ 0x1
   585   000002                     	ds	1
   586   000003                     ___awmod@divisor:
   587                           	callstack 0
   588                           
   589                           ; 2 bytes @ 0x2
   590   000003                     	ds	1
   591   000004                     display@delay:
   592                           	callstack 0
   593                           
   594                           ; 2 bytes @ 0x3
   595   000004                     	ds	1
   596   000005                     ___awmod@counter:
   597                           	callstack 0
   598   000005                     
   599                           ; 1 bytes @ 0x4
   600   000005                     	ds	1
   601   000006                     ___awmod@sign:
   602                           	callstack 0
   603   000006                     display@data:
   604                           	callstack 0
   605                           
   606                           ; 2 bytes @ 0x5
   607   000006                     	ds	2
   608   000008                     main@digits:
   609                           	callstack 0
   610   000008                     
   611                           ; 1 bytes @ 0x7
   612   000008                     	ds	12
   613   000014                     main@ssd:
   614                           	callstack 0
   615                           
   616                           ; 4 bytes @ 0x13
   617   000014                     	ds	4
   618   000018                     main@i:
   619                           	callstack 0
   620                           
   621                           ; 2 bytes @ 0x17
   622   000018                     	ds	2
   623   00001A                     main@index:
   624                           	callstack 0
   625                           
   626                           ; 2 bytes @ 0x19
   627   00001A                     	ds	2
   628                           
   629 ;;
   630 ;;Main: autosize = 0, tempsize = 0, incstack = 0, save=0
   631 ;;
   632 ;; *************** function _main *****************
   633 ;; Defined at:
   634 ;;		line 25 in file "main.c"
   635 ;; Parameters:    Size  Location     Type
   636 ;;		None
   637 ;; Auto vars:     Size  Location     Type
   638 ;;  i               2   23[COMRAM] int 
   639 ;;  digits         12    7[COMRAM] unsigned char [12]
   640 ;;  ssd             4   19[COMRAM] unsigned char [4]
   641 ;;  index           2   25[COMRAM] int 
   642 ;; Return value:  Size  Location     Type
   643 ;;                  1    wreg      void 
   644 ;; Registers used:
   645 ;;		wreg, fsr1l, fsr1h, fsr2l, fsr2h, status,2, status,0, cstack
   646 ;; Tracked objects:
   647 ;;		On entry : 0/0
   648 ;;		On exit  : 0/0
   649 ;;		Unchanged: 0/0
   650 ;; Data sizes:     COMRAM   BANK0   BANK1   BANK2   BANK3   BANK4   BANK5
   651 ;;      Params:         0       0       0       0       0       0       0
   652 ;;      Locals:        20       0       0       0       0       0       0
   653 ;;      Temps:          0       0       0       0       0       0       0
   654 ;;      Totals:        20       0       0       0       0       0       0
   655 ;;Total ram usage:       20 bytes
   656 ;; Hardware stack levels required when called: 1
   657 ;; This function calls:
   658 ;;		___awmod
   659 ;;		_display
   660 ;; This function is called by:
   661 ;;		Startup code after reset
   662 ;; This function uses a non-reentrant model
   663 ;;
   664                           
   665                           	psect	text0
   666   000602                     __ptext0:
   667                           	callstack 0
   668   000602                     _main:
   669                           	callstack 30
   670   000602                     
   671                           ;main.c: 26:     TRISD = 0x00;
   672   000602  6A95               	clrf	149,c	;volatile
   673   000604                     
   674                           ;main.c: 27:     TRISA &= 0xF0;
   675   000604  0EF0               	movlw	240
   676   000606  1692               	andwf	146,f,c	;volatile
   677                           
   678                           ;main.c: 29:     PORTA &= 0xF0;
   679   000608  0EF0               	movlw	240
   680   00060A  1680               	andwf	128,f,c	;volatile
   681   00060C                     
   682                           ;main.c: 30:     char digits[] = {0xE7, 0x21, 0xCB, 0x6B, 0x2D, 0x6E, 0xEE, 0x23, 0xEF, 
      +                          0x6F, 0x40, 0x40};
   683   00060C  EE20  F01C         	lfsr	2,main@F10483
   684   000610  EE10  F008         	lfsr	1,main@digits
   685   000614  0E0B               	movlw	11
   686   000616                     u221:
   687   000616  CFDB FFE3          	movff	plusw2,plusw1
   688   00061A  06E8               	decf	wreg,f,c
   689   00061C  E2FC               	bc	u221
   690   00061E                     l965:
   691                           
   692                           ;main.c: 31:     char ssd[4];;main.c: 32:     int index = 0;
   693   00061E  6A1B               	clrf	(main@index+1)^0,c
   694   000620  0E00               	movlw	0
   695   000622  6E1A               	movwf	main@index^0,c
   696   000624                     l967:
   697                           
   698                           ;main.c: 36:         ssd[0] = digits[index % 12];
   699   000624  C01A  F001         	movff	main@index,___awmod@dividend
   700   000628  C01B  F002         	movff	main@index+1,___awmod@dividend+1
   701   00062C  6A04               	clrf	(___awmod@divisor+1)^0,c
   702   00062E  0E0C               	movlw	12
   703   000630  6E03               	movwf	___awmod@divisor^0,c
   704   000632  EC7B  F003         	call	___awmod	;wreg free
   705   000636  5001               	movf	?___awmod^0,w,c
   706   000638  0F08               	addlw	low main@digits
   707   00063A  6ED9               	movwf	fsr2l,c
   708   00063C  6ADA               	clrf	fsr2h,c
   709   00063E  50DF               	movf	indf2,w,c
   710   000640  6E14               	movwf	main@ssd^0,c
   711   000642                     
   712                           ;main.c: 37:         ssd[1] = digits[(index + 1) % 12];
   713   000642  0E01               	movlw	1
   714   000644  241A               	addwf	main@index^0,w,c
   715   000646  6E01               	movwf	___awmod@dividend^0,c
   716   000648  0E00               	movlw	0
   717   00064A  201B               	addwfc	(main@index+1)^0,w,c
   718   00064C  6E02               	movwf	(___awmod@dividend+1)^0,c
   719   00064E  6A04               	clrf	(___awmod@divisor+1)^0,c
   720   000650  0E0C               	movlw	12
   721   000652  6E03               	movwf	___awmod@divisor^0,c
   722   000654  EC7B  F003         	call	___awmod	;wreg free
   723   000658  5001               	movf	?___awmod^0,w,c
   724   00065A  0F08               	addlw	low main@digits
   725   00065C  6ED9               	movwf	fsr2l,c
   726   00065E  6ADA               	clrf	fsr2h,c
   727   000660  50DF               	movf	indf2,w,c
   728   000662  6E15               	movwf	(main@ssd+1)^0,c
   729   000664                     
   730                           ;main.c: 38:         ssd[2] = digits[(index + 2) % 12];
   731   000664  0E02               	movlw	2
   732   000666  241A               	addwf	main@index^0,w,c
   733   000668  6E01               	movwf	___awmod@dividend^0,c
   734   00066A  0E00               	movlw	0
   735   00066C  201B               	addwfc	(main@index+1)^0,w,c
   736   00066E  6E02               	movwf	(___awmod@dividend+1)^0,c
   737   000670  6A04               	clrf	(___awmod@divisor+1)^0,c
   738   000672  0E0C               	movlw	12
   739   000674  6E03               	movwf	___awmod@divisor^0,c
   740   000676  EC7B  F003         	call	___awmod	;wreg free
   741   00067A  5001               	movf	?___awmod^0,w,c
   742   00067C  0F08               	addlw	low main@digits
   743   00067E  6ED9               	movwf	fsr2l,c
   744   000680  6ADA               	clrf	fsr2h,c
   745   000682  50DF               	movf	indf2,w,c
   746   000684  6E16               	movwf	(main@ssd+2)^0,c
   747   000686                     
   748                           ;main.c: 39:         ssd[3] = digits[(index + 3) % 12];
   749   000686  0E03               	movlw	3
   750   000688  241A               	addwf	main@index^0,w,c
   751   00068A  6E01               	movwf	___awmod@dividend^0,c
   752   00068C  0E00               	movlw	0
   753   00068E  201B               	addwfc	(main@index+1)^0,w,c
   754   000690  6E02               	movwf	(___awmod@dividend+1)^0,c
   755   000692  6A04               	clrf	(___awmod@divisor+1)^0,c
   756   000694  0E0C               	movlw	12
   757   000696  6E03               	movwf	___awmod@divisor^0,c
   758   000698  EC7B  F003         	call	___awmod	;wreg free
   759   00069C  5001               	movf	?___awmod^0,w,c
   760   00069E  0F08               	addlw	low main@digits
   761   0006A0  6ED9               	movwf	fsr2l,c
   762   0006A2  6ADA               	clrf	fsr2h,c
   763   0006A4  50DF               	movf	indf2,w,c
   764   0006A6  6E17               	movwf	(main@ssd+3)^0,c
   765   0006A8                     
   766                           ;main.c: 40:         for (int i = 0; i < 100; i++)
   767   0006A8  6A19               	clrf	(main@i+1)^0,c
   768   0006AA  0E00               	movlw	0
   769   0006AC  6E18               	movwf	main@i^0,c
   770   0006AE                     l981:
   771                           
   772                           ;main.c: 41:             display(ssd);
   773   0006AE  0E14               	movlw	low main@ssd
   774   0006B0  6E01               	movwf	display@ssd^0,c
   775   0006B2  ECD2  F003         	call	_display	;wreg free
   776   0006B6  4A18               	infsnz	main@i^0,f,c
   777   0006B8  2A19               	incf	(main@i+1)^0,f,c
   778   0006BA  BE19               	btfsc	(main@i+1)^0,7,c
   779   0006BC  EF69  F003         	goto	u231
   780   0006C0  5019               	movf	(main@i+1)^0,w,c
   781   0006C2  E109               	bnz	u230
   782   0006C4  0E64               	movlw	100
   783   0006C6  5C18               	subwf	main@i^0,w,c
   784   0006C8  A0D8               	btfss	status,0,c
   785   0006CA  EF69  F003         	goto	u231
   786   0006CE  EF6B  F003         	goto	u230
   787   0006D2                     u231:
   788   0006D2  EF57  F003         	goto	l981
   789   0006D6                     u230:
   790   0006D6                     
   791                           ;main.c: 42:         index++;
   792   0006D6  4A1A               	infsnz	main@index^0,f,c
   793   0006D8  2A1B               	incf	(main@index+1)^0,f,c
   794   0006DA                     
   795                           ;main.c: 43:         if (index == 12) {
   796   0006DA  0E0C               	movlw	12
   797   0006DC  181A               	xorwf	main@index^0,w,c
   798   0006DE  101B               	iorwf	(main@index+1)^0,w,c
   799   0006E0  A4D8               	btfss	status,2,c
   800   0006E2  EF75  F003         	goto	u241
   801   0006E6  EF77  F003         	goto	u240
   802   0006EA                     u241:
   803   0006EA  EF12  F003         	goto	l967
   804   0006EE                     u240:
   805   0006EE  EF0F  F003         	goto	l965
   806   0006F2  EFFE  F017         	goto	start
   807   0006F6                     __end_of_main:
   808                           	callstack 0
   809                           
   810 ;; *************** function _display *****************
   811 ;; Defined at:
   812 ;;		line 50 in file "main.c"
   813 ;; Parameters:    Size  Location     Type
   814 ;;  ssd             1    0[COMRAM] PTR unsigned char 
   815 ;;		 -> main@ssd(4), 
   816 ;; Auto vars:     Size  Location     Type
   817 ;;  delay           2    3[COMRAM] int 
   818 ;;  data            2    5[COMRAM] int 
   819 ;; Return value:  Size  Location     Type
   820 ;;                  1    wreg      void 
   821 ;; Registers used:
   822 ;;		wreg, fsr2l, fsr2h, status,2, status,0
   823 ;; Tracked objects:
   824 ;;		On entry : 0/0
   825 ;;		On exit  : 0/0
   826 ;;		Unchanged: 0/0
   827 ;; Data sizes:     COMRAM   BANK0   BANK1   BANK2   BANK3   BANK4   BANK5
   828 ;;      Params:         1       0       0       0       0       0       0
   829 ;;      Locals:         4       0       0       0       0       0       0
   830 ;;      Temps:          2       0       0       0       0       0       0
   831 ;;      Totals:         7       0       0       0       0       0       0
   832 ;;Total ram usage:        7 bytes
   833 ;; Hardware stack levels used: 1
   834 ;; This function calls:
   835 ;;		Nothing
   836 ;; This function is called by:
   837 ;;		_main
   838 ;; This function uses a non-reentrant model
   839 ;;
   840                           
   841                           	psect	text1
   842   0007A4                     __ptext1:
   843                           	callstack 0
   844   0007A4                     _display:
   845                           	callstack 30
   846   0007A4                     
   847                           ;main.c: 52:     for (int data = 0; data < 4; data++) {
   848   0007A4  6A07               	clrf	(display@data+1)^0,c
   849   0007A6  0E00               	movlw	0
   850   0007A8  6E06               	movwf	display@data^0,c
   851   0007AA                     l911:
   852                           
   853                           ;main.c: 53:         PORTD = ssd[data];
   854   0007AA  5001               	movf	display@ssd^0,w,c
   855   0007AC  2406               	addwf	display@data^0,w,c
   856   0007AE  6ED9               	movwf	fsr2l,c
   857   0007B0  6ADA               	clrf	fsr2h,c
   858   0007B2  50DF               	movf	indf2,w,c
   859   0007B4  6E83               	movwf	131,c	;volatile
   860   0007B6                     
   861                           ;main.c: 54:         PORTA = (PORTA & 0xF0) | (1 << data);
   862   0007B6  C006  F002         	movff	display@data,??_display
   863   0007BA  0E01               	movlw	1
   864   0007BC  6E03               	movwf	(??_display+1)^0,c
   865   0007BE  2A02               	incf	??_display^0,f,c
   866   0007C0  EFE4  F003         	goto	u134
   867   0007C4                     u135:
   868   0007C4  90D8               	bcf	status,0,c
   869   0007C6  3603               	rlcf	(??_display+1)^0,f,c
   870   0007C8                     u134:
   871   0007C8  2E02               	decfsz	??_display^0,f,c
   872   0007CA  EFE2  F003         	goto	u135
   873   0007CE  5080               	movf	128,w,c	;volatile
   874   0007D0  0BF0               	andlw	240
   875   0007D2  1003               	iorwf	(??_display+1)^0,w,c
   876   0007D4  6E80               	movwf	128,c	;volatile
   877   0007D6                     
   878                           ;main.c: 55:         for (int delay = 1000; delay--;);
   879   0007D6  0E03               	movlw	3
   880   0007D8  6E05               	movwf	(display@delay+1)^0,c
   881   0007DA  0EE8               	movlw	232
   882   0007DC  6E04               	movwf	display@delay^0,c
   883   0007DE                     l917:
   884   0007DE  0604               	decf	display@delay^0,f,c
   885   0007E0  A0D8               	btfss	status,0,c
   886   0007E2  0605               	decf	(display@delay+1)^0,f,c
   887   0007E4  2804               	incf	display@delay^0,w,c
   888   0007E6  E106               	bnz	u141
   889   0007E8  2805               	incf	(display@delay+1)^0,w,c
   890   0007EA  A4D8               	btfss	status,2,c
   891   0007EC  EFFA  F003         	goto	u141
   892   0007F0  EFFC  F003         	goto	u140
   893   0007F4                     u141:
   894   0007F4  EFEF  F003         	goto	l917
   895   0007F8                     u140:
   896   0007F8                     
   897                           ;main.c: 56:     }
   898   0007F8  4A06               	infsnz	display@data^0,f,c
   899   0007FA  2A07               	incf	(display@data+1)^0,f,c
   900   0007FC  BE07               	btfsc	(display@data+1)^0,7,c
   901   0007FE  EF0A  F004         	goto	u151
   902   000802  5007               	movf	(display@data+1)^0,w,c
   903   000804  E109               	bnz	u150
   904   000806  0E04               	movlw	4
   905   000808  5C06               	subwf	display@data^0,w,c
   906   00080A  A0D8               	btfss	status,0,c
   907   00080C  EF0A  F004         	goto	u151
   908   000810  EF0C  F004         	goto	u150
   909   000814                     u151:
   910   000814  EFD5  F003         	goto	l911
   911   000818                     u150:
   912   000818  0012               	return		;funcret
   913   00081A                     __end_of_display:
   914                           	callstack 0
   915                           
   916 ;; *************** function ___awmod *****************
   917 ;; Defined at:
   918 ;;		line 7 in file "C:\Program Files\Microchip\xc8\v3.10\pic\sources\c99\common\awmod.c"
   919 ;; Parameters:    Size  Location     Type
   920 ;;  dividend        2    0[COMRAM] int 
   921 ;;  divisor         2    2[COMRAM] int 
   922 ;; Auto vars:     Size  Location     Type
   923 ;;  sign            1    5[COMRAM] unsigned char 
   924 ;;  counter         1    4[COMRAM] unsigned char 
   925 ;; Return value:  Size  Location     Type
   926 ;;                  2    0[COMRAM] int 
   927 ;; Registers used:
   928 ;;		wreg, status,2, status,0
   929 ;; Tracked objects:
   930 ;;		On entry : 0/0
   931 ;;		On exit  : 0/0
   932 ;;		Unchanged: 0/0
   933 ;; Data sizes:     COMRAM   BANK0   BANK1   BANK2   BANK3   BANK4   BANK5
   934 ;;      Params:         4       0       0       0       0       0       0
   935 ;;      Locals:         2       0       0       0       0       0       0
   936 ;;      Temps:          0       0       0       0       0       0       0
   937 ;;      Totals:         6       0       0       0       0       0       0
   938 ;;Total ram usage:        6 bytes
   939 ;; Hardware stack levels used: 1
   940 ;; This function calls:
   941 ;;		Nothing
   942 ;; This function is called by:
   943 ;;		_main
   944 ;; This function uses a non-reentrant model
   945 ;;
   946                           
   947                           	psect	text2
   948   0006F6                     __ptext2:
   949                           	callstack 0
   950   0006F6                     ___awmod:
   951                           	callstack 30
   952   0006F6  6A06               	clrf	___awmod@sign^0,c
   953   0006F8  BE02               	btfsc	(___awmod@dividend+1)^0,7,c
   954   0006FA  EF83  F003         	goto	u160
   955   0006FE  EF81  F003         	goto	u161
   956   000702                     u161:
   957   000702  EF89  F003         	goto	l931
   958   000706                     u160:
   959   000706  6C01               	negf	___awmod@dividend^0,c
   960   000708  1E02               	comf	(___awmod@dividend+1)^0,f,c
   961   00070A  B0D8               	btfsc	status,0,c
   962   00070C  2A02               	incf	(___awmod@dividend+1)^0,f,c
   963   00070E  0E01               	movlw	1
   964   000710  6E06               	movwf	___awmod@sign^0,c
   965   000712                     l931:
   966   000712  BE04               	btfsc	(___awmod@divisor+1)^0,7,c
   967   000714  EF90  F003         	goto	u170
   968   000718  EF8E  F003         	goto	u171
   969   00071C                     u171:
   970   00071C  EF94  F003         	goto	l935
   971   000720                     u170:
   972   000720  6C03               	negf	___awmod@divisor^0,c
   973   000722  1E04               	comf	(___awmod@divisor+1)^0,f,c
   974   000724  B0D8               	btfsc	status,0,c
   975   000726  2A04               	incf	(___awmod@divisor+1)^0,f,c
   976   000728                     l935:
   977   000728  5003               	movf	___awmod@divisor^0,w,c
   978   00072A  1004               	iorwf	(___awmod@divisor+1)^0,w,c
   979   00072C  B4D8               	btfsc	status,2,c
   980   00072E  EF9B  F003         	goto	u181
   981   000732  EF9D  F003         	goto	u180
   982   000736                     u181:
   983   000736  EFC1  F003         	goto	l951
   984   00073A                     u180:
   985   00073A  0E01               	movlw	1
   986   00073C  6E05               	movwf	___awmod@counter^0,c
   987   00073E  EFA5  F003         	goto	l941
   988   000742                     l939:
   989   000742  90D8               	bcf	status,0,c
   990   000744  3603               	rlcf	___awmod@divisor^0,f,c
   991   000746  3604               	rlcf	(___awmod@divisor+1)^0,f,c
   992   000748  2A05               	incf	___awmod@counter^0,f,c
   993   00074A                     l941:
   994   00074A  AE04               	btfss	(___awmod@divisor+1)^0,7,c
   995   00074C  EFAA  F003         	goto	u191
   996   000750  EFAC  F003         	goto	u190
   997   000754                     u191:
   998   000754  EFA1  F003         	goto	l939
   999   000758                     u190:
  1000   000758                     l943:
  1001   000758  5003               	movf	___awmod@divisor^0,w,c
  1002   00075A  5C01               	subwf	___awmod@dividend^0,w,c
  1003   00075C  5004               	movf	(___awmod@divisor+1)^0,w,c
  1004   00075E  5802               	subwfb	(___awmod@dividend+1)^0,w,c
  1005   000760  A0D8               	btfss	status,0,c
  1006   000762  EFB5  F003         	goto	u201
  1007   000766  EFB7  F003         	goto	u200
  1008   00076A                     u201:
  1009   00076A  EFBB  F003         	goto	l947
  1010   00076E                     u200:
  1011   00076E  5003               	movf	___awmod@divisor^0,w,c
  1012   000770  5E01               	subwf	___awmod@dividend^0,f,c
  1013   000772  5004               	movf	(___awmod@divisor+1)^0,w,c
  1014   000774  5A02               	subwfb	(___awmod@dividend+1)^0,f,c
  1015   000776                     l947:
  1016   000776  90D8               	bcf	status,0,c
  1017   000778  3204               	rrcf	(___awmod@divisor+1)^0,f,c
  1018   00077A  3203               	rrcf	___awmod@divisor^0,f,c
  1019   00077C  2E05               	decfsz	___awmod@counter^0,f,c
  1020   00077E  EFAC  F003         	goto	l943
  1021   000782                     l951:
  1022   000782  5006               	movf	___awmod@sign^0,w,c
  1023   000784  B4D8               	btfsc	status,2,c
  1024   000786  EFC7  F003         	goto	u211
  1025   00078A  EFC9  F003         	goto	u210
  1026   00078E                     u211:
  1027   00078E  EFCD  F003         	goto	l955
  1028   000792                     u210:
  1029   000792  6C01               	negf	___awmod@dividend^0,c
  1030   000794  1E02               	comf	(___awmod@dividend+1)^0,f,c
  1031   000796  B0D8               	btfsc	status,0,c
  1032   000798  2A02               	incf	(___awmod@dividend+1)^0,f,c
  1033   00079A                     l955:
  1034   00079A  C001  F001         	movff	___awmod@dividend,?___awmod
  1035   00079E  C002  F002         	movff	___awmod@dividend+1,?___awmod+1
  1036   0007A2  0012               	return		;funcret
  1037   0007A4                     __end_of___awmod:
  1038                           	callstack 0
  1039                           
  1040                           	psect	smallconst
  1041   000600                     __psmallconst:
  1042                           	callstack 0
  1043   000600  00                 	db	0
  1044   000601  00                 	db	0	; dummy byte at the end
  1045   000600                     __smallconst    set	__psmallconst
  1046   000600                     __mediumconst   set	__psmallconst
  1047   000000                     __activetblptr  equ	0
  1048                           
  1049                           	psect	rparam
  1050   000001                     ___rparam_used  equ	1
  1051   000000                     ___param_bank   equ	0
  1052   000000                     __Lparam        equ	__Lrparam
  1053   000000                     __Hparam        equ	__Hrparam
  1054                           
  1055                           	psect	idloc
  1056                           
  1057                           ;Config register IDLOC0 @ 0x200000
  1058                           ;	unspecified, using default values
  1059   200000                     	org	2097152
  1060   200000  FF                 	db	255
  1061                           
  1062                           ;Config register IDLOC1 @ 0x200001
  1063                           ;	unspecified, using default values
  1064   200001                     	org	2097153
  1065   200001  FF                 	db	255
  1066                           
  1067                           ;Config register IDLOC2 @ 0x200002
  1068                           ;	unspecified, using default values
  1069   200002                     	org	2097154
  1070   200002  FF                 	db	255
  1071                           
  1072                           ;Config register IDLOC3 @ 0x200003
  1073                           ;	unspecified, using default values
  1074   200003                     	org	2097155
  1075   200003  FF                 	db	255
  1076                           
  1077                           ;Config register IDLOC4 @ 0x200004
  1078                           ;	unspecified, using default values
  1079   200004                     	org	2097156
  1080   200004  FF                 	db	255
  1081                           
  1082                           ;Config register IDLOC5 @ 0x200005
  1083                           ;	unspecified, using default values
  1084   200005                     	org	2097157
  1085   200005  FF                 	db	255
  1086                           
  1087                           ;Config register IDLOC6 @ 0x200006
  1088                           ;	unspecified, using default values
  1089   200006                     	org	2097158
  1090   200006  FF                 	db	255
  1091                           
  1092                           ;Config register IDLOC7 @ 0x200007
  1093                           ;	unspecified, using default values
  1094   200007                     	org	2097159
  1095   200007  FF                 	db	255
  1096                           
  1097                           	psect	config
  1098                           
  1099                           ; Padding undefined space
  1100   300000                     	org	3145728
  1101   300000  FF                 	db	255
  1102                           
  1103                           ;Config register CONFIG1H @ 0x300001
  1104                           ;	unspecified, using default values
  1105                           ;	Oscillator Selection bits
  1106                           ;	OSC = 0x7, unprogrammed default
  1107                           ;	Fail-Safe Clock Monitor Enable bit
  1108                           ;	FCMEN = 0x0, unprogrammed default
  1109                           ;	Internal/External Oscillator Switchover bit
  1110                           ;	IESO = 0x0, unprogrammed default
  1111   300001                     	org	3145729
  1112   300001  07                 	db	7
  1113                           
  1114                           ;Config register CONFIG2L @ 0x300002
  1115                           ;	unspecified, using default values
  1116                           ;	Power-up Timer Enable bit
  1117                           ;	PWRT = 0x1, unprogrammed default
  1118                           ;	Brown-out Reset Enable bits
  1119                           ;	BOREN = 0x3, unprogrammed default
  1120                           ;	Brown-out Reset Voltage bits
  1121                           ;	BORV = 0x3, unprogrammed default
  1122   300002                     	org	3145730
  1123   300002  1F                 	db	31
  1124                           
  1125                           ;Config register CONFIG2H @ 0x300003
  1126                           ;	unspecified, using default values
  1127                           ;	Watchdog Timer Enable bit
  1128                           ;	WDT = 0x1, unprogrammed default
  1129                           ;	Watchdog Timer Postscale Select bits
  1130                           ;	WDTPS = 0xF, unprogrammed default
  1131   300003                     	org	3145731
  1132   300003  1F                 	db	31
  1133                           
  1134                           ; Padding undefined space
  1135   300004                     	org	3145732
  1136   300004  FF                 	db	255
  1137                           
  1138                           ;Config register CONFIG3H @ 0x300005
  1139                           ;	unspecified, using default values
  1140                           ;	PORTB A/D Enable bit
  1141                           ;	PBADEN = 0x1, unprogrammed default
  1142                           ;	Low-Power Timer 1 Oscillator Enable bit
  1143                           ;	LPT1OSC = 0x0, unprogrammed default
  1144                           ;	MCLR Pin Enable bit
  1145                           ;	MCLRE = 0x1, unprogrammed default
  1146   300005                     	org	3145733
  1147   300005  82                 	db	130
  1148                           
  1149                           ;Config register CONFIG4L @ 0x300006
  1150                           ;	unspecified, using default values
  1151                           ;	Stack Full/Underflow Reset Enable bit
  1152                           ;	STVREN = 0x1, unprogrammed default
  1153                           ;	Single-Supply ICSP Enable bit
  1154                           ;	LVP = 0x1, unprogrammed default
  1155                           ;	Boot Block Size Select bit
  1156                           ;	BBSIZ = 0x0, unprogrammed default
  1157                           ;	Extended Instruction Set Enable bit
  1158                           ;	XINST = 0x0, unprogrammed default
  1159                           ;	Background Debugger Enable bit
  1160                           ;	DEBUG = 0x1, unprogrammed default
  1161   300006                     	org	3145734
  1162   300006  85                 	db	133
  1163                           
  1164                           ; Padding undefined space
  1165   300007                     	org	3145735
  1166   300007  FF                 	db	255
  1167                           
  1168                           ;Config register CONFIG5L @ 0x300008
  1169                           ;	unspecified, using default values
  1170                           ;	Code Protection bit
  1171                           ;	CP0 = 0x1, unprogrammed default
  1172                           ;	Code Protection bit
  1173                           ;	CP1 = 0x1, unprogrammed default
  1174                           ;	Code Protection bit
  1175                           ;	CP2 = 0x1, unprogrammed default
  1176                           ;	Code Protection bit
  1177                           ;	CP3 = 0x1, unprogrammed default
  1178   300008                     	org	3145736
  1179   300008  0F                 	db	15
  1180                           
  1181                           ;Config register CONFIG5H @ 0x300009
  1182                           ;	unspecified, using default values
  1183                           ;	Boot Block Code Protection bit
  1184                           ;	CPB = 0x1, unprogrammed default
  1185                           ;	Data EEPROM Code Protection bit
  1186                           ;	CPD = 0x1, unprogrammed default
  1187   300009                     	org	3145737
  1188   300009  C0                 	db	192
  1189                           
  1190                           ;Config register CONFIG6L @ 0x30000A
  1191                           ;	unspecified, using default values
  1192                           ;	Write Protection bit
  1193                           ;	WRT0 = 0x1, unprogrammed default
  1194                           ;	Write Protection bit
  1195                           ;	WRT1 = 0x1, unprogrammed default
  1196                           ;	Write Protection bit
  1197                           ;	WRT2 = 0x1, unprogrammed default
  1198                           ;	Write Protection bit
  1199                           ;	WRT3 = 0x1, unprogrammed default
  1200   30000A                     	org	3145738
  1201   30000A  0F                 	db	15
  1202                           
  1203                           ;Config register CONFIG6H @ 0x30000B
  1204                           ;	unspecified, using default values
  1205                           ;	Configuration Register Write Protection bit
  1206                           ;	WRTC = 0x1, unprogrammed default
  1207                           ;	Boot Block Write Protection bit
  1208                           ;	WRTB = 0x1, unprogrammed default
  1209                           ;	Data EEPROM Write Protection bit
  1210                           ;	WRTD = 0x1, unprogrammed default
  1211   30000B                     	org	3145739
  1212   30000B  E0                 	db	224
  1213                           
  1214                           ;Config register CONFIG7L @ 0x30000C
  1215                           ;	unspecified, using default values
  1216                           ;	Table Read Protection bit
  1217                           ;	EBTR0 = 0x1, unprogrammed default
  1218                           ;	Table Read Protection bit
  1219                           ;	EBTR1 = 0x1, unprogrammed default
  1220                           ;	Table Read Protection bit
  1221                           ;	EBTR2 = 0x1, unprogrammed default
  1222                           ;	Table Read Protection bit
  1223                           ;	EBTR3 = 0x1, unprogrammed default
  1224   30000C                     	org	3145740
  1225   30000C  0F                 	db	15
  1226                           
  1227                           ;Config register CONFIG7H @ 0x30000D
  1228                           ;	unspecified, using default values
  1229                           ;	Boot Block Table Read Protection bit
  1230                           ;	EBTRB = 0x1, unprogrammed default
  1231   30000D                     	org	3145741
  1232   30000D  40                 	db	64
  1233                           tosu	equ	0xFFF
  1234                           tosh	equ	0xFFE
  1235                           tosl	equ	0xFFD
  1236                           stkptr	equ	0xFFC
  1237                           pclatu	equ	0xFFB
  1238                           pclath	equ	0xFFA
  1239                           pcl	equ	0xFF9
  1240                           tblptru	equ	0xFF8
  1241                           tblptrh	equ	0xFF7
  1242                           tblptrl	equ	0xFF6
  1243                           tablat	equ	0xFF5
  1244                           prodh	equ	0xFF4
  1245                           prodl	equ	0xFF3
  1246                           indf0	equ	0xFEF
  1247                           postinc0	equ	0xFEE
  1248                           postdec0	equ	0xFED
  1249                           preinc0	equ	0xFEC
  1250                           plusw0	equ	0xFEB
  1251                           fsr0h	equ	0xFEA
  1252                           fsr0l	equ	0xFE9
  1253                           wreg	equ	0xFE8
  1254                           indf1	equ	0xFE7
  1255                           postinc1	equ	0xFE6
  1256                           postdec1	equ	0xFE5
  1257                           preinc1	equ	0xFE4
  1258                           plusw1	equ	0xFE3
  1259                           fsr1h	equ	0xFE2
  1260                           fsr1l	equ	0xFE1
  1261                           bsr	equ	0xFE0
  1262                           indf2	equ	0xFDF
  1263                           postinc2	equ	0xFDE
  1264                           postdec2	equ	0xFDD
  1265                           preinc2	equ	0xFDC
  1266                           plusw2	equ	0xFDB
  1267                           fsr2h	equ	0xFDA
  1268                           fsr2l	equ	0xFD9
  1269                           status	equ	0xFD8

Data Sizes:
    Strings     0
    Constant    0
    Data        12
    BSS         0
    Persistent  0
    Stack       0

Auto Spaces:
    Space          Size  Autos    Used
    COMRAM           95     27      39
    BANK0           160      0       0
    BANK1           256      0       0
    BANK2           256      0       0
    BANK3           256      0       0
    BANK4           256      0       0
    BANK5           256      0       0

Pointer List with Targets:

    display@ssd	PTR unsigned char  size(1) Largest target is 4
		 -> main@ssd(COMRAM[4]), 


Critical Paths under _main in COMRAM

    _main->_display

Critical Paths under _main in BANK0

    None.

Critical Paths under _main in BANK1

    None.

Critical Paths under _main in BANK2

    None.

Critical Paths under _main in BANK3

    None.

Critical Paths under _main in BANK4

    None.

Critical Paths under _main in BANK5

    None.

Call Graph Tables:

 ---------------------------------------------------------------------------------
 (Depth) Function   	        Calls       Base Space   Used Autos Params    Refs
 ---------------------------------------------------------------------------------
 (0) _main                                                20    20      0     788
                                              7 COMRAM    20    20      0
                            ___awmod
                            _display
 ---------------------------------------------------------------------------------
 (1) _display                                              7     6      1     136
                                              0 COMRAM     7     6      1
 ---------------------------------------------------------------------------------
 (1) ___awmod                                              6     2      4     304
                                              0 COMRAM     6     2      4
 ---------------------------------------------------------------------------------
 Estimated maximum stack depth 1
 ---------------------------------------------------------------------------------

 Call Graph Graphs:

 _main (ROOT)
   ___awmod
   _display

Address spaces:
Name               Size   Autos  Total    Usage
BIGRAM            1535      0       0      0.0%
BITBIGSFRl         640      0       0      0.0%
BITBANK5           256      0       0      0.0%
BANK5              256      0       0      0.0%
BITBANK4           256      0       0      0.0%
BANK4              256      0       0      0.0%
BITBANK3           256      0       0      0.0%
BANK3              256      0       0      0.0%
BITBANK2           256      0       0      0.0%
BANK2              256      0       0      0.0%
BITBANK1           256      0       0      0.0%
BANK1              256      0       0      0.0%
BITBANK0           160      0       0      0.0%
BANK0              160      0       0      0.0%
BITBIGSFRh         127      0       0      0.0%
BITCOMRAM           95      0       0      0.0%
COMRAM              95     27      39     41.1%
STACK                0      0       0      0.0%
DATA                 0      0      39      0.0%


Microchip Technology PIC18 Macro Assembler V3.10 build 20250813170317 
Symbol Table                                                                                   Fri Mar  6 15:43:44 2026

                     l31 0818                      l388 07A2                      l911 07AA  
                    l921 07FC                      l913 07B6                      l905 07A4  
                    l931 0712                      l923 06F6                      l915 07D6  
                    l941 074A                      l933 0720                      l925 06F8  
                    l917 07DE                      l943 0758                      l951 0782  
                    l935 0728                      l927 0706                      l919 07F8  
                    l953 0792                      l945 076E                      l937 073A  
                    l929 070E                      l961 0604                      l955 079A  
                    l947 0776                      l939 0742                      l971 0664  
                    l963 060C                      l949 077C                      l981 06AE  
                    l973 0686                      l965 061E                      l983 06B6  
                    l975 06A8                      l967 0624                      l959 0602  
                    l985 06BA                      l969 0642                      l987 06D6  
                    l989 06DA                      u200 076E                      u201 076A  
                    u210 0792                      u211 078E                      u140 07F8  
                    u141 07F4                      u221 0616                      u150 0818  
                    u134 07C8                      u230 06D6                      u151 0814  
                    u135 07C4                      u231 06D2                      u160 0706  
                    u240 06EE                      u161 0702                      u241 06EA  
                    u170 0720                      u171 071C                      u180 073A  
                    u181 0736                      u190 0758                      u191 0754  
           ___awmod@sign 0006                      wreg 0FE8              display@data 0006  
                   _main 0602                     fsr2h 0FDA                     indf2 0FDF  
                   fsr1l 0FE1                     fsr2l 0FD9                     start 2FFC  
           ___param_bank 0000                    ?_main 0001          __end_of___awmod 07A4  
                  _PORTA 0F80                    _PORTD 0F83                    _TRISA 0F92  
                  _TRISD 0F95             display@delay 0004          __end_of_display 081A  
                  main@i 0018                    tablat 0FF5                    plusw1 0FE3  
                  plusw2 0FDB                    status 0FD8          __initialization 081A  
           __end_of_main 06F6                   ??_main 0008            __activetblptr 0000  
              ??___awmod 0005          ___awmod@divisor 0003                   isa$std 0001  
        ___awmod@counter 0005                ??_display 0002             __pdataCOMRAM 001C  
           __mediumconst 0600                   tblptrh 0FF7                   tblptrl 0FF6  
                 tblptru 0FF8               __accesstop 0060  __end_of__initialization 083A  
          ___rparam_used 0001           __pcstackCOMRAM 0001                  __Hparam 0000  
                __Lparam 0000                  ___awmod 06F6             __psmallconst 0600  
                __pcinit 081A                  __ramtop 0600                  __ptext0 0602  
                __ptext1 07A4                  __ptext2 06F6                  _display 07A4  
       ___awmod@dividend 0001                  main@ssd 0014     end_of_initialization 083A  
                postdec1 0FE5                  postinc0 0FEE               main@F10483 001C  
             main@digits 0008               display@ssd 0001            __pidataCOMRAM 0840  
    start_initialization 081A                 ?___awmod 0001                 ?_display 0001  
            __smallconst 0600                main@index 001A                copy_data0 082E  
               __Hrparam 0000                 __Lrparam 0000                 isa$xinst 0000  
