

Microchip MPLAB XC8 Assembler V3.10 build 20250813170317 
                                                                                               Mon Mar 30 11:08:02 2026

Microchip MPLAB XC8 C Compiler v3.10 (Free license) build 20250813170317 Og1 
     1                           	processor	18F4580
     2                           	fnconf	rparam,??,?,0
     3                           	pagewidth 120
     4                           	opt	flic
     5                           	psect	idataCOMRAM,global,class=CODE,space=0,delta=1,noexec
     6                           	psect	cinit,global,reloc=2,class=CODE,space=0,delta=1
     7                           	psect	dataCOMRAM,global,class=COMRAM,space=1,delta=1,lowdata,noexec
     8                           	psect	cstackCOMRAM,global,class=COMRAM,space=1,delta=1,lowdata,noexec
     9                           	psect	text0,global,reloc=2,class=CODE,space=0,delta=1
    10                           	psect	text1,global,reloc=2,class=CODE,space=0,delta=1
    11                           	psect	text2,global,reloc=2,class=CODE,space=0,delta=1
    12                           	psect	text3,global,reloc=2,class=CODE,space=0,delta=1
    13                           	psect	text4,global,reloc=2,class=CODE,space=0,delta=1,group=1
    14                           	psect	text5,global,reloc=2,class=CODE,space=0,delta=1,group=1
    15                           	psect	smallconst,global,reloc=2,class=SMALLCONST,space=0,delta=1,noexec
    16                           	psect	intsave_regs,global,class=BIGRAM,space=1,delta=1,noexec
    17                           	psect	rparam,global,class=COMRAM,space=1,delta=1,noexec
    18                           	psect	idloc,global,abs,ovrld,class=IDLOC,space=5,delta=1,noexec
    19                           	psect	config,global,abs,ovrld,class=CONFIG,space=4,delta=1,noexec
    20   000000                     
    21                           ; Version 2.40
    22                           ; Generated 17/11/2021 GMT
    23                           ; 
    24                           ; Copyright © 2021, Microchip Technology Inc. and its subsidiaries ("Microchip")
    25                           ; All rights reserved.
    26                           ; 
    27                           ; This software is developed by Microchip Technology Inc. and its subsidiaries ("Microch
      +                          ip").
    28                           ; 
    29                           ; Redistribution and use in source and binary forms, with or without modification, are
    30                           ; permitted provided that the following conditions are met:
    31                           ; 
    32                           ;     1. Redistributions of source code must retain the above copyright notice, this lis
      +                          t of
    33                           ;        conditions and the following disclaimer.
    34                           ; 
    35                           ;     2. Redistributions in binary form must reproduce the above copyright notice, this 
      +                          list
    36                           ;        of conditions and the following disclaimer in the documentation and/or other
    37                           ;        materials provided with the distribution. Publication is not required when
    38                           ;        this file is used in an embedded application.
    39                           ; 
    40                           ;     3. Microchip's name may not be used to endorse or promote products derived from th
      +                          is
    41                           ;        software without specific prior written permission.
    42                           ; 
    43                           ; THIS SOFTWARE IS PROVIDED BY MICROCHIP "AS IS" AND ANY EXPRESS OR IMPLIED WARRANTIES,
    44                           ; INCLUDING, BUT NOT LIMITED TO, THE IMPLIED WARRANTIES OF MERCHANTABILITY AND FITNESS F
      +                          OR
    45                           ; PURPOSE ARE DISCLAIMED.  IN NO EVENT SHALL MICROCHIP BE LIABLE FOR ANY DIRECT, INDIREC
      +                          T,
    46                           ; INCIDENTAL, SPECIAL, EXEMPLARY, OR CONSEQUENTIAL DAMAGES (INCLUDING BUT NOT LIMITED TO
    47                           ; PROCUREMENT OF SUBSTITUTE GOODS OR SERVICES; LOSS OF USE, DATA OR PROFITS; OR BUSINESS
    48                           ; INTERRUPTION) HOWSOEVER CAUSED AND ON ANY THEORY OF LIABILITY, WHETHER IN CONTRACT, ST
      +                          RICT
    49                           ; LIABILITY, OR TORT (INCLUDING NEGLIGENCE OR OTHERWISE) ARISING IN ANY WAY OUT OF THE U
      +                          SE OF
    50                           ; THIS SOFTWARE, EVEN IF ADVISED OF THE POSSIBILITY OF SUCH DAMAGE.
    51                           ; 
    52                           ; 
    53                           ; Code-generator required, PIC18F4580 Definitions
    54                           ; 
    55                           ; SFR Addresses
    56   000FE0                     bsr             equ	4064
    57   000FE9                     fsr0            equ	4073
    58   000FEA                     fsr0h           equ	4074
    59   000FE9                     fsr0l           equ	4073
    60   000FE1                     fsr1            equ	4065
    61   000FE2                     fsr1h           equ	4066
    62   000FE1                     fsr1l           equ	4065
    63   000FD9                     fsr2            equ	4057
    64   000FDA                     fsr2h           equ	4058
    65   000FD9                     fsr2l           equ	4057
    66   000FEF                     indf0           equ	4079
    67   000FE7                     indf1           equ	4071
    68   000FDF                     indf2           equ	4063
    69   000FF2                     intcon          equ	4082
    70   000000                     nvmcon          equ	0
    71   000FF9                     pcl             equ	4089
    72   000FFA                     pclath          equ	4090
    73   000FFB                     pclatu          equ	4091
    74   000FEB                     plusw0          equ	4075
    75   000FE3                     plusw1          equ	4067
    76   000FDB                     plusw2          equ	4059
    77   000FED                     postdec0        equ	4077
    78   000FE5                     postdec1        equ	4069
    79   000FDD                     postdec2        equ	4061
    80   000FEE                     postinc0        equ	4078
    81   000FE6                     postinc1        equ	4070
    82   000FDE                     postinc2        equ	4062
    83   000FEC                     preinc0         equ	4076
    84   000FE4                     preinc1         equ	4068
    85   000FDC                     preinc2         equ	4060
    86   000FF3                     prod            equ	4083
    87   000FF4                     prodh           equ	4084
    88   000FF3                     prodl           equ	4083
    89   000FD8                     status          equ	4056
    90   000FF5                     tablat          equ	4085
    91   000FF6                     tblptr          equ	4086
    92   000FF7                     tblptrh         equ	4087
    93   000FF6                     tblptrl         equ	4086
    94   000FF8                     tblptru         equ	4088
    95   000FFD                     tosl            equ	4093
    96   000FE8                     wreg            equ	4072
    97   000D60                     RXF6SIDH        equ	3424	;# 
    98   000D61                     RXF6SIDL        equ	3425	;# 
    99   000D62                     RXF6EIDH        equ	3426	;# 
   100   000D63                     RXF6EIDL        equ	3427	;# 
   101   000D64                     RXF7SIDH        equ	3428	;# 
   102   000D65                     RXF7SIDL        equ	3429	;# 
   103   000D66                     RXF7EIDH        equ	3430	;# 
   104   000D67                     RXF7EIDL        equ	3431	;# 
   105   000D68                     RXF8SIDH        equ	3432	;# 
   106   000D69                     RXF8SIDL        equ	3433	;# 
   107   000D6A                     RXF8EIDH        equ	3434	;# 
   108   000D6B                     RXF8EIDL        equ	3435	;# 
   109   000D70                     RXF9SIDH        equ	3440	;# 
   110   000D71                     RXF9SIDL        equ	3441	;# 
   111   000D72                     RXF9EIDH        equ	3442	;# 
   112   000D73                     RXF9EIDL        equ	3443	;# 
   113   000D74                     RXF10SIDH       equ	3444	;# 
   114   000D75                     RXF10SIDL       equ	3445	;# 
   115   000D76                     RXF10EIDH       equ	3446	;# 
   116   000D77                     RXF10EIDL       equ	3447	;# 
   117   000D78                     RXF11SIDH       equ	3448	;# 
   118   000D79                     RXF11SIDL       equ	3449	;# 
   119   000D7A                     RXF11EIDH       equ	3450	;# 
   120   000D7B                     RXF11EIDL       equ	3451	;# 
   121   000D80                     RXF12SIDH       equ	3456	;# 
   122   000D81                     RXF12SIDL       equ	3457	;# 
   123   000D82                     RXF12EIDH       equ	3458	;# 
   124   000D83                     RXF12EIDL       equ	3459	;# 
   125   000D84                     RXF13SIDH       equ	3460	;# 
   126   000D85                     RXF13SIDL       equ	3461	;# 
   127   000D86                     RXF13EIDH       equ	3462	;# 
   128   000D87                     RXF13EIDL       equ	3463	;# 
   129   000D88                     RXF14SIDH       equ	3464	;# 
   130   000D89                     RXF14SIDL       equ	3465	;# 
   131   000D8A                     RXF14EIDH       equ	3466	;# 
   132   000D8B                     RXF14EIDL       equ	3467	;# 
   133   000D90                     RXF15SIDH       equ	3472	;# 
   134   000D91                     RXF15SIDL       equ	3473	;# 
   135   000D92                     RXF15EIDH       equ	3474	;# 
   136   000D93                     RXF15EIDL       equ	3475	;# 
   137   000DD4                     RXFCON0         equ	3540	;# 
   138   000DD5                     RXFCON1         equ	3541	;# 
   139   000DD8                     SDFLC           equ	3544	;# 
   140   000DE0                     RXFBCON0        equ	3552	;# 
   141   000DE1                     RXFBCON1        equ	3553	;# 
   142   000DE2                     RXFBCON2        equ	3554	;# 
   143   000DE3                     RXFBCON3        equ	3555	;# 
   144   000DE4                     RXFBCON4        equ	3556	;# 
   145   000DE5                     RXFBCON5        equ	3557	;# 
   146   000DE6                     RXFBCON6        equ	3558	;# 
   147   000DE7                     RXFBCON7        equ	3559	;# 
   148   000DF0                     MSEL0           equ	3568	;# 
   149   000DF1                     MSEL1           equ	3569	;# 
   150   000DF2                     MSEL2           equ	3570	;# 
   151   000DF3                     MSEL3           equ	3571	;# 
   152   000DF8                     BSEL0           equ	3576	;# 
   153   000DFA                     BIE0            equ	3578	;# 
   154   000DFC                     TXBIE           equ	3580	;# 
   155   000E20                     B0CON           equ	3616	;# 
   156   000E21                     B0SIDH          equ	3617	;# 
   157   000E22                     B0SIDL          equ	3618	;# 
   158   000E23                     B0EIDH          equ	3619	;# 
   159   000E24                     B0EIDL          equ	3620	;# 
   160   000E25                     B0DLC           equ	3621	;# 
   161   000E26                     B0D0            equ	3622	;# 
   162   000E27                     B0D1            equ	3623	;# 
   163   000E28                     B0D2            equ	3624	;# 
   164   000E29                     B0D3            equ	3625	;# 
   165   000E2A                     B0D4            equ	3626	;# 
   166   000E2B                     B0D5            equ	3627	;# 
   167   000E2C                     B0D6            equ	3628	;# 
   168   000E2D                     B0D7            equ	3629	;# 
   169   000E2E                     CANSTAT_RO9     equ	3630	;# 
   170   000E2F                     CANCON_RO9      equ	3631	;# 
   171   000E30                     B1CON           equ	3632	;# 
   172   000E31                     B1SIDH          equ	3633	;# 
   173   000E32                     B1SIDL          equ	3634	;# 
   174   000E33                     B1EIDH          equ	3635	;# 
   175   000E34                     B1EIDL          equ	3636	;# 
   176   000E35                     B1DLC           equ	3637	;# 
   177   000E36                     B1D0            equ	3638	;# 
   178   000E37                     B1D1            equ	3639	;# 
   179   000E38                     B1D2            equ	3640	;# 
   180   000E39                     B1D3            equ	3641	;# 
   181   000E3A                     B1D4            equ	3642	;# 
   182   000E3B                     B1D5            equ	3643	;# 
   183   000E3C                     B1D6            equ	3644	;# 
   184   000E3D                     B1D7            equ	3645	;# 
   185   000E3E                     CANSTAT_RO8     equ	3646	;# 
   186   000E3F                     CANCON_RO8      equ	3647	;# 
   187   000E40                     B2CON           equ	3648	;# 
   188   000E41                     B2SIDH          equ	3649	;# 
   189   000E42                     B2SIDL          equ	3650	;# 
   190   000E43                     B2EIDH          equ	3651	;# 
   191   000E44                     B2EIDL          equ	3652	;# 
   192   000E45                     B2DLC           equ	3653	;# 
   193   000E46                     B2D0            equ	3654	;# 
   194   000E47                     B2D1            equ	3655	;# 
   195   000E48                     B2D2            equ	3656	;# 
   196   000E49                     B2D3            equ	3657	;# 
   197   000E4A                     B2D4            equ	3658	;# 
   198   000E4B                     B2D5            equ	3659	;# 
   199   000E4C                     B2D6            equ	3660	;# 
   200   000E4D                     B2D7            equ	3661	;# 
   201   000E4E                     CANSTAT_RO7     equ	3662	;# 
   202   000E4F                     CANCON_RO7      equ	3663	;# 
   203   000E50                     B3CON           equ	3664	;# 
   204   000E51                     B3SIDH          equ	3665	;# 
   205   000E52                     B3SIDL          equ	3666	;# 
   206   000E53                     B3EIDH          equ	3667	;# 
   207   000E54                     B3EIDL          equ	3668	;# 
   208   000E55                     B3DLC           equ	3669	;# 
   209   000E56                     B3D0            equ	3670	;# 
   210   000E57                     B3D1            equ	3671	;# 
   211   000E58                     B3D2            equ	3672	;# 
   212   000E59                     B3D3            equ	3673	;# 
   213   000E5A                     B3D4            equ	3674	;# 
   214   000E5B                     B3D5            equ	3675	;# 
   215   000E5C                     B3D6            equ	3676	;# 
   216   000E5D                     B3D7            equ	3677	;# 
   217   000E5E                     CANSTAT_RO6     equ	3678	;# 
   218   000E5F                     CANCON_RO6      equ	3679	;# 
   219   000E60                     B4CON           equ	3680	;# 
   220   000E61                     B4SIDH          equ	3681	;# 
   221   000E62                     B4SIDL          equ	3682	;# 
   222   000E63                     B4EIDH          equ	3683	;# 
   223   000E64                     B4EIDL          equ	3684	;# 
   224   000E65                     B4DLC           equ	3685	;# 
   225   000E66                     B4D0            equ	3686	;# 
   226   000E67                     B4D1            equ	3687	;# 
   227   000E68                     B4D2            equ	3688	;# 
   228   000E69                     B4D3            equ	3689	;# 
   229   000E6A                     B4D4            equ	3690	;# 
   230   000E6B                     B4D5            equ	3691	;# 
   231   000E6C                     B4D6            equ	3692	;# 
   232   000E6D                     B4D7            equ	3693	;# 
   233   000E6E                     CANSTAT_RO5     equ	3694	;# 
   234   000E6F                     CANCON_RO5      equ	3695	;# 
   235   000E70                     B5CON           equ	3696	;# 
   236   000E71                     B5SIDH          equ	3697	;# 
   237   000E72                     B5SIDL          equ	3698	;# 
   238   000E73                     B5EIDH          equ	3699	;# 
   239   000E74                     B5EIDL          equ	3700	;# 
   240   000E75                     B5DLC           equ	3701	;# 
   241   000E76                     B5D0            equ	3702	;# 
   242   000E77                     B5D1            equ	3703	;# 
   243   000E78                     B5D2            equ	3704	;# 
   244   000E79                     B5D3            equ	3705	;# 
   245   000E7A                     B5D4            equ	3706	;# 
   246   000E7B                     B5D5            equ	3707	;# 
   247   000E7C                     B5D6            equ	3708	;# 
   248   000E7D                     B5D7            equ	3709	;# 
   249   000E7E                     CANSTAT_RO4     equ	3710	;# 
   250   000E7F                     CANCON_RO4      equ	3711	;# 
   251   000F00                     RXF0SIDH        equ	3840	;# 
   252   000F01                     RXF0SIDL        equ	3841	;# 
   253   000F02                     RXF0EIDH        equ	3842	;# 
   254   000F03                     RXF0EIDL        equ	3843	;# 
   255   000F04                     RXF1SIDH        equ	3844	;# 
   256   000F05                     RXF1SIDL        equ	3845	;# 
   257   000F06                     RXF1EIDH        equ	3846	;# 
   258   000F07                     RXF1EIDL        equ	3847	;# 
   259   000F08                     RXF2SIDH        equ	3848	;# 
   260   000F09                     RXF2SIDL        equ	3849	;# 
   261   000F0A                     RXF2EIDH        equ	3850	;# 
   262   000F0B                     RXF2EIDL        equ	3851	;# 
   263   000F0C                     RXF3SIDH        equ	3852	;# 
   264   000F0D                     RXF3SIDL        equ	3853	;# 
   265   000F0E                     RXF3EIDH        equ	3854	;# 
   266   000F0F                     RXF3EIDL        equ	3855	;# 
   267   000F10                     RXF4SIDH        equ	3856	;# 
   268   000F11                     RXF4SIDL        equ	3857	;# 
   269   000F12                     RXF4EIDH        equ	3858	;# 
   270   000F13                     RXF4EIDL        equ	3859	;# 
   271   000F14                     RXF5SIDH        equ	3860	;# 
   272   000F15                     RXF5SIDL        equ	3861	;# 
   273   000F16                     RXF5EIDH        equ	3862	;# 
   274   000F17                     RXF5EIDL        equ	3863	;# 
   275   000F18                     RXM0SIDH        equ	3864	;# 
   276   000F19                     RXM0SIDL        equ	3865	;# 
   277   000F1A                     RXM0EIDH        equ	3866	;# 
   278   000F1B                     RXM0EIDL        equ	3867	;# 
   279   000F1C                     RXM1SIDH        equ	3868	;# 
   280   000F1D                     RXM1SIDL        equ	3869	;# 
   281   000F1E                     RXM1EIDH        equ	3870	;# 
   282   000F1F                     RXM1EIDL        equ	3871	;# 
   283   000F20                     TXB2CON         equ	3872	;# 
   284   000F21                     TXB2SIDH        equ	3873	;# 
   285   000F22                     TXB2SIDL        equ	3874	;# 
   286   000F23                     TXB2EIDH        equ	3875	;# 
   287   000F24                     TXB2EIDL        equ	3876	;# 
   288   000F25                     TXB2DLC         equ	3877	;# 
   289   000F26                     TXB2D0          equ	3878	;# 
   290   000F27                     TXB2D1          equ	3879	;# 
   291   000F28                     TXB2D2          equ	3880	;# 
   292   000F29                     TXB2D3          equ	3881	;# 
   293   000F2A                     TXB2D4          equ	3882	;# 
   294   000F2B                     TXB2D5          equ	3883	;# 
   295   000F2C                     TXB2D6          equ	3884	;# 
   296   000F2D                     TXB2D7          equ	3885	;# 
   297   000F2E                     CANSTAT_RO3     equ	3886	;# 
   298   000F2F                     CANCON_RO3      equ	3887	;# 
   299   000F30                     TXB1CON         equ	3888	;# 
   300   000F31                     TXB1SIDH        equ	3889	;# 
   301   000F32                     TXB1SIDL        equ	3890	;# 
   302   000F33                     TXB1EIDH        equ	3891	;# 
   303   000F34                     TXB1EIDL        equ	3892	;# 
   304   000F35                     TXB1DLC         equ	3893	;# 
   305   000F36                     TXB1D0          equ	3894	;# 
   306   000F37                     TXB1D1          equ	3895	;# 
   307   000F38                     TXB1D2          equ	3896	;# 
   308   000F39                     TXB1D3          equ	3897	;# 
   309   000F3A                     TXB1D4          equ	3898	;# 
   310   000F3B                     TXB1D5          equ	3899	;# 
   311   000F3C                     TXB1D6          equ	3900	;# 
   312   000F3D                     TXB1D7          equ	3901	;# 
   313   000F3E                     CANSTAT_RO2     equ	3902	;# 
   314   000F3F                     CANCON_RO2      equ	3903	;# 
   315   000F40                     TXB0CON         equ	3904	;# 
   316   000F41                     TXB0SIDH        equ	3905	;# 
   317   000F42                     TXB0SIDL        equ	3906	;# 
   318   000F43                     TXB0EIDH        equ	3907	;# 
   319   000F44                     TXB0EIDL        equ	3908	;# 
   320   000F45                     TXB0DLC         equ	3909	;# 
   321   000F46                     TXB0D0          equ	3910	;# 
   322   000F47                     TXB0D1          equ	3911	;# 
   323   000F48                     TXB0D2          equ	3912	;# 
   324   000F49                     TXB0D3          equ	3913	;# 
   325   000F4A                     TXB0D4          equ	3914	;# 
   326   000F4B                     TXB0D5          equ	3915	;# 
   327   000F4C                     TXB0D6          equ	3916	;# 
   328   000F4D                     TXB0D7          equ	3917	;# 
   329   000F4E                     CANSTAT_RO1     equ	3918	;# 
   330   000F4F                     CANCON_RO1      equ	3919	;# 
   331   000F50                     RXB1CON         equ	3920	;# 
   332   000F51                     RXB1SIDH        equ	3921	;# 
   333   000F52                     RXB1SIDL        equ	3922	;# 
   334   000F53                     RXB1EIDH        equ	3923	;# 
   335   000F54                     RXB1EIDL        equ	3924	;# 
   336   000F55                     RXB1DLC         equ	3925	;# 
   337   000F56                     RXB1D0          equ	3926	;# 
   338   000F57                     RXB1D1          equ	3927	;# 
   339   000F58                     RXB1D2          equ	3928	;# 
   340   000F59                     RXB1D3          equ	3929	;# 
   341   000F5A                     RXB1D4          equ	3930	;# 
   342   000F5B                     RXB1D5          equ	3931	;# 
   343   000F5C                     RXB1D6          equ	3932	;# 
   344   000F5D                     RXB1D7          equ	3933	;# 
   345   000F5E                     CANSTAT_RO0     equ	3934	;# 
   346   000F5F                     CANCON_RO0      equ	3935	;# 
   347   000F60                     RXB0CON         equ	3936	;# 
   348   000F61                     RXB0SIDH        equ	3937	;# 
   349   000F62                     RXB0SIDL        equ	3938	;# 
   350   000F63                     RXB0EIDH        equ	3939	;# 
   351   000F64                     RXB0EIDL        equ	3940	;# 
   352   000F65                     RXB0DLC         equ	3941	;# 
   353   000F66                     RXB0D0          equ	3942	;# 
   354   000F67                     RXB0D1          equ	3943	;# 
   355   000F68                     RXB0D2          equ	3944	;# 
   356   000F69                     RXB0D3          equ	3945	;# 
   357   000F6A                     RXB0D4          equ	3946	;# 
   358   000F6B                     RXB0D5          equ	3947	;# 
   359   000F6C                     RXB0D6          equ	3948	;# 
   360   000F6D                     RXB0D7          equ	3949	;# 
   361   000F6E                     CANSTAT         equ	3950	;# 
   362   000F6F                     CANCON          equ	3951	;# 
   363   000F70                     BRGCON1         equ	3952	;# 
   364   000F71                     BRGCON2         equ	3953	;# 
   365   000F72                     BRGCON3         equ	3954	;# 
   366   000F73                     CIOCON          equ	3955	;# 
   367   000F74                     COMSTAT         equ	3956	;# 
   368   000F75                     RXERRCNT        equ	3957	;# 
   369   000F76                     TXERRCNT        equ	3958	;# 
   370   000F77                     ECANCON         equ	3959	;# 
   371   000F80                     PORTA           equ	3968	;# 
   372   000F81                     PORTB           equ	3969	;# 
   373   000F82                     PORTC           equ	3970	;# 
   374   000F83                     PORTD           equ	3971	;# 
   375   000F84                     PORTE           equ	3972	;# 
   376   000F89                     LATA            equ	3977	;# 
   377   000F8A                     LATB            equ	3978	;# 
   378   000F8B                     LATC            equ	3979	;# 
   379   000F8C                     LATD            equ	3980	;# 
   380   000F8D                     LATE            equ	3981	;# 
   381   000F92                     TRISA           equ	3986	;# 
   382   000F92                     DDRA            equ	3986	;# 
   383   000F93                     TRISB           equ	3987	;# 
   384   000F93                     DDRB            equ	3987	;# 
   385   000F94                     TRISC           equ	3988	;# 
   386   000F94                     DDRC            equ	3988	;# 
   387   000F95                     TRISD           equ	3989	;# 
   388   000F95                     DDRD            equ	3989	;# 
   389   000F96                     TRISE           equ	3990	;# 
   390   000F96                     DDRE            equ	3990	;# 
   391   000F9B                     OSCTUNE         equ	3995	;# 
   392   000F9D                     PIE1            equ	3997	;# 
   393   000F9E                     PIR1            equ	3998	;# 
   394   000F9F                     IPR1            equ	3999	;# 
   395   000FA0                     PIE2            equ	4000	;# 
   396   000FA1                     PIR2            equ	4001	;# 
   397   000FA2                     IPR2            equ	4002	;# 
   398   000FA3                     PIE3            equ	4003	;# 
   399   000FA4                     PIR3            equ	4004	;# 
   400   000FA5                     IPR3            equ	4005	;# 
   401   000FA6                     EECON1          equ	4006	;# 
   402   000FA7                     EECON2          equ	4007	;# 
   403   000FA8                     EEDATA          equ	4008	;# 
   404   000FA9                     EEADR           equ	4009	;# 
   405   000FAB                     RCSTA           equ	4011	;# 
   406   000FAB                     RCSTA1          equ	4011	;# 
   407   000FAC                     TXSTA           equ	4012	;# 
   408   000FAC                     TXSTA1          equ	4012	;# 
   409   000FAD                     TXREG           equ	4013	;# 
   410   000FAD                     TXREG1          equ	4013	;# 
   411   000FAE                     RCREG           equ	4014	;# 
   412   000FAE                     RCREG1          equ	4014	;# 
   413   000FAF                     SPBRG           equ	4015	;# 
   414   000FAF                     SPBRG1          equ	4015	;# 
   415   000FB0                     SPBRGH          equ	4016	;# 
   416   000FB1                     T3CON           equ	4017	;# 
   417   000FB2                     TMR3            equ	4018	;# 
   418   000FB2                     TMR3L           equ	4018	;# 
   419   000FB3                     TMR3H           equ	4019	;# 
   420   000FB4                     CMCON           equ	4020	;# 
   421   000FB5                     CVRCON          equ	4021	;# 
   422   000FB6                     ECCP1AS         equ	4022	;# 
   423   000FB7                     ECCP1DEL        equ	4023	;# 
   424   000FB8                     BAUDCON         equ	4024	;# 
   425   000FB8                     BAUDCTL         equ	4024	;# 
   426   000FBA                     ECCP1CON        equ	4026	;# 
   427   000FBB                     ECCPR1          equ	4027	;# 
   428   000FBB                     ECCPR1L         equ	4027	;# 
   429   000FBC                     ECCPR1H         equ	4028	;# 
   430   000FBD                     CCP1CON         equ	4029	;# 
   431   000FBE                     CCPR1           equ	4030	;# 
   432   000FBE                     CCPR1L          equ	4030	;# 
   433   000FBF                     CCPR1H          equ	4031	;# 
   434   000FC0                     ADCON2          equ	4032	;# 
   435   000FC1                     ADCON1          equ	4033	;# 
   436   000FC2                     ADCON0          equ	4034	;# 
   437   000FC3                     ADRES           equ	4035	;# 
   438   000FC3                     ADRESL          equ	4035	;# 
   439   000FC4                     ADRESH          equ	4036	;# 
   440   000FC5                     SSPCON2         equ	4037	;# 
   441   000FC6                     SSPCON1         equ	4038	;# 
   442   000FC7                     SSPSTAT         equ	4039	;# 
   443   000FC8                     SSPADD          equ	4040	;# 
   444   000FC9                     SSPBUF          equ	4041	;# 
   445   000FCA                     T2CON           equ	4042	;# 
   446   000FCB                     PR2             equ	4043	;# 
   447   000FCB                     MEMCON          equ	4043	;# 
   448   000FCC                     TMR2            equ	4044	;# 
   449   000FCD                     T1CON           equ	4045	;# 
   450   000FCE                     TMR1            equ	4046	;# 
   451   000FCE                     TMR1L           equ	4046	;# 
   452   000FCF                     TMR1H           equ	4047	;# 
   453   000FD0                     RCON            equ	4048	;# 
   454   000FD1                     WDTCON          equ	4049	;# 
   455   000FD2                     HLVDCON         equ	4050	;# 
   456   000FD2                     LVDCON          equ	4050	;# 
   457   000FD3                     OSCCON          equ	4051	;# 
   458   000FD5                     T0CON           equ	4053	;# 
   459   000FD6                     TMR0            equ	4054	;# 
   460   000FD6                     TMR0L           equ	4054	;# 
   461   000FD7                     TMR0H           equ	4055	;# 
   462   000FD8                     STATUS          equ	4056	;# 
   463   000FD9                     FSR2            equ	4057	;# 
   464   000FD9                     FSR2L           equ	4057	;# 
   465   000FDA                     FSR2H           equ	4058	;# 
   466   000FDB                     PLUSW2          equ	4059	;# 
   467   000FDC                     PREINC2         equ	4060	;# 
   468   000FDD                     POSTDEC2        equ	4061	;# 
   469   000FDE                     POSTINC2        equ	4062	;# 
   470   000FDF                     INDF2           equ	4063	;# 
   471   000FE0                     BSR             equ	4064	;# 
   472   000FE1                     FSR1            equ	4065	;# 
   473   000FE1                     FSR1L           equ	4065	;# 
   474   000FE2                     FSR1H           equ	4066	;# 
   475   000FE3                     PLUSW1          equ	4067	;# 
   476   000FE4                     PREINC1         equ	4068	;# 
   477   000FE5                     POSTDEC1        equ	4069	;# 
   478   000FE6                     POSTINC1        equ	4070	;# 
   479   000FE7                     INDF1           equ	4071	;# 
   480   000FE8                     WREG            equ	4072	;# 
   481   000FE9                     FSR0            equ	4073	;# 
   482   000FE9                     FSR0L           equ	4073	;# 
   483   000FEA                     FSR0H           equ	4074	;# 
   484   000FEB                     PLUSW0          equ	4075	;# 
   485   000FEC                     PREINC0         equ	4076	;# 
   486   000FED                     POSTDEC0        equ	4077	;# 
   487   000FEE                     POSTINC0        equ	4078	;# 
   488   000FEF                     INDF0           equ	4079	;# 
   489   000FF0                     INTCON3         equ	4080	;# 
   490   000FF1                     INTCON2         equ	4081	;# 
   491   000FF2                     INTCON          equ	4082	;# 
   492   000FF3                     PROD            equ	4083	;# 
   493   000FF3                     PRODL           equ	4083	;# 
   494   000FF4                     PRODH           equ	4084	;# 
   495   000FF5                     TABLAT          equ	4085	;# 
   496   000FF6                     TBLPTR          equ	4086	;# 
   497   000FF6                     TBLPTRL         equ	4086	;# 
   498   000FF7                     TBLPTRH         equ	4087	;# 
   499   000FF8                     TBLPTRU         equ	4088	;# 
   500   000FF9                     PCLAT           equ	4089	;# 
   501   000FF9                     PC              equ	4089	;# 
   502   000FF9                     PCL             equ	4089	;# 
   503   000FFA                     PCLATH          equ	4090	;# 
   504   000FFB                     PCLATU          equ	4091	;# 
   505   000FFC                     STKPTR          equ	4092	;# 
   506   000FFD                     TOS             equ	4093	;# 
   507   000FFD                     TOSL            equ	4093	;# 
   508   000FFE                     TOSH            equ	4094	;# 
   509   000FFF                     TOSU            equ	4095	;# 
   510                           
   511                           	psect	idataCOMRAM
   512   0008B2                     __pidataCOMRAM:
   513                           	callstack 0
   514                           
   515                           ;initializer for main@F10486
   516   0008B2  E7                 	db	231
   517   0008B3  21                 	db	33
   518   0008B4  CB                 	db	203
   519   0008B5  6B                 	db	107
   520   0008B6  2D                 	db	45
   521   0008B7  6E                 	db	110
   522   0008B8  EE                 	db	238
   523   0008B9  23                 	db	35
   524   0008BA  EF                 	db	239
   525   0008BB  6F                 	db	111
   526   000F83                     _PORTD          set	3971
   527   000FC2                     _ADCON0         set	4034
   528   000FC3                     _ADRESL         set	4035
   529   000FC4                     _ADRESH         set	4036
   530   000F80                     _PORTA          set	3968
   531   000F92                     _TRISA          set	3986
   532   000F95                     _TRISD          set	3989
   533   007E11                     _GO             set	32273
   534   007E10                     _ADON           set	32272
   535   007E0C                     _VCFG0          set	32268
   536   007E0D                     _VCFG1          set	32269
   537   007E11                     _GODONE         set	32273
   538   007E00                     _ADCS0          set	32256
   539   007E01                     _ADCS1          set	32257
   540   007E02                     _ADCS2          set	32258
   541   007E03                     _ACQT0          set	32259
   542   007E04                     _ACQT1          set	32260
   543   007E05                     _ACQT2          set	32261
   544   007E07                     _ADFM           set	32263
   545                           
   546                           ; #config settings
   547                           
   548                           	psect	cinit
   549   000870                     __pcinit:
   550                           	callstack 0
   551   000870                     start_initialization:
   552                           	callstack 0
   553   000870                     __initialization:
   554                           	callstack 0
   555                           
   556                           ; Initialize objects allocated to COMRAM (10 bytes)
   557                           ; load TBLPTR registers with __pidataCOMRAM
   558   000870  0EB2               	movlw	low __pidataCOMRAM
   559   000872  6EF6               	movwf	tblptrl,c
   560   000874  0E08               	movlw	high __pidataCOMRAM
   561   000876  6EF7               	movwf	tblptrh,c
   562   000878  0E00               	movlw	low (__pidataCOMRAM shr (0+16))
   563   00087A  6EF8               	movwf	tblptru,c
   564   00087C  EE00  F020         	lfsr	0,__pdataCOMRAM
   565   000880  EE10 F00A          	lfsr	1,10
   566   000884                     copy_data0:
   567   000884  0009               	tblrd		*+
   568   000886  CFF5 FFEE          	movff	tablat,postinc0
   569   00088A  50E5               	movf	postdec1,w,c
   570   00088C  50E1               	movf	fsr1l,w,c
   571   00088E  E1FA               	bnz	copy_data0
   572   000890                     end_of_initialization:
   573                           	callstack 0
   574   000890                     __end_of__initialization:
   575                           	callstack 0
   576   000890  0100               	movlb	0
   577   000892  EF01  F003         	goto	_main	;jump to C main() function
   578                           
   579                           	psect	dataCOMRAM
   580   000020                     __pdataCOMRAM:
   581                           	callstack 0
   582   000020                     main@F10486:
   583                           	callstack 0
   584   000020                     	ds	10
   585                           
   586                           	psect	cstackCOMRAM
   587   000001                     __pcstackCOMRAM:
   588                           	callstack 0
   589   000001                     ?_read_adc:
   590                           	callstack 0
   591   000001                     ?___lwdiv:
   592                           	callstack 0
   593   000001                     ?___lwmod:
   594                           	callstack 0
   595   000001                     display@ssd:
   596                           	callstack 0
   597   000001                     ___lwdiv@dividend:
   598                           	callstack 0
   599   000001                     ___lwmod@dividend:
   600                           	callstack 0
   601   000001                     
   602                           ; 1 bytes @ 0x0
   603   000001                     	ds	1
   604   000002                     ??_display:
   605                           
   606                           ; 1 bytes @ 0x1
   607   000002                     	ds	1
   608   000003                     ___lwdiv@divisor:
   609                           	callstack 0
   610   000003                     ___lwmod@divisor:
   611                           	callstack 0
   612   000003                     ??_read_adc:
   613                           
   614                           ; 1 bytes @ 0x2
   615   000003                     	ds	1
   616   000004                     display@delay:
   617                           	callstack 0
   618                           
   619                           ; 2 bytes @ 0x3
   620   000004                     	ds	1
   621   000005                     ___lwmod@counter:
   622                           	callstack 0
   623   000005                     read_adc@reg_value:
   624                           	callstack 0
   625   000005                     ___lwdiv@quotient:
   626                           	callstack 0
   627   000005                     
   628                           ; 1 bytes @ 0x4
   629   000005                     	ds	1
   630   000006                     display@data:
   631                           	callstack 0
   632                           
   633                           ; 2 bytes @ 0x5
   634   000006                     	ds	1
   635   000007                     read_adc@channel:
   636                           	callstack 0
   637   000007                     ___lwdiv@counter:
   638                           	callstack 0
   639                           
   640                           ; 1 bytes @ 0x6
   641   000007                     	ds	1
   642   000008                     ??_main:
   643                           
   644                           ; 1 bytes @ 0x7
   645   000008                     	ds	4
   646   00000C                     main@digit:
   647                           	callstack 0
   648                           
   649                           ; 10 bytes @ 0xB
   650   00000C                     	ds	10
   651   000016                     main@value:
   652                           	callstack 0
   653                           
   654                           ; 2 bytes @ 0x15
   655   000016                     	ds	2
   656   000018                     main@milli_volt:
   657                           	callstack 0
   658                           
   659                           ; 2 bytes @ 0x17
   660   000018                     	ds	2
   661   00001A                     main@ssd:
   662                           	callstack 0
   663                           
   664                           ; 4 bytes @ 0x19
   665   00001A                     	ds	4
   666   00001E                     main@celcius:
   667                           	callstack 0
   668                           
   669                           ; 2 bytes @ 0x1D
   670   00001E                     	ds	2
   671                           
   672 ;;
   673 ;;Main: autosize = 0, tempsize = 4, incstack = 0, save=0
   674 ;;
   675 ;; *************** function _main *****************
   676 ;; Defined at:
   677 ;;		line 51 in file "main.c"
   678 ;; Parameters:    Size  Location     Type
   679 ;;		None
   680 ;; Auto vars:     Size  Location     Type
   681 ;;  digit          10   11[COMRAM] unsigned char [10]
   682 ;;  ssd             4   25[COMRAM] unsigned char [4]
   683 ;;  celcius         2   29[COMRAM] unsigned int 
   684 ;;  milli_volt      2   23[COMRAM] unsigned int 
   685 ;;  value           2   21[COMRAM] unsigned short 
   686 ;; Return value:  Size  Location     Type
   687 ;;                  1    wreg      void 
   688 ;; Registers used:
   689 ;;		wreg, fsr1l, fsr1h, fsr2l, fsr2h, status,2, status,0, prodl, prodh, cstack
   690 ;; Tracked objects:
   691 ;;		On entry : 0/0
   692 ;;		On exit  : 0/0
   693 ;;		Unchanged: 0/0
   694 ;; Data sizes:     COMRAM   BANK0   BANK1   BANK2   BANK3   BANK4   BANK5
   695 ;;      Params:         0       0       0       0       0       0       0
   696 ;;      Locals:        20       0       0       0       0       0       0
   697 ;;      Temps:          4       0       0       0       0       0       0
   698 ;;      Totals:        24       0       0       0       0       0       0
   699 ;;Total ram usage:       24 bytes
   700 ;; Hardware stack levels required when called: 1
   701 ;; This function calls:
   702 ;;		___lwdiv
   703 ;;		___lwmod
   704 ;;		_display
   705 ;;		_init_adc
   706 ;;		_read_adc
   707 ;; This function is called by:
   708 ;;		Startup code after reset
   709 ;; This function uses a non-reentrant model
   710 ;;
   711                           
   712                           	psect	text0
   713   000602                     __ptext0:
   714                           	callstack 0
   715   000602                     _main:
   716                           	callstack 30
   717   000602                     
   718                           ;main.c: 53:     init_adc();
   719   000602  EC4B  F004         	call	_init_adc	;wreg free
   720   000606                     
   721                           ;main.c: 55:     TRISD = 0X00;
   722   000606  6A95               	clrf	149,c	;volatile
   723   000608                     
   724                           ;main.c: 56:     TRISA = TRISA & 0XF0;
   725   000608  5092               	movf	146,w,c	;volatile
   726   00060A  0BF0               	andlw	240
   727   00060C  6E92               	movwf	146,c	;volatile
   728   00060E                     
   729                           ;main.c: 58:     PORTA &= 0XF0;
   730   00060E  0EF0               	movlw	240
   731   000610  1680               	andwf	128,f,c	;volatile
   732   000612                     
   733                           ;main.c: 61:     char digit[] = {0xE7, 0x21, 0xCB, 0x6B, 0x2D, 0x6E, 0xEE, 0x23, 0xEF, 0
      +                          x6F};
   734   000612  EE20  F020         	lfsr	2,main@F10486
   735   000616  EE10  F00C         	lfsr	1,main@digit
   736   00061A  0E09               	movlw	9
   737   00061C                     u221:
   738   00061C  CFDB FFE3          	movff	plusw2,plusw1
   739   000620  06E8               	decf	wreg,f,c
   740   000622  E2FC               	bc	u221
   741   000624                     l1027:
   742                           
   743                           ;main.c: 71:         value = read_adc(6);
   744   000624  0E06               	movlw	6
   745   000626  EC15  F004         	call	_read_adc
   746   00062A  C001  F016         	movff	?_read_adc,main@value
   747   00062E  C002  F017         	movff	?_read_adc+1,main@value+1
   748   000632                     
   749                           ;main.c: 74:         milli_volt = value * 4887 / 1000;
   750   000632  0E17               	movlw	23
   751   000634  6E08               	movwf	??_main^0,c
   752   000636  0E13               	movlw	19
   753   000638  6E09               	movwf	(??_main+1)^0,c
   754   00063A  5008               	movf	??_main^0,w,c
   755   00063C  0216               	mulwf	main@value^0,c
   756   00063E  CFF3 F00A          	movff	prodl,??_main+2
   757   000642  CFF4 F00B          	movff	prodh,??_main+3
   758   000646  0217               	mulwf	(main@value+1)^0,c
   759   000648  50F3               	movf	prodl,w,c
   760   00064A  260B               	addwf	(??_main+3)^0,f,c
   761   00064C  5009               	movf	(??_main+1)^0,w,c
   762   00064E  0216               	mulwf	main@value^0,c
   763   000650  50F3               	movf	prodl,w,c
   764   000652  260B               	addwf	(??_main+3)^0,f,c
   765   000654  C00A  F001         	movff	??_main+2,___lwdiv@dividend
   766   000658  C00B  F002         	movff	??_main+3,___lwdiv@dividend+1
   767   00065C  0E03               	movlw	3
   768   00065E  6E04               	movwf	(___lwdiv@divisor+1)^0,c
   769   000660  0EE8               	movlw	232
   770   000662  6E03               	movwf	___lwdiv@divisor^0,c
   771   000664  ECAA  F003         	call	___lwdiv	;wreg free
   772   000668  C001  F018         	movff	?___lwdiv,main@milli_volt
   773   00066C  C002  F019         	movff	?___lwdiv+1,main@milli_volt+1
   774   000670                     
   775                           ;main.c: 76:         celcius = milli_volt / 10;
   776   000670  C018  F001         	movff	main@milli_volt,___lwdiv@dividend
   777   000674  C019  F002         	movff	main@milli_volt+1,___lwdiv@dividend+1
   778   000678  6A04               	clrf	(___lwdiv@divisor+1)^0,c
   779   00067A  0E0A               	movlw	10
   780   00067C  6E03               	movwf	___lwdiv@divisor^0,c
   781   00067E  ECAA  F003         	call	___lwdiv	;wreg free
   782   000682  C001  F01E         	movff	?___lwdiv,main@celcius
   783   000686  C002  F01F         	movff	?___lwdiv+1,main@celcius+1
   784   00068A                     
   785                           ;main.c: 83:         ssd[0] = digit[celcius / 10];
   786   00068A  C01E  F001         	movff	main@celcius,___lwdiv@dividend
   787   00068E  C01F  F002         	movff	main@celcius+1,___lwdiv@dividend+1
   788   000692  6A04               	clrf	(___lwdiv@divisor+1)^0,c
   789   000694  0E0A               	movlw	10
   790   000696  6E03               	movwf	___lwdiv@divisor^0,c
   791   000698  ECAA  F003         	call	___lwdiv	;wreg free
   792   00069C  5001               	movf	?___lwdiv^0,w,c
   793   00069E  0F0C               	addlw	low main@digit
   794   0006A0  6ED9               	movwf	fsr2l,c
   795   0006A2  6ADA               	clrf	fsr2h,c
   796   0006A4  50DF               	movf	indf2,w,c
   797   0006A6  6E1A               	movwf	main@ssd^0,c
   798   0006A8                     
   799                           ;main.c: 84:         ssd[1] = digit[celcius % 10];
   800   0006A8  C01E  F001         	movff	main@celcius,___lwmod@dividend
   801   0006AC  C01F  F002         	movff	main@celcius+1,___lwmod@dividend+1
   802   0006B0  6A04               	clrf	(___lwmod@divisor+1)^0,c
   803   0006B2  0E0A               	movlw	10
   804   0006B4  6E03               	movwf	___lwmod@divisor^0,c
   805   0006B6  ECE3  F003         	call	___lwmod	;wreg free
   806   0006BA  5001               	movf	?___lwmod^0,w,c
   807   0006BC  0F0C               	addlw	low main@digit
   808   0006BE  6ED9               	movwf	fsr2l,c
   809   0006C0  6ADA               	clrf	fsr2h,c
   810   0006C2  50DF               	movf	indf2,w,c
   811   0006C4  6E1B               	movwf	(main@ssd+1)^0,c
   812   0006C6                     
   813                           ;main.c: 85:         ssd[2] = 0x10;
   814   0006C6  0E10               	movlw	16
   815   0006C8  6E1C               	movwf	(main@ssd+2)^0,c
   816   0006CA                     
   817                           ;main.c: 86:         ssd[3] = 0xC6;
   818   0006CA  0EC6               	movlw	198
   819   0006CC  6E1D               	movwf	(main@ssd+3)^0,c
   820   0006CE                     
   821                           ;main.c: 88:         display(ssd);
   822   0006CE  0E1A               	movlw	low main@ssd
   823   0006D0  6E01               	movwf	display@ssd^0,c
   824   0006D2  EC6F  F003         	call	_display	;wreg free
   825   0006D6  EF12  F003         	goto	l1027
   826   0006DA  EFFE  F017         	goto	start
   827   0006DE                     __end_of_main:
   828                           	callstack 0
   829                           
   830 ;; *************** function _read_adc *****************
   831 ;; Defined at:
   832 ;;		line 123 in file "main.c"
   833 ;; Parameters:    Size  Location     Type
   834 ;;  channel         1    wreg     unsigned char 
   835 ;; Auto vars:     Size  Location     Type
   836 ;;  channel         1    6[COMRAM] unsigned char 
   837 ;;  reg_value       2    4[COMRAM] unsigned short 
   838 ;; Return value:  Size  Location     Type
   839 ;;                  2    0[COMRAM] unsigned short 
   840 ;; Registers used:
   841 ;;		wreg, status,2, status,0
   842 ;; Tracked objects:
   843 ;;		On entry : 0/0
   844 ;;		On exit  : 0/0
   845 ;;		Unchanged: 0/0
   846 ;; Data sizes:     COMRAM   BANK0   BANK1   BANK2   BANK3   BANK4   BANK5
   847 ;;      Params:         2       0       0       0       0       0       0
   848 ;;      Locals:         3       0       0       0       0       0       0
   849 ;;      Temps:          2       0       0       0       0       0       0
   850 ;;      Totals:         7       0       0       0       0       0       0
   851 ;;Total ram usage:        7 bytes
   852 ;; Hardware stack levels used: 1
   853 ;; This function calls:
   854 ;;		Nothing
   855 ;; This function is called by:
   856 ;;		_main
   857 ;; This function uses a non-reentrant model
   858 ;;
   859                           
   860                           	psect	text1
   861   00082A                     __ptext1:
   862                           	callstack 0
   863   00082A                     _read_adc:
   864                           	callstack 30
   865                           
   866                           ;incstack = 0
   867                           ;read_adc@channel stored from wreg
   868   00082A  6E07               	movwf	read_adc@channel^0,c
   869   00082C                     
   870                           ;main.c: 124:     unsigned short reg_value;;main.c: 126:     ADCON0 = (ADCON0 & 0XC3) | 
      +                          (channel << 2);
   871   00082C  C007  F003         	movff	read_adc@channel,??_read_adc
   872   000830  90D8               	bcf	status,0,c
   873   000832  3603               	rlcf	??_read_adc^0,f,c
   874   000834  90D8               	bcf	status,0,c
   875   000836  3603               	rlcf	??_read_adc^0,f,c
   876   000838  50C2               	movf	194,w,c	;volatile
   877   00083A  0BC3               	andlw	195
   878   00083C  1003               	iorwf	??_read_adc^0,w,c
   879   00083E  6EC2               	movwf	194,c	;volatile
   880   000840                     
   881                           ;main.c: 127:     GO = 1;
   882   000840  82C2               	bsf	4034,1,c	;volatile
   883   000842                     l60:
   884   000842  B2C2               	btfsc	4034,1,c	;volatile
   885   000844  EF26  F004         	goto	u121
   886   000848  EF28  F004         	goto	u120
   887   00084C                     u121:
   888   00084C  EF21  F004         	goto	l60
   889   000850                     u120:
   890   000850                     
   891                           ;main.c: 130:     reg_value = (ADRESH << 8) | ADRESL;
   892   000850  50C3               	movf	195,w,c	;volatile
   893   000852  CFC4 F003          	movff	4036,??_read_adc	;volatile
   894   000856  6A04               	clrf	(??_read_adc+1)^0,c
   895   000858  C003  F004         	movff	??_read_adc,??_read_adc+1
   896   00085C  6A03               	clrf	??_read_adc^0,c
   897   00085E  1003               	iorwf	??_read_adc^0,w,c
   898   000860  6E05               	movwf	read_adc@reg_value^0,c
   899   000862  5004               	movf	(??_read_adc+1)^0,w,c
   900   000864  6E06               	movwf	(read_adc@reg_value+1)^0,c
   901   000866                     
   902                           ;main.c: 131:     return reg_value;
   903   000866  C005  F001         	movff	read_adc@reg_value,?_read_adc
   904   00086A  C006  F002         	movff	read_adc@reg_value+1,?_read_adc+1
   905   00086E  0012               	return		;funcret
   906   000870                     __end_of_read_adc:
   907                           	callstack 0
   908                           
   909 ;; *************** function _init_adc *****************
   910 ;; Defined at:
   911 ;;		line 95 in file "main.c"
   912 ;; Parameters:    Size  Location     Type
   913 ;;		None
   914 ;; Auto vars:     Size  Location     Type
   915 ;;		None
   916 ;; Return value:  Size  Location     Type
   917 ;;                  1    wreg      void 
   918 ;; Registers used:
   919 ;;		None
   920 ;; Tracked objects:
   921 ;;		On entry : 0/0
   922 ;;		On exit  : 0/0
   923 ;;		Unchanged: 0/0
   924 ;; Data sizes:     COMRAM   BANK0   BANK1   BANK2   BANK3   BANK4   BANK5
   925 ;;      Params:         0       0       0       0       0       0       0
   926 ;;      Locals:         0       0       0       0       0       0       0
   927 ;;      Temps:          0       0       0       0       0       0       0
   928 ;;      Totals:         0       0       0       0       0       0       0
   929 ;;Total ram usage:        0 bytes
   930 ;; Hardware stack levels used: 1
   931 ;; This function calls:
   932 ;;		Nothing
   933 ;; This function is called by:
   934 ;;		_main
   935 ;; This function uses a non-reentrant model
   936 ;;
   937                           
   938                           	psect	text2
   939   000896                     __ptext2:
   940                           	callstack 0
   941   000896                     _init_adc:
   942                           	callstack 30
   943   000896                     
   944                           ;main.c: 97:     ADFM = 1;
   945   000896  8EC0               	bsf	4032,7,c	;volatile
   946                           
   947                           ;main.c: 100:     ACQT2 = 1;
   948   000898  8AC0               	bsf	4032,5,c	;volatile
   949                           
   950                           ;main.c: 101:     ACQT1 = 0;
   951   00089A  98C0               	bcf	4032,4,c	;volatile
   952                           
   953                           ;main.c: 102:     ACQT0 = 0;
   954   00089C  96C0               	bcf	4032,3,c	;volatile
   955                           
   956                           ;main.c: 105:     ADCS2 = 0;
   957   00089E  94C0               	bcf	4032,2,c	;volatile
   958                           
   959                           ;main.c: 106:     ADCS1 = 1;
   960   0008A0  82C0               	bsf	4032,1,c	;volatile
   961                           
   962                           ;main.c: 107:     ADCS0 = 0;
   963   0008A2  90C0               	bcf	4032,0,c	;volatile
   964                           
   965                           ;main.c: 109:     GODONE = 0;
   966   0008A4  92C2               	bcf	4034,1,c	;volatile
   967                           
   968                           ;main.c: 112:     VCFG1 = 0;
   969   0008A6  9AC1               	bcf	4033,5,c	;volatile
   970                           
   971                           ;main.c: 113:     VCFG0 = 0;
   972   0008A8  98C1               	bcf	4033,4,c	;volatile
   973                           
   974                           ;main.c: 116:     ADRESH = 0;
   975   0008AA  6AC4               	clrf	196,c	;volatile
   976                           
   977                           ;main.c: 117:     ADRESL = 0;
   978   0008AC  6AC3               	clrf	195,c	;volatile
   979                           
   980                           ;main.c: 119:     ADON = 1;
   981   0008AE  80C2               	bsf	4034,0,c	;volatile
   982   0008B0  0012               	return		;funcret
   983   0008B2                     __end_of_init_adc:
   984                           	callstack 0
   985                           
   986 ;; *************** function _display *****************
   987 ;; Defined at:
   988 ;;		line 135 in file "main.c"
   989 ;; Parameters:    Size  Location     Type
   990 ;;  ssd             1    0[COMRAM] PTR unsigned char 
   991 ;;		 -> main@ssd(4), 
   992 ;; Auto vars:     Size  Location     Type
   993 ;;  delay           2    3[COMRAM] int 
   994 ;;  data            2    5[COMRAM] int 
   995 ;; Return value:  Size  Location     Type
   996 ;;                  1    wreg      void 
   997 ;; Registers used:
   998 ;;		wreg, fsr2l, fsr2h, status,2, status,0
   999 ;; Tracked objects:
  1000 ;;		On entry : 0/0
  1001 ;;		On exit  : 0/0
  1002 ;;		Unchanged: 0/0
  1003 ;; Data sizes:     COMRAM   BANK0   BANK1   BANK2   BANK3   BANK4   BANK5
  1004 ;;      Params:         1       0       0       0       0       0       0
  1005 ;;      Locals:         4       0       0       0       0       0       0
  1006 ;;      Temps:          2       0       0       0       0       0       0
  1007 ;;      Totals:         7       0       0       0       0       0       0
  1008 ;;Total ram usage:        7 bytes
  1009 ;; Hardware stack levels used: 1
  1010 ;; This function calls:
  1011 ;;		Nothing
  1012 ;; This function is called by:
  1013 ;;		_main
  1014 ;; This function uses a non-reentrant model
  1015 ;;
  1016                           
  1017                           	psect	text3
  1018   0006DE                     __ptext3:
  1019                           	callstack 0
  1020   0006DE                     _display:
  1021                           	callstack 30
  1022   0006DE                     
  1023                           ;main.c: 136:     for (int data = 0; data < 4; data++) {
  1024   0006DE  6A07               	clrf	(display@data+1)^0,c
  1025   0006E0  0E00               	movlw	0
  1026   0006E2  6E06               	movwf	display@data^0,c
  1027   0006E4                     l967:
  1028                           
  1029                           ;main.c: 137:         PORTD = ssd[data];
  1030   0006E4  5001               	movf	display@ssd^0,w,c
  1031   0006E6  2406               	addwf	display@data^0,w,c
  1032   0006E8  6ED9               	movwf	fsr2l,c
  1033   0006EA  6ADA               	clrf	fsr2h,c
  1034   0006EC  50DF               	movf	indf2,w,c
  1035   0006EE  6E83               	movwf	131,c	;volatile
  1036   0006F0                     
  1037                           ;main.c: 139:         PORTA = (PORTA & 0xF0) | (1 << data);
  1038   0006F0  C006  F002         	movff	display@data,??_display
  1039   0006F4  0E01               	movlw	1
  1040   0006F6  6E03               	movwf	(??_display+1)^0,c
  1041   0006F8  2A02               	incf	??_display^0,f,c
  1042   0006FA  EF81  F003         	goto	u134
  1043   0006FE                     u135:
  1044   0006FE  90D8               	bcf	status,0,c
  1045   000700  3603               	rlcf	(??_display+1)^0,f,c
  1046   000702                     u134:
  1047   000702  2E02               	decfsz	??_display^0,f,c
  1048   000704  EF7F  F003         	goto	u135
  1049   000708  5080               	movf	128,w,c	;volatile
  1050   00070A  0BF0               	andlw	240
  1051   00070C  1003               	iorwf	(??_display+1)^0,w,c
  1052   00070E  6E80               	movwf	128,c	;volatile
  1053   000710                     
  1054                           ;main.c: 141:         for (int delay = 1000; delay--;);
  1055   000710  0E03               	movlw	3
  1056   000712  6E05               	movwf	(display@delay+1)^0,c
  1057   000714  0EE8               	movlw	232
  1058   000716  6E04               	movwf	display@delay^0,c
  1059   000718                     l973:
  1060   000718  0604               	decf	display@delay^0,f,c
  1061   00071A  A0D8               	btfss	status,0,c
  1062   00071C  0605               	decf	(display@delay+1)^0,f,c
  1063   00071E  2804               	incf	display@delay^0,w,c
  1064   000720  E106               	bnz	u141
  1065   000722  2805               	incf	(display@delay+1)^0,w,c
  1066   000724  A4D8               	btfss	status,2,c
  1067   000726  EF97  F003         	goto	u141
  1068   00072A  EF99  F003         	goto	u140
  1069   00072E                     u141:
  1070   00072E  EF8C  F003         	goto	l973
  1071   000732                     u140:
  1072   000732                     
  1073                           ;main.c: 142:     }
  1074   000732  4A06               	infsnz	display@data^0,f,c
  1075   000734  2A07               	incf	(display@data+1)^0,f,c
  1076   000736  BE07               	btfsc	(display@data+1)^0,7,c
  1077   000738  EFA7  F003         	goto	u151
  1078   00073C  5007               	movf	(display@data+1)^0,w,c
  1079   00073E  E109               	bnz	u150
  1080   000740  0E04               	movlw	4
  1081   000742  5C06               	subwf	display@data^0,w,c
  1082   000744  A0D8               	btfss	status,0,c
  1083   000746  EFA7  F003         	goto	u151
  1084   00074A  EFA9  F003         	goto	u150
  1085   00074E                     u151:
  1086   00074E  EF72  F003         	goto	l967
  1087   000752                     u150:
  1088   000752  0012               	return		;funcret
  1089   000754                     __end_of_display:
  1090                           	callstack 0
  1091                           
  1092 ;; *************** function ___lwmod *****************
  1093 ;; Defined at:
  1094 ;;		line 7 in file "C:\Program Files\Microchip\xc8\v3.10\pic\sources\c99\common\lwmod.c"
  1095 ;; Parameters:    Size  Location     Type
  1096 ;;  dividend        2    0[COMRAM] unsigned int 
  1097 ;;  divisor         2    2[COMRAM] unsigned int 
  1098 ;; Auto vars:     Size  Location     Type
  1099 ;;  counter         1    4[COMRAM] unsigned char 
  1100 ;; Return value:  Size  Location     Type
  1101 ;;                  2    0[COMRAM] unsigned int 
  1102 ;; Registers used:
  1103 ;;		wreg, status,2, status,0
  1104 ;; Tracked objects:
  1105 ;;		On entry : 0/0
  1106 ;;		On exit  : 0/0
  1107 ;;		Unchanged: 0/0
  1108 ;; Data sizes:     COMRAM   BANK0   BANK1   BANK2   BANK3   BANK4   BANK5
  1109 ;;      Params:         4       0       0       0       0       0       0
  1110 ;;      Locals:         1       0       0       0       0       0       0
  1111 ;;      Temps:          0       0       0       0       0       0       0
  1112 ;;      Totals:         5       0       0       0       0       0       0
  1113 ;;Total ram usage:        5 bytes
  1114 ;; Hardware stack levels used: 1
  1115 ;; This function calls:
  1116 ;;		Nothing
  1117 ;; This function is called by:
  1118 ;;		_main
  1119 ;; This function uses a non-reentrant model
  1120 ;;
  1121                           
  1122                           	psect	text4
  1123   0007C6                     __ptext4:
  1124                           	callstack 0
  1125   0007C6                     ___lwmod:
  1126                           	callstack 30
  1127   0007C6  5003               	movf	___lwmod@divisor^0,w,c
  1128   0007C8  1004               	iorwf	(___lwmod@divisor+1)^0,w,c
  1129   0007CA  B4D8               	btfsc	status,2,c
  1130   0007CC  EFEA  F003         	goto	u191
  1131   0007D0  EFEC  F003         	goto	u190
  1132   0007D4                     u191:
  1133   0007D4  EF10  F004         	goto	l685
  1134   0007D8                     u190:
  1135   0007D8  0E01               	movlw	1
  1136   0007DA  6E05               	movwf	___lwmod@counter^0,c
  1137   0007DC  EFF4  F003         	goto	l1007
  1138   0007E0                     l1005:
  1139   0007E0  90D8               	bcf	status,0,c
  1140   0007E2  3603               	rlcf	___lwmod@divisor^0,f,c
  1141   0007E4  3604               	rlcf	(___lwmod@divisor+1)^0,f,c
  1142   0007E6  2A05               	incf	___lwmod@counter^0,f,c
  1143   0007E8                     l1007:
  1144   0007E8  AE04               	btfss	(___lwmod@divisor+1)^0,7,c
  1145   0007EA  EFF9  F003         	goto	u201
  1146   0007EE  EFFB  F003         	goto	u200
  1147   0007F2                     u201:
  1148   0007F2  EFF0  F003         	goto	l1005
  1149   0007F6                     u200:
  1150   0007F6                     l1009:
  1151   0007F6  5003               	movf	___lwmod@divisor^0,w,c
  1152   0007F8  5C01               	subwf	___lwmod@dividend^0,w,c
  1153   0007FA  5004               	movf	(___lwmod@divisor+1)^0,w,c
  1154   0007FC  5802               	subwfb	(___lwmod@dividend+1)^0,w,c
  1155   0007FE  A0D8               	btfss	status,0,c
  1156   000800  EF04  F004         	goto	u211
  1157   000804  EF06  F004         	goto	u210
  1158   000808                     u211:
  1159   000808  EF0A  F004         	goto	l1013
  1160   00080C                     u210:
  1161   00080C  5003               	movf	___lwmod@divisor^0,w,c
  1162   00080E  5E01               	subwf	___lwmod@dividend^0,f,c
  1163   000810  5004               	movf	(___lwmod@divisor+1)^0,w,c
  1164   000812  5A02               	subwfb	(___lwmod@dividend+1)^0,f,c
  1165   000814                     l1013:
  1166   000814  90D8               	bcf	status,0,c
  1167   000816  3204               	rrcf	(___lwmod@divisor+1)^0,f,c
  1168   000818  3203               	rrcf	___lwmod@divisor^0,f,c
  1169   00081A  2E05               	decfsz	___lwmod@counter^0,f,c
  1170   00081C  EFFB  F003         	goto	l1009
  1171   000820                     l685:
  1172   000820  C001  F001         	movff	___lwmod@dividend,?___lwmod
  1173   000824  C002  F002         	movff	___lwmod@dividend+1,?___lwmod+1
  1174   000828  0012               	return		;funcret
  1175   00082A                     __end_of___lwmod:
  1176                           	callstack 0
  1177                           
  1178 ;; *************** function ___lwdiv *****************
  1179 ;; Defined at:
  1180 ;;		line 7 in file "C:\Program Files\Microchip\xc8\v3.10\pic\sources\c99\common\lwdiv.c"
  1181 ;; Parameters:    Size  Location     Type
  1182 ;;  dividend        2    0[COMRAM] unsigned int 
  1183 ;;  divisor         2    2[COMRAM] unsigned int 
  1184 ;; Auto vars:     Size  Location     Type
  1185 ;;  quotient        2    4[COMRAM] unsigned int 
  1186 ;;  counter         1    6[COMRAM] unsigned char 
  1187 ;; Return value:  Size  Location     Type
  1188 ;;                  2    0[COMRAM] unsigned int 
  1189 ;; Registers used:
  1190 ;;		wreg, status,2, status,0
  1191 ;; Tracked objects:
  1192 ;;		On entry : 0/0
  1193 ;;		On exit  : 0/0
  1194 ;;		Unchanged: 0/0
  1195 ;; Data sizes:     COMRAM   BANK0   BANK1   BANK2   BANK3   BANK4   BANK5
  1196 ;;      Params:         4       0       0       0       0       0       0
  1197 ;;      Locals:         3       0       0       0       0       0       0
  1198 ;;      Temps:          0       0       0       0       0       0       0
  1199 ;;      Totals:         7       0       0       0       0       0       0
  1200 ;;Total ram usage:        7 bytes
  1201 ;; Hardware stack levels used: 1
  1202 ;; This function calls:
  1203 ;;		Nothing
  1204 ;; This function is called by:
  1205 ;;		_main
  1206 ;; This function uses a non-reentrant model
  1207 ;;
  1208                           
  1209                           	psect	text5
  1210   000754                     __ptext5:
  1211                           	callstack 0
  1212   000754                     ___lwdiv:
  1213                           	callstack 30
  1214   000754  6A06               	clrf	(___lwdiv@quotient+1)^0,c
  1215   000756  0E00               	movlw	0
  1216   000758  6E05               	movwf	___lwdiv@quotient^0,c
  1217   00075A  5003               	movf	___lwdiv@divisor^0,w,c
  1218   00075C  1004               	iorwf	(___lwdiv@divisor+1)^0,w,c
  1219   00075E  B4D8               	btfsc	status,2,c
  1220   000760  EFB4  F003         	goto	u161
  1221   000764  EFB6  F003         	goto	u160
  1222   000768                     u161:
  1223   000768  EFDE  F003         	goto	l675
  1224   00076C                     u160:
  1225   00076C  0E01               	movlw	1
  1226   00076E  6E07               	movwf	___lwdiv@counter^0,c
  1227   000770  EFBE  F003         	goto	l987
  1228   000774                     l985:
  1229   000774  90D8               	bcf	status,0,c
  1230   000776  3603               	rlcf	___lwdiv@divisor^0,f,c
  1231   000778  3604               	rlcf	(___lwdiv@divisor+1)^0,f,c
  1232   00077A  2A07               	incf	___lwdiv@counter^0,f,c
  1233   00077C                     l987:
  1234   00077C  AE04               	btfss	(___lwdiv@divisor+1)^0,7,c
  1235   00077E  EFC3  F003         	goto	u171
  1236   000782  EFC5  F003         	goto	u170
  1237   000786                     u171:
  1238   000786  EFBA  F003         	goto	l985
  1239   00078A                     u170:
  1240   00078A                     l989:
  1241   00078A  90D8               	bcf	status,0,c
  1242   00078C  3605               	rlcf	___lwdiv@quotient^0,f,c
  1243   00078E  3606               	rlcf	(___lwdiv@quotient+1)^0,f,c
  1244   000790  5003               	movf	___lwdiv@divisor^0,w,c
  1245   000792  5C01               	subwf	___lwdiv@dividend^0,w,c
  1246   000794  5004               	movf	(___lwdiv@divisor+1)^0,w,c
  1247   000796  5802               	subwfb	(___lwdiv@dividend+1)^0,w,c
  1248   000798  A0D8               	btfss	status,0,c
  1249   00079A  EFD1  F003         	goto	u181
  1250   00079E  EFD3  F003         	goto	u180
  1251   0007A2                     u181:
  1252   0007A2  EFD8  F003         	goto	l997
  1253   0007A6                     u180:
  1254   0007A6  5003               	movf	___lwdiv@divisor^0,w,c
  1255   0007A8  5E01               	subwf	___lwdiv@dividend^0,f,c
  1256   0007AA  5004               	movf	(___lwdiv@divisor+1)^0,w,c
  1257   0007AC  5A02               	subwfb	(___lwdiv@dividend+1)^0,f,c
  1258   0007AE  8005               	bsf	___lwdiv@quotient^0,0,c
  1259   0007B0                     l997:
  1260   0007B0  90D8               	bcf	status,0,c
  1261   0007B2  3204               	rrcf	(___lwdiv@divisor+1)^0,f,c
  1262   0007B4  3203               	rrcf	___lwdiv@divisor^0,f,c
  1263   0007B6  2E07               	decfsz	___lwdiv@counter^0,f,c
  1264   0007B8  EFC5  F003         	goto	l989
  1265   0007BC                     l675:
  1266   0007BC  C005  F001         	movff	___lwdiv@quotient,?___lwdiv
  1267   0007C0  C006  F002         	movff	___lwdiv@quotient+1,?___lwdiv+1
  1268   0007C4  0012               	return		;funcret
  1269   0007C6                     __end_of___lwdiv:
  1270                           	callstack 0
  1271                           
  1272                           	psect	smallconst
  1273   000600                     __psmallconst:
  1274                           	callstack 0
  1275   000600  00                 	db	0
  1276   000601  00                 	db	0	; dummy byte at the end
  1277   000600                     __smallconst    set	__psmallconst
  1278   000600                     __mediumconst   set	__psmallconst
  1279   000000                     __activetblptr  equ	0
  1280                           
  1281                           	psect	rparam
  1282   000001                     ___rparam_used  equ	1
  1283   000000                     ___param_bank   equ	0
  1284   000000                     __Lparam        equ	__Lrparam
  1285   000000                     __Hparam        equ	__Hrparam
  1286                           
  1287                           	psect	idloc
  1288                           
  1289                           ;Config register IDLOC0 @ 0x200000
  1290                           ;	unspecified, using default values
  1291   200000                     	org	2097152
  1292   200000  FF                 	db	255
  1293                           
  1294                           ;Config register IDLOC1 @ 0x200001
  1295                           ;	unspecified, using default values
  1296   200001                     	org	2097153
  1297   200001  FF                 	db	255
  1298                           
  1299                           ;Config register IDLOC2 @ 0x200002
  1300                           ;	unspecified, using default values
  1301   200002                     	org	2097154
  1302   200002  FF                 	db	255
  1303                           
  1304                           ;Config register IDLOC3 @ 0x200003
  1305                           ;	unspecified, using default values
  1306   200003                     	org	2097155
  1307   200003  FF                 	db	255
  1308                           
  1309                           ;Config register IDLOC4 @ 0x200004
  1310                           ;	unspecified, using default values
  1311   200004                     	org	2097156
  1312   200004  FF                 	db	255
  1313                           
  1314                           ;Config register IDLOC5 @ 0x200005
  1315                           ;	unspecified, using default values
  1316   200005                     	org	2097157
  1317   200005  FF                 	db	255
  1318                           
  1319                           ;Config register IDLOC6 @ 0x200006
  1320                           ;	unspecified, using default values
  1321   200006                     	org	2097158
  1322   200006  FF                 	db	255
  1323                           
  1324                           ;Config register IDLOC7 @ 0x200007
  1325                           ;	unspecified, using default values
  1326   200007                     	org	2097159
  1327   200007  FF                 	db	255
  1328                           
  1329                           	psect	config
  1330                           
  1331                           ; Padding undefined space
  1332   300000                     	org	3145728
  1333   300000  FF                 	db	255
  1334                           
  1335                           ;Config register CONFIG1H @ 0x300001
  1336                           ;	unspecified, using default values
  1337                           ;	Oscillator Selection bits
  1338                           ;	OSC = 0x7, unprogrammed default
  1339                           ;	Fail-Safe Clock Monitor Enable bit
  1340                           ;	FCMEN = 0x0, unprogrammed default
  1341                           ;	Internal/External Oscillator Switchover bit
  1342                           ;	IESO = 0x0, unprogrammed default
  1343   300001                     	org	3145729
  1344   300001  07                 	db	7
  1345                           
  1346                           ;Config register CONFIG2L @ 0x300002
  1347                           ;	unspecified, using default values
  1348                           ;	Power-up Timer Enable bit
  1349                           ;	PWRT = 0x1, unprogrammed default
  1350                           ;	Brown-out Reset Enable bits
  1351                           ;	BOREN = 0x3, unprogrammed default
  1352                           ;	Brown-out Reset Voltage bits
  1353                           ;	BORV = 0x3, unprogrammed default
  1354   300002                     	org	3145730
  1355   300002  1F                 	db	31
  1356                           
  1357                           ;Config register CONFIG2H @ 0x300003
  1358                           ;	unspecified, using default values
  1359                           ;	Watchdog Timer Enable bit
  1360                           ;	WDT = 0x1, unprogrammed default
  1361                           ;	Watchdog Timer Postscale Select bits
  1362                           ;	WDTPS = 0xF, unprogrammed default
  1363   300003                     	org	3145731
  1364   300003  1F                 	db	31
  1365                           
  1366                           ; Padding undefined space
  1367   300004                     	org	3145732
  1368   300004  FF                 	db	255
  1369                           
  1370                           ;Config register CONFIG3H @ 0x300005
  1371                           ;	unspecified, using default values
  1372                           ;	PORTB A/D Enable bit
  1373                           ;	PBADEN = 0x1, unprogrammed default
  1374                           ;	Low-Power Timer 1 Oscillator Enable bit
  1375                           ;	LPT1OSC = 0x0, unprogrammed default
  1376                           ;	MCLR Pin Enable bit
  1377                           ;	MCLRE = 0x1, unprogrammed default
  1378   300005                     	org	3145733
  1379   300005  82                 	db	130
  1380                           
  1381                           ;Config register CONFIG4L @ 0x300006
  1382                           ;	unspecified, using default values
  1383                           ;	Stack Full/Underflow Reset Enable bit
  1384                           ;	STVREN = 0x1, unprogrammed default
  1385                           ;	Single-Supply ICSP Enable bit
  1386                           ;	LVP = 0x1, unprogrammed default
  1387                           ;	Boot Block Size Select bit
  1388                           ;	BBSIZ = 0x0, unprogrammed default
  1389                           ;	Extended Instruction Set Enable bit
  1390                           ;	XINST = 0x0, unprogrammed default
  1391                           ;	Background Debugger Enable bit
  1392                           ;	DEBUG = 0x1, unprogrammed default
  1393   300006                     	org	3145734
  1394   300006  85                 	db	133
  1395                           
  1396                           ; Padding undefined space
  1397   300007                     	org	3145735
  1398   300007  FF                 	db	255
  1399                           
  1400                           ;Config register CONFIG5L @ 0x300008
  1401                           ;	unspecified, using default values
  1402                           ;	Code Protection bit
  1403                           ;	CP0 = 0x1, unprogrammed default
  1404                           ;	Code Protection bit
  1405                           ;	CP1 = 0x1, unprogrammed default
  1406                           ;	Code Protection bit
  1407                           ;	CP2 = 0x1, unprogrammed default
  1408                           ;	Code Protection bit
  1409                           ;	CP3 = 0x1, unprogrammed default
  1410   300008                     	org	3145736
  1411   300008  0F                 	db	15
  1412                           
  1413                           ;Config register CONFIG5H @ 0x300009
  1414                           ;	unspecified, using default values
  1415                           ;	Boot Block Code Protection bit
  1416                           ;	CPB = 0x1, unprogrammed default
  1417                           ;	Data EEPROM Code Protection bit
  1418                           ;	CPD = 0x1, unprogrammed default
  1419   300009                     	org	3145737
  1420   300009  C0                 	db	192
  1421                           
  1422                           ;Config register CONFIG6L @ 0x30000A
  1423                           ;	unspecified, using default values
  1424                           ;	Write Protection bit
  1425                           ;	WRT0 = 0x1, unprogrammed default
  1426                           ;	Write Protection bit
  1427                           ;	WRT1 = 0x1, unprogrammed default
  1428                           ;	Write Protection bit
  1429                           ;	WRT2 = 0x1, unprogrammed default
  1430                           ;	Write Protection bit
  1431                           ;	WRT3 = 0x1, unprogrammed default
  1432   30000A                     	org	3145738
  1433   30000A  0F                 	db	15
  1434                           
  1435                           ;Config register CONFIG6H @ 0x30000B
  1436                           ;	unspecified, using default values
  1437                           ;	Configuration Register Write Protection bit
  1438                           ;	WRTC = 0x1, unprogrammed default
  1439                           ;	Boot Block Write Protection bit
  1440                           ;	WRTB = 0x1, unprogrammed default
  1441                           ;	Data EEPROM Write Protection bit
  1442                           ;	WRTD = 0x1, unprogrammed default
  1443   30000B                     	org	3145739
  1444   30000B  E0                 	db	224
  1445                           
  1446                           ;Config register CONFIG7L @ 0x30000C
  1447                           ;	unspecified, using default values
  1448                           ;	Table Read Protection bit
  1449                           ;	EBTR0 = 0x1, unprogrammed default
  1450                           ;	Table Read Protection bit
  1451                           ;	EBTR1 = 0x1, unprogrammed default
  1452                           ;	Table Read Protection bit
  1453                           ;	EBTR2 = 0x1, unprogrammed default
  1454                           ;	Table Read Protection bit
  1455                           ;	EBTR3 = 0x1, unprogrammed default
  1456   30000C                     	org	3145740
  1457   30000C  0F                 	db	15
  1458                           
  1459                           ;Config register CONFIG7H @ 0x30000D
  1460                           ;	unspecified, using default values
  1461                           ;	Boot Block Table Read Protection bit
  1462                           ;	EBTRB = 0x1, unprogrammed default
  1463   30000D                     	org	3145741
  1464   30000D  40                 	db	64
  1465                           tosu	equ	0xFFF
  1466                           tosh	equ	0xFFE
  1467                           tosl	equ	0xFFD
  1468                           stkptr	equ	0xFFC
  1469                           pclatu	equ	0xFFB
  1470                           pclath	equ	0xFFA
  1471                           pcl	equ	0xFF9
  1472                           tblptru	equ	0xFF8
  1473                           tblptrh	equ	0xFF7
  1474                           tblptrl	equ	0xFF6
  1475                           tablat	equ	0xFF5
  1476                           prodh	equ	0xFF4
  1477                           prodl	equ	0xFF3
  1478                           indf0	equ	0xFEF
  1479                           postinc0	equ	0xFEE
  1480                           postdec0	equ	0xFED
  1481                           preinc0	equ	0xFEC
  1482                           plusw0	equ	0xFEB
  1483                           fsr0h	equ	0xFEA
  1484                           fsr0l	equ	0xFE9
  1485                           wreg	equ	0xFE8
  1486                           indf1	equ	0xFE7
  1487                           postinc1	equ	0xFE6
  1488                           postdec1	equ	0xFE5
  1489                           preinc1	equ	0xFE4
  1490                           plusw1	equ	0xFE3
  1491                           fsr1h	equ	0xFE2
  1492                           fsr1l	equ	0xFE1
  1493                           bsr	equ	0xFE0
  1494                           indf2	equ	0xFDF
  1495                           postinc2	equ	0xFDE
  1496                           postdec2	equ	0xFDD
  1497                           preinc2	equ	0xFDC
  1498                           plusw2	equ	0xFDB
  1499                           fsr2h	equ	0xFDA
  1500                           fsr2l	equ	0xFD9
  1501                           status	equ	0xFD8

Data Sizes:
    Strings     0
    Constant    0
    Data        10
    BSS         0
    Persistent  0
    Stack       0

Auto Spaces:
    Space          Size  Autos    Used
    COMRAM           95     31      41
    BANK0           160      0       0
    BANK1           256      0       0
    BANK2           256      0       0
    BANK3           256      0       0
    BANK4           256      0       0
    BANK5           256      0       0

Pointer List with Targets:

    display@ssd	PTR unsigned char  size(1) Largest target is 4
		 -> main@ssd(COMRAM[4]), 


Critical Paths under _main in COMRAM

    _main->___lwdiv
    _main->_display
    _main->_read_adc

Critical Paths under _main in BANK0

    None.

Critical Paths under _main in BANK1

    None.

Critical Paths under _main in BANK2

    None.

Critical Paths under _main in BANK3

    None.

Critical Paths under _main in BANK4

    None.

Critical Paths under _main in BANK5

    None.

Call Graph Tables:

 ---------------------------------------------------------------------------------
 (Depth) Function   	        Calls       Base Space   Used Autos Params    Refs
 ---------------------------------------------------------------------------------
 (0) _main                                                24    24      0     751
                                              7 COMRAM    24    24      0
                            ___lwdiv
                            ___lwmod
                            _display
                           _init_adc
                           _read_adc
 ---------------------------------------------------------------------------------
 (1) _read_adc                                             7     5      2      52
                                              0 COMRAM     7     5      2
 ---------------------------------------------------------------------------------
 (1) _init_adc                                             0     0      0       0
 ---------------------------------------------------------------------------------
 (1) _display                                              7     6      1     136
                                              0 COMRAM     7     6      1
 ---------------------------------------------------------------------------------
 (1) ___lwmod                                              5     1      4     161
                                              0 COMRAM     5     1      4
 ---------------------------------------------------------------------------------
 (1) ___lwdiv                                              7     3      4     168
                                              0 COMRAM     7     3      4
 ---------------------------------------------------------------------------------
 Estimated maximum stack depth 1
 ---------------------------------------------------------------------------------

 Call Graph Graphs:

 _main (ROOT)
   ___lwdiv
   ___lwmod
   _display
   _init_adc
   _read_adc

Address spaces:
Name               Size   Autos  Total    Usage
BIGRAM            1535      0       0      0.0%
BITBIGSFRll        640      0       0      0.0%
BITBANK5           256      0       0      0.0%
BANK5              256      0       0      0.0%
BITBANK4           256      0       0      0.0%
BANK4              256      0       0      0.0%
BITBANK3           256      0       0      0.0%
BANK3              256      0       0      0.0%
BITBANK2           256      0       0      0.0%
BANK2              256      0       0      0.0%
BITBANK1           256      0       0      0.0%
BANK1              256      0       0      0.0%
BITBANK0           160      0       0      0.0%
BANK0              160      0       0      0.0%
BITCOMRAM           95      0       0      0.0%
COMRAM              95     31      41     43.2%
BITBIGSFRlh         63      0       0      0.0%
BITBIGSFRh          63      0       0      0.0%
STACK                0      0       0      0.0%
DATA                 0      0      41      0.0%


Microchip Technology PIC18 Macro Assembler V3.10 build 20250813170317 
Symbol Table                                                                                   Mon Mar 30 11:08:02 2026

      read_adc@reg_value 0005                       l60 0842                       l71 0752  
                     l63 086E                       l57 08B0                       _GO 7E11  
                    l682 07C4                      l675 07BC                      l692 0828  
                    l685 0820                      l951 082C                      l961 06DE  
                    l857 0896                      l953 0840                      l971 0710  
                    l955 0850                      l981 075A                      l973 0718  
                    l957 0866                      l991 0790                      l983 076C  
                    l975 0732                      l967 06E4                      l993 07A6  
                    l985 0774                      l977 0736                      l969 06F0  
                    l995 07AE                      l987 077C                      l979 0754  
                    l997 07B0                      l989 078A                      l999 07B6  
                    u200 07F6                      u120 0850                      u201 07F2  
                    u121 084C                      u210 080C                      u211 0808  
                    u140 0732                      u141 072E                      u221 061C  
                    u150 0752                      u134 0702                      u151 074E  
                    u135 06FE                      u160 076C                      u161 0768  
                    u170 078A                      u171 0786                      u180 07A6  
                    u181 07A2                      u190 07D8                      u191 07D4  
                    wreg 0FE8              main@celcius 001E                     l1001 07C6  
                   l1011 080C                     l1003 07D8                     l1013 0814  
                   l1005 07E0                     l1021 0608                     l1015 081A  
                   l1007 07E8                     l1031 0670                     l1023 060E  
                   l1009 07F6                     l1041 06CE                     l1033 068A  
                   l1025 0612                     l1017 0602                     l1035 06A8  
                   l1027 0624                     l1019 0606                     l1037 06C6  
                   l1029 0632                     l1039 06CA                     _ADFM 7E07  
                   _ADON 7E10              display@data 0006                     _main 0602  
                   fsr2h 0FDA                     indf2 0FDF                     fsr1l 0FE1  
                   fsr2l 0FD9                     prodh 0FF4                     prodl 0FF3  
                   start 2FFC             ___param_bank 0000                    _ADCS0 7E00  
                  _ADCS1 7E01                    _ADCS2 7E02                    ?_main 0001  
                  _ACQT0 7E03                    _ACQT1 7E04                    _ACQT2 7E05  
        __end_of___lwdiv 07C6          __end_of___lwmod 082A                    _VCFG0 7E0C  
                  _VCFG1 7E0D                    _PORTA 0F80                    _PORTD 0F83  
                  _TRISA 0F92                    _TRISD 0F95             display@delay 0004  
        __end_of_display 0754                    tablat 0FF5                    plusw1 0FE3  
                  plusw2 0FDB                    status 0FD8          __initialization 0870  
           __end_of_main 06DE                   ??_main 0008            __activetblptr 0000  
                 _ADCON0 0FC2                   _ADRESH 0FC4                   _ADRESL 0FC3  
                 _GODONE 7E11                ??___lwdiv 0005                ??___lwmod 0005  
       __end_of_init_adc 08B2         __end_of_read_adc 0870                   isa$std 0001  
              ??_display 0002             __pdataCOMRAM 0020             __mediumconst 0600  
                 tblptrh 0FF7                   tblptrl 0FF6                   tblptru 0FF8  
             __accesstop 0060  __end_of__initialization 0890            ___rparam_used 0001  
         __pcstackCOMRAM 0001                ?_init_adc 0001                ?_read_adc 0001  
         main@milli_volt 0018                  __Hparam 0000                  __Lparam 0000  
                ___lwdiv 0754                  ___lwmod 07C6             __psmallconst 0600  
                __pcinit 0870                  __ramtop 0600                  __ptext0 0602  
                __ptext1 082A                  __ptext2 0896                  __ptext3 06DE  
                __ptext4 07C6                  __ptext5 0754                  _display 06DE  
                main@ssd 001A     end_of_initialization 0890               ??_init_adc 0001  
             ??_read_adc 0003                  postdec1 0FE5                  postinc0 0FEE  
             main@F10486 0020          read_adc@channel 0007               display@ssd 0001  
          __pidataCOMRAM 08B2      start_initialization 0870         ___lwdiv@dividend 0001  
               ?___lwdiv 0001                 ?___lwmod 0001                 ?_display 0001  
            __smallconst 0600         ___lwdiv@quotient 0005                main@digit 000C  
              main@value 0016                copy_data0 0884                 __Hrparam 0000  
               __Lrparam 0000          ___lwdiv@divisor 0003          ___lwdiv@counter 0007  
               _init_adc 0896                 _read_adc 082A                 isa$xinst 0000  
       ___lwmod@dividend 0001          ___lwmod@divisor 0003          ___lwmod@counter 0005  
