

Microchip MPLAB XC8 Assembler V3.10 build 20250813170317 
                                                                                               Thu Mar  5 16:53:06 2026

Microchip MPLAB XC8 C Compiler v3.10 (Free license) build 20250813170317 Og1 
     1                           	processor	18F4580
     2                           	fnconf	rparam,??,?,0
     3                           	pagewidth 120
     4                           	opt	flic
     5                           	psect	cinit,global,reloc=2,class=CODE,space=0,delta=1
     6                           	psect	cstackCOMRAM,global,class=COMRAM,space=1,delta=1,lowdata,noexec
     7                           	psect	text0,global,reloc=2,class=CODE,space=0,delta=1
     8                           	psect	intcode,global,reloc=2,class=CODE,space=0,delta=1
     9                           	psect	intcode_body,global,reloc=2,class=CODE,space=0,delta=1
    10                           	psect	smallconst,global,reloc=2,class=SMALLCONST,space=0,delta=1,noexec
    11                           	psect	intsave_regs,global,class=BIGRAM,space=1,delta=1,noexec
    12                           	psect	rparam,global,class=COMRAM,space=1,delta=1,noexec
    13                           	psect	idloc,global,abs,ovrld,class=IDLOC,space=5,delta=1,noexec
    14                           	psect	config,global,abs,ovrld,class=CONFIG,space=4,delta=1,noexec
    15                           	dabs	1,0x1,1
    16   000000                     
    17                           ; Version 2.40
    18                           ; Generated 17/11/2021 GMT
    19                           ; 
    20                           ; Copyright © 2021, Microchip Technology Inc. and its subsidiaries ("Microchip")
    21                           ; All rights reserved.
    22                           ; 
    23                           ; This software is developed by Microchip Technology Inc. and its subsidiaries ("Microch
      +                          ip").
    24                           ; 
    25                           ; Redistribution and use in source and binary forms, with or without modification, are
    26                           ; permitted provided that the following conditions are met:
    27                           ; 
    28                           ;     1. Redistributions of source code must retain the above copyright notice, this lis
      +                          t of
    29                           ;        conditions and the following disclaimer.
    30                           ; 
    31                           ;     2. Redistributions in binary form must reproduce the above copyright notice, this 
      +                          list
    32                           ;        of conditions and the following disclaimer in the documentation and/or other
    33                           ;        materials provided with the distribution. Publication is not required when
    34                           ;        this file is used in an embedded application.
    35                           ; 
    36                           ;     3. Microchip's name may not be used to endorse or promote products derived from th
      +                          is
    37                           ;        software without specific prior written permission.
    38                           ; 
    39                           ; THIS SOFTWARE IS PROVIDED BY MICROCHIP "AS IS" AND ANY EXPRESS OR IMPLIED WARRANTIES,
    40                           ; INCLUDING, BUT NOT LIMITED TO, THE IMPLIED WARRANTIES OF MERCHANTABILITY AND FITNESS F
      +                          OR
    41                           ; PURPOSE ARE DISCLAIMED.  IN NO EVENT SHALL MICROCHIP BE LIABLE FOR ANY DIRECT, INDIREC
      +                          T,
    42                           ; INCIDENTAL, SPECIAL, EXEMPLARY, OR CONSEQUENTIAL DAMAGES (INCLUDING BUT NOT LIMITED TO
    43                           ; PROCUREMENT OF SUBSTITUTE GOODS OR SERVICES; LOSS OF USE, DATA OR PROFITS; OR BUSINESS
    44                           ; INTERRUPTION) HOWSOEVER CAUSED AND ON ANY THEORY OF LIABILITY, WHETHER IN CONTRACT, ST
      +                          RICT
    45                           ; LIABILITY, OR TORT (INCLUDING NEGLIGENCE OR OTHERWISE) ARISING IN ANY WAY OUT OF THE U
      +                          SE OF
    46                           ; THIS SOFTWARE, EVEN IF ADVISED OF THE POSSIBILITY OF SUCH DAMAGE.
    47                           ; 
    48                           ; 
    49                           ; Code-generator required, PIC18F4580 Definitions
    50                           ; 
    51                           ; SFR Addresses
    52   000FE0                     bsr             equ	4064
    53   000FE9                     fsr0            equ	4073
    54   000FEA                     fsr0h           equ	4074
    55   000FE9                     fsr0l           equ	4073
    56   000FE1                     fsr1            equ	4065
    57   000FE2                     fsr1h           equ	4066
    58   000FE1                     fsr1l           equ	4065
    59   000FD9                     fsr2            equ	4057
    60   000FDA                     fsr2h           equ	4058
    61   000FD9                     fsr2l           equ	4057
    62   000FEF                     indf0           equ	4079
    63   000FE7                     indf1           equ	4071
    64   000FDF                     indf2           equ	4063
    65   000FF2                     intcon          equ	4082
    66   000000                     nvmcon          equ	0
    67   000FF9                     pcl             equ	4089
    68   000FFA                     pclath          equ	4090
    69   000FFB                     pclatu          equ	4091
    70   000FEB                     plusw0          equ	4075
    71   000FE3                     plusw1          equ	4067
    72   000FDB                     plusw2          equ	4059
    73   000FED                     postdec0        equ	4077
    74   000FE5                     postdec1        equ	4069
    75   000FDD                     postdec2        equ	4061
    76   000FEE                     postinc0        equ	4078
    77   000FE6                     postinc1        equ	4070
    78   000FDE                     postinc2        equ	4062
    79   000FEC                     preinc0         equ	4076
    80   000FE4                     preinc1         equ	4068
    81   000FDC                     preinc2         equ	4060
    82   000FF3                     prod            equ	4083
    83   000FF4                     prodh           equ	4084
    84   000FF3                     prodl           equ	4083
    85   000FD8                     status          equ	4056
    86   000FF5                     tablat          equ	4085
    87   000FF6                     tblptr          equ	4086
    88   000FF7                     tblptrh         equ	4087
    89   000FF6                     tblptrl         equ	4086
    90   000FF8                     tblptru         equ	4088
    91   000FFD                     tosl            equ	4093
    92   000FE8                     wreg            equ	4072
    93   000D60                     RXF6SIDH        equ	3424	;# 
    94   000D61                     RXF6SIDL        equ	3425	;# 
    95   000D62                     RXF6EIDH        equ	3426	;# 
    96   000D63                     RXF6EIDL        equ	3427	;# 
    97   000D64                     RXF7SIDH        equ	3428	;# 
    98   000D65                     RXF7SIDL        equ	3429	;# 
    99   000D66                     RXF7EIDH        equ	3430	;# 
   100   000D67                     RXF7EIDL        equ	3431	;# 
   101   000D68                     RXF8SIDH        equ	3432	;# 
   102   000D69                     RXF8SIDL        equ	3433	;# 
   103   000D6A                     RXF8EIDH        equ	3434	;# 
   104   000D6B                     RXF8EIDL        equ	3435	;# 
   105   000D70                     RXF9SIDH        equ	3440	;# 
   106   000D71                     RXF9SIDL        equ	3441	;# 
   107   000D72                     RXF9EIDH        equ	3442	;# 
   108   000D73                     RXF9EIDL        equ	3443	;# 
   109   000D74                     RXF10SIDH       equ	3444	;# 
   110   000D75                     RXF10SIDL       equ	3445	;# 
   111   000D76                     RXF10EIDH       equ	3446	;# 
   112   000D77                     RXF10EIDL       equ	3447	;# 
   113   000D78                     RXF11SIDH       equ	3448	;# 
   114   000D79                     RXF11SIDL       equ	3449	;# 
   115   000D7A                     RXF11EIDH       equ	3450	;# 
   116   000D7B                     RXF11EIDL       equ	3451	;# 
   117   000D80                     RXF12SIDH       equ	3456	;# 
   118   000D81                     RXF12SIDL       equ	3457	;# 
   119   000D82                     RXF12EIDH       equ	3458	;# 
   120   000D83                     RXF12EIDL       equ	3459	;# 
   121   000D84                     RXF13SIDH       equ	3460	;# 
   122   000D85                     RXF13SIDL       equ	3461	;# 
   123   000D86                     RXF13EIDH       equ	3462	;# 
   124   000D87                     RXF13EIDL       equ	3463	;# 
   125   000D88                     RXF14SIDH       equ	3464	;# 
   126   000D89                     RXF14SIDL       equ	3465	;# 
   127   000D8A                     RXF14EIDH       equ	3466	;# 
   128   000D8B                     RXF14EIDL       equ	3467	;# 
   129   000D90                     RXF15SIDH       equ	3472	;# 
   130   000D91                     RXF15SIDL       equ	3473	;# 
   131   000D92                     RXF15EIDH       equ	3474	;# 
   132   000D93                     RXF15EIDL       equ	3475	;# 
   133   000DD4                     RXFCON0         equ	3540	;# 
   134   000DD5                     RXFCON1         equ	3541	;# 
   135   000DD8                     SDFLC           equ	3544	;# 
   136   000DE0                     RXFBCON0        equ	3552	;# 
   137   000DE1                     RXFBCON1        equ	3553	;# 
   138   000DE2                     RXFBCON2        equ	3554	;# 
   139   000DE3                     RXFBCON3        equ	3555	;# 
   140   000DE4                     RXFBCON4        equ	3556	;# 
   141   000DE5                     RXFBCON5        equ	3557	;# 
   142   000DE6                     RXFBCON6        equ	3558	;# 
   143   000DE7                     RXFBCON7        equ	3559	;# 
   144   000DF0                     MSEL0           equ	3568	;# 
   145   000DF1                     MSEL1           equ	3569	;# 
   146   000DF2                     MSEL2           equ	3570	;# 
   147   000DF3                     MSEL3           equ	3571	;# 
   148   000DF8                     BSEL0           equ	3576	;# 
   149   000DFA                     BIE0            equ	3578	;# 
   150   000DFC                     TXBIE           equ	3580	;# 
   151   000E20                     B0CON           equ	3616	;# 
   152   000E21                     B0SIDH          equ	3617	;# 
   153   000E22                     B0SIDL          equ	3618	;# 
   154   000E23                     B0EIDH          equ	3619	;# 
   155   000E24                     B0EIDL          equ	3620	;# 
   156   000E25                     B0DLC           equ	3621	;# 
   157   000E26                     B0D0            equ	3622	;# 
   158   000E27                     B0D1            equ	3623	;# 
   159   000E28                     B0D2            equ	3624	;# 
   160   000E29                     B0D3            equ	3625	;# 
   161   000E2A                     B0D4            equ	3626	;# 
   162   000E2B                     B0D5            equ	3627	;# 
   163   000E2C                     B0D6            equ	3628	;# 
   164   000E2D                     B0D7            equ	3629	;# 
   165   000E2E                     CANSTAT_RO9     equ	3630	;# 
   166   000E2F                     CANCON_RO9      equ	3631	;# 
   167   000E30                     B1CON           equ	3632	;# 
   168   000E31                     B1SIDH          equ	3633	;# 
   169   000E32                     B1SIDL          equ	3634	;# 
   170   000E33                     B1EIDH          equ	3635	;# 
   171   000E34                     B1EIDL          equ	3636	;# 
   172   000E35                     B1DLC           equ	3637	;# 
   173   000E36                     B1D0            equ	3638	;# 
   174   000E37                     B1D1            equ	3639	;# 
   175   000E38                     B1D2            equ	3640	;# 
   176   000E39                     B1D3            equ	3641	;# 
   177   000E3A                     B1D4            equ	3642	;# 
   178   000E3B                     B1D5            equ	3643	;# 
   179   000E3C                     B1D6            equ	3644	;# 
   180   000E3D                     B1D7            equ	3645	;# 
   181   000E3E                     CANSTAT_RO8     equ	3646	;# 
   182   000E3F                     CANCON_RO8      equ	3647	;# 
   183   000E40                     B2CON           equ	3648	;# 
   184   000E41                     B2SIDH          equ	3649	;# 
   185   000E42                     B2SIDL          equ	3650	;# 
   186   000E43                     B2EIDH          equ	3651	;# 
   187   000E44                     B2EIDL          equ	3652	;# 
   188   000E45                     B2DLC           equ	3653	;# 
   189   000E46                     B2D0            equ	3654	;# 
   190   000E47                     B2D1            equ	3655	;# 
   191   000E48                     B2D2            equ	3656	;# 
   192   000E49                     B2D3            equ	3657	;# 
   193   000E4A                     B2D4            equ	3658	;# 
   194   000E4B                     B2D5            equ	3659	;# 
   195   000E4C                     B2D6            equ	3660	;# 
   196   000E4D                     B2D7            equ	3661	;# 
   197   000E4E                     CANSTAT_RO7     equ	3662	;# 
   198   000E4F                     CANCON_RO7      equ	3663	;# 
   199   000E50                     B3CON           equ	3664	;# 
   200   000E51                     B3SIDH          equ	3665	;# 
   201   000E52                     B3SIDL          equ	3666	;# 
   202   000E53                     B3EIDH          equ	3667	;# 
   203   000E54                     B3EIDL          equ	3668	;# 
   204   000E55                     B3DLC           equ	3669	;# 
   205   000E56                     B3D0            equ	3670	;# 
   206   000E57                     B3D1            equ	3671	;# 
   207   000E58                     B3D2            equ	3672	;# 
   208   000E59                     B3D3            equ	3673	;# 
   209   000E5A                     B3D4            equ	3674	;# 
   210   000E5B                     B3D5            equ	3675	;# 
   211   000E5C                     B3D6            equ	3676	;# 
   212   000E5D                     B3D7            equ	3677	;# 
   213   000E5E                     CANSTAT_RO6     equ	3678	;# 
   214   000E5F                     CANCON_RO6      equ	3679	;# 
   215   000E60                     B4CON           equ	3680	;# 
   216   000E61                     B4SIDH          equ	3681	;# 
   217   000E62                     B4SIDL          equ	3682	;# 
   218   000E63                     B4EIDH          equ	3683	;# 
   219   000E64                     B4EIDL          equ	3684	;# 
   220   000E65                     B4DLC           equ	3685	;# 
   221   000E66                     B4D0            equ	3686	;# 
   222   000E67                     B4D1            equ	3687	;# 
   223   000E68                     B4D2            equ	3688	;# 
   224   000E69                     B4D3            equ	3689	;# 
   225   000E6A                     B4D4            equ	3690	;# 
   226   000E6B                     B4D5            equ	3691	;# 
   227   000E6C                     B4D6            equ	3692	;# 
   228   000E6D                     B4D7            equ	3693	;# 
   229   000E6E                     CANSTAT_RO5     equ	3694	;# 
   230   000E6F                     CANCON_RO5      equ	3695	;# 
   231   000E70                     B5CON           equ	3696	;# 
   232   000E71                     B5SIDH          equ	3697	;# 
   233   000E72                     B5SIDL          equ	3698	;# 
   234   000E73                     B5EIDH          equ	3699	;# 
   235   000E74                     B5EIDL          equ	3700	;# 
   236   000E75                     B5DLC           equ	3701	;# 
   237   000E76                     B5D0            equ	3702	;# 
   238   000E77                     B5D1            equ	3703	;# 
   239   000E78                     B5D2            equ	3704	;# 
   240   000E79                     B5D3            equ	3705	;# 
   241   000E7A                     B5D4            equ	3706	;# 
   242   000E7B                     B5D5            equ	3707	;# 
   243   000E7C                     B5D6            equ	3708	;# 
   244   000E7D                     B5D7            equ	3709	;# 
   245   000E7E                     CANSTAT_RO4     equ	3710	;# 
   246   000E7F                     CANCON_RO4      equ	3711	;# 
   247   000F00                     RXF0SIDH        equ	3840	;# 
   248   000F01                     RXF0SIDL        equ	3841	;# 
   249   000F02                     RXF0EIDH        equ	3842	;# 
   250   000F03                     RXF0EIDL        equ	3843	;# 
   251   000F04                     RXF1SIDH        equ	3844	;# 
   252   000F05                     RXF1SIDL        equ	3845	;# 
   253   000F06                     RXF1EIDH        equ	3846	;# 
   254   000F07                     RXF1EIDL        equ	3847	;# 
   255   000F08                     RXF2SIDH        equ	3848	;# 
   256   000F09                     RXF2SIDL        equ	3849	;# 
   257   000F0A                     RXF2EIDH        equ	3850	;# 
   258   000F0B                     RXF2EIDL        equ	3851	;# 
   259   000F0C                     RXF3SIDH        equ	3852	;# 
   260   000F0D                     RXF3SIDL        equ	3853	;# 
   261   000F0E                     RXF3EIDH        equ	3854	;# 
   262   000F0F                     RXF3EIDL        equ	3855	;# 
   263   000F10                     RXF4SIDH        equ	3856	;# 
   264   000F11                     RXF4SIDL        equ	3857	;# 
   265   000F12                     RXF4EIDH        equ	3858	;# 
   266   000F13                     RXF4EIDL        equ	3859	;# 
   267   000F14                     RXF5SIDH        equ	3860	;# 
   268   000F15                     RXF5SIDL        equ	3861	;# 
   269   000F16                     RXF5EIDH        equ	3862	;# 
   270   000F17                     RXF5EIDL        equ	3863	;# 
   271   000F18                     RXM0SIDH        equ	3864	;# 
   272   000F19                     RXM0SIDL        equ	3865	;# 
   273   000F1A                     RXM0EIDH        equ	3866	;# 
   274   000F1B                     RXM0EIDL        equ	3867	;# 
   275   000F1C                     RXM1SIDH        equ	3868	;# 
   276   000F1D                     RXM1SIDL        equ	3869	;# 
   277   000F1E                     RXM1EIDH        equ	3870	;# 
   278   000F1F                     RXM1EIDL        equ	3871	;# 
   279   000F20                     TXB2CON         equ	3872	;# 
   280   000F21                     TXB2SIDH        equ	3873	;# 
   281   000F22                     TXB2SIDL        equ	3874	;# 
   282   000F23                     TXB2EIDH        equ	3875	;# 
   283   000F24                     TXB2EIDL        equ	3876	;# 
   284   000F25                     TXB2DLC         equ	3877	;# 
   285   000F26                     TXB2D0          equ	3878	;# 
   286   000F27                     TXB2D1          equ	3879	;# 
   287   000F28                     TXB2D2          equ	3880	;# 
   288   000F29                     TXB2D3          equ	3881	;# 
   289   000F2A                     TXB2D4          equ	3882	;# 
   290   000F2B                     TXB2D5          equ	3883	;# 
   291   000F2C                     TXB2D6          equ	3884	;# 
   292   000F2D                     TXB2D7          equ	3885	;# 
   293   000F2E                     CANSTAT_RO3     equ	3886	;# 
   294   000F2F                     CANCON_RO3      equ	3887	;# 
   295   000F30                     TXB1CON         equ	3888	;# 
   296   000F31                     TXB1SIDH        equ	3889	;# 
   297   000F32                     TXB1SIDL        equ	3890	;# 
   298   000F33                     TXB1EIDH        equ	3891	;# 
   299   000F34                     TXB1EIDL        equ	3892	;# 
   300   000F35                     TXB1DLC         equ	3893	;# 
   301   000F36                     TXB1D0          equ	3894	;# 
   302   000F37                     TXB1D1          equ	3895	;# 
   303   000F38                     TXB1D2          equ	3896	;# 
   304   000F39                     TXB1D3          equ	3897	;# 
   305   000F3A                     TXB1D4          equ	3898	;# 
   306   000F3B                     TXB1D5          equ	3899	;# 
   307   000F3C                     TXB1D6          equ	3900	;# 
   308   000F3D                     TXB1D7          equ	3901	;# 
   309   000F3E                     CANSTAT_RO2     equ	3902	;# 
   310   000F3F                     CANCON_RO2      equ	3903	;# 
   311   000F40                     TXB0CON         equ	3904	;# 
   312   000F41                     TXB0SIDH        equ	3905	;# 
   313   000F42                     TXB0SIDL        equ	3906	;# 
   314   000F43                     TXB0EIDH        equ	3907	;# 
   315   000F44                     TXB0EIDL        equ	3908	;# 
   316   000F45                     TXB0DLC         equ	3909	;# 
   317   000F46                     TXB0D0          equ	3910	;# 
   318   000F47                     TXB0D1          equ	3911	;# 
   319   000F48                     TXB0D2          equ	3912	;# 
   320   000F49                     TXB0D3          equ	3913	;# 
   321   000F4A                     TXB0D4          equ	3914	;# 
   322   000F4B                     TXB0D5          equ	3915	;# 
   323   000F4C                     TXB0D6          equ	3916	;# 
   324   000F4D                     TXB0D7          equ	3917	;# 
   325   000F4E                     CANSTAT_RO1     equ	3918	;# 
   326   000F4F                     CANCON_RO1      equ	3919	;# 
   327   000F50                     RXB1CON         equ	3920	;# 
   328   000F51                     RXB1SIDH        equ	3921	;# 
   329   000F52                     RXB1SIDL        equ	3922	;# 
   330   000F53                     RXB1EIDH        equ	3923	;# 
   331   000F54                     RXB1EIDL        equ	3924	;# 
   332   000F55                     RXB1DLC         equ	3925	;# 
   333   000F56                     RXB1D0          equ	3926	;# 
   334   000F57                     RXB1D1          equ	3927	;# 
   335   000F58                     RXB1D2          equ	3928	;# 
   336   000F59                     RXB1D3          equ	3929	;# 
   337   000F5A                     RXB1D4          equ	3930	;# 
   338   000F5B                     RXB1D5          equ	3931	;# 
   339   000F5C                     RXB1D6          equ	3932	;# 
   340   000F5D                     RXB1D7          equ	3933	;# 
   341   000F5E                     CANSTAT_RO0     equ	3934	;# 
   342   000F5F                     CANCON_RO0      equ	3935	;# 
   343   000F60                     RXB0CON         equ	3936	;# 
   344   000F61                     RXB0SIDH        equ	3937	;# 
   345   000F62                     RXB0SIDL        equ	3938	;# 
   346   000F63                     RXB0EIDH        equ	3939	;# 
   347   000F64                     RXB0EIDL        equ	3940	;# 
   348   000F65                     RXB0DLC         equ	3941	;# 
   349   000F66                     RXB0D0          equ	3942	;# 
   350   000F67                     RXB0D1          equ	3943	;# 
   351   000F68                     RXB0D2          equ	3944	;# 
   352   000F69                     RXB0D3          equ	3945	;# 
   353   000F6A                     RXB0D4          equ	3946	;# 
   354   000F6B                     RXB0D5          equ	3947	;# 
   355   000F6C                     RXB0D6          equ	3948	;# 
   356   000F6D                     RXB0D7          equ	3949	;# 
   357   000F6E                     CANSTAT         equ	3950	;# 
   358   000F6F                     CANCON          equ	3951	;# 
   359   000F70                     BRGCON1         equ	3952	;# 
   360   000F71                     BRGCON2         equ	3953	;# 
   361   000F72                     BRGCON3         equ	3954	;# 
   362   000F73                     CIOCON          equ	3955	;# 
   363   000F74                     COMSTAT         equ	3956	;# 
   364   000F75                     RXERRCNT        equ	3957	;# 
   365   000F76                     TXERRCNT        equ	3958	;# 
   366   000F77                     ECANCON         equ	3959	;# 
   367   000F80                     PORTA           equ	3968	;# 
   368   000F81                     PORTB           equ	3969	;# 
   369   000F82                     PORTC           equ	3970	;# 
   370   000F83                     PORTD           equ	3971	;# 
   371   000F84                     PORTE           equ	3972	;# 
   372   000F89                     LATA            equ	3977	;# 
   373   000F8A                     LATB            equ	3978	;# 
   374   000F8B                     LATC            equ	3979	;# 
   375   000F8C                     LATD            equ	3980	;# 
   376   000F8D                     LATE            equ	3981	;# 
   377   000F92                     TRISA           equ	3986	;# 
   378   000F92                     DDRA            equ	3986	;# 
   379   000F93                     TRISB           equ	3987	;# 
   380   000F93                     DDRB            equ	3987	;# 
   381   000F94                     TRISC           equ	3988	;# 
   382   000F94                     DDRC            equ	3988	;# 
   383   000F95                     TRISD           equ	3989	;# 
   384   000F95                     DDRD            equ	3989	;# 
   385   000F96                     TRISE           equ	3990	;# 
   386   000F96                     DDRE            equ	3990	;# 
   387   000F9B                     OSCTUNE         equ	3995	;# 
   388   000F9D                     PIE1            equ	3997	;# 
   389   000F9E                     PIR1            equ	3998	;# 
   390   000F9F                     IPR1            equ	3999	;# 
   391   000FA0                     PIE2            equ	4000	;# 
   392   000FA1                     PIR2            equ	4001	;# 
   393   000FA2                     IPR2            equ	4002	;# 
   394   000FA3                     PIE3            equ	4003	;# 
   395   000FA4                     PIR3            equ	4004	;# 
   396   000FA5                     IPR3            equ	4005	;# 
   397   000FA6                     EECON1          equ	4006	;# 
   398   000FA7                     EECON2          equ	4007	;# 
   399   000FA8                     EEDATA          equ	4008	;# 
   400   000FA9                     EEADR           equ	4009	;# 
   401   000FAB                     RCSTA           equ	4011	;# 
   402   000FAB                     RCSTA1          equ	4011	;# 
   403   000FAC                     TXSTA           equ	4012	;# 
   404   000FAC                     TXSTA1          equ	4012	;# 
   405   000FAD                     TXREG           equ	4013	;# 
   406   000FAD                     TXREG1          equ	4013	;# 
   407   000FAE                     RCREG           equ	4014	;# 
   408   000FAE                     RCREG1          equ	4014	;# 
   409   000FAF                     SPBRG           equ	4015	;# 
   410   000FAF                     SPBRG1          equ	4015	;# 
   411   000FB0                     SPBRGH          equ	4016	;# 
   412   000FB1                     T3CON           equ	4017	;# 
   413   000FB2                     TMR3            equ	4018	;# 
   414   000FB2                     TMR3L           equ	4018	;# 
   415   000FB3                     TMR3H           equ	4019	;# 
   416   000FB4                     CMCON           equ	4020	;# 
   417   000FB5                     CVRCON          equ	4021	;# 
   418   000FB6                     ECCP1AS         equ	4022	;# 
   419   000FB7                     ECCP1DEL        equ	4023	;# 
   420   000FB8                     BAUDCON         equ	4024	;# 
   421   000FB8                     BAUDCTL         equ	4024	;# 
   422   000FBA                     ECCP1CON        equ	4026	;# 
   423   000FBB                     ECCPR1          equ	4027	;# 
   424   000FBB                     ECCPR1L         equ	4027	;# 
   425   000FBC                     ECCPR1H         equ	4028	;# 
   426   000FBD                     CCP1CON         equ	4029	;# 
   427   000FBE                     CCPR1           equ	4030	;# 
   428   000FBE                     CCPR1L          equ	4030	;# 
   429   000FBF                     CCPR1H          equ	4031	;# 
   430   000FC0                     ADCON2          equ	4032	;# 
   431   000FC1                     ADCON1          equ	4033	;# 
   432   000FC2                     ADCON0          equ	4034	;# 
   433   000FC3                     ADRES           equ	4035	;# 
   434   000FC3                     ADRESL          equ	4035	;# 
   435   000FC4                     ADRESH          equ	4036	;# 
   436   000FC5                     SSPCON2         equ	4037	;# 
   437   000FC6                     SSPCON1         equ	4038	;# 
   438   000FC7                     SSPSTAT         equ	4039	;# 
   439   000FC8                     SSPADD          equ	4040	;# 
   440   000FC9                     SSPBUF          equ	4041	;# 
   441   000FCA                     T2CON           equ	4042	;# 
   442   000FCB                     PR2             equ	4043	;# 
   443   000FCB                     MEMCON          equ	4043	;# 
   444   000FCC                     TMR2            equ	4044	;# 
   445   000FCD                     T1CON           equ	4045	;# 
   446   000FCE                     TMR1            equ	4046	;# 
   447   000FCE                     TMR1L           equ	4046	;# 
   448   000FCF                     TMR1H           equ	4047	;# 
   449   000FD0                     RCON            equ	4048	;# 
   450   000FD1                     WDTCON          equ	4049	;# 
   451   000FD2                     HLVDCON         equ	4050	;# 
   452   000FD2                     LVDCON          equ	4050	;# 
   453   000FD3                     OSCCON          equ	4051	;# 
   454   000FD5                     T0CON           equ	4053	;# 
   455   000FD6                     TMR0            equ	4054	;# 
   456   000FD6                     TMR0L           equ	4054	;# 
   457   000FD7                     TMR0H           equ	4055	;# 
   458   000FD8                     STATUS          equ	4056	;# 
   459   000FD9                     FSR2            equ	4057	;# 
   460   000FD9                     FSR2L           equ	4057	;# 
   461   000FDA                     FSR2H           equ	4058	;# 
   462   000FDB                     PLUSW2          equ	4059	;# 
   463   000FDC                     PREINC2         equ	4060	;# 
   464   000FDD                     POSTDEC2        equ	4061	;# 
   465   000FDE                     POSTINC2        equ	4062	;# 
   466   000FDF                     INDF2           equ	4063	;# 
   467   000FE0                     BSR             equ	4064	;# 
   468   000FE1                     FSR1            equ	4065	;# 
   469   000FE1                     FSR1L           equ	4065	;# 
   470   000FE2                     FSR1H           equ	4066	;# 
   471   000FE3                     PLUSW1          equ	4067	;# 
   472   000FE4                     PREINC1         equ	4068	;# 
   473   000FE5                     POSTDEC1        equ	4069	;# 
   474   000FE6                     POSTINC1        equ	4070	;# 
   475   000FE7                     INDF1           equ	4071	;# 
   476   000FE8                     WREG            equ	4072	;# 
   477   000FE9                     FSR0            equ	4073	;# 
   478   000FE9                     FSR0L           equ	4073	;# 
   479   000FEA                     FSR0H           equ	4074	;# 
   480   000FEB                     PLUSW0          equ	4075	;# 
   481   000FEC                     PREINC0         equ	4076	;# 
   482   000FED                     POSTDEC0        equ	4077	;# 
   483   000FEE                     POSTINC0        equ	4078	;# 
   484   000FEF                     INDF0           equ	4079	;# 
   485   000FF0                     INTCON3         equ	4080	;# 
   486   000FF1                     INTCON2         equ	4081	;# 
   487   000FF2                     INTCON          equ	4082	;# 
   488   000FF3                     PROD            equ	4083	;# 
   489   000FF3                     PRODL           equ	4083	;# 
   490   000FF4                     PRODH           equ	4084	;# 
   491   000FF5                     TABLAT          equ	4085	;# 
   492   000FF6                     TBLPTR          equ	4086	;# 
   493   000FF6                     TBLPTRL         equ	4086	;# 
   494   000FF7                     TBLPTRH         equ	4087	;# 
   495   000FF8                     TBLPTRU         equ	4088	;# 
   496   000FF9                     PCLAT           equ	4089	;# 
   497   000FF9                     PC              equ	4089	;# 
   498   000FF9                     PCL             equ	4089	;# 
   499   000FFA                     PCLATH          equ	4090	;# 
   500   000FFB                     PCLATU          equ	4091	;# 
   501   000FFC                     STKPTR          equ	4092	;# 
   502   000FFD                     TOS             equ	4093	;# 
   503   000FFD                     TOSL            equ	4093	;# 
   504   000FFE                     TOSH            equ	4094	;# 
   505   000FFF                     TOSU            equ	4095	;# 
   506   000F81                     _PORTBbits      set	3969
   507   007F91                     _INT0IF         set	32657
   508   007F94                     _INT0IE         set	32660
   509   007F96                     _PEIE           set	32662
   510   007F97                     _GIE            set	32663
   511   007C9F                     _TRISB7         set	31903
   512   007C98                     _TRISB0         set	31896
   513                           
   514                           ; #config settings
   515                           
   516                           	psect	cinit
   517   000650                     __pcinit:
   518                           	callstack 0
   519   000650                     start_initialization:
   520                           	callstack 0
   521   000650                     __initialization:
   522                           	callstack 0
   523   000650                     end_of_initialization:
   524                           	callstack 0
   525   000650                     __end_of__initialization:
   526                           	callstack 0
   527   000650  9001               	bcf	int$flags,0,c	;clear compiler interrupt flag (level 1)
   528   000652  9201               	bcf	int$flags,1,c	;clear compiler interrupt flag (level 2)
   529   000654  0100               	movlb	0
   530   000656  EF1D  F003         	goto	_main	;jump to C main() function
   531                           
   532                           	psect	cstackCOMRAM
   533   000002                     __pcstackCOMRAM:
   534                           	callstack 0
   535   000002                     ??__ISR:
   536                           
   537                           ; 1 bytes @ 0x0
   538   000002                     	ds	1
   539   000003                     
   540                           ; 1 bytes @ 0x1
   541 ;;
   542 ;;Main: autosize = 0, tempsize = 0, incstack = 0, save=0
   543 ;;
   544 ;; *************** function _main *****************
   545 ;; Defined at:
   546 ;;		line 11 in file "main.c"
   547 ;; Parameters:    Size  Location     Type
   548 ;;		None
   549 ;; Auto vars:     Size  Location     Type
   550 ;;		None
   551 ;; Return value:  Size  Location     Type
   552 ;;                  1    wreg      void 
   553 ;; Registers used:
   554 ;;		None
   555 ;; Tracked objects:
   556 ;;		On entry : 0/0
   557 ;;		On exit  : 0/0
   558 ;;		Unchanged: 0/0
   559 ;; Data sizes:     COMRAM   BANK0   BANK1   BANK2   BANK3   BANK4   BANK5
   560 ;;      Params:         0       0       0       0       0       0       0
   561 ;;      Locals:         0       0       0       0       0       0       0
   562 ;;      Temps:          0       0       0       0       0       0       0
   563 ;;      Totals:         0       0       0       0       0       0       0
   564 ;;Total ram usage:        0 bytes
   565 ;; Hardware stack levels required when called: 1
   566 ;; This function calls:
   567 ;;		Nothing
   568 ;; This function is called by:
   569 ;;		Startup code after reset
   570 ;; This function uses a non-reentrant model
   571 ;;
   572                           
   573                           	psect	text0
   574   00063A                     __ptext0:
   575                           	callstack 0
   576   00063A                     _main:
   577                           	callstack 30
   578   00063A                     
   579                           ;main.c: 15:     TRISB0 = 1;
   580   00063A  8093               	bsf	3987,0,c	;volatile
   581                           
   582                           ;main.c: 16:     TRISB7 = 0;
   583   00063C  9E93               	bcf	3987,7,c	;volatile
   584                           
   585                           ;main.c: 17:     PORTBbits.RB7 = 0;
   586   00063E  9E81               	bcf	129,7,c	;volatile
   587                           
   588                           ;main.c: 20:     GIE = 1;
   589   000640  8EF2               	bsf	4082,7,c	;volatile
   590                           
   591                           ;main.c: 21:     PEIE = 1;
   592   000642  8CF2               	bsf	4082,6,c	;volatile
   593                           
   594                           ;main.c: 22:     INT0IE = 1;
   595   000644  88F2               	bsf	4082,4,c	;volatile
   596                           
   597                           ;main.c: 23:     INT0IF = 0;
   598   000646  92F2               	bcf	4082,1,c	;volatile
   599   000648                     l19:
   600   000648  EF24  F003         	goto	l19
   601   00064C  EF07  F000         	goto	start
   602   000650                     __end_of_main:
   603                           	callstack 0
   604                           
   605 ;; *************** function __ISR *****************
   606 ;; Defined at:
   607 ;;		line 29 in file "main.c"
   608 ;; Parameters:    Size  Location     Type
   609 ;;		None
   610 ;; Auto vars:     Size  Location     Type
   611 ;;		None
   612 ;; Return value:  Size  Location     Type
   613 ;;                  1    wreg      void 
   614 ;; Registers used:
   615 ;;		wreg, status,2, status,0
   616 ;; Tracked objects:
   617 ;;		On entry : 0/0
   618 ;;		On exit  : 0/0
   619 ;;		Unchanged: 0/0
   620 ;; Data sizes:     COMRAM   BANK0   BANK1   BANK2   BANK3   BANK4   BANK5
   621 ;;      Params:         0       0       0       0       0       0       0
   622 ;;      Locals:         0       0       0       0       0       0       0
   623 ;;      Temps:          1       0       0       0       0       0       0
   624 ;;      Totals:         1       0       0       0       0       0       0
   625 ;;Total ram usage:        1 bytes
   626 ;; Hardware stack levels used: 1
   627 ;; This function calls:
   628 ;;		Nothing
   629 ;; This function is called by:
   630 ;;		Interrupt level 2
   631 ;; This function uses a non-reentrant model
   632 ;;
   633                           
   634                           	psect	intcode
   635   000008                     __pintcode:
   636                           	callstack 0
   637   000008                     __ISR:
   638                           	callstack 30
   639                           
   640                           ;incstack = 0
   641   000008  8201               	bsf	int$flags,1,c	;set compiler interrupt flag (level 2)
   642   00000A  ED01  F003         	call	int_func,f	;refresh shadow registers
   643                           
   644                           	psect	intcode_body
   645   000602                     __pintcode_body:
   646                           	callstack 30
   647   000602                     int_func:
   648                           	callstack 30
   649   000602  0006               	pop		; remove dummy address from shadow register refresh
   650   000604                     
   651                           ;main.c: 30:     if (INT0IF) {
   652   000604  A2F2               	btfss	4082,1,c	;volatile
   653   000606  EF07  F003         	goto	i2u1_41
   654   00060A  EF09  F003         	goto	i2u1_40
   655   00060E                     i2u1_41:
   656   00060E  EF1B  F003         	goto	i2l28
   657   000612                     i2u1_40:
   658   000612                     
   659                           ;main.c: 31:         INT0IF = 0;
   660   000612  92F2               	bcf	4082,1,c	;volatile
   661   000614                     
   662                           ;main.c: 32:         PORTBbits.RB7 = !PORTBbits.RB7;
   663   000614  AE81               	btfss	129,7,c	;volatile
   664   000616  EF0F  F003         	goto	i2u2_41
   665   00061A  EF13  F003         	goto	i2u2_40
   666   00061E                     i2u2_41:
   667   00061E  6A02               	clrf	??__ISR^0,c
   668   000620  2A02               	incf	??__ISR^0,f,c
   669   000622  EF14  F003         	goto	i2u3_48
   670   000626                     i2u2_40:
   671   000626  6A02               	clrf	??__ISR^0,c
   672   000628                     i2u3_48:
   673   000628  3202               	rrcf	??__ISR^0,f,c
   674   00062A  3202               	rrcf	??__ISR^0,f,c
   675   00062C  5081               	movf	129,w,c	;volatile
   676   00062E  1802               	xorwf	??__ISR^0,w,c
   677   000630  0B7F               	andlw	-129
   678   000632  1802               	xorwf	??__ISR^0,w,c
   679   000634  6E81               	movwf	129,c	;volatile
   680   000636                     i2l28:
   681   000636  9201               	bcf	int$flags,1,c	;clear compiler interrupt flag (level 2)
   682   000638  0011               	retfie		f
   683   00063A                     __end_of__ISR:
   684                           	callstack 0
   685                           
   686                           	psect	smallconst
   687   000600                     __psmallconst:
   688                           	callstack 0
   689   000600  00                 	db	0
   690   000601  00                 	db	0	; dummy byte at the end
   691   000600                     __smallconst    set	__psmallconst
   692   000600                     __mediumconst   set	__psmallconst
   693   000000                     __activetblptr  equ	0
   694                           
   695                           	psect	rparam
   696   000001                     ___rparam_used  equ	1
   697   000000                     ___param_bank   equ	0
   698   000000                     __Lparam        equ	__Lrparam
   699   000000                     __Hparam        equ	__Hrparam
   700   000001                     btemp           set	1	;btemp
   701   000001                     int$flags       set	1
   702   000001                     btemp0          set	1
   703   000002                     btemp1          set	2
   704                           
   705                           	psect	idloc
   706                           
   707                           ;Config register IDLOC0 @ 0x200000
   708                           ;	unspecified, using default values
   709   200000                     	org	2097152
   710   200000  FF                 	db	255
   711                           
   712                           ;Config register IDLOC1 @ 0x200001
   713                           ;	unspecified, using default values
   714   200001                     	org	2097153
   715   200001  FF                 	db	255
   716                           
   717                           ;Config register IDLOC2 @ 0x200002
   718                           ;	unspecified, using default values
   719   200002                     	org	2097154
   720   200002  FF                 	db	255
   721                           
   722                           ;Config register IDLOC3 @ 0x200003
   723                           ;	unspecified, using default values
   724   200003                     	org	2097155
   725   200003  FF                 	db	255
   726                           
   727                           ;Config register IDLOC4 @ 0x200004
   728                           ;	unspecified, using default values
   729   200004                     	org	2097156
   730   200004  FF                 	db	255
   731                           
   732                           ;Config register IDLOC5 @ 0x200005
   733                           ;	unspecified, using default values
   734   200005                     	org	2097157
   735   200005  FF                 	db	255
   736                           
   737                           ;Config register IDLOC6 @ 0x200006
   738                           ;	unspecified, using default values
   739   200006                     	org	2097158
   740   200006  FF                 	db	255
   741                           
   742                           ;Config register IDLOC7 @ 0x200007
   743                           ;	unspecified, using default values
   744   200007                     	org	2097159
   745   200007  FF                 	db	255
   746                           
   747                           	psect	config
   748                           
   749                           ; Padding undefined space
   750   300000                     	org	3145728
   751   300000  FF                 	db	255
   752                           
   753                           ;Config register CONFIG1H @ 0x300001
   754                           ;	unspecified, using default values
   755                           ;	Oscillator Selection bits
   756                           ;	OSC = 0x7, unprogrammed default
   757                           ;	Fail-Safe Clock Monitor Enable bit
   758                           ;	FCMEN = 0x0, unprogrammed default
   759                           ;	Internal/External Oscillator Switchover bit
   760                           ;	IESO = 0x0, unprogrammed default
   761   300001                     	org	3145729
   762   300001  07                 	db	7
   763                           
   764                           ;Config register CONFIG2L @ 0x300002
   765                           ;	unspecified, using default values
   766                           ;	Power-up Timer Enable bit
   767                           ;	PWRT = 0x1, unprogrammed default
   768                           ;	Brown-out Reset Enable bits
   769                           ;	BOREN = 0x3, unprogrammed default
   770                           ;	Brown-out Reset Voltage bits
   771                           ;	BORV = 0x3, unprogrammed default
   772   300002                     	org	3145730
   773   300002  1F                 	db	31
   774                           
   775                           ;Config register CONFIG2H @ 0x300003
   776                           ;	unspecified, using default values
   777                           ;	Watchdog Timer Enable bit
   778                           ;	WDT = 0x1, unprogrammed default
   779                           ;	Watchdog Timer Postscale Select bits
   780                           ;	WDTPS = 0xF, unprogrammed default
   781   300003                     	org	3145731
   782   300003  1F                 	db	31
   783                           
   784                           ; Padding undefined space
   785   300004                     	org	3145732
   786   300004  FF                 	db	255
   787                           
   788                           ;Config register CONFIG3H @ 0x300005
   789                           ;	unspecified, using default values
   790                           ;	PORTB A/D Enable bit
   791                           ;	PBADEN = 0x1, unprogrammed default
   792                           ;	Low-Power Timer 1 Oscillator Enable bit
   793                           ;	LPT1OSC = 0x0, unprogrammed default
   794                           ;	MCLR Pin Enable bit
   795                           ;	MCLRE = 0x1, unprogrammed default
   796   300005                     	org	3145733
   797   300005  82                 	db	130
   798                           
   799                           ;Config register CONFIG4L @ 0x300006
   800                           ;	unspecified, using default values
   801                           ;	Stack Full/Underflow Reset Enable bit
   802                           ;	STVREN = 0x1, unprogrammed default
   803                           ;	Single-Supply ICSP Enable bit
   804                           ;	LVP = 0x1, unprogrammed default
   805                           ;	Boot Block Size Select bit
   806                           ;	BBSIZ = 0x0, unprogrammed default
   807                           ;	Extended Instruction Set Enable bit
   808                           ;	XINST = 0x0, unprogrammed default
   809                           ;	Background Debugger Enable bit
   810                           ;	DEBUG = 0x1, unprogrammed default
   811   300006                     	org	3145734
   812   300006  85                 	db	133
   813                           
   814                           ; Padding undefined space
   815   300007                     	org	3145735
   816   300007  FF                 	db	255
   817                           
   818                           ;Config register CONFIG5L @ 0x300008
   819                           ;	unspecified, using default values
   820                           ;	Code Protection bit
   821                           ;	CP0 = 0x1, unprogrammed default
   822                           ;	Code Protection bit
   823                           ;	CP1 = 0x1, unprogrammed default
   824                           ;	Code Protection bit
   825                           ;	CP2 = 0x1, unprogrammed default
   826                           ;	Code Protection bit
   827                           ;	CP3 = 0x1, unprogrammed default
   828   300008                     	org	3145736
   829   300008  0F                 	db	15
   830                           
   831                           ;Config register CONFIG5H @ 0x300009
   832                           ;	unspecified, using default values
   833                           ;	Boot Block Code Protection bit
   834                           ;	CPB = 0x1, unprogrammed default
   835                           ;	Data EEPROM Code Protection bit
   836                           ;	CPD = 0x1, unprogrammed default
   837   300009                     	org	3145737
   838   300009  C0                 	db	192
   839                           
   840                           ;Config register CONFIG6L @ 0x30000A
   841                           ;	unspecified, using default values
   842                           ;	Write Protection bit
   843                           ;	WRT0 = 0x1, unprogrammed default
   844                           ;	Write Protection bit
   845                           ;	WRT1 = 0x1, unprogrammed default
   846                           ;	Write Protection bit
   847                           ;	WRT2 = 0x1, unprogrammed default
   848                           ;	Write Protection bit
   849                           ;	WRT3 = 0x1, unprogrammed default
   850   30000A                     	org	3145738
   851   30000A  0F                 	db	15
   852                           
   853                           ;Config register CONFIG6H @ 0x30000B
   854                           ;	unspecified, using default values
   855                           ;	Configuration Register Write Protection bit
   856                           ;	WRTC = 0x1, unprogrammed default
   857                           ;	Boot Block Write Protection bit
   858                           ;	WRTB = 0x1, unprogrammed default
   859                           ;	Data EEPROM Write Protection bit
   860                           ;	WRTD = 0x1, unprogrammed default
   861   30000B                     	org	3145739
   862   30000B  E0                 	db	224
   863                           
   864                           ;Config register CONFIG7L @ 0x30000C
   865                           ;	unspecified, using default values
   866                           ;	Table Read Protection bit
   867                           ;	EBTR0 = 0x1, unprogrammed default
   868                           ;	Table Read Protection bit
   869                           ;	EBTR1 = 0x1, unprogrammed default
   870                           ;	Table Read Protection bit
   871                           ;	EBTR2 = 0x1, unprogrammed default
   872                           ;	Table Read Protection bit
   873                           ;	EBTR3 = 0x1, unprogrammed default
   874   30000C                     	org	3145740
   875   30000C  0F                 	db	15
   876                           
   877                           ;Config register CONFIG7H @ 0x30000D
   878                           ;	unspecified, using default values
   879                           ;	Boot Block Table Read Protection bit
   880                           ;	EBTRB = 0x1, unprogrammed default
   881   30000D                     	org	3145741
   882   30000D  40                 	db	64
   883                           tosu	equ	0xFFF
   884                           tosh	equ	0xFFE
   885                           tosl	equ	0xFFD
   886                           stkptr	equ	0xFFC
   887                           pclatu	equ	0xFFB
   888                           pclath	equ	0xFFA
   889                           pcl	equ	0xFF9
   890                           tblptru	equ	0xFF8
   891                           tblptrh	equ	0xFF7
   892                           tblptrl	equ	0xFF6
   893                           tablat	equ	0xFF5
   894                           prodh	equ	0xFF4
   895                           prodl	equ	0xFF3
   896                           indf0	equ	0xFEF
   897                           postinc0	equ	0xFEE
   898                           postdec0	equ	0xFED
   899                           preinc0	equ	0xFEC
   900                           plusw0	equ	0xFEB
   901                           fsr0h	equ	0xFEA
   902                           fsr0l	equ	0xFE9
   903                           wreg	equ	0xFE8
   904                           indf1	equ	0xFE7
   905                           postinc1	equ	0xFE6
   906                           postdec1	equ	0xFE5
   907                           preinc1	equ	0xFE4
   908                           plusw1	equ	0xFE3
   909                           fsr1h	equ	0xFE2
   910                           fsr1l	equ	0xFE1
   911                           bsr	equ	0xFE0
   912                           indf2	equ	0xFDF
   913                           postinc2	equ	0xFDE
   914                           postdec2	equ	0xFDD
   915                           preinc2	equ	0xFDC
   916                           plusw2	equ	0xFDB
   917                           fsr2h	equ	0xFDA
   918                           fsr2l	equ	0xFD9
   919                           status	equ	0xFD8

Data Sizes:
    Strings     0
    Constant    0
    Data        0
    BSS         0
    Persistent  0
    Stack       0

Auto Spaces:
    Space          Size  Autos    Used
    COMRAM           94      1       1
    BANK0           160      0       0
    BANK1           256      0       0
    BANK2           256      0       0
    BANK3           256      0       0
    BANK4           256      0       0
    BANK5           256      0       0

Pointer List with Targets:

    None.

Critical Paths under _main in COMRAM

    None.

Critical Paths under __ISR in COMRAM

    None.

Critical Paths under _main in BANK0

    None.

Critical Paths under __ISR in BANK0

    None.

Critical Paths under _main in BANK1

    None.

Critical Paths under __ISR in BANK1

    None.

Critical Paths under _main in BANK2

    None.

Critical Paths under __ISR in BANK2

    None.

Critical Paths under _main in BANK3

    None.

Critical Paths under __ISR in BANK3

    None.

Critical Paths under _main in BANK4

    None.

Critical Paths under __ISR in BANK4

    None.

Critical Paths under _main in BANK5

    None.

Critical Paths under __ISR in BANK5

    None.

Call Graph Tables:

 ---------------------------------------------------------------------------------
 (Depth) Function   	        Calls       Base Space   Used Autos Params    Refs
 ---------------------------------------------------------------------------------
 (0) _main                                                 0     0      0       0
 ---------------------------------------------------------------------------------
 Estimated maximum stack depth 0
 ---------------------------------------------------------------------------------
 (Depth) Function   	        Calls       Base Space   Used Autos Params    Refs
 ---------------------------------------------------------------------------------
 (1) __ISR                                                 1     1      0       0
                                              0 COMRAM     1     1      0
 ---------------------------------------------------------------------------------
 Estimated maximum stack depth 1
 ---------------------------------------------------------------------------------

 Call Graph Graphs:

 _main (ROOT)

 __ISR (ROOT)

Address spaces:
Name               Size   Autos  Total    Usage
BITCOMRAM           94      0       0      0.0%
BITBANK0           160      0       0      0.0%
BITBANK1           256      0       0      0.0%
BITBANK2           256      0       0      0.0%
BITBANK3           256      0       0      0.0%
BITBANK4           256      0       0      0.0%
BITBANK5           256      0       0      0.0%
BITBIGSFRl         641      0       0      0.0%
BITBIGSFRh         126      0       0      0.0%
COMRAM              94      1       1      1.1%
BANK0              160      0       0      0.0%
BANK1              256      0       0      0.0%
BANK2              256      0       0      0.0%
BANK3              256      0       0      0.0%
BANK4              256      0       0      0.0%
BANK5              256      0       0      0.0%
BIGRAM            1535      0       0      0.0%
STACK                0      0       0      0.0%
DATA                 0      0       1      0.0%


Microchip Technology PIC18 Macro Assembler V3.10 build 20250813170317 
Symbol Table                                                                                   Thu Mar  5 16:53:06 2026

                     l20 0648                       l19 0648                      l814 063A  
                    _GIE 7F97                     _PEIE 7F96                     i2l28 0636  
                   __ISR 0008                     _main 063A                     btemp 0001  
                   start 000E             ___param_bank 0000                    ?__ISR 0002  
                  ?_main 0002                    i2l820 0614                    i2l816 0604  
                  i2l818 0612                    btemp0 0001                    btemp1 0002  
           __end_of__ISR 063A          __initialization 0650             __end_of_main 0650  
                 ??__ISR 0002                   ??_main 0003            __activetblptr 0000  
                 _INT0IE 7F94                   _INT0IF 7F91                   i2u1_40 0612  
                 i2u1_41 060E                   i2u2_40 0626                   i2u2_41 061E  
                 i2u3_48 0628                   _TRISB0 7C98                   _TRISB7 7C9F  
                 isa$std 0001             __mediumconst 0600               __accesstop 0060  
__end_of__initialization 0650            ___rparam_used 0001           __pcstackCOMRAM 0002  
                __Hparam 0000                  __Lparam 0000             __psmallconst 0600  
                __pcinit 0650                  __ramtop 0600                  __ptext0 063A  
         __pintcode_body 0602     end_of_initialization 0650                  int_func 0602  
              _PORTBbits 0F81      start_initialization 0650                __pintcode 0008  
            __smallconst 0600                 __Hrparam 0000                 __Lrparam 0000  
               isa$xinst 0000                 int$flags 0001                 intlevel2 0000  
